api/ai-completion/index.ts(1,53): error TS2307: Cannot find module '@azure/functions' or its corresponding type declarations.
api/ai-completion/index.ts(66,22): error TS4111: Property 'AZURE_OPENAI_API_KEY' comes from an index signature, so it must be accessed with ['AZURE_OPENAI_API_KEY'].
api/ai-completion/index.ts(67,22): error TS4111: Property 'AZURE_OPENAI_ENDPOINT' comes from an index signature, so it must be accessed with ['AZURE_OPENAI_ENDPOINT'].
api/ai-completion/index.ts(81,37): error TS4111: Property 'AZURE_OPENAI_DEPLOYMENT_NAME' comes from an index signature, so it must be accessed with ['AZURE_OPENAI_DEPLOYMENT_NAME'].
api/ai-completion/index.ts(122,32): error TS4111: Property 'AZURE_OPENAI_ENDPOINT' comes from an index signature, so it must be accessed with ['AZURE_OPENAI_ENDPOINT'].
api/ai-completion/index.ts(123,30): error TS4111: Property 'AZURE_OPENAI_API_KEY' comes from an index signature, so it must be accessed with ['AZURE_OPENAI_API_KEY'].
api/ai-completion/index.ts(124,34): error TS4111: Property 'AZURE_OPENAI_API_VERSION' comes from an index signature, so it must be accessed with ['AZURE_OPENAI_API_VERSION'].
api/health/index.ts(1,53): error TS2307: Cannot find module '@azure/functions' or its corresponding type declarations.
api/health/index.ts(18,3): error TS6133: 'req' is declared but its value is never read.
api/health/index.ts(26,28): error TS4111: Property 'npm_package_version' comes from an index signature, so it must be accessed with ['npm_package_version'].
api/health/index.ts(31,21): error TS4111: Property 'AZURE_OPENAI_API_KEY' comes from an index signature, so it must be accessed with ['AZURE_OPENAI_API_KEY'].
api/health/index.ts(31,57): error TS4111: Property 'AZURE_OPENAI_ENDPOINT' comes from an index signature, so it must be accessed with ['AZURE_OPENAI_ENDPOINT'].
api/health/index.ts(35,26): error TS4111: Property 'AZURE_OPENAI_ENDPOINT' comes from an index signature, so it must be accessed with ['AZURE_OPENAI_ENDPOINT'].
api/health/index.ts(35,89): error TS4111: Property 'AZURE_OPENAI_API_VERSION' comes from an index signature, so it must be accessed with ['AZURE_OPENAI_API_VERSION'].
api/health/index.ts(39,38): error TS4111: Property 'AZURE_OPENAI_API_KEY' comes from an index signature, so it must be accessed with ['AZURE_OPENAI_API_KEY'].
api/health/index.ts(45,30): error TS4111: Property 'azureOpenAI' comes from an index signature, so it must be accessed with ['azureOpenAI'].
api/health/index.ts(54,30): error TS4111: Property 'azureOpenAI' comes from an index signature, so it must be accessed with ['azureOpenAI'].
api/health/index.ts(61,28): error TS4111: Property 'azureOpenAI' comes from an index signature, so it must be accessed with ['azureOpenAI'].
api/health/index.ts(68,21): error TS4111: Property 'SUPABASE_URL' comes from an index signature, so it must be accessed with ['SUPABASE_URL'].
api/health/index.ts(68,49): error TS4111: Property 'SUPABASE_ANON_KEY' comes from an index signature, so it must be accessed with ['SUPABASE_ANON_KEY'].
api/health/index.ts(71,53): error TS4111: Property 'SUPABASE_URL' comes from an index signature, so it must be accessed with ['SUPABASE_URL'].
api/health/index.ts(74,33): error TS4111: Property 'SUPABASE_ANON_KEY' comes from an index signature, so it must be accessed with ['SUPABASE_ANON_KEY'].
api/health/index.ts(75,50): error TS4111: Property 'SUPABASE_ANON_KEY' comes from an index signature, so it must be accessed with ['SUPABASE_ANON_KEY'].
api/health/index.ts(80,30): error TS4111: Property 'supabase' comes from an index signature, so it must be accessed with ['supabase'].
api/health/index.ts(89,30): error TS4111: Property 'supabase' comes from an index signature, so it must be accessed with ['supabase'].
api/health/index.ts(96,28): error TS4111: Property 'supabase' comes from an index signature, so it must be accessed with ['supabase'].
api/health/index.ts(103,21): error TS4111: Property 'AZURE_STORAGE_CONNECTION_STRING' comes from an index signature, so it must be accessed with ['AZURE_STORAGE_CONNECTION_STRING'].
api/health/index.ts(105,52): error TS2307: Cannot find module '@azure/storage-blob' or its corresponding type declarations.
api/health/index.ts(107,23): error TS4111: Property 'AZURE_STORAGE_CONNECTION_STRING' comes from an index signature, so it must be accessed with ['AZURE_STORAGE_CONNECTION_STRING'].
api/health/index.ts(111,15): error TS6133: 'properties' is declared but its value is never read.
api/health/index.ts(113,30): error TS4111: Property 'azureStorage' comes from an index signature, so it must be accessed with ['azureStorage'].
api/health/index.ts(118,30): error TS4111: Property 'azureStorage' comes from an index signature, so it must be accessed with ['azureStorage'].
api/health/index.ts(125,28): error TS4111: Property 'azureStorage' comes from an index signature, so it must be accessed with ['azureStorage'].
browserstack.config.ts(10,29): error TS4111: Property 'CI' comes from an index signature, so it must be accessed with ['CI'].
browserstack.config.ts(11,24): error TS4111: Property 'CI' comes from an index signature, so it must be accessed with ['CI'].
browserstack.config.ts(12,24): error TS4111: Property 'CI' comes from an index signature, so it must be accessed with ['CI'].
browserstack.config.ts(16,26): error TS4111: Property 'BROWSERSTACK_TEST_URL' comes from an index signature, so it must be accessed with ['BROWSERSTACK_TEST_URL'].
playwright.config.ts(7,7): error TS6133: '__dirname' is declared but its value is never read.
playwright.config.ts(26,29): error TS4111: Property 'CI' comes from an index signature, so it must be accessed with ['CI'].
playwright.config.ts(28,24): error TS4111: Property 'CI' comes from an index signature, so it must be accessed with ['CI'].
playwright.config.ts(30,25): error TS4111: Property 'CI' comes from an index signature, so it must be accessed with ['CI'].
playwright.config.ts(74,39): error TS4111: Property 'CI' comes from an index signature, so it must be accessed with ['CI'].
plugins/index.ts(12,23): error TS2307: Cannot find module 'unist-util-visit' or its corresponding type declarations.
plugins/index.ts(31,3): error TS2322: Type '() => ((file: VFile & { data: AstroData; }) => Promise<void>) | undefined' is not assignable to type 'string | [string, any] | RemarkPlugin<any[]> | [RemarkPlugin<any[]>, any]'.
  Type '() => ((file: VFile & { data: AstroData; }) => Promise<void>) | undefined' is not assignable to type 'RemarkPlugin<any[]>'.
    Type '((file: VFile & { data: AstroData; }) => Promise<void>) | undefined' is not assignable to type 'void | Transformer<Root, Root> | undefined'.
      Type '(file: VFile & { data: AstroData; }) => Promise<void>' is not assignable to type 'void | Transformer<Root, Root> | undefined'.
        Type '(file: VFile & { data: AstroData; }) => Promise<void>' is not assignable to type 'Transformer<Root, Root>'.
          Types of parameters 'file' and 'tree' are incompatible.
            Type 'Root' is not assignable to type 'VFile & { data: AstroData; }'.
              Type 'Root' is missing the following properties from type 'VFile': cwd, history, messages, value, and 11 more.
plugins/index.ts(59,30): error TS7030: Not all code paths return a value.
plugins/index.ts(59,31): error TS7006: Parameter 'childNode' implicitly has an 'any' type.
plugins/index.ts(80,30): error TS7030: Not all code paths return a value.
plugins/index.ts(80,31): error TS7006: Parameter 'childNode' implicitly has an 'any' type.
plugins/index.ts(98,37): error TS4111: Property 'href' comes from an index signature, so it must be accessed with ['href'].
plugins/index.ts(105,17): error TS4111: Property 'target' comes from an index signature, so it must be accessed with ['target'].
plugins/index.ts(106,17): error TS4111: Property 'ariaLabel' comes from an index signature, so it must be accessed with ['ariaLabel'].
plugins/index.ts(111,19): error TS4111: Property 'className' comes from an index signature, so it must be accessed with ['className'].
plugins/index.ts(111,60): error TS4111: Property 'className' comes from an index signature, so it must be accessed with ['className'].
plugins/index.ts(112,35): error TS4111: Property 'className' comes from an index signature, so it must be accessed with ['className'].
plugins/index.ts(128,28): error TS7006: Parameter 'textNode' implicitly has an 'any' type.
plugins/remark-directive-sugar.ts(10,23): error TS2307: Cannot find module 'unist-util-visit' or its corresponding type declarations.
plugins/remark-directive-sugar.ts(63,7): error TS6133: '_BADGE_REGEXP' is declared but its value is never read.
plugins/remark-directive-sugar.ts(83,18): error TS7006: Parameter 'node' implicitly has an 'any' type.
plugins/remark-directive-sugar.ts(125,23): error TS2722: Cannot invoke an object which is possibly 'undefined'.
plugins/remark-directive-sugar.ts(173,15): error TS6133: '_resolvedLink' is declared but its value is never read.
plugins/remark-directive-sugar.ts(174,15): error TS6133: '_resolvedImageUrl' is declared but its value is never read.
plugins/remark-directive-sugar.ts(243,21): error TS6133: '_match' is declared but its value is never read.
plugins/remark-directive-sugar.ts(268,15): error TS6133: '_resolvedBadge' is declared but its value is never read.
plugins/remark-directive-sugar.ts(277,33): error TS18048: 'badge' is possibly 'undefined'.
plugins/remark-directive-sugar.ts(278,34): error TS18048: 'badge' is possibly 'undefined'.
plugins/remark-image-container.ts(10,23): error TS2307: Cannot find module 'unist-util-visit' or its corresponding type declarations.
plugins/remark-image-container.ts(38,18): error TS7006: Parameter 'node' implicitly has an 'any' type.
plugins/remark-reading-time.ts(17,19): error TS4111: Property 'minutesRead' comes from an index signature, so it must be accessed with ['minutesRead'].
plugins/remark-reading-time.ts(18,19): error TS4111: Property 'minutesRead' comes from an index signature, so it must be accessed with ['minutesRead'].
plugins/remark-reading-time.ts(26,17): error TS4111: Property 'minutesRead' comes from an index signature, so it must be accessed with ['minutesRead'].
scripts/diagnostics.ts(90,56): error TS2532: Object is possibly 'undefined'.
scripts/extract-backgrounds.ts(32,44): error TS2769: No overload matches this call.
  Overload 1 of 4, '(arrayBuffer: WithImplicitCoercion<ArrayBufferLike>, byteOffset?: number | undefined, length?: number | undefined): Buffer<ArrayBufferLike>', gave the following error.
    Argument of type 'string | undefined' is not assignable to parameter of type 'WithImplicitCoercion<ArrayBufferLike>'.
      Type 'undefined' is not assignable to type 'WithImplicitCoercion<ArrayBufferLike>'.
  Overload 2 of 4, '(string: WithImplicitCoercion<string>, encoding?: BufferEncoding | undefined): Buffer<ArrayBuffer>', gave the following error.
    Argument of type 'string | undefined' is not assignable to parameter of type 'WithImplicitCoercion<string>'.
      Type 'undefined' is not assignable to type 'WithImplicitCoercion<string>'.
scripts/load-test.ts(44,28): error TS4111: Property 'LOAD_TEST_URL' comes from an index signature, so it must be accessed with ['LOAD_TEST_URL'].
scripts/load-test.ts(110,28): error TS18048: 'scenario' is possibly 'undefined'.
scripts/load-test.ts(115,25): error TS18048: 'scenario' is possibly 'undefined'.
scripts/load-test.ts(122,25): error TS18048: 'scenario' is possibly 'undefined'.
scripts/load-test.ts(126,22): error TS18046: 'error' is of type 'unknown'.
scripts/load-test.ts(186,78): error TS2345: Argument of type '{ EX: number; }' is not assignable to parameter of type 'number'.
scripts/load-test.ts(200,78): error TS2345: Argument of type '{ EX: number; }' is not assignable to parameter of type 'number'.
scripts/load-test.ts(243,41): error TS18048: 'p95' is possibly 'undefined'.
scripts/load-test.ts(244,41): error TS18048: 'p99' is possibly 'undefined'.
scripts/provision-grafana-dashboard.ts(46,52): error TS18046: 'error' is of type 'unknown'.
scripts/provision-grafana-dashboard.ts(47,9): error TS18046: 'error' is of type 'unknown'.
scripts/provision-grafana-dashboard.ts(48,39): error TS18046: 'error' is of type 'unknown'.
scripts/setup-env.ts(35,37): error TS2345: Argument of type 'string | undefined' is not assignable to parameter of type 'string'.
  Type 'undefined' is not assignable to type 'string'.
scripts/test-backup-system.ts(54,48): error TS2345: Argument of type 'unknown' is not assignable to parameter of type 'Record<string, unknown> | undefined'.
src/components/ConsentDialog.tsx(1,8): error TS6133: 'React' is declared but its value is never read.
src/components/EnhancedTodo.tsx(86,11): error TS2375: Type '{ id: string; text: string; completed: false; category: string | undefined; dueDate: string | undefined; priority: "low" | "medium" | "high" | undefined; createdAt: string; }' is not assignable to type 'TodoItem' with 'exactOptionalPropertyTypes: true'. Consider adding 'undefined' to the types of the target's properties.
  Types of property 'category' are incompatible.
    Type 'string | undefined' is not assignable to type 'string'.
      Type 'undefined' is not assignable to type 'string'.
src/components/EnhancedTodo.tsx(378,14): error TS2322: Type '{ children: string; jsx: true; }' is not assignable to type 'DetailedHTMLProps<StyleHTMLAttributes<HTMLStyleElement>, HTMLStyleElement>'.
  Property 'jsx' does not exist on type 'DetailedHTMLProps<StyleHTMLAttributes<HTMLStyleElement>, HTMLStyleElement>'.
src/components/MentalHealthChatDemo.tsx(3,8): error TS6133: 'React' is declared but its value is never read.
src/components/MentalHealthChatDemoReact.tsx(3,8): error TS6133: 'React' is declared but its value is never read.
src/components/MentalHealthChatDemoReact.tsx(335,25): error TS2375: Type '{ hasMentalHealthIssue: true; confidence: number; supportingEvidence: never[]; scores: { depression: number; anxiety: number; stress: number; anger: number; socialIsolation: number; }; riskLevel?: "low" | "medium" | "high"; ... 7 more ...; evidence?: { depression: string[]; anxiety: string[]; stress: string[]; anger...' is not assignable to type 'EnhancedMentalHealthAnalysis' with 'exactOptionalPropertyTypes: true'. Consider adding 'undefined' to the types of the target's properties.
  Property 'explanation' is optional in type '{ hasMentalHealthIssue: true; confidence: number; supportingEvidence: never[]; scores: { depression: number; anxiety: number; stress: number; anger: number; socialIsolation: number; }; riskLevel?: "low" | ... 1 more ... | "high"; ... 7 more ...; evidence?: { ...; }; }' but required in type 'EnhancedMentalHealthAnalysis'.
src/components/MetricsDialog.tsx(3,1): error TS6133: 'React' is declared but its value is never read.
src/components/TodoReact.tsx(137,14): error TS2322: Type '{ children: string; jsx: true; }' is not assignable to type 'DetailedHTMLProps<StyleHTMLAttributes<HTMLStyleElement>, HTMLStyleElement>'.
  Property 'jsx' does not exist on type 'DetailedHTMLProps<StyleHTMLAttributes<HTMLStyleElement>, HTMLStyleElement>'.
src/components/__tests__/AIChat.astro.test.ts(2,20): error TS2307: Cannot find module '../AIChat.astro' or its corresponding type declarations.
src/components/__tests__/MentalHealthChatDemo.astro.test.ts(2,34): error TS2307: Cannot find module '../MentalHealthChatDemo.astro' or its corresponding type declarations.
src/components/__tests__/SearchDemo.astro.test.ts(3,24): error TS2307: Cannot find module '../SearchDemo.astro' or its corresponding type declarations.
src/components/accessibility/FocusTrap.tsx(99,13): error TS2532: Object is possibly 'undefined'.
src/components/accessibility/FocusTrap.tsx(139,7): error TS18048: 'lastElement' is possibly 'undefined'.
src/components/accessibility/FocusTrap.tsx(144,7): error TS18048: 'firstElement' is possibly 'undefined'.
src/components/accessibility/LiveRegionContext.tsx(2,8): error TS6133: 'React' is declared but its value is never read.
src/components/accessibility/LiveRegionContext.tsx(93,52): error TS2556: A spread argument must either have a tuple type or be passed to a rest parameter.
src/components/accessibility/LiveRegionContext.tsx(96,51): error TS2556: A spread argument must either have a tuple type or be passed to a rest parameter.
src/components/accessibility/LiveRegionContext.tsx(99,41): error TS2556: A spread argument must either have a tuple type or be passed to a rest parameter.
src/components/accessibility/LiveRegionContext.tsx(102,54): error TS2556: A spread argument must either have a tuple type or be passed to a rest parameter.
src/components/accessibility/LiveRegionDemo.tsx(1,8): error TS6133: 'React' is declared but its value is never read.
src/components/admin/AdminLayoutAdapter.tsx(22,3): error TS2339: Property '_title' does not exist on type 'AdminLayoutAdapterProps'.
src/components/admin/AdminLayoutAdapter.tsx(22,3): error TS6133: '_title' is declared but its value is never read.
src/components/admin/AdminLayoutAdapter.tsx(23,3): error TS2339: Property '_description' does not exist on type 'AdminLayoutAdapterProps'.
src/components/admin/AdminLayoutAdapter.tsx(23,3): error TS6133: '_description' is declared but its value is never read.
src/components/admin/AdminLayoutAdapter.tsx(24,3): error TS2339: Property '_activeItem' does not exist on type 'AdminLayoutAdapterProps'.
src/components/admin/AdminLayoutAdapter.tsx(24,3): error TS6133: '_activeItem' is declared but its value is never read.
src/components/admin/__tests__/AdminDashboard.test.ts(1,28): error TS2307: Cannot find module '../AdminDashboard.astro' or its corresponding type declarations.
src/components/admin/__tests__/AdminDashboard.test.ts(29,13): error TS2339: Property 'container' does not exist on type '{ astroContainer: HTMLDivElement; html: string; querySelector: (selector: string) => Element | null; querySelectorAll: (selector: string) => NodeListOf<Element>; }'.
src/components/admin/__tests__/AdminDashboard.test.ts(76,13): error TS2339: Property 'container' does not exist on type '{ astroContainer: HTMLDivElement; html: string; querySelector: (selector: string) => Element | null; querySelectorAll: (selector: string) => NodeListOf<Element>; }'.
src/components/admin/__tests__/AdminDashboard.test.ts(110,13): error TS2339: Property 'container' does not exist on type '{ astroContainer: HTMLDivElement; html: string; querySelector: (selector: string) => Element | null; querySelectorAll: (selector: string) => NodeListOf<Element>; }'.
src/components/admin/backup/BackupLocationTab.tsx(104,13): error TS2375: Type '{ id: string; name: string; type: "local" | "s3" | "azure" | "gcp"; path: string | undefined; bucket: string | undefined; region: string | undefined; credentialsValid: true; isDefault: boolean; status: "active"; lastSync: string; }' is not assignable to type 'StorageLocation' with 'exactOptionalPropertyTypes: true'. Consider adding 'undefined' to the types of the target's properties.
  Types of property 'path' are incompatible.
    Type 'string | undefined' is not assignable to type 'string'.
      Type 'undefined' is not assignable to type 'string'.
src/components/admin/backup/BackupRecoveryTab.tsx(219,13): error TS2322: Type '{ children: Element; isOpen: boolean; onClose: () => void; title: string; footer: Element; }' is not assignable to type 'IntrinsicAttributes & DialogProps'.
  Property 'isOpen' does not exist on type 'IntrinsicAttributes & DialogProps'. Did you mean 'open'?
src/components/admin/backup/BackupReportTab.tsx(239,32): error TS2532: Object is possibly 'undefined'.
src/components/admin/backup/BackupSettingsTab.tsx(78,21): error TS2339: Property 'dayOfWeek' does not exist on type '{ frequency: any; hour: number; minute: number; }'.
src/components/admin/backup/BackupSettingsTab.tsx(80,21): error TS2339: Property 'dayOfMonth' does not exist on type '{ frequency: any; hour: number; minute: number; }'.
src/components/admin/backup/BackupSettingsTab.tsx(106,22): error TS2339: Property 'days' does not exist on type '{ policy: "time" | "count"; }'.
src/components/admin/backup/BackupSettingsTab.tsx(108,22): error TS2339: Property 'count' does not exist on type '{ policy: "time" | "count"; }'.
src/components/admin/backup/BackupSettingsTab.tsx(129,32): error TS2339: Property 'checked' does not exist on type 'EventTarget & (HTMLSelectElement | HTMLInputElement)'.
src/components/admin/bias-detection/BiasDashboard.test.tsx(1,1): error TS6133: 'React' is declared but its value is never read.
src/components/admin/bias-detection/BiasDashboard.test.tsx(4,10): error TS2305: Module '"vitest"' has no exported member 'describe'.
src/components/admin/bias-detection/BiasDashboard.test.tsx(4,20): error TS2305: Module '"vitest"' has no exported member 'it'.
src/components/admin/bias-detection/BiasDashboard.test.tsx(4,24): error TS2305: Module '"vitest"' has no exported member 'expect'.
src/components/admin/bias-detection/BiasDashboard.test.tsx(4,32): error TS2305: Module '"vitest"' has no exported member 'beforeEach'.
src/components/admin/bias-detection/BiasDashboard.test.tsx(4,44): error TS2305: Module '"vitest"' has no exported member 'afterEach'.
src/components/admin/bias-detection/BiasDashboard.test.tsx(4,55): error TS2305: Module '"vitest"' has no exported member 'vi'.
src/components/admin/bias-detection/BiasDashboard.test.tsx(5,15): error TS2305: Module '"vitest"' has no exported member 'Mock'.
src/components/admin/bias-detection/BiasDashboard.test.tsx(10,13): error TS2428: All declarations of 'Assertion' must have identical type parameters.
src/components/admin/bias-detection/BiasDashboard.test.tsx(628,21): error TS2345: Argument of type 'HTMLElement | undefined' is not assignable to parameter of type 'Document | Node | Element | Window'.
  Type 'undefined' is not assignable to type 'Document | Node | Element | Window'.
src/components/admin/bias-detection/BiasDashboard.test.tsx(904,44): error TS7006: Parameter 'query' implicitly has an 'any' type.
src/components/admin/bias-detection/BiasDashboard.test.tsx(981,44): error TS7006: Parameter 'query' implicitly has an 'any' type.
src/components/admin/bias-detection/BiasDashboard.test.tsx(1060,44): error TS7006: Parameter 'query' implicitly has an 'any' type.
src/components/admin/bias-detection/BiasDashboard.test.tsx(1091,44): error TS7006: Parameter 'query' implicitly has an 'any' type.
src/components/admin/bias-detection/BiasDashboard.test.tsx(1161,7): error TS2741: Property 'addEventListener' is missing in type '{ send: any; close: any; readyState: 1; onopen: null; onclose: null; onerror: null; onmessage: null; heartbeatInterval: null; }' but required in type 'MockWebSocketInstance'.
src/components/admin/bias-detection/BiasDashboard.test.tsx(1216,33): error TS2345: Argument of type 'Error' is not assignable to parameter of type 'Event'.
  Type 'Error' is missing the following properties from type 'Event': bubbles, cancelBubble, cancelable, composed, and 18 more.
src/components/admin/bias-detection/BiasDashboard.test.tsx(1243,33): error TS2345: Argument of type '{ code: number; reason: string; wasClean: false; }' is not assignable to parameter of type 'CloseEvent'.
  Type '{ code: number; reason: string; wasClean: false; }' is missing the following properties from type 'CloseEvent': bubbles, cancelBubble, cancelable, composed, and 18 more.
src/components/admin/bias-detection/BiasDashboard.test.tsx(1344,35): error TS2345: Argument of type '{ data: string; }' is not assignable to parameter of type 'MessageEvent<any>'.
  Type '{ data: string; }' is missing the following properties from type 'MessageEvent<any>': lastEventId, origin, ports, source, and 23 more.
src/components/admin/bias-detection/BiasDashboard.test.tsx(1378,35): error TS2345: Argument of type '{ data: string; }' is not assignable to parameter of type 'MessageEvent<any>'.
  Type '{ data: string; }' is missing the following properties from type 'MessageEvent<any>': lastEventId, origin, ports, source, and 23 more.
src/components/admin/bias-detection/BiasDashboard.test.tsx(1419,35): error TS2345: Argument of type '{ data: string; }' is not assignable to parameter of type 'MessageEvent<any>'.
  Type '{ data: string; }' is missing the following properties from type 'MessageEvent<any>': lastEventId, origin, ports, source, and 23 more.
src/components/admin/bias-detection/BiasDashboard.test.tsx(1456,35): error TS2345: Argument of type '{ data: string; }' is not assignable to parameter of type 'MessageEvent<any>'.
  Type '{ data: string; }' is missing the following properties from type 'MessageEvent<any>': lastEventId, origin, ports, source, and 23 more.
src/components/admin/bias-detection/BiasDashboard.test.tsx(1487,33): error TS2345: Argument of type 'Error' is not assignable to parameter of type 'Event'.
  Type 'Error' is missing the following properties from type 'Event': bubbles, cancelBubble, cancelable, composed, and 18 more.
src/components/admin/bias-detection/BiasDashboard.test.tsx(1523,7): error TS2322: Type 'Timeout' is not assignable to type 'number'.
src/components/admin/bias-detection/BiasDashboard.test.tsx(1554,35): error TS2345: Argument of type '{ data: string; }' is not assignable to parameter of type 'MessageEvent<any>'.
  Type '{ data: string; }' is missing the following properties from type 'MessageEvent<any>': lastEventId, origin, ports, source, and 23 more.
src/components/admin/bias-detection/BiasDashboard.test.tsx(1586,35): error TS2345: Argument of type '{ data: string; }' is not assignable to parameter of type 'MessageEvent<any>'.
  Type '{ data: string; }' is missing the following properties from type 'MessageEvent<any>': lastEventId, origin, ports, source, and 23 more.
src/components/admin/bias-detection/BiasDashboard.test.tsx(1608,33): error TS2345: Argument of type '{ code: number; reason: string; wasClean: false; }' is not assignable to parameter of type 'CloseEvent'.
  Type '{ code: number; reason: string; wasClean: false; }' is missing the following properties from type 'CloseEvent': bubbles, cancelBubble, cancelable, composed, and 18 more.
src/components/admin/bias-detection/BiasDashboard.tsx(609,46): error TS18047: 'dashboardData' is possibly 'null'.
src/components/admin/bias-detection/BiasDashboard.tsx(609,46): error TS2345: Argument of type 'BiasAlert[]' is not assignable to parameter of type 'FilterableData'.
  Type 'BiasAlert' is not assignable to type 'BaseFilterableItem | BiasAnalysisItem | AlertItem | TrendItem'.
    Type 'BiasAlert' is not assignable to type 'AlertItem'.
      Types of property 'timestamp' are incompatible.
        Type 'Date' is not assignable to type 'string'.
src/components/admin/bias-detection/BiasDashboard.tsx(730,23): error TS4111: Property 'NEXT_PUBLIC_WS_URL' comes from an index signature, so it must be accessed with ['NEXT_PUBLIC_WS_URL'].
src/components/admin/bias-detection/BiasDashboard.tsx(822,49): error TS2339: Property 'totalAlerts' does not exist on type 'BiasSummaryStats'.
src/components/admin/bias-detection/BiasDashboard.tsx(987,13): error TS7030: Not all code paths return a value.
src/components/admin/bias-detection/BiasDashboard.tsx(1364,22): error TS2345: Argument of type 'BiasTrendData[]' is not assignable to parameter of type 'FilterableData'.
  Type 'BiasTrendData' is not assignable to type 'BaseFilterableItem | BiasAnalysisItem | AlertItem | TrendItem'.
    Type 'BiasTrendData' is not assignable to type 'TrendItem'.
      Types of property 'date' are incompatible.
        Type 'Date' is not assignable to type 'string'.
src/components/admin/bias-detection/BiasDashboard.tsx(1366,22): error TS2345: Argument of type 'BiasAlert[]' is not assignable to parameter of type 'FilterableData'.
  Type 'BiasAlert' is not assignable to type 'BaseFilterableItem | BiasAnalysisItem | AlertItem | TrendItem'.
    Type 'BiasAlert' is not assignable to type 'AlertItem'.
      Types of property 'timestamp' are incompatible.
        Type 'Date' is not assignable to type 'string'.
src/components/admin/bias-detection/BiasDashboard.tsx(1368,22): error TS2345: Argument of type 'BiasAnalysisResult[]' is not assignable to parameter of type 'FilterableData'.
  Type 'BiasAnalysisResult' is not assignable to type 'BaseFilterableItem | BiasAnalysisItem | AlertItem | TrendItem'.
    Type 'BiasAnalysisResult' is not assignable to type 'BiasAnalysisItem'.
      Types of property 'timestamp' are incompatible.
        Type 'Date' is not assignable to type 'string'.
src/components/admin/bias-detection/BiasDashboard.tsx(2432,15): error TS2322: Type '{ children: (string | false | Element)[]; value: string; id: string; className: string; "aria-label": string; }' is not assignable to type 'IntrinsicAttributes & TabsTriggerProps'.
  Property 'id' does not exist on type 'IntrinsicAttributes & TabsTriggerProps'.
src/components/admin/bias-detection/BiasDashboard.tsx(2705,36): error TS2532: Object is possibly 'undefined'.
src/components/admin/bias-detection/BiasDashboard.tsx(2707,44): error TS2532: Object is possibly 'undefined'.
src/components/admin/bias-detection/BiasDashboard.tsx(2710,37): error TS2532: Object is possibly 'undefined'.
src/components/admin/bias-detection/BiasDashboard.tsx(2771,36): error TS2532: Object is possibly 'undefined'.
src/components/admin/bias-detection/BiasDashboard.tsx(2773,44): error TS2532: Object is possibly 'undefined'.
src/components/admin/bias-detection/BiasDashboard.tsx(2776,37): error TS2532: Object is possibly 'undefined'.
src/components/admin/bias-detection/BiasDashboard.tsx(2982,45): error TS2769: No overload matches this call.
  Overload 1 of 4, '(value: string | number | Date): Date', gave the following error.
    Argument of type 'string | undefined' is not assignable to parameter of type 'string | number | Date'.
      Type 'undefined' is not assignable to type 'string | number | Date'.
  Overload 2 of 4, '(value: string | number): Date', gave the following error.
    Argument of type 'string | undefined' is not assignable to parameter of type 'string | number'.
      Type 'undefined' is not assignable to type 'string | number'.
src/components/admin/bias-detection/BiasDashboard.tsx(3190,37): error TS2769: No overload matches this call.
  Overload 1 of 4, '(value: string | number | Date): Date', gave the following error.
    Argument of type 'string | undefined' is not assignable to parameter of type 'string | number | Date'.
      Type 'undefined' is not assignable to type 'string | number | Date'.
  Overload 2 of 4, '(value: string | number): Date', gave the following error.
    Argument of type 'string | undefined' is not assignable to parameter of type 'string | number'.
      Type 'undefined' is not assignable to type 'string | number'.
src/components/admin/dlp/DLPRuleEditor.tsx(240,14): error TS2375: Type '{ id: string; placeholder: string; value: string | undefined; onChange: (e: ChangeEvent<HTMLTextAreaElement>) => void; rows: number; }' is not assignable to type 'TextareaProps' with 'exactOptionalPropertyTypes: true'. Consider adding 'undefined' to the types of the target's properties.
  Types of property 'value' are incompatible.
    Type 'string | undefined' is not assignable to type 'string'.
      Type 'undefined' is not assignable to type 'string'.
src/components/ai/MentalHealthInsights.tsx(58,17): error TS2339: Property 'emotionalState' does not exist on type 'MentalHealthAnalysis'.
src/components/ai/MentalHealthInsights.tsx(61,44): error TS2339: Property 'emotionalState' does not exist on type 'MentalHealthAnalysis'.
src/components/ai/MentalHealthInsights.tsx(68,25): error TS2339: Property 'cognitivePatterns' does not exist on type 'MentalHealthAnalysis'.
src/components/ai/MentalHealthInsights.tsx(71,54): error TS2339: Property 'strengths' does not exist on type 'MentalHealthAnalysis'.
src/components/ai/MentalHealthInsights.tsx(73,61): error TS2339: Property 'primaryConcerns' does not exist on type 'MentalHealthAnalysis'.
src/components/ai/MentalHealthInsights.tsx(77,25): error TS2339: Property 'therapeuticRecommendations' does not exist on type 'MentalHealthAnalysis'.
src/components/ai/MentalHealthInsights.tsx(89,17): error TS2322: Type 'RiskFactor' is not assignable to type 'ReactNode'.
  Type 'RiskFactor' is missing the following properties from type 'ReactPortal': children, props, key
src/components/ai/MentalHealthInsights.tsx(98,52): error TS2339: Property 'assessmentTimestamp' does not exist on type 'MentalHealthAnalysis'.
src/components/ai/MentalHealthInsights.tsx(101,36): error TS2551: Property 'confidenceScore' does not exist on type 'MentalHealthAnalysis'. Did you mean 'confidence'?
src/components/ai/PerformanceDashboard.tsx(1,8): error TS6133: 'React' is declared but its value is never read.
src/components/ai/PerformanceDashboardReact.tsx(1,8): error TS6133: 'React' is declared but its value is never read.
src/components/ai/PerformanceDashboardReact.tsx(47,13): error TS7030: Not all code paths return a value.
src/components/ai/RecommendationDisplay.tsx(1,1): error TS6133: 'React' is declared but its value is never read.
src/components/ai/RecommendationDisplay.tsx(2,46): error TS2307: Cannot find module '../../lib/ai/services/RecommendationService' or its corresponding type declarations.
src/components/ai/RecommendationDisplay.tsx(47,36): error TS7006: Parameter 'tech' implicitly has an 'any' type.
src/components/ai/RecommendationDisplay.tsx(69,46): error TS7006: Parameter 'pattern' implicitly has an 'any' type.
src/components/ai/RecommendationDisplay.tsx(69,55): error TS7006: Parameter 'idx' implicitly has an 'any' type.
src/components/ai/TreatmentPlanner.tsx(3,46): error TS2307: Cannot find module '../../lib/ai/services/RecommendationService' or its corresponding type declarations.
src/components/ai/__tests__/MentalHealthInsights.test.tsx(18,49): error TS2339: Property 'emotionalState' does not exist on type 'MentalHealthAnalysis'.
src/components/ai/__tests__/MentalHealthInsights.test.tsx(30,49): error TS2339: Property 'cognitivePatterns' does not exist on type 'MentalHealthAnalysis'.
src/components/ai/__tests__/MentalHealthInsights.test.tsx(33,49): error TS2339: Property 'strengths' does not exist on type 'MentalHealthAnalysis'.
src/components/ai/__tests__/MentalHealthInsights.test.tsx(36,49): error TS2339: Property 'primaryConcerns' does not exist on type 'MentalHealthAnalysis'.
src/components/ai/__tests__/MentalHealthInsights.test.tsx(39,49): error TS2339: Property 'therapeuticRecommendations' does not exist on type 'MentalHealthAnalysis'.
src/components/ai/__tests__/MentalHealthInsights.test.tsx(42,24): error TS2769: No overload matches this call.
  Overload 1 of 2, '(id: Matcher, options?: SelectorMatcherOptions | undefined): any', gave the following error.
    Argument of type 'RiskFactor | undefined' is not assignable to parameter of type 'Matcher'.
      Type 'undefined' is not assignable to type 'Matcher'.
  Overload 2 of 2, '(id: Matcher, options?: SelectorMatcherOptions | undefined): HTMLElement', gave the following error.
    Argument of type 'RiskFactor | undefined' is not assignable to parameter of type 'Matcher'.
      Type 'undefined' is not assignable to type 'Matcher'.
src/components/ai/__tests__/MentalHealthInsights.test.tsx(65,33): error TS2551: Property 'confidenceScore' does not exist on type 'MentalHealthAnalysis'. Did you mean 'confidence'?
src/components/ai/__tests__/PerformanceDashboard.astro.test.ts(2,34): error TS2307: Cannot find module '../PerformanceDashboard.astro' or its corresponding type declarations.
src/components/ai/chat/ChatContainer.tsx(84,10): error TS2375: Type '{ onSendMessage: (message: string) => void; isLoading: boolean; placeholder: string | undefined; disabled: boolean; }' is not assignable to type 'ChatInputProps' with 'exactOptionalPropertyTypes: true'. Consider adding 'undefined' to the types of the target's properties.
  Types of property 'placeholder' are incompatible.
    Type 'string | undefined' is not assignable to type 'string'.
      Type 'undefined' is not assignable to type 'string'.
src/components/ai/chat/useChatCompletion.ts(168,39): error TS2339: Property 'choices' does not exist on type 'AIStreamChunk'.
src/components/ai/chat/useChatCompletion.ts(178,25): error TS18048: 'lastMessage' is possibly 'undefined'.
src/components/ai/chat/useChatCompletion.ts(180,23): error TS2375: Type '{ content: string; role?: "user" | "assistant" | "system"; name?: string; }' is not assignable to type 'AIMessage' with 'exactOptionalPropertyTypes: true'. Consider adding 'undefined' to the types of the target's properties.
  Property 'role' is optional in type '{ content: string; role?: "user" | "system" | "assistant"; name?: string; }' but required in type 'AIMessage'.
src/components/ai/chat/useChatCompletion.ts(197,27): error TS2339: Property 'choices' does not exist on type 'AIStreamChunk'.
src/components/ai/chat/useChatCompletion.ts(210,15): error TS18048: 'lastMessage' is possibly 'undefined'.
src/components/ai/chat/useChatCompletion.ts(211,15): error TS18048: 'lastMessage' is possibly 'undefined'.
src/components/ai/chat/useCrisisDetection.ts(1,15): error TS2305: Module '"../../../lib/ai/models/types"' has no exported member 'CrisisDetectionResult'.
src/components/ai/chat/useSentimentAnalysis.ts(1,15): error TS2305: Module '"../../../lib/ai"' has no exported member 'SentimentResult'.
src/components/analytics/AdvancedFilteringComponent.tsx(1,8): error TS6133: 'React' is declared but its value is never read.
src/components/analytics/ChartWidget.tsx(1,8): error TS6133: 'React' is declared but its value is never read.
src/components/analytics/ChartWidget.tsx(173,13): error TS2532: Object is possibly 'undefined'.
src/components/analytics/ChartWidget.tsx(215,13): error TS7030: Not all code paths return a value.
src/components/analytics/ChartWidget.tsx(272,6): error TS2375: Type '{ children: Element; title: string; description: string | undefined; isLoading: boolean; onRefresh: (() => Promise<void>) | undefined; className: string; actions: Element | null; }' is not assignable to type 'DashboardWidgetProps' with 'exactOptionalPropertyTypes: true'. Consider adding 'undefined' to the types of the target's properties.
  Types of property 'description' are incompatible.
    Type 'string | undefined' is not assignable to type 'string'.
      Type 'undefined' is not assignable to type 'string'.
src/components/analytics/ComparativeProgressDisplay.tsx(1,8): error TS6133: 'React' is declared but its value is never read.
src/components/analytics/ComparativeProgressDisplay.tsx(72,3): error TS2322: Type 'string | undefined' is not assignable to type 'string'.
  Type 'undefined' is not assignable to type 'string'.
src/components/analytics/ComparativeProgressDisplay.tsx(76,3): error TS2322: Type 'string | undefined' is not assignable to type 'string'.
  Type 'undefined' is not assignable to type 'string'.
src/components/analytics/ConversionDashboard.tsx(1,8): error TS6133: 'React' is declared but its value is never read.
src/components/analytics/ConversionDashboard.tsx(58,34): error TS4111: Property 'conversionId' comes from an index signature, so it must be accessed with ['conversionId'].
src/components/analytics/ConversionDashboard.tsx(59,27): error TS4111: Property 'value' comes from an index signature, so it must be accessed with ['value'].
src/components/analytics/ConversionDashboard.tsx(61,26): error TS4111: Property 'path' comes from an index signature, so it must be accessed with ['path'].
src/components/analytics/ConversionDashboard.tsx(62,28): error TS4111: Property 'source' comes from an index signature, so it must be accessed with ['source'].
src/components/analytics/ConversionDashboard.tsx(88,7): error TS2532: Object is possibly 'undefined'.
src/components/analytics/DashboardWidget.tsx(1,8): error TS6133: 'React' is declared but its value is never read.
src/components/analytics/EmotionProgressDashboard.tsx(1,8): error TS6133: 'React' is declared but its value is never read.
src/components/analytics/EmotionProgressDashboard.tsx(16,42): error TS2307: Cannot find module '@/lib/ai/temporal/types' or its corresponding type declarations.
src/components/analytics/EmotionProgressDashboard.tsx(130,54): error TS2322: Type '{ children: Element[]; className: string; role: string; }' is not assignable to type 'IntrinsicAttributes & TabsListProps'.
  Property 'role' does not exist on type 'IntrinsicAttributes & TabsListProps'.
src/components/analytics/EmotionProgressDashboard.tsx(131,43): error TS2322: Type '{ children: string; value: string; role: string; }' is not assignable to type 'IntrinsicAttributes & TabsTriggerProps'.
  Property 'role' does not exist on type 'IntrinsicAttributes & TabsTriggerProps'.
src/components/analytics/EmotionProgressDashboard.tsx(134,41): error TS2322: Type '{ children: string; value: string; role: string; }' is not assignable to type 'IntrinsicAttributes & TabsTriggerProps'.
  Property 'role' does not exist on type 'IntrinsicAttributes & TabsTriggerProps'.
src/components/analytics/EmotionProgressDashboard.tsx(137,40): error TS2322: Type '{ children: string; value: string; role: string; }' is not assignable to type 'IntrinsicAttributes & TabsTriggerProps'.
  Property 'role' does not exist on type 'IntrinsicAttributes & TabsTriggerProps'.
src/components/analytics/EmotionProgressDashboard.tsx(140,40): error TS2322: Type '{ children: string; value: string; role: string; }' is not assignable to type 'IntrinsicAttributes & TabsTriggerProps'.
  Property 'role' does not exist on type 'IntrinsicAttributes & TabsTriggerProps'.
src/components/analytics/EmotionProgressReact.tsx(1,8): error TS6133: 'React' is declared but its value is never read.
src/components/analytics/FilterControls.tsx(1,8): error TS6133: 'React' is declared but its value is never read.
src/components/analytics/FilterControls.tsx(131,30): error TS2322: Type '{ children: Element; id: string; }' is not assignable to type 'IntrinsicAttributes & SelectTriggerProps'.
  Property 'id' does not exist on type 'IntrinsicAttributes & SelectTriggerProps'.
src/components/analytics/FilterControls.tsx(132,30): error TS2322: Type '{ placeholder: string; }' is not assignable to type 'IntrinsicAttributes & SelectValueProps'.
  Property 'placeholder' does not exist on type 'IntrinsicAttributes & SelectValueProps'.
src/components/analytics/FilterControls.tsx(191,30): error TS2322: Type '{ children: Element; id: string; }' is not assignable to type 'IntrinsicAttributes & SelectTriggerProps'.
  Property 'id' does not exist on type 'IntrinsicAttributes & SelectTriggerProps'.
src/components/analytics/FilterControls.tsx(192,30): error TS2322: Type '{ placeholder: string; }' is not assignable to type 'IntrinsicAttributes & SelectValueProps'.
  Property 'placeholder' does not exist on type 'IntrinsicAttributes & SelectValueProps'.
src/components/analytics/MetricWidget.tsx(47,19): error TS7030: Not all code paths return a value.
src/components/analytics/MetricWidget.tsx(143,6): error TS2375: Type '{ children: Element; title: string; description: string | undefined; isLoading: boolean; onRefresh: (() => Promise<void>) | undefined; className: string; variant: "default" | "compact"; }' is not assignable to type 'DashboardWidgetProps' with 'exactOptionalPropertyTypes: true'. Consider adding 'undefined' to the types of the target's properties.
  Types of property 'description' are incompatible.
    Type 'string | undefined' is not assignable to type 'string'.
      Type 'undefined' is not assignable to type 'string'.
src/components/analytics/PatternVisualizationReact.tsx(408,22): error TS2532: Object is possibly 'undefined'.
src/components/analytics/PrivacyDashboard.tsx(1,8): error TS6133: 'React' is declared but its value is never read.
src/components/analytics/PrivacyDashboard.tsx(125,54): error TS2345: Argument of type 'number | undefined' is not assignable to parameter of type 'number | boolean'.
  Type 'undefined' is not assignable to type 'number | boolean'.
src/components/analytics/ProgressDataDisplay.tsx(39,25): error TS4111: Property 'chartContainer' comes from an index signature, so it must be accessed with ['chartContainer'].
src/components/analytics/ProgressDataDisplay.tsx(43,45): error TS4111: Property 'chartTitle' comes from an index signature, so it must be accessed with ['chartTitle'].
src/components/analytics/ProgressDataDisplay.tsx(48,54): error TS4111: Property 'chartDescription' comes from an index signature, so it must be accessed with ['chartDescription'].
src/components/analytics/ProgressDataDisplay.tsx(53,34): error TS4111: Property 'dataRow' comes from an index signature, so it must be accessed with ['dataRow'].
src/components/analytics/ProgressDataDisplay.tsx(55,33): error TS4111: Property 'colorIndicator' comes from an index signature, so it must be accessed with ['colorIndicator'].
src/components/analytics/ProgressDataDisplay.tsx(59,34): error TS4111: Property 'dataText' comes from an index signature, so it must be accessed with ['dataText'].
src/components/analytics/ProgressDataDisplay.tsx(60,39): error TS4111: Property 'dataLabel' comes from an index signature, so it must be accessed with ['dataLabel'].
src/components/analytics/ProgressDataDisplay.tsx(62,35): error TS4111: Property 'userData' comes from an index signature, so it must be accessed with ['userData'].
src/components/analytics/ProgressDataDisplay.tsx(72,34): error TS4111: Property 'dataRow' comes from an index signature, so it must be accessed with ['dataRow'].
src/components/analytics/ProgressDataDisplay.tsx(74,36): error TS4111: Property 'colorIndicator' comes from an index signature, so it must be accessed with ['colorIndicator'].
src/components/analytics/ProgressDataDisplay.tsx(74,61): error TS4111: Property 'benchmarkIndicator' comes from an index signature, so it must be accessed with ['benchmarkIndicator'].
src/components/analytics/ProgressDataDisplay.tsx(77,34): error TS4111: Property 'dataText' comes from an index signature, so it must be accessed with ['dataText'].
src/components/analytics/ProgressDataDisplay.tsx(78,39): error TS4111: Property 'dataLabel' comes from an index signature, so it must be accessed with ['dataLabel'].
src/components/analytics/ProgressDataDisplay.tsx(93,30): error TS4111: Property 'noDataMessage' comes from an index signature, so it must be accessed with ['noDataMessage'].
src/components/analytics/TableWidget.tsx(63,13): error TS7030: Not all code paths return a value.
src/components/analytics/TableWidget.tsx(246,6): error TS2375: Type '{ children: (false | Element | undefined)[]; title: string; description: string | undefined; isLoading: boolean; onRefresh: (() => Promise<void>) | undefined; className: string; actions: Element; }' is not assignable to type 'DashboardWidgetProps' with 'exactOptionalPropertyTypes: true'. Consider adding 'undefined' to the types of the target's properties.
  Types of property 'description' are incompatible.
    Type 'string | undefined' is not assignable to type 'string'.
      Type 'undefined' is not assignable to type 'string'.
src/components/analytics/__tests__/PatternVisualization.test.tsx(6,18): error TS7031: Binding element 'children' implicitly has an 'any' type.
src/components/analytics/__tests__/PatternVisualization.test.tsx(7,23): error TS7031: Binding element 'children' implicitly has an 'any' type.
src/components/analytics/__tests__/PatternVisualization.test.tsx(11,18): error TS7031: Binding element 'children' implicitly has an 'any' type.
src/components/analytics/__tests__/PatternVisualization.test.tsx(12,23): error TS7031: Binding element 'children' implicitly has an 'any' type.
src/components/analytics/__tests__/PatternVisualization.test.tsx(15,33): error TS7031: Binding element 'children' implicitly has an 'any' type.
src/components/analytics/__tests__/PatternVisualization.test.tsx(87,9): error TS2322: Type '{ type: string; startTime: Date; endTime: Date; significance: number; confidence: number; description: string; relatedFactors: string[]; recommendations: string[]; }[]' is not assignable to type 'TrendPattern[]'.
  Type '{ type: string; startTime: Date; endTime: Date; significance: number; confidence: number; description: string; relatedFactors: string[]; recommendations: string[]; }' is missing the following properties from type 'TrendPattern': id, startDate, endDate, indicators
src/components/analytics/__tests__/PatternVisualization.test.tsx(88,9): error TS2322: Type '{ type: string; sessions: string[]; pattern: string; frequency: number; confidence: number; impact: string; recommendations: string[]; }[]' is not assignable to type 'CrossSessionPattern[]'.
  Type '{ type: string; sessions: string[]; pattern: string; frequency: number; confidence: number; impact: string; recommendations: string[]; }' is missing the following properties from type 'CrossSessionPattern': id, description
src/components/analytics/__tests__/PatternVisualization.test.tsx(89,9): error TS2322: Type '{ primaryFactor: string; correlatedFactors: { factor: string; correlation: number; confidence: number; }[]; timeFrame: { start: Date; end: Date; }; severity: string; actionRequired: boolean; }[]' is not assignable to type 'RiskCorrelation[]'.
  Type '{ primaryFactor: string; correlatedFactors: { factor: string; correlation: number; confidence: number; }[]; timeFrame: { start: Date; end: Date; }; severity: string; actionRequired: boolean; }' is missing the following properties from type 'RiskCorrelation': id, riskFactor, confidence, significance, severityScore
src/components/analytics/__tests__/PatternVisualization.test.tsx(107,9): error TS2322: Type '{ type: string; startTime: Date; endTime: Date; significance: number; confidence: number; description: string; relatedFactors: string[]; recommendations: string[]; }[]' is not assignable to type 'TrendPattern[]'.
  Type '{ type: string; startTime: Date; endTime: Date; significance: number; confidence: number; description: string; relatedFactors: string[]; recommendations: string[]; }' is missing the following properties from type 'TrendPattern': id, startDate, endDate, indicators
src/components/analytics/__tests__/PatternVisualization.test.tsx(108,9): error TS2322: Type '{ type: string; sessions: string[]; pattern: string; frequency: number; confidence: number; impact: string; recommendations: string[]; }[]' is not assignable to type 'CrossSessionPattern[]'.
  Type '{ type: string; sessions: string[]; pattern: string; frequency: number; confidence: number; impact: string; recommendations: string[]; }' is missing the following properties from type 'CrossSessionPattern': id, description
src/components/analytics/__tests__/PatternVisualization.test.tsx(109,9): error TS2322: Type '{ primaryFactor: string; correlatedFactors: { factor: string; correlation: number; confidence: number; }[]; timeFrame: { start: Date; end: Date; }; severity: string; actionRequired: boolean; }[]' is not assignable to type 'RiskCorrelation[]'.
  Type '{ primaryFactor: string; correlatedFactors: { factor: string; correlation: number; confidence: number; }[]; timeFrame: { start: Date; end: Date; }; severity: string; actionRequired: boolean; }' is missing the following properties from type 'RiskCorrelation': id, riskFactor, confidence, significance, severityScore
src/components/analytics/__tests__/PatternVisualization.test.tsx(145,9): error TS2322: Type '{ type: string; startTime: Date; endTime: Date; significance: number; confidence: number; description: string; relatedFactors: string[]; recommendations: string[]; }[]' is not assignable to type 'TrendPattern[]'.
  Type '{ type: string; startTime: Date; endTime: Date; significance: number; confidence: number; description: string; relatedFactors: string[]; recommendations: string[]; }' is missing the following properties from type 'TrendPattern': id, startDate, endDate, indicators
src/components/analytics/__tests__/PatternVisualization.test.tsx(146,9): error TS2322: Type '{ type: string; sessions: string[]; pattern: string; frequency: number; confidence: number; impact: string; recommendations: string[]; }[]' is not assignable to type 'CrossSessionPattern[]'.
  Type '{ type: string; sessions: string[]; pattern: string; frequency: number; confidence: number; impact: string; recommendations: string[]; }' is missing the following properties from type 'CrossSessionPattern': id, description
src/components/analytics/__tests__/PatternVisualization.test.tsx(147,9): error TS2322: Type '{ primaryFactor: string; correlatedFactors: { factor: string; correlation: number; confidence: number; }[]; timeFrame: { start: Date; end: Date; }; severity: string; actionRequired: boolean; }[]' is not assignable to type 'RiskCorrelation[]'.
  Type '{ primaryFactor: string; correlatedFactors: { factor: string; correlation: number; confidence: number; }[]; timeFrame: { start: Date; end: Date; }; severity: string; actionRequired: boolean; }' is missing the following properties from type 'RiskCorrelation': id, riskFactor, confidence, significance, severityScore
src/components/audit/UnusualPatterns.tsx(1,1): error TS6133: 'React' is declared but its value is never read.
src/components/audit/UnusualPatterns.tsx(10,28): error TS2307: Cannot find module '../ui/scroll-area' or its corresponding type declarations.
src/components/auth/LoginForm.tsx(238,17): error TS2345: Argument of type '(prev: { email?: string; password?: string; }) => { email: undefined; password?: string; }' is not assignable to parameter of type 'SetStateAction<{ email?: string; password?: string; }>'.
  Type '(prev: { email?: string; password?: string; }) => { email: undefined; password?: string; }' is not assignable to type '(prevState: { email?: string; password?: string; }) => { email?: string; password?: string; }'.
    Call signature return types '{ email: undefined; password?: string; }' and '{ email?: string; password?: string; }' are incompatible.
      The types of 'email' are incompatible between these types.
        Type 'undefined' is not assignable to type 'string'.
src/components/auth/LoginForm.tsx(246,17): error TS2345: Argument of type '(prev: { email?: string; password?: string; }) => { password: undefined; email?: string; }' is not assignable to parameter of type 'SetStateAction<{ email?: string; password?: string; }>'.
  Type '(prev: { email?: string; password?: string; }) => { password: undefined; email?: string; }' is not assignable to type '(prevState: { email?: string; password?: string; }) => { email?: string; password?: string; }'.
    Call signature return types '{ password: undefined; email?: string; }' and '{ email?: string; password?: string; }' are incompatible.
      The types of 'password' are incompatible between these types.
        Type 'undefined' is not assignable to type 'string'.
src/components/auth/LoginForm.tsx(257,15): error TS2345: Argument of type '(prev: { email?: string; password?: string; }) => { email: string | undefined; password?: string; }' is not assignable to parameter of type 'SetStateAction<{ email?: string; password?: string; }>'.
  Type '(prev: { email?: string; password?: string; }) => { email: string | undefined; password?: string; }' is not assignable to type '(prevState: { email?: string; password?: string; }) => { email?: string; password?: string; }'.
    Call signature return types '{ email: string | undefined; password?: string; }' and '{ email?: string; password?: string; }' are incompatible.
      The types of 'email' are incompatible between these types.
        Type 'string | undefined' is not assignable to type 'string'.
          Type 'undefined' is not assignable to type 'string'.
src/components/auth/LoginForm.tsx(263,15): error TS2345: Argument of type '(prev: { email?: string; password?: string; }) => { password: string | undefined; email?: string; }' is not assignable to parameter of type 'SetStateAction<{ email?: string; password?: string; }>'.
  Type '(prev: { email?: string; password?: string; }) => { password: string | undefined; email?: string; }' is not assignable to type '(prevState: { email?: string; password?: string; }) => { email?: string; password?: string; }'.
    Call signature return types '{ password: string | undefined; email?: string; }' and '{ email?: string; password?: string; }' are incompatible.
      The types of 'password' are incompatible between these types.
        Type 'string | undefined' is not assignable to type 'string'.
          Type 'undefined' is not assignable to type 'string'.
src/components/auth/RegisterForm.tsx(210,14): error TS2375: Type '{ label: string; name: string; value: string; onChange: (e: ChangeEvent<HTMLInputElement>) => void; required: true; disabled: boolean; minLength: number; placeholder: string; ... 4 more ...; helperText: string; }' is not assignable to type 'PasswordInputWithStrengthProps' with 'exactOptionalPropertyTypes: true'. Consider adding 'undefined' to the types of the target's properties.
  Types of property 'error' are incompatible.
    Type 'string | undefined' is not assignable to type 'string'.
      Type 'undefined' is not assignable to type 'string'.
src/components/auth/RegisterForm.tsx(222,34): error TS4111: Property 'password' comes from an index signature, so it must be accessed with ['password'].
src/components/base/__tests__/ErrorBoundary.test.ts(1,27): error TS2307: Cannot find module '../ErrorBoundary.astro' or its corresponding type declarations.
src/components/base/__tests__/ErrorBoundary.test.ts(10,13): error TS2339: Property 'container' does not exist on type '{ astroContainer: HTMLDivElement; html: string; querySelector: (selector: string) => Element | null; querySelectorAll: (selector: string) => NodeListOf<Element>; }'.
src/components/base/__tests__/ErrorBoundary.test.ts(21,13): error TS2339: Property 'container' does not exist on type '{ astroContainer: HTMLDivElement; html: string; querySelector: (selector: string) => Element | null; querySelectorAll: (selector: string) => NodeListOf<Element>; }'.
src/components/base/__tests__/ErrorBoundary.test.ts(44,13): error TS2339: Property 'container' does not exist on type '{ astroContainer: HTMLDivElement; html: string; querySelector: (selector: string) => Element | null; querySelectorAll: (selector: string) => NodeListOf<Element>; }'.
src/components/base/__tests__/ErrorBoundary.test.ts(67,13): error TS2339: Property 'container' does not exist on type '{ astroContainer: HTMLDivElement; html: string; querySelector: (selector: string) => Element | null; querySelectorAll: (selector: string) => NodeListOf<Element>; }'.
src/components/base/__tests__/Link.test.ts(3,18): error TS2307: Cannot find module '../Link.astro' or its corresponding type declarations.
src/components/base/__tests__/Link.test.ts(18,13): error TS2339: Property 'container' does not exist on type '{ astroContainer: HTMLDivElement; html: string; querySelector: (selector: string) => Element | null; querySelectorAll: (selector: string) => NodeListOf<Element>; }'.
src/components/base/__tests__/Link.test.ts(29,13): error TS2339: Property 'container' does not exist on type '{ astroContainer: HTMLDivElement; html: string; querySelector: (selector: string) => Element | null; querySelectorAll: (selector: string) => NodeListOf<Element>; }'.
src/components/base/__tests__/Link.test.ts(42,13): error TS2339: Property 'container' does not exist on type '{ astroContainer: HTMLDivElement; html: string; querySelector: (selector: string) => Element | null; querySelectorAll: (selector: string) => NodeListOf<Element>; }'.
src/components/base/__tests__/Link.test.ts(53,13): error TS2339: Property 'container' does not exist on type '{ astroContainer: HTMLDivElement; html: string; querySelector: (selector: string) => Element | null; querySelectorAll: (selector: string) => NodeListOf<Element>; }'.
src/components/base/__tests__/Link.test.ts(65,13): error TS2339: Property 'container' does not exist on type '{ astroContainer: HTMLDivElement; html: string; querySelector: (selector: string) => Element | null; querySelectorAll: (selector: string) => NodeListOf<Element>; }'.
src/components/base/__tests__/Link.test.ts(77,13): error TS2339: Property 'container' does not exist on type '{ astroContainer: HTMLDivElement; html: string; querySelector: (selector: string) => Element | null; querySelectorAll: (selector: string) => NodeListOf<Element>; }'.
src/components/base/__tests__/Link.test.ts(88,13): error TS2339: Property 'container' does not exist on type '{ astroContainer: HTMLDivElement; html: string; querySelector: (selector: string) => Element | null; querySelectorAll: (selector: string) => NodeListOf<Element>; }'.
src/components/base/__tests__/Link.test.ts(100,13): error TS2339: Property 'container' does not exist on type '{ astroContainer: HTMLDivElement; html: string; querySelector: (selector: string) => Element | null; querySelectorAll: (selector: string) => NodeListOf<Element>; }'.
src/components/base/__tests__/Link.test.ts(111,13): error TS2339: Property 'container' does not exist on type '{ astroContainer: HTMLDivElement; html: string; querySelector: (selector: string) => Element | null; querySelectorAll: (selector: string) => NodeListOf<Element>; }'.
src/components/base/__tests__/Link.test.ts(127,13): error TS2339: Property 'container' does not exist on type '{ astroContainer: HTMLDivElement; html: string; querySelector: (selector: string) => Element | null; querySelectorAll: (selector: string) => NodeListOf<Element>; }'.
src/components/base/__tests__/Link.test.ts(141,13): error TS2339: Property 'container' does not exist on type '{ astroContainer: HTMLDivElement; html: string; querySelector: (selector: string) => Element | null; querySelectorAll: (selector: string) => NodeListOf<Element>; }'.
src/components/base/__tests__/Link.test.ts(151,13): error TS2339: Property 'container' does not exist on type '{ astroContainer: HTMLDivElement; html: string; querySelector: (selector: string) => Element | null; querySelectorAll: (selector: string) => NodeListOf<Element>; }'.
src/components/chat/ChatContainer.tsx(142,10): error TS2375: Type '{ value: string; onChange: (e: ChangeEvent<HTMLTextAreaElement>) => void; onSubmit: (e: FormEvent<Element>) => void; isLoading: boolean; disabled: boolean; placeholder: string | undefined; }' is not assignable to type 'ChatInputProps' with 'exactOptionalPropertyTypes: true'. Consider adding 'undefined' to the types of the target's properties.
  Types of property 'placeholder' are incompatible.
    Type 'string | undefined' is not assignable to type 'string'.
      Type 'undefined' is not assignable to type 'string'.
src/components/chat/ChatMessage.tsx(24,3): error TS6133: '_isLatest' is declared but its value is never read.
src/components/chat/CognitiveModelSelector.tsx(1,8): error TS6133: 'React' is declared but its value is never read.
src/components/chat/CognitiveModelSelector.tsx(3,15): error TS2305: Module '"@/lib/ai/services/PatientModelService"' has no exported member 'ModelIdentifier'.
src/components/chat/CognitiveModelSelector.tsx(134,11): error TS2741: Property 'culturalFactors' is missing in type '{ age: number; gender: string; occupation: string; familyStatus: string; }' but required in type 'DemographicInfo'.
src/components/chat/CognitiveModelSelector.tsx(141,11): error TS2739: Type '{ primaryDiagnosis: string; severity: "moderate"; }' is missing the following properties from type 'DiagnosisInfo': secondaryDiagnoses, durationOfSymptoms
src/components/chat/CognitiveModelSelector.tsx(147,15): error TS2353: Object literal may only specify known properties, and 'id' does not exist in type 'CoreBelief'.
src/components/chat/CognitiveModelSelector.tsx(154,15): error TS2353: Object literal may only specify known properties, and 'id' does not exist in type 'CoreBelief'.
src/components/chat/CognitiveModelSelector.tsx(177,13): error TS2353: Object literal may only specify known properties, and 'resistance' does not exist in type 'ConversationalStyle'.
src/components/chat/CognitiveModelSelector.tsx(182,11): error TS2739: Type '{ insights: never[]; resistanceLevel: number; changeReadiness: "contemplation"; sessionProgressLog: never[]; }' is missing the following properties from type 'TherapeuticProgress': skillsAcquired, trustLevel, rapportScore, therapistPerception, transferenceState
src/components/chat/CognitiveModelSelector.tsx(193,11): error TS2741: Property 'culturalFactors' is missing in type '{ age: number; gender: string; occupation: string; familyStatus: string; }' but required in type 'DemographicInfo'.
src/components/chat/CognitiveModelSelector.tsx(204,11): error TS2739: Type '{ primaryDiagnosis: string; severity: "severe"; }' is missing the following properties from type 'DiagnosisInfo': secondaryDiagnoses, durationOfSymptoms
src/components/chat/CognitiveModelSelector.tsx(210,15): error TS2353: Object literal may only specify known properties, and 'id' does not exist in type 'CoreBelief'.
src/components/chat/CognitiveModelSelector.tsx(217,15): error TS2353: Object literal may only specify known properties, and 'id' does not exist in type 'CoreBelief'.
src/components/chat/CognitiveModelSelector.tsx(240,13): error TS2353: Object literal may only specify known properties, and 'resistance' does not exist in type 'ConversationalStyle'.
src/components/chat/CognitiveModelSelector.tsx(245,11): error TS2739: Type '{ insights: never[]; resistanceLevel: number; changeReadiness: "contemplation"; sessionProgressLog: never[]; }' is missing the following properties from type 'TherapeuticProgress': skillsAcquired, trustLevel, rapportScore, therapistPerception, transferenceState
src/components/chat/CognitiveModelSelector.tsx(256,11): error TS2741: Property 'culturalFactors' is missing in type '{ age: number; gender: string; occupation: string; familyStatus: string; }' but required in type 'DemographicInfo'.
src/components/chat/CognitiveModelSelector.tsx(263,11): error TS2739: Type '{ primaryDiagnosis: string; severity: "moderate"; }' is missing the following properties from type 'DiagnosisInfo': secondaryDiagnoses, durationOfSymptoms
src/components/chat/CognitiveModelSelector.tsx(269,15): error TS2353: Object literal may only specify known properties, and 'id' does not exist in type 'CoreBelief'.
src/components/chat/CognitiveModelSelector.tsx(276,15): error TS2353: Object literal may only specify known properties, and 'id' does not exist in type 'CoreBelief'.
src/components/chat/CognitiveModelSelector.tsx(299,13): error TS2353: Object literal may only specify known properties, and 'resistance' does not exist in type 'ConversationalStyle'.
src/components/chat/CognitiveModelSelector.tsx(304,11): error TS2739: Type '{ insights: never[]; resistanceLevel: number; changeReadiness: "contemplation"; sessionProgressLog: never[]; }' is missing the following properties from type 'TherapeuticProgress': skillsAcquired, trustLevel, rapportScore, therapistPerception, transferenceState
src/components/chat/FHEChatStatus.tsx(2,1): error TS6133: 'React' is declared but its value is never read.
src/components/chat/MemoryAwareChatSystem.tsx(3,8): error TS6133: 'React' is declared but its value is never read.
src/components/chat/MemoryAwareChatSystem.tsx(49,3): error TS6133: 'placeholder' is declared but its value is never read.
src/components/chat/MemoryAwareChatSystem.tsx(70,25): error TS2379: Argument of type '{ sessionId: string | undefined; enableMemory: boolean; enableAnalysis: boolean; maxMemoryContext: number; }' is not assignable to parameter of type 'UseChatWithMemoryOptions' with 'exactOptionalPropertyTypes: true'. Consider adding 'undefined' to the types of the target's properties.
  Types of property 'sessionId' are incompatible.
    Type 'string | undefined' is not assignable to type 'string'.
      Type 'undefined' is not assignable to type 'string'.
src/components/chat/MentalHealthInsights.tsx(65,16): error TS2339: Property 'emotionalState' does not exist on type 'MentalHealthAnalysis'.
src/components/chat/MentalHealthInsights.tsx(66,16): error TS2339: Property 'emotionalState' does not exist on type 'MentalHealthAnalysis'.
src/components/chat/MentalHealthInsights.tsx(69,16): error TS2339: Property 'includes' does not exist on type 'RiskFactor'.
src/components/chat/MentalHealthInsights.tsx(70,16): error TS2339: Property 'includes' does not exist on type 'RiskFactor'.
src/components/chat/MentalHealthInsights.tsx(71,16): error TS2339: Property 'includes' does not exist on type 'RiskFactor'.
src/components/chat/MentalHealthInsights.tsx(79,16): error TS2339: Property 'emotionalState' does not exist on type 'MentalHealthAnalysis'.
src/components/chat/MentalHealthInsights.tsx(81,24): error TS2339: Property 'includes' does not exist on type 'RiskFactor'.
src/components/chat/MentalHealthInsights.tsx(81,53): error TS2339: Property 'includes' does not exist on type 'RiskFactor'.
src/components/chat/MentalHealthInsights.tsx(105,52): error TS2339: Property 'emotionalState' does not exist on type 'MentalHealthAnalysis'.
src/components/chat/MentalHealthInsights.tsx(114,25): error TS2339: Property 'cognitivePatterns' does not exist on type 'MentalHealthAnalysis'.
src/components/chat/MentalHealthInsights.tsx(114,48): error TS7006: Parameter 'pattern' implicitly has an 'any' type.
src/components/chat/MentalHealthInsights.tsx(114,57): error TS7006: Parameter 'index' implicitly has an 'any' type.
src/components/chat/MentalHealthInsights.tsx(126,25): error TS2339: Property 'therapeuticRecommendations' does not exist on type 'MentalHealthAnalysis'.
src/components/chat/MentalHealthInsights.tsx(127,18): error TS7006: Parameter 'recommendation' implicitly has an 'any' type.
src/components/chat/MentalHealthInsights.tsx(127,34): error TS7006: Parameter 'index' implicitly has an 'any' type.
src/components/chat/MentalHealthInsights.tsx(141,25): error TS2339: Property 'strengths' does not exist on type 'MentalHealthAnalysis'.
src/components/chat/MentalHealthInsights.tsx(141,40): error TS7006: Parameter 'strength' implicitly has an 'any' type.
src/components/chat/MentalHealthInsights.tsx(141,50): error TS7006: Parameter 'index' implicitly has an 'any' type.
src/components/chat/MentalHealthInsights.tsx(151,25): error TS2339: Property 'primaryConcerns' does not exist on type 'MentalHealthAnalysis'.
src/components/chat/MentalHealthInsights.tsx(151,46): error TS7006: Parameter 'concern' implicitly has an 'any' type.
src/components/chat/MentalHealthInsights.tsx(151,55): error TS7006: Parameter 'index' implicitly has an 'any' type.
src/components/chat/MentalHealthInsights.tsx(176,37): error TS2322: Type 'RiskFactor' is not assignable to type 'ReactNode'.
  Type 'RiskFactor' is missing the following properties from type 'ReactPortal': children, props, key
src/components/chat/MentalHealthInsights.tsx(188,42): error TS2339: Property 'assessmentTimestamp' does not exist on type 'MentalHealthAnalysis'.
src/components/chat/MentalHealthInsights.tsx(190,47): error TS2551: Property 'confidenceScore' does not exist on type 'MentalHealthAnalysis'. Did you mean 'confidence'?
src/components/chat/TherapyChatClient.tsx(72,92): error TS18048: 'selectedScenario' is possibly 'undefined'.
src/components/chat/TherapyChatClient.tsx(72,118): error TS18048: 'selectedScenario' is possibly 'undefined'.
src/components/chat/TherapyChatClient.tsx(79,17): error TS18048: 'selectedScenario' is possibly 'undefined'.
src/components/chat/TherapyChatClient.tsx(135,19): error TS2379: Argument of type '{ id: string; role: "user" | "system" | "assistant"; content: string; encrypted: boolean | undefined; }' is not assignable to parameter of type 'ChatMessage' with 'exactOptionalPropertyTypes: true'. Consider adding 'undefined' to the types of the target's properties.
  Types of property 'encrypted' are incompatible.
    Type 'boolean | undefined' is not assignable to type 'boolean'.
      Type 'undefined' is not assignable to type 'boolean'.
src/components/chat/TherapyChatClient.tsx(147,19): error TS18048: 'selectedScenario' is possibly 'undefined'.
src/components/chat/TherapyChatClient.tsx(198,9): error TS2322: Type 'Scenario | undefined' is not assignable to type 'Scenario'.
  Type 'undefined' is not assignable to type 'Scenario'.
src/components/chat/TherapyChatClient.tsx(218,23): error TS18048: 'selectedScenario' is possibly 'undefined'.
src/components/chat/TherapyStyleSelector.tsx(2,37): error TS2307: Cannot find module '../../lib/ai/types/TherapyStyles' or its corresponding type declarations.
src/components/chat/TherapyStyleSelector.tsx(6,8): error TS2307: Cannot find module '../../lib/ai/types/TherapyStyles' or its corresponding type declarations.
src/components/chat/TherapyStyleSelector.tsx(32,28): error TS7006: Parameter 'style' implicitly has an 'any' type.
src/components/chat/TherapyStyleSelector.tsx(70,18): error TS18046: 'style' is of type 'unknown'.
src/components/chat/TherapyStyleSelector.tsx(87,47): error TS7006: Parameter 'technique' implicitly has an 'any' type.
src/components/chat/TherapyStyleSelector.tsx(87,58): error TS7006: Parameter 'index' implicitly has an 'any' type.
src/components/chat/TherapyStyleSelector.tsx(96,47): error TS7006: Parameter 'issue' implicitly has an 'any' type.
src/components/chat/TherapyStyleSelector.tsx(96,54): error TS7006: Parameter 'index' implicitly has an 'any' type.
src/components/chat/__tests__/MentalHealthInsights.test.tsx(7,8): error TS2307: Cannot find module '../../../lib/ai/mock/mentalHealthMockData' or its corresponding type declarations.
src/components/chat/__tests__/TherapyStyleSelector.test.tsx(5,8): error TS2307: Cannot find module '../../../lib/ai/types/TherapyStyles' or its corresponding type declarations.
src/components/chat/__tests__/TherapyStyleSelector.test.tsx(6,37): error TS2307: Cannot find module '../../../lib/ai/types/TherapyStyles' or its corresponding type declarations.
src/components/chat/__tests__/TherapyStyleSelector.test.tsx(89,61): error TS7006: Parameter 'technique' implicitly has an 'any' type.
src/components/chat/__tests__/mockMentalHealthData.ts(28,5): error TS2322: Type 'string' is not assignable to type 'RiskFactor'.
src/components/chat/__tests__/mockMentalHealthData.ts(29,5): error TS2322: Type 'string' is not assignable to type 'RiskFactor'.
src/components/chat/__tests__/mockMentalHealthData.ts(30,5): error TS2322: Type 'string' is not assignable to type 'RiskFactor'.
src/components/chat/__tests__/mockMentalHealthData.ts(38,3): error TS2353: Object literal may only specify known properties, and 'emotionalState' does not exist in type 'MentalHealthAnalysis'.
src/components/chat/icons/IconArchive.tsx(1,1): error TS6133: 'React' is declared but its value is never read.
src/components/chat/icons/IconDownload.tsx(1,1): error TS6133: 'React' is declared but its value is never read.
src/components/chat/icons/IconFile.tsx(1,1): error TS6133: 'React' is declared but its value is never read.
src/components/chat/icons/IconFilePdf.tsx(1,1): error TS6133: 'React' is declared but its value is never read.
src/components/common/Toast.tsx(1,1): error TS6133: 'React' is declared but its value is never read.
src/components/consent/ResearchConsentForm.tsx(1,8): error TS6133: 'React' is declared but its value is never read.
src/components/consent/ResearchConsentForm.tsx(53,28): error TS2345: Argument of type 'UserConsentStatus | undefined' is not assignable to parameter of type 'SetStateAction<UserConsentStatus | null>'.
  Type 'undefined' is not assignable to type 'SetStateAction<UserConsentStatus | null>'.
src/components/consent/ResearchConsentForm.tsx(56,15): error TS2532: Object is possibly 'undefined'.
src/components/consent/ResearchConsentForm.tsx(57,32): error TS2532: Object is possibly 'undefined'.
src/components/consent/ResearchConsentForm.tsx(61,13): error TS2532: Object is possibly 'undefined'.
src/components/consent/ResearchConsentForm.tsx(105,26): error TS2345: Argument of type 'UserConsentStatus | undefined' is not assignable to parameter of type 'SetStateAction<UserConsentStatus | null>'.
  Type 'undefined' is not assignable to type 'SetStateAction<UserConsentStatus | null>'.
src/components/consent/ResearchConsentForm.tsx(147,26): error TS2345: Argument of type 'UserConsentStatus | undefined' is not assignable to parameter of type 'SetStateAction<UserConsentStatus | null>'.
  Type 'undefined' is not assignable to type 'SetStateAction<UserConsentStatus | null>'.
src/components/dashboard/SimulatorDashboard.tsx(3,8): error TS6133: 'React' is declared but its value is never read.
src/components/dashboard/SimulatorDashboardReact.tsx(3,8): error TS6133: 'React' is declared but its value is never read.
src/components/demo/ChatDemo.tsx(2,15): error TS2305: Module '"../../lib/ai/models/types"' has no exported member 'CrisisDetectionResult'.
src/components/demo/ChatDemo.tsx(3,8): error TS6133: 'React' is declared but its value is never read.
src/components/demo/ChatDemo.tsx(67,10): error TS2375: Type '{ messages: { role: "user" | "system" | "assistant"; content: string; name: string; }[]; onSendMessage: (message: string) => Promise<void>; isLoading: boolean; error: string | undefined; inputPlaceholder: string; onRetry: () => Promise<...>; }' is not assignable to type 'ChatContainerProps' with 'exactOptionalPropertyTypes: true'. Consider adding 'undefined' to the types of the target's properties.
  Types of property 'error' are incompatible.
    Type 'string | undefined' is not assignable to type 'string'.
      Type 'undefined' is not assignable to type 'string'.
src/components/demo/ListDemo.tsx(2,8): error TS6133: 'React' is declared but its value is never read.
src/components/demo/ListDemo.tsx(35,15): error TS2345: Argument of type '{ title: string; description: string; type: string; }' is not assignable to parameter of type 'string'.
src/components/demo/ListDemo.tsx(43,15): error TS2345: Argument of type '{ title: string; description: string; type: string; }' is not assignable to parameter of type 'string'.
src/components/demo/ListDemo.tsx(51,15): error TS2345: Argument of type '{ title: string; description: string; type: string; }' is not assignable to parameter of type 'string'.
src/components/demos/RecommendationDemo.tsx(4,45): error TS2307: Cannot find module '../../lib/ai/types/recommendations' or its corresponding type declarations.
src/components/demos/RecommendationDemo.tsx(186,14): error TS2322: Type '{ display: string; flexWrap: string; gap: string; }' is not assignable to type 'Properties<string | number, string & {}>'.
  Types of property 'flexWrap' are incompatible.
    Type 'string' is not assignable to type 'FlexWrap | undefined'.
src/components/demos/RecommendationDemo.tsx(222,11): error TS2322: Type '{ recommendations: EnhancedRecommendation[]; clientName: string; onSelect: (recommendation: EnhancedRecommendation) => void; showEfficacyStats: boolean; showPersonalizationDetails: boolean; showAlternatives: boolean; }' is not assignable to type 'IntrinsicAttributes & RecommendationDisplayProps'.
  Property 'clientName' does not exist on type 'IntrinsicAttributes & RecommendationDisplayProps'.
src/components/documentation/ExportToEHR.tsx(35,51): error TS2345: Argument of type '() => { format: "pdf" | "fhir" | "ccda"; patientId: string; providerId: string; encounterId: string | undefined; includeEmotionData: boolean; }' is not assignable to parameter of type '() => EHRExportOptions'.
  Call signature return types '{ format: "pdf" | "fhir" | "ccda"; patientId: string; providerId: string; encounterId: string | undefined; includeEmotionData: boolean; }' and 'EHRExportOptions' are incompatible.
    The types of 'encounterId' are incompatible between these types.
      Type 'string | undefined' is not assignable to type 'string'.
        Type 'undefined' is not assignable to type 'string'.
src/components/examples/ConversionTrackingExample.tsx(33,41): error TS2532: Object is possibly 'undefined'.
src/components/examples/ConversionTrackingExample.tsx(50,39): error TS2532: Object is possibly 'undefined'.
src/components/examples/ConversionTrackingExample.tsx(70,33): error TS2532: Object is possibly 'undefined'.
src/components/examples/ConversionTrackingExample.tsx(95,14): error TS2322: Type '{ children: string; jsx: true; }' is not assignable to type 'DetailedHTMLProps<StyleHTMLAttributes<HTMLStyleElement>, HTMLStyleElement>'.
  Property 'jsx' does not exist on type 'DetailedHTMLProps<StyleHTMLAttributes<HTMLStyleElement>, HTMLStyleElement>'.
src/components/layout/SidebarReact.tsx(3,8): error TS6133: 'React' is declared but its value is never read.
src/components/layout/index.ts(1,35): error TS2307: Cannot find module './Footer.astro' or its corresponding type declarations.
src/components/memory/MemoryDashboard.tsx(122,48): error TS2345: Argument of type '{ category: string; tags: string[]; importance: number; }' is not assignable to parameter of type '{ role: string; timestamp?: string; category?: string; importance?: number; tags?: string[]; userId?: string; sessionId?: string; }'.
  Property 'role' is missing in type '{ category: string; tags: string[]; importance: number; }' but required in type '{ role: string; timestamp?: string; category?: string; importance?: number; tags?: string[]; userId?: string; sessionId?: string; }'.
src/components/monitoring/RUMWidget.tsx(1,8): error TS6133: 'React' is declared but its value is never read.
src/components/monitoring/RUMWidget.tsx(78,55): error TS4111: Property 'lcp' comes from an index signature, so it must be accessed with ['lcp'].
src/components/monitoring/RUMWidget.tsx(79,52): error TS4111: Property 'cls' comes from an index signature, so it must be accessed with ['cls'].
src/components/monitoring/RUMWidget.tsx(80,57): error TS4111: Property 'fid' comes from an index signature, so it must be accessed with ['fid'].
src/components/monitoring/RUMWidget.tsx(110,56): error TS4111: Property 'ttfb' comes from an index signature, so it must be accessed with ['ttfb'].
src/components/monitoring/RUMWidget.tsx(111,55): error TS4111: Property 'fcp' comes from an index signature, so it must be accessed with ['fcp'].
src/components/monitoring/RUMWidget.tsx(112,55): error TS4111: Property 'lcp' comes from an index signature, so it must be accessed with ['lcp'].
src/components/monitoring/RUMWidget.tsx(121,57): error TS4111: Property 'fid' comes from an index signature, so it must be accessed with ['fid'].
src/components/monitoring/RUMWidget.tsx(122,57): error TS4111: Property 'tbt' comes from an index signature, so it must be accessed with ['tbt'].
src/components/monitoring/RUMWidget.tsx(131,52): error TS4111: Property 'cls' comes from an index signature, so it must be accessed with ['cls'].
src/components/monitoring/__tests__/RUMWidget.test.tsx(1,1): error TS6133: 'React' is declared but its value is never read.
src/components/monitoring/__tests__/RealUserMonitoring.astro.test.ts(13,27): error TS4111: Property 'API_KEY' comes from an index signature, so it must be accessed with ['API_KEY'].
src/components/notification/NotificationCenter.tsx(1,15): error TS2459: Module '"@/lib/services/notification/NotificationService"' declares 'NotificationItem' locally, but it is not exported.
src/components/notification/NotificationCenter.tsx(2,23): error TS2307: Cannot find module '@/components/ui/Badge' or its corresponding type declarations.
src/components/notification/NotificationCenter.tsx(3,24): error TS2307: Cannot find module '@/components/ui/Button' or its corresponding type declarations.
src/components/notification/NotificationCenter.tsx(4,22): error TS2307: Cannot find module '@/components/ui/Card' or its corresponding type declarations.
src/components/notification/NotificationCenter.tsx(9,8): error TS6133: 'React' is declared but its value is never read.
src/components/notification/NotificationPreferences.tsx(1,23): error TS2307: Cannot find module '@/components/ui/Alert' or its corresponding type declarations.
src/components/notification/NotificationPreferences.tsx(2,22): error TS2307: Cannot find module '@/components/ui/Card' or its corresponding type declarations.
src/components/notification/NotificationPreferences.tsx(3,23): error TS2307: Cannot find module '@/components/ui/Input' or its corresponding type declarations.
src/components/notification/NotificationPreferences.tsx(12,26): error TS2307: Cannot find module '@/components/ui/Skeleton' or its corresponding type declarations.
src/components/notification/NotificationPreferences.tsx(13,24): error TS2307: Cannot find module '@/components/ui/Switch' or its corresponding type declarations.
src/components/notification/NotificationPreferences.tsx(17,1): error TS6133: 'React' is declared but its value is never read.
src/components/notification/NotificationPreferences.tsx(78,33): error TS7006: Parameter 'checked' implicitly has an 'any' type.
src/components/notification/NotificationPreferences.tsx(89,33): error TS7006: Parameter 'checked' implicitly has an 'any' type.
src/components/notification/NotificationPreferences.tsx(100,33): error TS7006: Parameter 'checked' implicitly has an 'any' type.
src/components/notification/NotificationPreferences.tsx(111,33): error TS7006: Parameter 'checked' implicitly has an 'any' type.
src/components/notification/NotificationPreferences.tsx(154,33): error TS7006: Parameter 'checked' implicitly has an 'any' type.
src/components/notification/NotificationPreferences.tsx(173,30): error TS7006: Parameter 'e' implicitly has an 'any' type.
src/components/notification/NotificationPreferences.tsx(187,30): error TS7006: Parameter 'e' implicitly has an 'any' type.
src/components/notification/NotificationPreferences.tsx(220,39): error TS7006: Parameter 'checked' implicitly has an 'any' type.
src/components/notification/__tests__/NotificationCenter.test.tsx(29,15): error TS2552: Cannot find name 'useWebSocket'. Did you mean 'WebSocket'?
src/components/notification/__tests__/NotificationCenter.test.tsx(66,15): error TS2552: Cannot find name 'useWebSocket'. Did you mean 'WebSocket'?
src/components/notification/__tests__/NotificationCenter.test.tsx(93,15): error TS2552: Cannot find name 'useWebSocket'. Did you mean 'WebSocket'?
src/components/notification/__tests__/NotificationCenter.test.tsx(125,15): error TS2552: Cannot find name 'useWebSocket'. Did you mean 'WebSocket'?
src/components/notification/__tests__/NotificationCenter.test.tsx(168,15): error TS2552: Cannot find name 'useWebSocket'. Did you mean 'WebSocket'?
src/components/notification/__tests__/NotificationPreferences.test.tsx(43,15): error TS2552: Cannot find name 'useNotificationPreferences'. Did you mean 'NotificationPreferences'?
src/components/notification/__tests__/NotificationPreferences.test.tsx(44,10): error TS2552: Cannot find name 'useNotificationPreferences'. Did you mean 'NotificationPreferences'?
src/components/notification/__tests__/NotificationPreferences.test.tsx(53,15): error TS2552: Cannot find name 'useNotificationPreferences'. Did you mean 'NotificationPreferences'?
src/components/notification/__tests__/NotificationPreferences.test.tsx(54,10): error TS2304: Cannot find name 'useNotificationPreferences'.
src/components/notification/__tests__/NotificationPreferences.test.tsx(86,15): error TS2304: Cannot find name 'useNotificationPreferences'.
src/components/notification/__tests__/NotificationPreferences.test.tsx(87,10): error TS2304: Cannot find name 'useNotificationPreferences'.
src/components/notification/__tests__/NotificationPreferences.test.tsx(89,12): error TS2304: Cannot find name 'useNotificationPreferences'.
src/components/notification/__tests__/NotificationPreferences.test.tsx(116,15): error TS2304: Cannot find name 'useNotificationPreferences'.
src/components/notification/__tests__/NotificationPreferences.test.tsx(117,10): error TS2304: Cannot find name 'useNotificationPreferences'.
src/components/notification/__tests__/NotificationPreferences.test.tsx(136,15): error TS2304: Cannot find name 'useNotificationPreferences'.
src/components/notification/__tests__/NotificationPreferences.test.tsx(137,10): error TS2304: Cannot find name 'useNotificationPreferences'.
src/components/notification/__tests__/NotificationPreferences.test.tsx(151,15): error TS2304: Cannot find name 'useNotificationPreferences'.
src/components/notification/__tests__/NotificationPreferences.test.tsx(152,10): error TS2304: Cannot find name 'useNotificationPreferences'.
src/components/notification/__tests__/NotificationPreferences.test.tsx(172,15): error TS2304: Cannot find name 'useNotificationPreferences'.
src/components/notification/__tests__/NotificationPreferences.test.tsx(173,10): error TS2304: Cannot find name 'useNotificationPreferences'.
src/components/pages/EmotionVisualizationDemo.tsx(16,5): error TS2345: Argument of type 'number' is not assignable to parameter of type 'TimeRange | undefined'.
src/components/pages/EmotionVisualizationPage.tsx(11,11): error TS2339: Property 'emotionData' does not exist on type 'UseMultidimensionalEmotionsReturn'.
src/components/pages/EmotionVisualizationPage.tsx(11,73): error TS2345: Argument of type '{ timeRange: "month" | "week" | "day" | "year"; limit: number; }' is not assignable to parameter of type 'string'.
src/components/patient/PatientFileViewer.tsx(3,35): error TS6133: '_patientModel' is declared but its value is never read.
src/components/security/AuditLogDashboard.tsx(1,8): error TS6133: 'React' is declared but its value is never read.
src/components/security/__tests__/SecurityDashboard.test.ts(4,31): error TS2307: Cannot find module '../SecurityDashboard.astro' or its corresponding type declarations.
src/components/security/__tests__/SecurityDashboard.test.ts(59,41): error TS7030: Not all code paths return a value.
src/components/security/__tests__/SecurityDashboard.test.ts(76,13): error TS2339: Property 'container' does not exist on type '{ astroContainer: HTMLDivElement; html: string; querySelector: (selector: string) => Element | null; querySelectorAll: (selector: string) => NodeListOf<Element>; }'.
src/components/session/EmotionTemporalAnalysisChart.tsx(17,15): error TS2305: Module '"../../lib/ai/temporal/EmotionTemporalAnalyzer"' has no exported member 'TemporalEmotionAnalysis'.
src/components/session/EmotionTemporalAnalysisChart.tsx(108,37): error TS7006: Parameter 'point' implicitly has an 'any' type.
src/components/session/EmotionTemporalAnalysisChart.tsx(148,47): error TS7006: Parameter 'transition' implicitly has an 'any' type.
src/components/session/EmotionTemporalAnalysisChart.tsx(161,47): error TS7006: Parameter 'rel' implicitly has an 'any' type.
src/components/session/EmotionTemporalAnalysisChart.tsx(305,45): error TS7006: Parameter 'point' implicitly has an 'any' type.
src/components/session/MultidimensionalEmotionChart.tsx(117,28): error TS2709: Cannot use namespace 'Object3D' as a type.
src/components/session/MultidimensionalEmotionChart.tsx(118,44): error TS2709: Cannot use namespace 'Object3D' as a type.
src/components/session/MultidimensionalEmotionChart.tsx(144,59): error TS2709: Cannot use namespace 'Object3D' as a type.
src/components/session/MultidimensionalEmotionChart.tsx(308,71): error TS2709: Cannot use namespace 'Object3D' as a type.
src/components/session/MultidimensionalEmotionChart.tsx(491,33): error TS2709: Cannot use namespace 'Object3D' as a type.
src/components/session/MultidimensionalEmotionChart.tsx(493,65): error TS2709: Cannot use namespace 'Sphere' as a type.
src/components/session/MultidimensionalEmotionChart.tsx(508,43): error TS2709: Cannot use namespace 'Object3D' as a type.
src/components/session/MultidimensionalEmotionChart.tsx(560,40): error TS2709: Cannot use namespace 'Object3D' as a type.
src/components/session/SessionDocumentation.tsx(2,43): error TS2307: Cannot find module '../../lib/ai/interfaces/therapy' or its corresponding type declarations.
src/components/session/SessionDocumentation.tsx(3,32): error TS2307: Cannot find module '../../lib/ai/utils' or its corresponding type declarations.
src/components/session/SessionDocumentation.tsx(55,31): error TS7006: Parameter 'prev' implicitly has an 'any' type.
src/components/session/SessionDocumentation.tsx(360,57): error TS7006: Parameter 'insight' implicitly has an 'any' type.
src/components/session/SessionDocumentation.tsx(360,66): error TS7006: Parameter 'index' implicitly has an 'any' type.
src/components/session/SessionDocumentation.tsx(444,18): error TS7006: Parameter 'technique' implicitly has an 'any' type.
src/components/session/SessionDocumentation.tsx(444,29): error TS7006: Parameter 'index' implicitly has an 'any' type.
src/components/session/SessionDocumentation.tsx(570,20): error TS7006: Parameter 'goal' implicitly has an 'any' type.
src/components/session/SessionDocumentation.tsx(570,26): error TS7006: Parameter 'index' implicitly has an 'any' type.
src/components/session/SessionDocumentation.tsx(725,20): error TS7006: Parameter 'strength' implicitly has an 'any' type.
src/components/session/SessionDocumentation.tsx(725,30): error TS7006: Parameter 'index' implicitly has an 'any' type.
src/components/session/SessionDocumentation.tsx(771,61): error TS7006: Parameter 'pattern' implicitly has an 'any' type.
src/components/session/SessionDocumentation.tsx(771,70): error TS7006: Parameter 'index' implicitly has an 'any' type.
src/components/session/SessionDocumentation.tsx(846,61): error TS7006: Parameter 'issue' implicitly has an 'any' type.
src/components/session/SessionDocumentation.tsx(846,68): error TS7006: Parameter 'index' implicitly has an 'any' type.
src/components/session/SessionDocumentation.tsx(899,57): error TS7006: Parameter 'insight' implicitly has an 'any' type.
src/components/session/SessionDocumentation.tsx(899,66): error TS7006: Parameter 'index' implicitly has an 'any' type.
src/components/session/SessionDocumentation.tsx(913,20): error TS7006: Parameter 'technique' implicitly has an 'any' type.
src/components/session/SessionDocumentation.tsx(913,31): error TS7006: Parameter 'index' implicitly has an 'any' type.
src/components/session/SessionDocumentation.tsx(934,20): error TS7006: Parameter 'pattern' implicitly has an 'any' type.
src/components/session/SessionDocumentation.tsx(934,29): error TS7006: Parameter 'index' implicitly has an 'any' type.
src/components/session/SessionDocumentation.tsx(955,18): error TS7006: Parameter 'goal' implicitly has an 'any' type.
src/components/session/SessionDocumentation.tsx(955,24): error TS7006: Parameter 'index' implicitly has an 'any' type.
src/components/session/SessionDocumentation.tsx(993,20): error TS7006: Parameter 'strength' implicitly has an 'any' type.
src/components/session/SessionDocumentation.tsx(993,30): error TS7006: Parameter 'index' implicitly has an 'any' type.
src/components/session/SessionDocumentation.tsx(1007,61): error TS7006: Parameter 'issue' implicitly has an 'any' type.
src/components/session/SessionDocumentation.tsx(1007,68): error TS7006: Parameter 'index' implicitly has an 'any' type.
src/components/session/SessionDocumentation.tsx(1063,28): error TS7006: Parameter 'pred' implicitly has an 'any' type.
src/components/session/SessionDocumentation.tsx(1063,34): error TS7006: Parameter 'idx' implicitly has an 'any' type.
src/components/theme/ThemeProvider.tsx(3,8): error TS6133: 'React' is declared but its value is never read.
src/components/theme/ThemeProvider.tsx(41,13): error TS7030: Not all code paths return a value.
src/components/therapy/TherapeuticGoalsTracker.tsx(10,37): error TS2307: Cannot find module '@/lib/ai/interfaces/therapy' or its corresponding type declarations.
src/components/therapy/TherapeuticGoalsTracker.tsx(52,29): error TS2532: Object is possibly 'undefined'.
src/components/therapy/TherapeuticGoalsTracker.tsx(59,29): error TS2532: Object is possibly 'undefined'.
src/components/therapy/TherapeuticGoalsTracker.tsx(69,27): error TS2532: Object is possibly 'undefined'.
src/components/therapy/TherapeuticGoalsTracker.tsx(197,36): error TS2339: Property 'EMOTIONAL' does not exist on type 'typeof GoalCategory'.
src/components/therapy/TherapeuticGoalsTracker.tsx(324,11): error TS2322: Type '{ children: Element; isOpen: true; onClose: () => void; title: string; }' is not assignable to type 'IntrinsicAttributes & DialogProps'.
  Property 'isOpen' does not exist on type 'IntrinsicAttributes & DialogProps'. Did you mean 'open'?
src/components/therapy/TherapeuticGoalsTracker.tsx(348,52): error TS2339: Property 'EMOTIONAL' does not exist on type 'typeof GoalCategory'.
src/components/therapy/TherapeuticGoalsTracker.tsx(402,56): error TS2339: Property 'ABANDONED' does not exist on type 'typeof GoalStatus'.
src/components/therapy/TherapeuticGoalsTracker.tsx(660,30): error TS2339: Property 'EMOTIONAL' does not exist on type 'typeof GoalCategory'.
src/components/therapy/TherapeuticGoalsTracker.tsx(740,25): error TS2339: Property 'EMOTIONAL' does not exist on type 'typeof GoalCategory'.
src/components/therapy/TherapeuticGoalsTracker.tsx(746,25): error TS2339: Property 'COGNITIVE' does not exist on type 'typeof GoalCategory'.
src/components/therapy/TherapeuticGoalsTracker.tsx(752,25): error TS2339: Property 'INTERPERSONAL' does not exist on type 'typeof GoalCategory'.
src/components/therapy/TherapeuticGoalsTracker.tsx(758,25): error TS2339: Property 'BEHAVIORAL' does not exist on type 'typeof GoalCategory'.
src/components/therapy/TherapeuticGoalsTracker.tsx(764,25): error TS2339: Property 'PHYSICAL' does not exist on type 'typeof GoalCategory'.
src/components/therapy/TherapeuticGoalsTracker.tsx(770,25): error TS2339: Property 'SPIRITUAL' does not exist on type 'typeof GoalCategory'.
src/components/therapy/TherapeuticGoalsTracker.tsx(773,25): error TS2339: Property 'EMOTIONAL' does not exist on type 'typeof GoalCategory'.
src/components/therapy/TherapeuticGoalsTracker.tsx(830,3): error TS2322: Type '{ notes?: string; completedAt?: number; id: string; description: string | undefined; isCompleted: boolean; }[]' is not assignable to type '{ id: string; description: string; isCompleted: boolean; completedAt?: number; notes?: string; }[]'.
  Type '{ notes?: string; completedAt?: number; id: string; description: string | undefined; isCompleted: boolean; }' is not assignable to type '{ id: string; description: string; isCompleted: boolean; completedAt?: number; notes?: string; }' with 'exactOptionalPropertyTypes: true'. Consider adding 'undefined' to the types of the target's properties.
    Types of property 'description' are incompatible.
      Type 'string | undefined' is not assignable to type 'string'.
        Type 'undefined' is not assignable to type 'string'.
src/components/therapy/TherapeuticGoalsTracker.tsx(885,3): error TS2322: Type '(string | undefined)[]' is not assignable to type 'string[]'.
  Type 'string | undefined' is not assignable to type 'string'.
    Type 'undefined' is not assignable to type 'string'.
src/components/therapy/TreatmentPlanManager.tsx(101,3): error TS2322: Type 'string | undefined' is not assignable to type 'string'.
  Type 'undefined' is not assignable to type 'string'.
src/components/therapy/TreatmentPlanManager.tsx(442,9): error TS2412: Type 'string | undefined' is not assignable to type 'string' with 'exactOptionalPropertyTypes: true'. Consider adding 'undefined' to the type of the target.
  Type 'undefined' is not assignable to type 'string'.
src/components/therapy/TreatmentPlanManager.tsx(548,14): error TS2375: Type '{ children: Element[]; value: TreatmentObjectiveStatus | undefined; onValueChange: (value: string) => void; }' is not assignable to type 'SelectProps' with 'exactOptionalPropertyTypes: true'. Consider adding 'undefined' to the types of the target's properties.
  Types of property 'value' are incompatible.
    Type 'string | undefined' is not assignable to type 'string'.
      Type 'undefined' is not assignable to type 'string'.
src/components/therapy/TreatmentPlanManager.tsx(621,14): error TS2375: Type '{ children: Element[]; value: TreatmentGoalStatus | undefined; onValueChange: (value: string) => void; }' is not assignable to type 'SelectProps' with 'exactOptionalPropertyTypes: true'. Consider adding 'undefined' to the types of the target's properties.
  Types of property 'value' are incompatible.
    Type 'string | undefined' is not assignable to type 'string'.
      Type 'undefined' is not assignable to type 'string'.
src/components/therapy/TreatmentPlanManager.tsx(714,9): error TS2322: Type '{ children: Element; isOpen: boolean; onClose: () => void; title: string; showCloseButton: boolean; className: string; footer: Element; }' is not assignable to type 'IntrinsicAttributes & DialogProps'.
  Property 'isOpen' does not exist on type 'IntrinsicAttributes & DialogProps'. Did you mean 'open'?
src/components/therapy/TreatmentPlanManager.tsx(783,16): error TS2375: Type '{ children: Element[]; value: TreatmentPlanStatus | undefined; onValueChange: (value: string) => void; }' is not assignable to type 'SelectProps' with 'exactOptionalPropertyTypes: true'. Consider adding 'undefined' to the types of the target's properties.
  Types of property 'value' are incompatible.
    Type 'string | undefined' is not assignable to type 'string'.
      Type 'undefined' is not assignable to type 'string'.
src/components/therapy/TreatmentPlanManager.tsx(854,9): error TS2322: Type '{ children: Element | null; isOpen: boolean; onClose: () => void; title: string; showCloseButton: boolean; className: string; footer: Element; }' is not assignable to type 'IntrinsicAttributes & DialogProps'.
  Property 'isOpen' does not exist on type 'IntrinsicAttributes & DialogProps'. Did you mean 'open'?
src/components/therapy/TreatmentPlanManager.tsx(930,18): error TS2375: Type '{ children: Element[]; value: TreatmentPlanStatus | undefined; onValueChange: (value: string) => void; }' is not assignable to type 'SelectProps' with 'exactOptionalPropertyTypes: true'. Consider adding 'undefined' to the types of the target's properties.
  Types of property 'value' are incompatible.
    Type 'string | undefined' is not assignable to type 'string'.
      Type 'undefined' is not assignable to type 'string'.
src/components/transitions/AnimationOrchestrator.tsx(61,3): error TS6133: 'orchestrationType' is declared but its value is never read.
src/components/transitions/AnimationOrchestrator.tsx(73,3): error TS6133: 'viewport' is declared but its value is never read.
src/components/transitions/AnimationOrchestrator.tsx(85,7): error TS2322: Type 'Variants | undefined' is not assignable to type 'Variants'.
  Type 'undefined' is not assignable to type 'Variants'.
src/components/transitions/AnimationOrchestrator.tsx(98,20): error TS4111: Property 'animate' comes from an index signature, so it must be accessed with ['animate'].
src/components/transitions/AnimationOrchestrator.tsx(99,27): error TS4111: Property 'animate' comes from an index signature, so it must be accessed with ['animate'].
src/components/transitions/AnimationOrchestrator.tsx(104,27): error TS4111: Property 'animate' comes from an index signature, so it must be accessed with ['animate'].
src/components/transitions/AnimationOrchestrator.tsx(106,31): error TS4111: Property 'animate' comes from an index signature, so it must be accessed with ['animate'].
src/components/transitions/AnimationOrchestrator.tsx(144,21): error TS7053: Element implicitly has an 'any' type because expression of type 'keyof IntrinsicElements' can't be used to index type '(<Props, TagName extends string = "div">(Component: string | TagName | ComponentType<Props>, { forwardMotionProps }?: { forwardMotionProps: boolean; } | undefined) => TagName extends "symbol" | ... 54 more ... | keyof HTMLElements ? DOMMotionComponents[TagName] : ComponentType<...>) & HTMLMotionComponents & SVGMotio...'.
  No index signature with a parameter of type 'string' was found on type '(<Props, TagName extends string = "div">(Component: string | TagName | ComponentType<Props>, { forwardMotionProps }?: { forwardMotionProps: boolean; } | undefined) => TagName extends "symbol" | ... 54 more ... | keyof HTMLElements ? DOMMotionComponents[TagName] : ComponentType<...>) & HTMLMotionComponents & SVGMotio...'.
src/components/transitions/AnimationOrchestrator.tsx(289,28): error TS2379: Argument of type '{ transition: { duration: number; ease: number[] | readonly [0.25, 0.1, 0.25, 1] | readonly [0.4, 0, 1, 1] | readonly [0, 0, 0.2, 1] | readonly [0.4, 0, 0.2, 1] | readonly [0.34, 1.56, 0.64, 1] | readonly [0.22, 1, 0.36, 1] | readonly [0.68, -0.55, 0.265, 1.55] | undefined; delay: number; }; ... 704 more ...; transi...' is not assignable to parameter of type 'AnimationDefinition' with 'exactOptionalPropertyTypes: true'. Consider adding 'undefined' to the types of the target's properties.
  Types of property 'transition' are incompatible.
    Type '{ duration: number; ease: number[] | readonly [0.25, 0.1, 0.25, 1] | readonly [0.4, 0, 1, 1] | readonly [0, 0, 0.2, 1] | readonly [0.4, 0, 0.2, 1] | readonly [0.34, 1.56, 0.64, 1] | readonly [0.22, 1, 0.36, 1] | readonly [0.68, -0.55, 0.265, 1.55] | undefined; delay: number; }' is not assignable to type 'Transition<any>' with 'exactOptionalPropertyTypes: true'. Consider adding 'undefined' to the types of the target's properties.
      Type '{ duration: number; ease: number[] | readonly [0.25, 0.1, 0.25, 1] | readonly [0.4, 0, 1, 1] | readonly [0, 0, 0.2, 1] | readonly [0.4, 0, 0.2, 1] | readonly [0.34, 1.56, 0.64, 1] | readonly [0.22, 1, 0.36, 1] | readonly [0.68, -0.55, 0.265, 1.55] | undefined; delay: number; }' is not assignable to type 'ValueAnimationTransition<any>' with 'exactOptionalPropertyTypes: true'. Consider adding 'undefined' to the types of the target's properties.
        Types of property 'ease' are incompatible.
          Type 'number[] | readonly [0.25, 0.1, 0.25, 1] | readonly [0.4, 0, 1, 1] | readonly [0, 0, 0.2, 1] | readonly [0.4, 0, 0.2, 1] | readonly [0.34, 1.56, 0.64, 1] | readonly [0.22, 1, 0.36, 1] | readonly [0.68, -0.55, 0.265, 1.55] | undefined' is not assignable to type 'Easing | Easing[]'.
            Type 'undefined' is not assignable to type 'Easing | Easing[]'.
src/components/transitions/AnimationOrchestrator.tsx(290,12): error TS18048: 'step' is possibly 'undefined'.
src/components/transitions/AnimationOrchestrator.tsx(290,26): error TS4111: Property 'animate' comes from an index signature, so it must be accessed with ['animate'].
src/components/transitions/AnimationOrchestrator.tsx(292,21): error TS18048: 'step' is possibly 'undefined'.
src/components/transitions/AnimationOrchestrator.tsx(293,24): error TS18048: 'step' is possibly 'undefined'.
src/components/transitions/AnimationOrchestrator.tsx(293,56): error TS18048: 'step' is possibly 'undefined'.
src/components/transitions/AnimationOrchestrator.tsx(293,69): error TS18048: 'step' is possibly 'undefined'.
src/components/transitions/AnimationOrchestrator.tsx(294,18): error TS18048: 'step' is possibly 'undefined'.
src/components/transitions/AnimationOrchestrator.tsx(303,28): error TS2532: Object is possibly 'undefined'.
src/components/transitions/AnimationOrchestrator.tsx(303,46): error TS4111: Property 'initial' comes from an index signature, so it must be accessed with ['initial'].
src/components/transitions/AnimationOrchestrator.tsx(319,7): error TS2322: Type 'Variant' is not assignable to type 'boolean | TargetAndTransition | VariantLabels'.
  Type 'TargetResolver' is not assignable to type 'boolean | TargetAndTransition | VariantLabels'.
src/components/transitions/AnimationOrchestrator.tsx(319,32): error TS4111: Property 'initial' comes from an index signature, so it must be accessed with ['initial'].
src/components/transitions/AnimationOrchestrator.tsx(353,51): error TS4111: Property 'animate' comes from an index signature, so it must be accessed with ['animate'].
src/components/transitions/AnimationOrchestrator.tsx(364,7): error TS2322: Type 'Variant' is not assignable to type 'boolean | TargetAndTransition | VariantLabels'.
  Type 'TargetResolver' is not assignable to type 'boolean | TargetAndTransition | VariantLabels'.
src/components/transitions/AnimationOrchestrator.tsx(364,32): error TS4111: Property 'initial' comes from an index signature, so it must be accessed with ['initial'].
src/components/treatment/TreatmentPlanner.tsx(5,46): error TS2307: Cannot find module '../../lib/ai/services/RecommendationService' or its corresponding type declarations.
src/components/treatment/TreatmentPlanner.tsx(13,60): error TS6198: All destructured elements are unused.
src/components/ui/AccessibilityAnnouncer.tsx(1,8): error TS6133: 'React' is declared but its value is never read.
src/components/ui/AccessibilityAnnouncer.tsx(27,13): error TS7030: Not all code paths return a value.
src/components/ui/ButtonStyleGuide.tsx(1,1): error TS6133: 'React' is declared but its value is never read.
src/components/ui/FormStyleGuide.tsx(1,1): error TS6133: 'React' is declared but its value is never read.
src/components/ui/MobileFormValidation.tsx(324,9): error TS2698: Spread types may only be created from object types.
src/components/ui/MobileFormValidation.tsx(329,15): error TS18046: 'child.props' is of type 'unknown'.
src/components/ui/MobileFormValidation.tsx(330,13): error TS18046: 'child.props' is of type 'unknown'.
src/components/ui/ToastProvider.tsx(2,1): error TS6133: 'React' is declared but its value is never read.
src/components/ui/ToastProvider.tsx(24,9): error TS2353: Object literal may only specify known properties, and 'success' does not exist in type 'Partial<Partial<Pick<Toast, "style" | "id" | "duration" | "className" | "icon" | "position" | "ariaProps" | "iconTheme" | "removeDelay">>>'.
src/components/ui/UserMenu.tsx(1,8): error TS6133: 'React' is declared but its value is never read.
src/components/ui/UserMenu.tsx(47,21): error TS2339: Property 'user_metadata' does not exist on type 'AuthUser'.
src/components/ui/UserMenu.tsx(58,21): error TS2339: Property 'user_metadata' does not exist on type 'AuthUser'.
src/components/ui/__tests__/Alert.test.ts(3,19): error TS2307: Cannot find module '../Alert.astro' or its corresponding type declarations.
src/components/ui/__tests__/Alert.test.ts(7,13): error TS2339: Property 'container' does not exist on type '{ astroContainer: HTMLDivElement; html: string; querySelector: (selector: string) => Element | null; querySelectorAll: (selector: string) => NodeListOf<Element>; }'.
src/components/ui/__tests__/Alert.test.ts(19,13): error TS2339: Property 'container' does not exist on type '{ astroContainer: HTMLDivElement; html: string; querySelector: (selector: string) => Element | null; querySelectorAll: (selector: string) => NodeListOf<Element>; }'.
src/components/ui/__tests__/Alert.test.ts(38,13): error TS2339: Property 'container' does not exist on type '{ astroContainer: HTMLDivElement; html: string; querySelector: (selector: string) => Element | null; querySelectorAll: (selector: string) => NodeListOf<Element>; }'.
src/components/ui/__tests__/Alert.test.ts(55,13): error TS2339: Property 'container' does not exist on type '{ astroContainer: HTMLDivElement; html: string; querySelector: (selector: string) => Element | null; querySelectorAll: (selector: string) => NodeListOf<Element>; }'.
src/components/ui/__tests__/Alert.test.ts(69,13): error TS2339: Property 'container' does not exist on type '{ astroContainer: HTMLDivElement; html: string; querySelector: (selector: string) => Element | null; querySelectorAll: (selector: string) => NodeListOf<Element>; }'.
src/components/ui/__tests__/Alert.test.ts(81,13): error TS2339: Property 'container' does not exist on type '{ astroContainer: HTMLDivElement; html: string; querySelector: (selector: string) => Element | null; querySelectorAll: (selector: string) => NodeListOf<Element>; }'.
src/components/ui/__tests__/Alert.test.ts(93,13): error TS2339: Property 'container' does not exist on type '{ astroContainer: HTMLDivElement; html: string; querySelector: (selector: string) => Element | null; querySelectorAll: (selector: string) => NodeListOf<Element>; }'.
src/components/ui/__tests__/Alert.test.ts(104,13): error TS2339: Property 'container' does not exist on type '{ astroContainer: HTMLDivElement; html: string; querySelector: (selector: string) => Element | null; querySelectorAll: (selector: string) => NodeListOf<Element>; }'.
src/components/ui/__tests__/Alert.test.ts(114,13): error TS2339: Property 'container' does not exist on type '{ astroContainer: HTMLDivElement; html: string; querySelector: (selector: string) => Element | null; querySelectorAll: (selector: string) => NodeListOf<Element>; }'.
src/components/ui/__tests__/Alert.test.ts(125,13): error TS2339: Property 'container' does not exist on type '{ astroContainer: HTMLDivElement; html: string; querySelector: (selector: string) => Element | null; querySelectorAll: (selector: string) => NodeListOf<Element>; }'.
src/components/ui/__tests__/Button.astro.test.ts(3,20): error TS2307: Cannot find module '../Button.astro' or its corresponding type declarations.
src/components/ui/__tests__/Card.test.ts(3,18): error TS2307: Cannot find module '../Card.astro' or its corresponding type declarations.
src/components/ui/__tests__/Card.test.ts(4,24): error TS2307: Cannot find module '../CardHeader.astro' or its corresponding type declarations.
src/components/ui/__tests__/Card.test.ts(5,23): error TS2307: Cannot find module '../CardTitle.astro' or its corresponding type declarations.
src/components/ui/__tests__/Card.test.ts(6,29): error TS2307: Cannot find module '../CardDescription.astro' or its corresponding type declarations.
src/components/ui/__tests__/Card.test.ts(7,25): error TS2307: Cannot find module '../CardContent.astro' or its corresponding type declarations.
src/components/ui/__tests__/Card.test.ts(8,24): error TS2307: Cannot find module '../CardFooter.astro' or its corresponding type declarations.
src/components/ui/__tests__/Card.test.ts(9,24): error TS2307: Cannot find module '../CardAction.astro' or its corresponding type declarations.
src/components/ui/__tests__/Card.test.ts(14,15): error TS2339: Property 'container' does not exist on type '{ astroContainer: HTMLDivElement; html: string; querySelector: (selector: string) => Element | null; querySelectorAll: (selector: string) => NodeListOf<Element>; }'.
src/components/ui/__tests__/Card.test.ts(32,15): error TS2339: Property 'container' does not exist on type '{ astroContainer: HTMLDivElement; html: string; querySelector: (selector: string) => Element | null; querySelectorAll: (selector: string) => NodeListOf<Element>; }'.
src/components/ui/__tests__/Card.test.ts(46,15): error TS2339: Property 'container' does not exist on type '{ astroContainer: HTMLDivElement; html: string; querySelector: (selector: string) => Element | null; querySelectorAll: (selector: string) => NodeListOf<Element>; }'.
src/components/ui/__tests__/Card.test.ts(61,15): error TS2339: Property 'container' does not exist on type '{ astroContainer: HTMLDivElement; html: string; querySelector: (selector: string) => Element | null; querySelectorAll: (selector: string) => NodeListOf<Element>; }'.
src/components/ui/__tests__/Card.test.ts(74,15): error TS2339: Property 'container' does not exist on type '{ astroContainer: HTMLDivElement; html: string; querySelector: (selector: string) => Element | null; querySelectorAll: (selector: string) => NodeListOf<Element>; }'.
src/components/ui/__tests__/Card.test.ts(88,15): error TS2339: Property 'container' does not exist on type '{ astroContainer: HTMLDivElement; html: string; querySelector: (selector: string) => Element | null; querySelectorAll: (selector: string) => NodeListOf<Element>; }'.
src/components/ui/__tests__/Card.test.ts(104,15): error TS2339: Property 'container' does not exist on type '{ astroContainer: HTMLDivElement; html: string; querySelector: (selector: string) => Element | null; querySelectorAll: (selector: string) => NodeListOf<Element>; }'.
src/components/ui/__tests__/Card.test.ts(118,15): error TS2339: Property 'container' does not exist on type '{ astroContainer: HTMLDivElement; html: string; querySelector: (selector: string) => Element | null; querySelectorAll: (selector: string) => NodeListOf<Element>; }'.
src/components/ui/__tests__/Card.test.ts(137,15): error TS2339: Property 'container' does not exist on type '{ astroContainer: HTMLDivElement; html: string; querySelector: (selector: string) => Element | null; querySelectorAll: (selector: string) => NodeListOf<Element>; }'.
src/components/ui/__tests__/ThemeToggle.test.ts(3,25): error TS2307: Cannot find module '../ThemeToggle.astro' or its corresponding type declarations.
src/components/ui/__tests__/ThemeToggle.test.ts(39,13): error TS2339: Property 'container' does not exist on type '{ astroContainer: HTMLDivElement; html: string; querySelector: (selector: string) => Element | null; querySelectorAll: (selector: string) => NodeListOf<Element>; }'.
src/components/ui/__tests__/ThemeToggle.test.ts(47,13): error TS2339: Property 'container' does not exist on type '{ astroContainer: HTMLDivElement; html: string; querySelector: (selector: string) => Element | null; querySelectorAll: (selector: string) => NodeListOf<Element>; }'.
src/components/ui/__tests__/ThemeToggle.test.ts(77,13): error TS2339: Property 'container' does not exist on type '{ astroContainer: HTMLDivElement; html: string; querySelector: (selector: string) => Element | null; querySelectorAll: (selector: string) => NodeListOf<Element>; }'.
src/components/ui/__tests__/ThemeToggle.test.ts(103,13): error TS2339: Property 'container' does not exist on type '{ astroContainer: HTMLDivElement; html: string; querySelector: (selector: string) => Element | null; querySelectorAll: (selector: string) => NodeListOf<Element>; }'.
src/components/ui/__tests__/ThemeToggle.test.ts(113,13): error TS2339: Property 'container' does not exist on type '{ astroContainer: HTMLDivElement; html: string; querySelector: (selector: string) => Element | null; querySelectorAll: (selector: string) => NodeListOf<Element>; }'.
src/components/ui/__tests__/ThemeToggle.test.ts(132,13): error TS2339: Property 'container' does not exist on type '{ astroContainer: HTMLDivElement; html: string; querySelector: (selector: string) => Element | null; querySelectorAll: (selector: string) => NodeListOf<Element>; }'.
src/components/ui/button/index.ts(3,8): error TS2305: Module '"../button"' has no exported member 'ButtonProps'.
src/components/ui/button/index.ts(4,8): error TS2305: Module '"../button"' has no exported member 'ButtonSize'.
src/components/ui/button/index.ts(5,8): error TS2724: '"../button"' has no exported member named 'ButtonVariant'. Did you mean 'buttonVariants'?
src/components/ui/button/index.ts(7,10): error TS2305: Module '"../button"' has no exported member 'default'.
src/components/ui/charts/LineChart.tsx(1,1): error TS6133: 'React' is declared but its value is never read.
src/components/ui/charts/PieChart.tsx(1,1): error TS6133: 'React' is declared but its value is never read.
src/components/ui/form/index.ts(1,15): error TS2305: Module '"../button"' has no exported member 'ButtonProps'.
src/components/ui/form/index.ts(2,15): error TS2305: Module '"../Checkbox"' has no exported member 'CheckboxProps'.
src/components/ui/form/index.ts(5,15): error TS2305: Module '"../select"' has no exported member 'SelectOption'.
src/components/ui/form/index.ts(9,3): error TS2300: Duplicate identifier 'ButtonProps'.
src/components/ui/form/index.ts(10,3): error TS2300: Duplicate identifier 'InputProps'.
src/components/ui/form/index.ts(14,8): error TS2307: Cannot find module '../ui' or its corresponding type declarations.
src/components/ui/form/index.ts(16,56): error TS2307: Cannot find module '../ui' or its corresponding type declarations.
src/components/ui/form/index.ts(18,15): error TS2300: Duplicate identifier 'ButtonProps'.
src/components/ui/form/index.ts(18,43): error TS2300: Duplicate identifier 'InputProps'.
src/components/ui/icons.tsx(1,1): error TS6133: 'React' is declared but its value is never read.
src/components/ui/icons.tsx(12,4): error TS2375: Type '{ className: string | undefined; size: number | undefined; strokeWidth: number | undefined; }' is not assignable to type 'Omit<LucideProps, "ref">' with 'exactOptionalPropertyTypes: true'. Consider adding 'undefined' to the types of the target's properties.
  Types of property 'size' are incompatible.
    Type 'number | undefined' is not assignable to type 'string | number'.
      Type 'undefined' is not assignable to type 'string | number'.
src/components/ui/icons.tsx(20,4): error TS2375: Type '{ className: string | undefined; size: number | undefined; strokeWidth: number | undefined; }' is not assignable to type 'Omit<LucideProps, "ref">' with 'exactOptionalPropertyTypes: true'. Consider adding 'undefined' to the types of the target's properties.
  Types of property 'size' are incompatible.
    Type 'number | undefined' is not assignable to type 'string | number'.
      Type 'undefined' is not assignable to type 'string | number'.
src/components/ui/icons.tsx(28,4): error TS2375: Type '{ className: string | undefined; size: number | undefined; strokeWidth: number | undefined; }' is not assignable to type 'Omit<LucideProps, "ref">' with 'exactOptionalPropertyTypes: true'. Consider adding 'undefined' to the types of the target's properties.
  Types of property 'size' are incompatible.
    Type 'number | undefined' is not assignable to type 'string | number'.
      Type 'undefined' is not assignable to type 'string | number'.
src/components/ui/icons.tsx(36,4): error TS2375: Type '{ className: string | undefined; size: number | undefined; strokeWidth: number | undefined; }' is not assignable to type 'Omit<LucideProps, "ref">' with 'exactOptionalPropertyTypes: true'. Consider adding 'undefined' to the types of the target's properties.
  Types of property 'size' are incompatible.
    Type 'number | undefined' is not assignable to type 'string | number'.
      Type 'undefined' is not assignable to type 'string | number'.
src/components/ui/select.tsx(373,8): error TS2375: Type '{ children: Element[]; value: string | undefined; defaultValue: string | undefined; onValueChange: ((value: string) => void) | undefined; disabled: boolean; placeholder: string; }' is not assignable to type 'SelectProps' with 'exactOptionalPropertyTypes: true'. Consider adding 'undefined' to the types of the target's properties.
  Types of property 'defaultValue' are incompatible.
    Type 'string | undefined' is not assignable to type 'string'.
      Type 'undefined' is not assignable to type 'string'.
src/components/ui/tabs.tsx(1,8): error TS6133: 'React' is declared but its value is never read.
src/components/ui/toast.tsx(3,1): error TS6133: 'React' is declared but its value is never read.
src/config/auth.config.ts(68,3): error TS2375: Type '{ accessToken: string; refreshToken: string; path: string; domain: undefined; secure: true; httpOnly: true; sameSite: "lax"; }' is not assignable to type '{ accessToken: string; refreshToken: string; path: string; domain?: string; secure: boolean; httpOnly: boolean; sameSite: "strict" | "lax" | "none"; }' with 'exactOptionalPropertyTypes: true'. Consider adding 'undefined' to the types of the target's properties.
  Types of property 'domain' are incompatible.
    Type 'undefined' is not assignable to type 'string'.
src/config/azure.config.ts(115,34): error TS4111: Property 'PUBLIC_SITE_URL' comes from an index signature, so it must be accessed with ['PUBLIC_SITE_URL'].
src/config/azure.config.ts(116,28): error TS4111: Property 'PUBLIC_SITE_URL' comes from an index signature, so it must be accessed with ['PUBLIC_SITE_URL'].
src/config/azure.config.ts(127,35): error TS4111: Property 'APPLICATIONINSIGHTS_CONNECTION_STRING' comes from an index signature, so it must be accessed with ['APPLICATIONINSIGHTS_CONNECTION_STRING'].
src/config/azure.config.ts(128,37): error TS4111: Property 'APPINSIGHTS_INSTRUMENTATIONKEY' comes from an index signature, so it must be accessed with ['APPINSIGHTS_INSTRUMENTATIONKEY'].
src/config/azure.config.ts(142,36): error TS4111: Property 'AZURE_RESOURCE_GROUP' comes from an index signature, so it must be accessed with ['AZURE_RESOURCE_GROUP'].
src/config/azure.config.ts(143,27): error TS4111: Property 'AZURE_LOCATION' comes from an index signature, so it must be accessed with ['AZURE_LOCATION'].
src/config/azure.config.ts(144,33): error TS4111: Property 'AZURE_SUBSCRIPTION_ID' comes from an index signature, so it must be accessed with ['AZURE_SUBSCRIPTION_ID'].
src/config/azure.config.ts(148,25): error TS4111: Property 'AZURE_STATIC_WEB_APP_NAME' comes from an index signature, so it must be accessed with ['AZURE_STATIC_WEB_APP_NAME'].
src/config/azure.config.ts(149,24): error TS4111: Property 'AZURE_STATIC_WEB_APP_SKU' comes from an index signature, so it must be accessed with ['AZURE_STATIC_WEB_APP_SKU'].
src/config/azure.config.ts(154,25): error TS4111: Property 'AZURE_APP_SERVICE_NAME' comes from an index signature, so it must be accessed with ['AZURE_APP_SERVICE_NAME'].
src/config/azure.config.ts(155,29): error TS4111: Property 'AZURE_APP_SERVICE_PLAN' comes from an index signature, so it must be accessed with ['AZURE_APP_SERVICE_PLAN'].
src/config/azure.config.ts(156,24): error TS4111: Property 'AZURE_APP_SERVICE_SKU' comes from an index signature, so it must be accessed with ['AZURE_APP_SERVICE_SKU'].
src/config/azure.config.ts(161,25): error TS4111: Property 'AZURE_FUNCTIONS_NAME' comes from an index signature, so it must be accessed with ['AZURE_FUNCTIONS_NAME'].
src/config/azure.config.ts(162,35): error TS4111: Property 'AZURE_FUNCTIONS_STORAGE' comes from an index signature, so it must be accessed with ['AZURE_FUNCTIONS_STORAGE'].
src/config/security.ts(33,21): error TS4111: Property 'UPSTASH_REDIS_REST_URL' comes from an index signature, so it must be accessed with ['UPSTASH_REDIS_REST_URL'].
src/data/sample-cognitive-models.ts(318,7): error TS2353: Object literal may only specify known properties, and 'resistance' does not exist in type 'ConversationalStyle'.
src/data/sample-cognitive-models.ts(332,5): error TS2741: Property 'skillsAcquired' is missing in type '{ insights: { belief: string; insight: string; dateAchieved: string; }[]; resistanceLevel: number; changeReadiness: "contemplation"; sessionProgressLog: { sessionNumber: number; keyInsights: string[]; resistanceShift: number; }[]; trustLevel: number; rapportScore: number; therapistPerception: "neutral"; transference...' but required in type 'TherapeuticProgress'.
src/data/sample-cognitive-models.ts(699,7): error TS2353: Object literal may only specify known properties, and 'resistance' does not exist in type 'ConversationalStyle'.
src/data/sample-cognitive-models.ts(713,5): error TS2741: Property 'skillsAcquired' is missing in type '{ insights: { belief: string; insight: string; dateAchieved: string; }[]; resistanceLevel: number; changeReadiness: "contemplation"; sessionProgressLog: { sessionNumber: number; keyInsights: string[]; resistanceShift: number; }[]; trustLevel: number; rapportScore: number; therapistPerception: "neutral"; transference...' but required in type 'TherapeuticProgress'.
src/data/sample-cognitive-models.ts(1077,7): error TS2353: Object literal may only specify known properties, and 'resistance' does not exist in type 'ConversationalStyle'.
src/data/sample-cognitive-models.ts(1092,5): error TS2741: Property 'skillsAcquired' is missing in type '{ insights: { belief: string; insight: string; dateAchieved: string; }[]; resistanceLevel: number; changeReadiness: "preparation"; sessionProgressLog: { sessionNumber: number; keyInsights: string[]; resistanceShift: number; }[]; trustLevel: number; rapportScore: number; therapistPerception: "neutral"; transferenceSt...' but required in type 'TherapeuticProgress'.
src/e2e/breach-notification.spec.ts(41,24): error TS4111: Property 'REDIS_URL' comes from an index signature, so it must be accessed with ['REDIS_URL'].
src/e2e/breach-notification.spec.ts(57,17): error TS4111: Property 'ORGANIZATION_NAME' comes from an index signature, so it must be accessed with ['ORGANIZATION_NAME'].
src/e2e/breach-notification.spec.ts(58,17): error TS4111: Property 'SECURITY_CONTACT' comes from an index signature, so it must be accessed with ['SECURITY_CONTACT'].
src/e2e/breach-notification.spec.ts(59,17): error TS4111: Property 'ORGANIZATION_ADDRESS' comes from an index signature, so it must be accessed with ['ORGANIZATION_ADDRESS'].
src/e2e/breach-notification.spec.ts(61,17): error TS4111: Property 'HHS_NOTIFICATION_EMAIL' comes from an index signature, so it must be accessed with ['HHS_NOTIFICATION_EMAIL'].
src/e2e/breach-notification.spec.ts(62,17): error TS4111: Property 'SECURITY_STAKEHOLDERS' comes from an index signature, so it must be accessed with ['SECURITY_STAKEHOLDERS'].
src/e2e/breach-notification.spec.ts(82,31): error TS4111: Property 'SKIP_BROWSER_COMPAT_TESTS' comes from an index signature, so it must be accessed with ['SKIP_BROWSER_COMPAT_TESTS'].
src/e2e/breach-notification.spec.ts(277,9): error TS2345: Argument of type 'string | undefined' is not assignable to parameter of type 'string'.
  Type 'undefined' is not assignable to type 'string'.
src/e2e/breach-notification.spec.ts(281,9): error TS2345: Argument of type 'string | undefined' is not assignable to parameter of type 'string'.
  Type 'undefined' is not assignable to type 'string'.
src/e2e/breach-notification.spec.ts(343,14): error TS2532: Object is possibly 'undefined'.
src/hooks/__tests__/useNotificationPreferences.test.ts(208,50): error TS4111: Property 'updates' comes from an index signature, so it must be accessed with ['updates'].
src/hooks/__tests__/usePatternDetection.test.ts(11,7): error TS2353: Object literal may only specify known properties, and 'timestamp' does not exist in type 'Message'.
src/hooks/__tests__/usePatternDetection.test.ts(18,7): error TS2353: Object literal may only specify known properties, and 'timestamp' does not exist in type 'Message'.
src/hooks/convex/useAnalytics.ts(2,21): error TS2307: Cannot find module '../../../convex/generated/api' or its corresponding type declarations.
src/hooks/convex/useAnalytics.ts(3,25): error TS2307: Cannot find module '../../../convex/generated/dataModel' or its corresponding type declarations.
src/hooks/convex/useMessages.ts(2,21): error TS2307: Cannot find module '../../../convex/generated/api' or its corresponding type declarations.
src/hooks/convex/useMessages.ts(3,25): error TS2307: Cannot find module '../../../convex/generated/dataModel' or its corresponding type declarations.
src/hooks/convex/useSessions.ts(2,21): error TS2307: Cannot find module '@convex/_generated/api' or its corresponding type declarations.
src/hooks/convex/useSessions.ts(3,25): error TS2307: Cannot find module '@convex/_generated/dataModel' or its corresponding type declarations.
src/hooks/convex/useUsers.ts(2,21): error TS2307: Cannot find module '../../../convex/generated/api' or its corresponding type declarations.
src/hooks/convex/useUsers.ts(3,25): error TS2307: Cannot find module '../../../convex/generated/dataModel' or its corresponding type declarations.
src/hooks/useAnalyticsData.ts(91,7): error TS2375: Type '{ value: number; previousValue: number | undefined; }' is not assignable to type 'MetricData' with 'exactOptionalPropertyTypes: true'. Consider adding 'undefined' to the types of the target's properties.
  Types of property 'previousValue' are incompatible.
    Type 'number | undefined' is not assignable to type 'number'.
      Type 'undefined' is not assignable to type 'number'.
src/hooks/useAnalyticsData.ts(187,11): error TS2532: Object is possibly 'undefined'.
src/hooks/useCognitiveDistortionDetection.ts(6,8): error TS2307: Cannot find module '../lib/ai/types/CognitiveDistortions' or its corresponding type declarations.
src/hooks/useCognitiveDistortionDetection.ts(7,44): error TS2307: Cannot find module '../lib/ai/types/CognitiveDistortions' or its corresponding type declarations.
src/hooks/useCognitiveDistortionDetection.ts(61,34): error TS18046: 'config' is of type 'unknown'.
src/hooks/useCognitiveDistortionDetection.ts(61,58): error TS7006: Parameter 'pattern' implicitly has an 'any' type.
src/hooks/useCognitiveDistortionDetection.ts(68,46): error TS18046: 'config' is of type 'unknown'.
src/hooks/useCognitiveDistortionDetection.ts(86,21): error TS18046: 'config' is of type 'unknown'.
src/hooks/useConversionTracking.ts(49,29): error TS2554: Expected 1 arguments, but got 2.
src/hooks/useEmotionProgress.ts(2,42): error TS2307: Cannot find module '@/lib/ai/temporal/types' or its corresponding type declarations.
src/hooks/useMemory.ts(101,13): error TS2375: Type '{ category: string | undefined; userId: string; role?: string; timestamp?: string; importance?: number; tags?: string[]; sessionId?: string; }' is not assignable to type '{ role: string; timestamp?: string; category?: string; importance?: number; tags?: string[]; userId?: string; sessionId?: string; }' with 'exactOptionalPropertyTypes: true'. Consider adding 'undefined' to the types of the target's properties.
  Property 'role' is optional in type '{ category: string | undefined; userId: string; role?: string; timestamp?: string; importance?: number; tags?: string[]; sessionId?: string; }' but required in type '{ role: string; timestamp?: string; category?: string; importance?: number; tags?: string[]; userId?: string; sessionId?: string; }'.
src/hooks/useMemory.ts(130,60): error TS2379: Argument of type '{ query: string; userId: string; category: string; limit: number; threshold?: number; }' is not assignable to parameter of type 'SearchOptions' with 'exactOptionalPropertyTypes: true'. Consider adding 'undefined' to the types of the target's properties.
  Types of property 'category' are incompatible.
    Type 'string | undefined' is not assignable to type 'string'.
      Type 'undefined' is not assignable to type 'string'.
src/hooks/useMemory.ts(286,39): error TS2379: Argument of type '{ category: string; tags: string[]; sessionId: string | undefined; timestamp: string; }' is not assignable to parameter of type '{ role: string; timestamp?: string; category?: string; importance?: number; tags?: string[]; userId?: string; sessionId?: string; }' with 'exactOptionalPropertyTypes: true'. Consider adding 'undefined' to the types of the target's properties.
  Property 'role' is missing in type '{ category: string; tags: string[]; sessionId: string | undefined; timestamp: string; }' but required in type '{ role: string; timestamp?: string; category?: string; importance?: number; tags?: string[]; userId?: string; sessionId?: string; }'.
src/hooks/useMemory.ts(345,37): error TS2345: Argument of type 'string | undefined' is not assignable to parameter of type 'string'.
  Type 'undefined' is not assignable to type 'string'.
src/hooks/useMultidimensionalEmotions.ts(208,10): error TS6133: 'clientId' is declared but its value is never read.
src/hooks/useMultidimensionalEmotions.ts(344,15): error TS2322: Type '{ timestamp: number; valence: number; arousal: number; dominance: number; emotion: string | undefined; }[]' is not assignable to type 'EmotionData[]'.
  Type '{ timestamp: number; valence: number; arousal: number; dominance: number; emotion: string | undefined; }' is not assignable to type 'EmotionData' with 'exactOptionalPropertyTypes: true'. Consider adding 'undefined' to the types of the target's properties.
    Types of property 'emotion' are incompatible.
      Type 'string | undefined' is not assignable to type 'string'.
        Type 'undefined' is not assignable to type 'string'.
src/hooks/useMultidimensionalEmotions.ts(463,17): error TS2345: Argument of type 'EmotionData | undefined' is not assignable to parameter of type 'EmotionData'.
  Type 'undefined' is not assignable to type 'EmotionData'.
src/hooks/usePatientModel.ts(5,8): error TS2305: Module '"@/lib/ai/services/PatientModelService"' has no exported member 'ModelIdentifier'.
src/hooks/usePatientModel.ts(45,29): error TS2532: Object is possibly 'undefined'.
src/hooks/usePatientModel.ts(69,44): error TS2551: Property 'getModelById' does not exist on type 'PatientModelService'. Did you mean 'getModel'?
src/hooks/usePatientModel.ts(123,54): error TS2339: Property 'createResponseContext' does not exist on type 'PatientModelService'.
src/hooks/usePatientModel.ts(136,39): error TS2339: Property 'generatePatientPrompt' does not exist on type 'PatientModelService'.
src/hooks/useRiskAssessment.ts(34,13): error TS2358: The left-hand side of an 'instanceof' expression must be of type 'any', an object type or a type parameter.
src/hooks/useSecurity.ts(23,28): error TS2554: Expected 1 arguments, but got 0.
src/hooks/useTemporalEmotionAnalysis.ts(2,15): error TS2305: Module '"../lib/ai/temporal/EmotionTemporalAnalyzer"' has no exported member 'TemporalEmotionAnalysis'.
src/layouts/__tests__/DashboardLayout.test.ts(2,29): error TS2307: Cannot find module '../DashboardLayout.astro' or its corresponding type declarations.
src/layouts/__tests__/DashboardLayout.test.ts(8,13): error TS2428: All declarations of 'Assertion' must have identical type parameters.
src/layouts/__tests__/DashboardLayout.test.ts(50,13): error TS2339: Property 'container' does not exist on type '{ astroContainer: HTMLDivElement; html: string; querySelector: (selector: string) => Element | null; querySelectorAll: (selector: string) => NodeListOf<Element>; }'.
src/layouts/__tests__/DashboardLayout.test.ts(74,13): error TS2339: Property 'container' does not exist on type '{ astroContainer: HTMLDivElement; html: string; querySelector: (selector: string) => Element | null; querySelectorAll: (selector: string) => NodeListOf<Element>; }'.
src/layouts/__tests__/DashboardLayout.test.ts(90,13): error TS2339: Property 'container' does not exist on type '{ astroContainer: HTMLDivElement; html: string; querySelector: (selector: string) => Element | null; querySelectorAll: (selector: string) => NodeListOf<Element>; }'.
src/layouts/__tests__/DashboardLayout.test.ts(110,13): error TS2339: Property 'container' does not exist on type '{ astroContainer: HTMLDivElement; html: string; querySelector: (selector: string) => Element | null; querySelectorAll: (selector: string) => NodeListOf<Element>; }'.
src/layouts/__tests__/DocumentationLayout.test.tsx(9,15): error TS7031: Binding element 'title' implicitly has an 'any' type.
src/layouts/__tests__/DocumentationLayout.test.tsx(9,22): error TS7031: Binding element 'description' implicitly has an 'any' type.
src/layouts/__tests__/DocumentationLayout.test.tsx(34,5): error TS2307: Cannot find module '../DocumentationLayout.astro' or its corresponding type declarations.
src/layouts/__tests__/DocumentationLayout.test.tsx(72,5): error TS2307: Cannot find module '../DocumentationLayout.astro' or its corresponding type declarations.
src/lib/admin/index.ts(339,33): error TS4111: Property 'authorization' comes from an index signature, so it must be accessed with ['authorization'].
src/lib/admin/index.ts(341,48): error TS4111: Property 'authorization' comes from an index signature, so it must be accessed with ['authorization'].
src/lib/ai/bias-detection/BiasDetectionEngine.ts(54,11): error TS18046: 'response' is of type 'unknown'.
src/lib/ai/bias-detection/BiasDetectionEngine.ts(55,56): error TS18046: 'response' is of type 'unknown'.
src/lib/ai/bias-detection/BiasDetectionEngine.ts(59,24): error TS18046: 'response' is of type 'unknown'.
src/lib/ai/bias-detection/BiasDetectionEngine.ts(389,20): error TS18046: 'result' is of type 'unknown'.
src/lib/ai/bias-detection/BiasDetectionEngine.ts(390,21): error TS18046: 'result' is of type 'unknown'.
src/lib/ai/bias-detection/__tests__/BiasDetectionEngine.integration.test.ts(10,3): error TS2305: Module '"vitest"' has no exported member 'describe'.
src/lib/ai/bias-detection/__tests__/BiasDetectionEngine.integration.test.ts(11,3): error TS2305: Module '"vitest"' has no exported member 'it'.
src/lib/ai/bias-detection/__tests__/BiasDetectionEngine.integration.test.ts(12,3): error TS2305: Module '"vitest"' has no exported member 'expect'.
src/lib/ai/bias-detection/__tests__/BiasDetectionEngine.integration.test.ts(13,3): error TS2305: Module '"vitest"' has no exported member 'beforeEach'.
src/lib/ai/bias-detection/__tests__/BiasDetectionEngine.integration.test.ts(14,3): error TS2305: Module '"vitest"' has no exported member 'afterEach'.
src/lib/ai/bias-detection/__tests__/BiasDetectionEngine.integration.test.ts(15,3): error TS2305: Module '"vitest"' has no exported member 'vi'.
src/lib/ai/bias-detection/__tests__/BiasDetectionEngine.integration.test.ts(16,3): error TS2305: Module '"vitest"' has no exported member 'beforeAll'.
src/lib/ai/bias-detection/__tests__/BiasDetectionEngine.integration.test.ts(17,3): error TS2305: Module '"vitest"' has no exported member 'afterAll'.
src/lib/ai/bias-detection/__tests__/BiasDetectionEngine.integration.test.ts(58,9): error TS2353: Object literal may only specify known properties, and 'retentionDays' does not exist in type 'BiasMetricsConfig'.
src/lib/ai/bias-detection/__tests__/BiasDetectionEngine.integration.test.ts(64,9): error TS2353: Object literal may only specify known properties, and 'escalationDelayMinutes' does not exist in type 'BiasAlertConfig'.
src/lib/ai/bias-detection/__tests__/BiasDetectionEngine.integration.test.ts(78,11): error TS2353: Object literal may only specify known properties, and 'experience' does not exist in type 'ParticipantDemographics'.
src/lib/ai/bias-detection/__tests__/BiasDetectionEngine.integration.test.ts(118,11): error TS2353: Object literal may only specify known properties, and 'experience' does not exist in type 'ParticipantDemographics'.
src/lib/ai/bias-detection/__tests__/BiasDetectionEngine.integration.test.ts(156,11): error TS2353: Object literal may only specify known properties, and 'experience' does not exist in type 'ParticipantDemographics'.
src/lib/ai/bias-detection/__tests__/BiasDetectionEngine.integration.test.ts(213,50): error TS2345: Argument of type 'TherapeuticSession | undefined' is not assignable to parameter of type 'TherapeuticSession'.
  Type 'undefined' is not assignable to type 'TherapeuticSession'.
src/lib/ai/bias-detection/__tests__/BiasDetectionEngine.integration.test.ts(217,37): error TS18048: 'session' is possibly 'undefined'.
src/lib/ai/bias-detection/__tests__/BiasDetectionEngine.integration.test.ts(295,21): error TS2339: Property 'summary' does not exist on type 'BiasReport & { metadata: { generatedAt: Date; format: string; sessionCount: number; timeRange: { start: Date; end: Date; }; executionTimeMs: number; cacheKey?: string; }; exportOptions?: { ...; }; }'.
src/lib/ai/bias-detection/__tests__/BiasDetectionEngine.integration.test.ts(296,21): error TS2339: Property 'summary' does not exist on type 'BiasReport & { metadata: { generatedAt: Date; format: string; sessionCount: number; timeRange: { start: Date; end: Date; }; executionTimeMs: number; cacheKey?: string; }; exportOptions?: { ...; }; }'.
src/lib/ai/bias-detection/__tests__/BiasDetectionEngine.integration.test.ts(297,21): error TS2339: Property 'summary' does not exist on type 'BiasReport & { metadata: { generatedAt: Date; format: string; sessionCount: number; timeRange: { start: Date; end: Date; }; executionTimeMs: number; cacheKey?: string; }; exportOptions?: { ...; }; }'.
src/lib/ai/bias-detection/__tests__/BiasDetectionEngine.integration.test.ts(300,21): error TS2339: Property 'trendAnalysis' does not exist on type 'BiasReport & { metadata: { generatedAt: Date; format: string; sessionCount: number; timeRange: { start: Date; end: Date; }; executionTimeMs: number; cacheKey?: string; }; exportOptions?: { ...; }; }'.
src/lib/ai/bias-detection/__tests__/BiasDetectionEngine.integration.test.ts(322,35): error TS2345: Argument of type 'TherapeuticSession | undefined' is not assignable to parameter of type 'TherapeuticSession'.
  Type 'undefined' is not assignable to type 'TherapeuticSession'.
src/lib/ai/bias-detection/__tests__/BiasDetectionEngine.integration.test.ts(370,13): error TS6133: 'initialResult' is declared but its value is never read.
src/lib/ai/bias-detection/__tests__/BiasDetectionEngine.integration.test.ts(370,57): error TS2345: Argument of type 'TherapeuticSession | undefined' is not assignable to parameter of type 'TherapeuticSession'.
  Type 'undefined' is not assignable to type 'TherapeuticSession'.
src/lib/ai/bias-detection/__tests__/BiasDetectionEngine.integration.test.ts(374,9): error TS2353: Object literal may only specify known properties, and 'warningThreshold' does not exist in type 'Partial<{ warningLevel: number; highLevel: number; criticalLevel: number; }>'.
src/lib/ai/bias-detection/__tests__/BiasDetectionEngine.integration.test.ts(380,57): error TS2345: Argument of type 'TherapeuticSession | undefined' is not assignable to parameter of type 'TherapeuticSession'.
  Type 'undefined' is not assignable to type 'TherapeuticSession'.
src/lib/ai/bias-detection/__tests__/BiasDetectionEngine.integration.test.ts(383,44): error TS18048: 'session' is possibly 'undefined'.
src/lib/ai/bias-detection/__tests__/BiasDetectionEngine.integration.test.ts(392,11): error TS2353: Object literal may only specify known properties, and 'warningThreshold' does not exist in type 'Partial<{ warningLevel: number; highLevel: number; criticalLevel: number; }>'.
src/lib/ai/bias-detection/__tests__/BiasDetectionEngine.integration.test.ts(410,50): error TS2345: Argument of type 'TherapeuticSession | undefined' is not assignable to parameter of type 'TherapeuticSession'.
  Type 'undefined' is not assignable to type 'TherapeuticSession'.
src/lib/ai/bias-detection/__tests__/BiasDetectionEngine.integration.test.ts(413,37): error TS18048: 'session' is possibly 'undefined'.
src/lib/ai/bias-detection/__tests__/BiasDetectionEngine.integration.test.ts(425,35): error TS2345: Argument of type 'TherapeuticSession | undefined' is not assignable to parameter of type 'TherapeuticSession'.
  Type 'undefined' is not assignable to type 'TherapeuticSession'.
src/lib/ai/bias-detection/__tests__/BiasDetectionEngine.integration.test.ts(457,39): error TS2532: Object is possibly 'undefined'.
src/lib/ai/bias-detection/__tests__/BiasDetectionEngine.integration.test.ts(494,40): error TS2339: Property 'enableHipaaCompliance' does not exist on type 'BiasDetectionConfig | Partial<BiasDetectionConfig>'.
  Property 'enableHipaaCompliance' does not exist on type 'BiasDetectionConfig'.
src/lib/ai/bias-detection/__tests__/BiasDetectionEngine.integration.test.ts(497,50): error TS2345: Argument of type 'TherapeuticSession | undefined' is not assignable to parameter of type 'TherapeuticSession'.
  Type 'undefined' is not assignable to type 'TherapeuticSession'.
src/lib/ai/bias-detection/__tests__/BiasDetectionEngine.integration.test.ts(501,37): error TS18048: 'session' is possibly 'undefined'.
src/lib/ai/bias-detection/__tests__/BiasDetectionEngine.integration.test.ts(513,50): error TS2345: Argument of type 'TherapeuticSession | undefined' is not assignable to parameter of type 'TherapeuticSession'.
  Type 'undefined' is not assignable to type 'TherapeuticSession'.
src/lib/ai/bias-detection/__tests__/BiasDetectionEngine.integration.test.ts(564,35): error TS2345: Argument of type 'TherapeuticSession | undefined' is not assignable to parameter of type 'TherapeuticSession'.
  Type 'undefined' is not assignable to type 'TherapeuticSession'.
src/lib/ai/bias-detection/__tests__/BiasDetectionEngine.integration.test.ts(567,63): error TS18048: 'session' is possibly 'undefined'.
src/lib/ai/bias-detection/__tests__/BiasDetectionEngine.integration.test.ts(571,47): error TS18048: 'session' is possibly 'undefined'.
src/lib/ai/bias-detection/__tests__/BiasDetectionEngine.performance.test.ts(2,3): error TS2305: Module '"vitest"' has no exported member 'describe'.
src/lib/ai/bias-detection/__tests__/BiasDetectionEngine.performance.test.ts(3,3): error TS2305: Module '"vitest"' has no exported member 'it'.
src/lib/ai/bias-detection/__tests__/BiasDetectionEngine.performance.test.ts(4,3): error TS2305: Module '"vitest"' has no exported member 'expect'.
src/lib/ai/bias-detection/__tests__/BiasDetectionEngine.performance.test.ts(5,3): error TS2305: Module '"vitest"' has no exported member 'beforeEach'.
src/lib/ai/bias-detection/__tests__/BiasDetectionEngine.performance.test.ts(6,3): error TS2305: Module '"vitest"' has no exported member 'afterEach'.
src/lib/ai/bias-detection/__tests__/BiasDetectionEngine.performance.test.ts(7,3): error TS2305: Module '"vitest"' has no exported member 'vi'.
src/lib/ai/bias-detection/__tests__/BiasDetectionEngine.performance.test.ts(8,3): error TS2305: Module '"vitest"' has no exported member 'beforeAll'.
src/lib/ai/bias-detection/__tests__/BiasDetectionEngine.performance.test.ts(9,3): error TS2305: Module '"vitest"' has no exported member 'afterAll'.
src/lib/ai/bias-detection/__tests__/BiasDetectionEngine.performance.test.ts(12,15): error TS2305: Module '"../types"' has no exported member 'SessionData'.
src/lib/ai/bias-detection/__tests__/BiasDetectionEngine.performance.test.ts(391,17): error TS2362: The left-hand side of an arithmetic operation must be of type 'any', 'number', 'bigint' or an enum type.
src/lib/ai/bias-detection/__tests__/BiasDetectionEngine.performance.test.ts(534,28): error TS2554: Expected 3 arguments, but got 1.
src/lib/ai/bias-detection/__tests__/BiasDetectionEngine.performance.test.ts(698,45): error TS4111: Property 'simple' comes from an index signature, so it must be accessed with ['simple'].
src/lib/ai/bias-detection/__tests__/BiasDetectionEngine.performance.test.ts(699,46): error TS4111: Property 'complex' comes from an index signature, so it must be accessed with ['complex'].
src/lib/ai/bias-detection/__tests__/BiasDetectionEngine.performance.test.ts(700,29): error TS18048: 'complexTime' is possibly 'undefined'.
src/lib/ai/bias-detection/__tests__/BiasDetectionEngine.performance.test.ts(700,43): error TS18048: 'simpleTime' is possibly 'undefined'.
src/lib/ai/bias-detection/__tests__/BiasDetectionEngine.performance.test.ts(705,19): error TS18048: 'scalabilityResults.simple' is possibly 'undefined'.
src/lib/ai/bias-detection/__tests__/BiasDetectionEngine.performance.test.ts(705,38): error TS4111: Property 'simple' comes from an index signature, so it must be accessed with ['simple'].
src/lib/ai/bias-detection/__tests__/BiasDetectionEngine.performance.test.ts(706,19): error TS18048: 'scalabilityResults.medium' is possibly 'undefined'.
src/lib/ai/bias-detection/__tests__/BiasDetectionEngine.performance.test.ts(706,38): error TS4111: Property 'medium' comes from an index signature, so it must be accessed with ['medium'].
src/lib/ai/bias-detection/__tests__/BiasDetectionEngine.performance.test.ts(707,20): error TS18048: 'scalabilityResults.complex' is possibly 'undefined'.
src/lib/ai/bias-detection/__tests__/BiasDetectionEngine.performance.test.ts(707,39): error TS4111: Property 'complex' comes from an index signature, so it must be accessed with ['complex'].
src/lib/ai/bias-detection/__tests__/BiasDetectionEngine.test.ts(1,10): error TS2305: Module '"vitest"' has no exported member 'describe'.
src/lib/ai/bias-detection/__tests__/BiasDetectionEngine.test.ts(1,20): error TS2305: Module '"vitest"' has no exported member 'it'.
src/lib/ai/bias-detection/__tests__/BiasDetectionEngine.test.ts(1,24): error TS2305: Module '"vitest"' has no exported member 'expect'.
src/lib/ai/bias-detection/__tests__/BiasDetectionEngine.test.ts(1,32): error TS2305: Module '"vitest"' has no exported member 'beforeEach'.
src/lib/ai/bias-detection/__tests__/BiasDetectionEngine.test.ts(1,44): error TS2305: Module '"vitest"' has no exported member 'afterEach'.
src/lib/ai/bias-detection/__tests__/BiasDetectionEngine.test.ts(1,55): error TS2305: Module '"vitest"' has no exported member 'vi'.
src/lib/ai/bias-detection/__tests__/BiasDetectionEngine.test.ts(3,15): error TS2305: Module '"../types"' has no exported member 'SessionData'.
src/lib/ai/bias-detection/__tests__/BiasDetectionEngine.test.ts(75,8): error TS7017: Element implicitly has an 'any' type because type 'typeof globalThis' has no index signature.
src/lib/ai/bias-detection/__tests__/BiasDetectionEngine.test.ts(78,8): error TS7017: Element implicitly has an 'any' type because type 'typeof globalThis' has no index signature.
src/lib/ai/bias-detection/__tests__/BiasDetectionEngine.test.ts(81,8): error TS7017: Element implicitly has an 'any' type because type 'typeof globalThis' has no index signature.
src/lib/ai/bias-detection/__tests__/BiasDetectionEngine.test.ts(243,21): error TS2339: Property 'auditLog' does not exist on type 'BiasAnalysisResult'.
src/lib/ai/bias-detection/__tests__/BiasDetectionEngine.test.ts(320,45): error TS2339: Property 'nlpBiasMetrics' does not exist on type 'EvaluationAnalysisResult'.
src/lib/ai/bias-detection/__tests__/BiasDetectionEngine.test.ts(328,9): error TS2353: Object literal may only specify known properties, and 'demographicFilter' does not exist in type '{ timeRange?: string; includeDetails?: boolean; }'.
src/lib/ai/bias-detection/__tests__/BiasDetectionEngine.test.ts(349,9): error TS2353: Object literal may only specify known properties, and 'demographicFilter' does not exist in type '{ timeRange?: string; includeDetails?: boolean; }'.
src/lib/ai/bias-detection/__tests__/BiasDetectionEngine.test.ts(352,9): error TS2353: Object literal may only specify known properties, and 'demographicFilter' does not exist in type '{ timeRange?: string; includeDetails?: boolean; }'.
src/lib/ai/bias-detection/__tests__/BiasDetectionEngine.test.ts(687,18): error TS2341: Property 'metricsCollector' is private and only accessible within class 'BiasDetectionEngine'.
src/lib/ai/bias-detection/__tests__/BiasDetectionEngine.test.ts(690,18): error TS2341: Property 'alertSystem' is private and only accessible within class 'BiasDetectionEngine'.
src/lib/ai/bias-detection/__tests__/BiasDetectionEngine.test.ts(846,14): error TS18047: 'result' is possibly 'null'.
src/lib/ai/bias-detection/__tests__/fixtures/baseline-scenarios.ts(10,5): error TS2322: Type 'number' is not assignable to type 'string'.
src/lib/ai/bias-detection/__tests__/fixtures/baseline-scenarios.ts(17,3): error TS2739: Type '{ speaker: string; message: string; timestamp: Date; }[]' is missing the following properties from type 'SessionContent': patientPresentation, therapeuticInterventions, patientResponses, sessionNotes
src/lib/ai/bias-detection/__tests__/fixtures/baseline-scenarios.ts(44,5): error TS2322: Type 'string' is not assignable to type 'AIResponse'.
src/lib/ai/bias-detection/__tests__/fixtures/baseline-scenarios.ts(47,5): error TS2322: Type 'string' is not assignable to type 'ExpectedOutcome'.
src/lib/ai/bias-detection/__tests__/fixtures/baseline-scenarios.ts(48,5): error TS2322: Type 'string' is not assignable to type 'ExpectedOutcome'.
src/lib/ai/bias-detection/__tests__/fixtures/baseline-scenarios.ts(49,5): error TS2322: Type 'string' is not assignable to type 'ExpectedOutcome'.
src/lib/ai/bias-detection/__tests__/fixtures/baseline-scenarios.ts(52,5): error TS2353: Object literal may only specify known properties, and 'name' does not exist in type 'TrainingScenario'.
src/lib/ai/bias-detection/__tests__/fixtures/baseline-scenarios.ts(58,5): error TS2353: Object literal may only specify known properties, and 'sessionLength' does not exist in type 'SessionMetadata'.
src/lib/ai/bias-detection/__tests__/fixtures/baseline-scenarios.ts(68,5): error TS2322: Type 'number' is not assignable to type 'string'.
src/lib/ai/bias-detection/__tests__/fixtures/baseline-scenarios.ts(75,3): error TS2739: Type '{ speaker: string; message: string; timestamp: Date; }[]' is missing the following properties from type 'SessionContent': patientPresentation, therapeuticInterventions, patientResponses, sessionNotes
src/lib/ai/bias-detection/__tests__/fixtures/baseline-scenarios.ts(102,5): error TS2322: Type 'string' is not assignable to type 'AIResponse'.
src/lib/ai/bias-detection/__tests__/fixtures/baseline-scenarios.ts(105,5): error TS2322: Type 'string' is not assignable to type 'ExpectedOutcome'.
src/lib/ai/bias-detection/__tests__/fixtures/baseline-scenarios.ts(106,5): error TS2322: Type 'string' is not assignable to type 'ExpectedOutcome'.
src/lib/ai/bias-detection/__tests__/fixtures/baseline-scenarios.ts(107,5): error TS2322: Type 'string' is not assignable to type 'ExpectedOutcome'.
src/lib/ai/bias-detection/__tests__/fixtures/baseline-scenarios.ts(110,5): error TS2353: Object literal may only specify known properties, and 'name' does not exist in type 'TrainingScenario'.
src/lib/ai/bias-detection/__tests__/fixtures/baseline-scenarios.ts(115,5): error TS2353: Object literal may only specify known properties, and 'sessionLength' does not exist in type 'SessionMetadata'.
src/lib/ai/bias-detection/__tests__/fixtures/baseline-scenarios.ts(125,5): error TS2322: Type 'number' is not assignable to type 'string'.
src/lib/ai/bias-detection/__tests__/fixtures/baseline-scenarios.ts(132,3): error TS2739: Type '{ speaker: string; message: string; timestamp: Date; }[]' is missing the following properties from type 'SessionContent': patientPresentation, therapeuticInterventions, patientResponses, sessionNotes
src/lib/ai/bias-detection/__tests__/fixtures/baseline-scenarios.ts(159,5): error TS2322: Type 'string' is not assignable to type 'AIResponse'.
src/lib/ai/bias-detection/__tests__/fixtures/baseline-scenarios.ts(162,5): error TS2322: Type 'string' is not assignable to type 'ExpectedOutcome'.
src/lib/ai/bias-detection/__tests__/fixtures/baseline-scenarios.ts(163,5): error TS2322: Type 'string' is not assignable to type 'ExpectedOutcome'.
src/lib/ai/bias-detection/__tests__/fixtures/baseline-scenarios.ts(164,5): error TS2322: Type 'string' is not assignable to type 'ExpectedOutcome'.
src/lib/ai/bias-detection/__tests__/fixtures/baseline-scenarios.ts(167,5): error TS2353: Object literal may only specify known properties, and 'name' does not exist in type 'TrainingScenario'.
src/lib/ai/bias-detection/__tests__/fixtures/baseline-scenarios.ts(172,5): error TS2353: Object literal may only specify known properties, and 'sessionLength' does not exist in type 'SessionMetadata'.
src/lib/ai/bias-detection/__tests__/fixtures/demographic-bias-scenarios.ts(11,5): error TS2322: Type 'number' is not assignable to type 'string'.
src/lib/ai/bias-detection/__tests__/fixtures/demographic-bias-scenarios.ts(18,3): error TS2739: Type '{ speaker: string; message: string; timestamp: Date; }[]' is missing the following properties from type 'SessionContent': patientPresentation, therapeuticInterventions, patientResponses, sessionNotes
src/lib/ai/bias-detection/__tests__/fixtures/demographic-bias-scenarios.ts(32,5): error TS2322: Type 'string' is not assignable to type 'AIResponse'.
src/lib/ai/bias-detection/__tests__/fixtures/demographic-bias-scenarios.ts(35,5): error TS2322: Type 'string' is not assignable to type 'ExpectedOutcome'.
src/lib/ai/bias-detection/__tests__/fixtures/demographic-bias-scenarios.ts(36,5): error TS2322: Type 'string' is not assignable to type 'ExpectedOutcome'.
src/lib/ai/bias-detection/__tests__/fixtures/demographic-bias-scenarios.ts(37,5): error TS2322: Type 'string' is not assignable to type 'ExpectedOutcome'.
src/lib/ai/bias-detection/__tests__/fixtures/demographic-bias-scenarios.ts(40,5): error TS2353: Object literal may only specify known properties, and 'name' does not exist in type 'TrainingScenario'.
src/lib/ai/bias-detection/__tests__/fixtures/demographic-bias-scenarios.ts(45,5): error TS2353: Object literal may only specify known properties, and 'sessionLength' does not exist in type 'SessionMetadata'.
src/lib/ai/bias-detection/__tests__/fixtures/demographic-bias-scenarios.ts(58,5): error TS2322: Type 'number' is not assignable to type 'string'.
src/lib/ai/bias-detection/__tests__/fixtures/demographic-bias-scenarios.ts(65,3): error TS2739: Type '{ speaker: string; message: string; timestamp: Date; }[]' is missing the following properties from type 'SessionContent': patientPresentation, therapeuticInterventions, patientResponses, sessionNotes
src/lib/ai/bias-detection/__tests__/fixtures/demographic-bias-scenarios.ts(79,5): error TS2322: Type 'string' is not assignable to type 'AIResponse'.
src/lib/ai/bias-detection/__tests__/fixtures/demographic-bias-scenarios.ts(82,5): error TS2322: Type 'string' is not assignable to type 'ExpectedOutcome'.
src/lib/ai/bias-detection/__tests__/fixtures/demographic-bias-scenarios.ts(83,5): error TS2322: Type 'string' is not assignable to type 'ExpectedOutcome'.
src/lib/ai/bias-detection/__tests__/fixtures/demographic-bias-scenarios.ts(84,5): error TS2322: Type 'string' is not assignable to type 'ExpectedOutcome'.
src/lib/ai/bias-detection/__tests__/fixtures/demographic-bias-scenarios.ts(87,5): error TS2353: Object literal may only specify known properties, and 'name' does not exist in type 'TrainingScenario'.
src/lib/ai/bias-detection/__tests__/fixtures/demographic-bias-scenarios.ts(92,5): error TS2353: Object literal may only specify known properties, and 'sessionLength' does not exist in type 'SessionMetadata'.
src/lib/ai/bias-detection/__tests__/fixtures/demographic-bias-scenarios.ts(105,5): error TS2322: Type 'number' is not assignable to type 'string'.
src/lib/ai/bias-detection/__tests__/fixtures/demographic-bias-scenarios.ts(112,3): error TS2739: Type '{ speaker: string; message: string; timestamp: Date; }[]' is missing the following properties from type 'SessionContent': patientPresentation, therapeuticInterventions, patientResponses, sessionNotes
src/lib/ai/bias-detection/__tests__/fixtures/demographic-bias-scenarios.ts(127,5): error TS2322: Type 'string' is not assignable to type 'AIResponse'.
src/lib/ai/bias-detection/__tests__/fixtures/demographic-bias-scenarios.ts(130,5): error TS2322: Type 'string' is not assignable to type 'ExpectedOutcome'.
src/lib/ai/bias-detection/__tests__/fixtures/demographic-bias-scenarios.ts(131,5): error TS2322: Type 'string' is not assignable to type 'ExpectedOutcome'.
src/lib/ai/bias-detection/__tests__/fixtures/demographic-bias-scenarios.ts(132,5): error TS2322: Type 'string' is not assignable to type 'ExpectedOutcome'.
src/lib/ai/bias-detection/__tests__/fixtures/demographic-bias-scenarios.ts(135,5): error TS2353: Object literal may only specify known properties, and 'name' does not exist in type 'TrainingScenario'.
src/lib/ai/bias-detection/__tests__/fixtures/demographic-bias-scenarios.ts(141,5): error TS2353: Object literal may only specify known properties, and 'sessionLength' does not exist in type 'SessionMetadata'.
src/lib/ai/bias-detection/__tests__/fixtures/demographic-bias-scenarios.ts(153,5): error TS2322: Type 'number' is not assignable to type 'string'.
src/lib/ai/bias-detection/__tests__/fixtures/demographic-bias-scenarios.ts(160,3): error TS2739: Type '{ speaker: string; message: string; timestamp: Date; }[]' is missing the following properties from type 'SessionContent': patientPresentation, therapeuticInterventions, patientResponses, sessionNotes
src/lib/ai/bias-detection/__tests__/fixtures/demographic-bias-scenarios.ts(175,5): error TS2322: Type 'string' is not assignable to type 'AIResponse'.
src/lib/ai/bias-detection/__tests__/fixtures/demographic-bias-scenarios.ts(178,5): error TS2322: Type 'string' is not assignable to type 'ExpectedOutcome'.
src/lib/ai/bias-detection/__tests__/fixtures/demographic-bias-scenarios.ts(179,5): error TS2322: Type 'string' is not assignable to type 'ExpectedOutcome'.
src/lib/ai/bias-detection/__tests__/fixtures/demographic-bias-scenarios.ts(180,5): error TS2322: Type 'string' is not assignable to type 'ExpectedOutcome'.
src/lib/ai/bias-detection/__tests__/fixtures/demographic-bias-scenarios.ts(183,5): error TS2353: Object literal may only specify known properties, and 'name' does not exist in type 'TrainingScenario'.
src/lib/ai/bias-detection/__tests__/fixtures/demographic-bias-scenarios.ts(189,5): error TS2353: Object literal may only specify known properties, and 'sessionLength' does not exist in type 'SessionMetadata'.
src/lib/ai/bias-detection/__tests__/fixtures/demographic-bias-scenarios.ts(202,5): error TS2322: Type 'number' is not assignable to type 'string'.
src/lib/ai/bias-detection/__tests__/fixtures/demographic-bias-scenarios.ts(209,3): error TS2739: Type '{ speaker: string; message: string; timestamp: Date; }[]' is missing the following properties from type 'SessionContent': patientPresentation, therapeuticInterventions, patientResponses, sessionNotes
src/lib/ai/bias-detection/__tests__/fixtures/demographic-bias-scenarios.ts(223,5): error TS2322: Type 'string' is not assignable to type 'AIResponse'.
src/lib/ai/bias-detection/__tests__/fixtures/demographic-bias-scenarios.ts(226,5): error TS2322: Type 'string' is not assignable to type 'ExpectedOutcome'.
src/lib/ai/bias-detection/__tests__/fixtures/demographic-bias-scenarios.ts(227,5): error TS2322: Type 'string' is not assignable to type 'ExpectedOutcome'.
src/lib/ai/bias-detection/__tests__/fixtures/demographic-bias-scenarios.ts(228,5): error TS2322: Type 'string' is not assignable to type 'ExpectedOutcome'.
src/lib/ai/bias-detection/__tests__/fixtures/demographic-bias-scenarios.ts(231,5): error TS2353: Object literal may only specify known properties, and 'name' does not exist in type 'TrainingScenario'.
src/lib/ai/bias-detection/__tests__/fixtures/demographic-bias-scenarios.ts(237,5): error TS2353: Object literal may only specify known properties, and 'sessionLength' does not exist in type 'SessionMetadata'.
src/lib/ai/bias-detection/__tests__/fixtures/demographic-bias-scenarios.ts(249,5): error TS2322: Type 'number' is not assignable to type 'string'.
src/lib/ai/bias-detection/__tests__/fixtures/demographic-bias-scenarios.ts(256,3): error TS2739: Type '{ speaker: string; message: string; timestamp: Date; }[]' is missing the following properties from type 'SessionContent': patientPresentation, therapeuticInterventions, patientResponses, sessionNotes
src/lib/ai/bias-detection/__tests__/fixtures/demographic-bias-scenarios.ts(270,5): error TS2322: Type 'string' is not assignable to type 'AIResponse'.
src/lib/ai/bias-detection/__tests__/fixtures/demographic-bias-scenarios.ts(273,5): error TS2322: Type 'string' is not assignable to type 'ExpectedOutcome'.
src/lib/ai/bias-detection/__tests__/fixtures/demographic-bias-scenarios.ts(274,5): error TS2322: Type 'string' is not assignable to type 'ExpectedOutcome'.
src/lib/ai/bias-detection/__tests__/fixtures/demographic-bias-scenarios.ts(275,5): error TS2322: Type 'string' is not assignable to type 'ExpectedOutcome'.
src/lib/ai/bias-detection/__tests__/fixtures/demographic-bias-scenarios.ts(278,5): error TS2353: Object literal may only specify known properties, and 'name' does not exist in type 'TrainingScenario'.
src/lib/ai/bias-detection/__tests__/fixtures/demographic-bias-scenarios.ts(284,5): error TS2353: Object literal may only specify known properties, and 'sessionLength' does not exist in type 'SessionMetadata'.
src/lib/ai/bias-detection/__tests__/fixtures/demographic-bias-scenarios.ts(297,5): error TS2322: Type 'number' is not assignable to type 'string'.
src/lib/ai/bias-detection/__tests__/fixtures/demographic-bias-scenarios.ts(305,3): error TS2739: Type '{ speaker: string; message: string; timestamp: Date; }[]' is missing the following properties from type 'SessionContent': patientPresentation, therapeuticInterventions, patientResponses, sessionNotes
src/lib/ai/bias-detection/__tests__/fixtures/demographic-bias-scenarios.ts(320,5): error TS2322: Type 'string' is not assignable to type 'AIResponse'.
src/lib/ai/bias-detection/__tests__/fixtures/demographic-bias-scenarios.ts(323,5): error TS2322: Type 'string' is not assignable to type 'ExpectedOutcome'.
src/lib/ai/bias-detection/__tests__/fixtures/demographic-bias-scenarios.ts(324,5): error TS2322: Type 'string' is not assignable to type 'ExpectedOutcome'.
src/lib/ai/bias-detection/__tests__/fixtures/demographic-bias-scenarios.ts(325,5): error TS2322: Type 'string' is not assignable to type 'ExpectedOutcome'.
src/lib/ai/bias-detection/__tests__/fixtures/demographic-bias-scenarios.ts(328,5): error TS2353: Object literal may only specify known properties, and 'name' does not exist in type 'TrainingScenario'.
src/lib/ai/bias-detection/__tests__/fixtures/demographic-bias-scenarios.ts(333,5): error TS2353: Object literal may only specify known properties, and 'sessionLength' does not exist in type 'SessionMetadata'.
src/lib/ai/bias-detection/__tests__/fixtures/demographic-bias-scenarios.ts(345,5): error TS2322: Type 'number' is not assignable to type 'string'.
src/lib/ai/bias-detection/__tests__/fixtures/demographic-bias-scenarios.ts(353,3): error TS2739: Type '{ speaker: string; message: string; timestamp: Date; }[]' is missing the following properties from type 'SessionContent': patientPresentation, therapeuticInterventions, patientResponses, sessionNotes
src/lib/ai/bias-detection/__tests__/fixtures/demographic-bias-scenarios.ts(368,5): error TS2322: Type 'string' is not assignable to type 'AIResponse'.
src/lib/ai/bias-detection/__tests__/fixtures/demographic-bias-scenarios.ts(371,5): error TS2322: Type 'string' is not assignable to type 'ExpectedOutcome'.
src/lib/ai/bias-detection/__tests__/fixtures/demographic-bias-scenarios.ts(372,5): error TS2322: Type 'string' is not assignable to type 'ExpectedOutcome'.
src/lib/ai/bias-detection/__tests__/fixtures/demographic-bias-scenarios.ts(373,5): error TS2322: Type 'string' is not assignable to type 'ExpectedOutcome'.
src/lib/ai/bias-detection/__tests__/fixtures/demographic-bias-scenarios.ts(376,5): error TS2353: Object literal may only specify known properties, and 'name' does not exist in type 'TrainingScenario'.
src/lib/ai/bias-detection/__tests__/fixtures/demographic-bias-scenarios.ts(381,5): error TS2353: Object literal may only specify known properties, and 'sessionLength' does not exist in type 'SessionMetadata'.
src/lib/ai/bias-detection/cache.test.ts(5,10): error TS2305: Module '"vitest"' has no exported member 'describe'.
src/lib/ai/bias-detection/cache.test.ts(5,20): error TS2305: Module '"vitest"' has no exported member 'it'.
src/lib/ai/bias-detection/cache.test.ts(5,24): error TS2305: Module '"vitest"' has no exported member 'expect'.
src/lib/ai/bias-detection/cache.test.ts(5,32): error TS2305: Module '"vitest"' has no exported member 'beforeEach'.
src/lib/ai/bias-detection/cache.test.ts(5,44): error TS2305: Module '"vitest"' has no exported member 'afterEach'.
src/lib/ai/bias-detection/cache.test.ts(5,55): error TS2305: Module '"vitest"' has no exported member 'vi'.
src/lib/ai/bias-detection/cache.ts(229,11): error TS2532: Object is possibly 'undefined'.
src/lib/ai/bias-detection/cache.ts(233,9): error TS2532: Object is possibly 'undefined'.
src/lib/ai/bias-detection/cache.ts(240,11): error TS2532: Object is possibly 'undefined'.
src/lib/ai/bias-detection/cache.ts(250,9): error TS2532: Object is possibly 'undefined'.
src/lib/ai/bias-detection/cache.ts(470,5): error TS2375: Type '{ redisHits: number | undefined; redisMisses: number | undefined; memoryHits: number | undefined; memoryMisses: number | undefined; redisAvailable: boolean; hybridMode: boolean; ... 6 more ...; newestEntry: Date; }' is not assignable to type 'CacheStats' with 'exactOptionalPropertyTypes: true'. Consider adding 'undefined' to the types of the target's properties.
  Types of property 'redisHits' are incompatible.
    Type 'number | undefined' is not assignable to type 'number'.
      Type 'undefined' is not assignable to type 'number'.
src/lib/ai/bias-detection/cache.ts(532,13): error TS2488: Type '[string, CacheEntry<unknown>] | undefined' must have a '[Symbol.iterator]()' method that returns an iterator.
src/lib/ai/bias-detection/cache.ts(602,27): error TS6133: 'data' is declared but its value is never read.
src/lib/ai/bias-detection/cache.ts(623,7): error TS2412: Type 'undefined' is not assignable to type 'Timeout' with 'exactOptionalPropertyTypes: true'. Consider adding 'undefined' to the type of the target.
src/lib/ai/bias-detection/config.test.ts(6,10): error TS2305: Module '"vitest"' has no exported member 'describe'.
src/lib/ai/bias-detection/config.test.ts(6,20): error TS2305: Module '"vitest"' has no exported member 'it'.
src/lib/ai/bias-detection/config.test.ts(6,24): error TS2305: Module '"vitest"' has no exported member 'expect'.
src/lib/ai/bias-detection/config.test.ts(6,32): error TS2305: Module '"vitest"' has no exported member 'beforeEach'.
src/lib/ai/bias-detection/config.test.ts(6,44): error TS2305: Module '"vitest"' has no exported member 'afterEach'.
src/lib/ai/bias-detection/config.test.ts(8,3): error TS2305: Module '"./config"' has no exported member 'BiasDetectionConfigManager'.
src/lib/ai/bias-detection/config.test.ts(9,3): error TS2305: Module '"./config"' has no exported member 'biasDetectionConfig'.
src/lib/ai/bias-detection/config.test.ts(10,3): error TS2305: Module '"./config"' has no exported member 'getBiasDetectionConfig'.
src/lib/ai/bias-detection/config.test.ts(11,3): error TS2305: Module '"./config"' has no exported member 'getConfigSummary'.
src/lib/ai/bias-detection/config.test.ts(12,3): error TS2305: Module '"./config"' has no exported member 'isProductionReady'.
src/lib/ai/bias-detection/config.test.ts(101,19): error TS4111: Property 'BIAS_WARNING_THRESHOLD' comes from an index signature, so it must be accessed with ['BIAS_WARNING_THRESHOLD'].
src/lib/ai/bias-detection/config.test.ts(102,19): error TS4111: Property 'BIAS_HIGH_THRESHOLD' comes from an index signature, so it must be accessed with ['BIAS_HIGH_THRESHOLD'].
src/lib/ai/bias-detection/config.test.ts(103,19): error TS4111: Property 'PYTHON_SERVICE_HOST' comes from an index signature, so it must be accessed with ['PYTHON_SERVICE_HOST'].
src/lib/ai/bias-detection/config.test.ts(104,19): error TS4111: Property 'PYTHON_SERVICE_PORT' comes from an index signature, so it must be accessed with ['PYTHON_SERVICE_PORT'].
src/lib/ai/bias-detection/config.test.ts(105,19): error TS4111: Property 'CACHE_ENABLED' comes from an index signature, so it must be accessed with ['CACHE_ENABLED'].
src/lib/ai/bias-detection/config.test.ts(117,19): error TS4111: Property 'BIAS_WARNING_THRESHOLD' comes from an index signature, so it must be accessed with ['BIAS_WARNING_THRESHOLD'].
src/lib/ai/bias-detection/config.test.ts(118,19): error TS4111: Property 'PYTHON_SERVICE_PORT' comes from an index signature, so it must be accessed with ['PYTHON_SERVICE_PORT'].
src/lib/ai/bias-detection/config.test.ts(119,19): error TS4111: Property 'CACHE_ENABLED' comes from an index signature, so it must be accessed with ['CACHE_ENABLED'].
src/lib/ai/bias-detection/config.test.ts(332,19): error TS4111: Property 'JWT_SECRET' comes from an index signature, so it must be accessed with ['JWT_SECRET'].
src/lib/ai/bias-detection/config.test.ts(333,19): error TS4111: Property 'ENCRYPTION_KEY' comes from an index signature, so it must be accessed with ['ENCRYPTION_KEY'].
src/lib/ai/bias-detection/config.test.ts(334,19): error TS4111: Property 'NODE_ENV' comes from an index signature, so it must be accessed with ['NODE_ENV'].
src/lib/ai/bias-detection/config.test.ts(347,19): error TS4111: Property 'JWT_SECRET' comes from an index signature, so it must be accessed with ['JWT_SECRET'].
src/lib/ai/bias-detection/config.test.ts(348,19): error TS4111: Property 'ENCRYPTION_KEY' comes from an index signature, so it must be accessed with ['ENCRYPTION_KEY'].
src/lib/ai/bias-detection/config.test.ts(349,19): error TS4111: Property 'NODE_ENV' comes from an index signature, so it must be accessed with ['NODE_ENV'].
src/lib/ai/bias-detection/config.test.ts(350,19): error TS4111: Property 'LOG_LEVEL' comes from an index signature, so it must be accessed with ['LOG_LEVEL'].
src/lib/ai/bias-detection/config.test.ts(406,19): error TS4111: Property 'BIAS_WARNING_THRESHOLD' comes from an index signature, so it must be accessed with ['BIAS_WARNING_THRESHOLD'].
src/lib/ai/bias-detection/config.test.ts(419,26): error TS2554: Expected 1 arguments, but got 0.
src/lib/ai/bias-detection/config.test.ts(432,19): error TS4111: Property 'CACHE_ENABLED' comes from an index signature, so it must be accessed with ['CACHE_ENABLED'].
src/lib/ai/bias-detection/config.test.ts(433,19): error TS4111: Property 'ENCRYPTION_ENABLED' comes from an index signature, so it must be accessed with ['ENCRYPTION_ENABLED'].
src/lib/ai/bias-detection/config.test.ts(434,19): error TS4111: Property 'AUDIT_LOGGING_ENABLED' comes from an index signature, so it must be accessed with ['AUDIT_LOGGING_ENABLED'].
src/lib/ai/bias-detection/config.test.ts(435,19): error TS4111: Property 'ENABLE_METRICS' comes from an index signature, so it must be accessed with ['ENABLE_METRICS'].
src/lib/ai/bias-detection/config.test.ts(448,19): error TS4111: Property 'PYTHON_SERVICE_PORT' comes from an index signature, so it must be accessed with ['PYTHON_SERVICE_PORT'].
src/lib/ai/bias-detection/config.test.ts(449,19): error TS4111: Property 'CACHE_TTL' comes from an index signature, so it must be accessed with ['CACHE_TTL'].
src/lib/ai/bias-detection/config.test.ts(450,19): error TS4111: Property 'MAX_CONCURRENT_ANALYSES' comes from an index signature, so it must be accessed with ['MAX_CONCURRENT_ANALYSES'].
src/lib/ai/bias-detection/config.test.ts(462,19): error TS4111: Property 'BIAS_WARNING_THRESHOLD' comes from an index signature, so it must be accessed with ['BIAS_WARNING_THRESHOLD'].
src/lib/ai/bias-detection/config.test.ts(463,19): error TS4111: Property 'BIAS_WEIGHT_PREPROCESSING' comes from an index signature, so it must be accessed with ['BIAS_WEIGHT_PREPROCESSING'].
src/lib/ai/bias-detection/config.ts(15,17): error TS4111: Property 'BIAS_DETECTION_SERVICE_URL' comes from an index signature, so it must be accessed with ['BIAS_DETECTION_SERVICE_URL'].
src/lib/ai/bias-detection/config.ts(51,3): error TS2375: Type '{ enableSlackNotifications: false; enableEmailNotifications: false; slackWebhookUrl: string | undefined; emailRecipients: never[]; alertCooldownMinutes: number; escalationThresholds: { ...; }; }' is not assignable to type 'BiasAlertConfig' with 'exactOptionalPropertyTypes: true'. Consider adding 'undefined' to the types of the target's properties.
  Types of property 'slackWebhookUrl' are incompatible.
    Type 'string | undefined' is not assignable to type 'string'.
      Type 'undefined' is not assignable to type 'string'.
src/lib/ai/bias-detection/config.ts(54,34): error TS4111: Property 'BIAS_ALERT_SLACK_WEBHOOK' comes from an index signature, so it must be accessed with ['BIAS_ALERT_SLACK_WEBHOOK'].
src/lib/ai/bias-detection/config.ts(273,19): error TS4111: Property 'BIAS_WARNING_THRESHOLD' comes from an index signature, so it must be accessed with ['BIAS_WARNING_THRESHOLD'].
src/lib/ai/bias-detection/config.ts(274,54): error TS4111: Property 'BIAS_WARNING_THRESHOLD' comes from an index signature, so it must be accessed with ['BIAS_WARNING_THRESHOLD'].
src/lib/ai/bias-detection/config.ts(276,19): error TS4111: Property 'BIAS_HIGH_THRESHOLD' comes from an index signature, so it must be accessed with ['BIAS_HIGH_THRESHOLD'].
src/lib/ai/bias-detection/config.ts(277,51): error TS4111: Property 'BIAS_HIGH_THRESHOLD' comes from an index signature, so it must be accessed with ['BIAS_HIGH_THRESHOLD'].
src/lib/ai/bias-detection/config.ts(279,19): error TS4111: Property 'BIAS_CRITICAL_THRESHOLD' comes from an index signature, so it must be accessed with ['BIAS_CRITICAL_THRESHOLD'].
src/lib/ai/bias-detection/config.ts(280,55): error TS4111: Property 'BIAS_CRITICAL_THRESHOLD' comes from an index signature, so it must be accessed with ['BIAS_CRITICAL_THRESHOLD'].
src/lib/ai/bias-detection/config.ts(283,5): error TS2322: Type 'Partial<{ warningLevel: number; highLevel: number; criticalLevel: number; }>' is not assignable to type '{ warningLevel: number; highLevel: number; criticalLevel: number; }'.
  Property 'warningLevel' is optional in type 'Partial<{ warningLevel: number; highLevel: number; criticalLevel: number; }>' but required in type '{ warningLevel: number; highLevel: number; criticalLevel: number; }'.
src/lib/ai/bias-detection/config.ts(287,19): error TS4111: Property 'BIAS_DETECTION_SERVICE_URL' comes from an index signature, so it must be accessed with ['BIAS_DETECTION_SERVICE_URL'].
src/lib/ai/bias-detection/config.ts(288,46): error TS4111: Property 'BIAS_DETECTION_SERVICE_URL' comes from an index signature, so it must be accessed with ['BIAS_DETECTION_SERVICE_URL'].
src/lib/ai/bias-detection/config.ts(290,19): error TS4111: Property 'BIAS_SERVICE_TIMEOUT' comes from an index signature, so it must be accessed with ['BIAS_SERVICE_TIMEOUT'].
src/lib/ai/bias-detection/config.ts(291,59): error TS4111: Property 'BIAS_SERVICE_TIMEOUT' comes from an index signature, so it must be accessed with ['BIAS_SERVICE_TIMEOUT'].
src/lib/ai/bias-detection/config.ts(296,19): error TS4111: Property 'BIAS_WEIGHT_PREPROCESSING' comes from an index signature, so it must be accessed with ['BIAS_WEIGHT_PREPROCESSING'].
src/lib/ai/bias-detection/config.ts(298,19): error TS4111: Property 'BIAS_WEIGHT_PREPROCESSING' comes from an index signature, so it must be accessed with ['BIAS_WEIGHT_PREPROCESSING'].
src/lib/ai/bias-detection/config.ts(301,19): error TS4111: Property 'BIAS_WEIGHT_MODEL_LEVEL' comes from an index signature, so it must be accessed with ['BIAS_WEIGHT_MODEL_LEVEL'].
src/lib/ai/bias-detection/config.ts(302,54): error TS4111: Property 'BIAS_WEIGHT_MODEL_LEVEL' comes from an index signature, so it must be accessed with ['BIAS_WEIGHT_MODEL_LEVEL'].
src/lib/ai/bias-detection/config.ts(304,19): error TS4111: Property 'BIAS_WEIGHT_INTERACTIVE' comes from an index signature, so it must be accessed with ['BIAS_WEIGHT_INTERACTIVE'].
src/lib/ai/bias-detection/config.ts(305,55): error TS4111: Property 'BIAS_WEIGHT_INTERACTIVE' comes from an index signature, so it must be accessed with ['BIAS_WEIGHT_INTERACTIVE'].
src/lib/ai/bias-detection/config.ts(307,19): error TS4111: Property 'BIAS_WEIGHT_EVALUATION' comes from an index signature, so it must be accessed with ['BIAS_WEIGHT_EVALUATION'].
src/lib/ai/bias-detection/config.ts(308,54): error TS4111: Property 'BIAS_WEIGHT_EVALUATION' comes from an index signature, so it must be accessed with ['BIAS_WEIGHT_EVALUATION'].
src/lib/ai/bias-detection/config.ts(311,5): error TS2322: Type 'Partial<{ preprocessing: number; modelLevel: number; interactive: number; evaluation: number; }>' is not assignable to type '{ preprocessing: number; modelLevel: number; interactive: number; evaluation: number; }'.
  Property 'preprocessing' is optional in type 'Partial<{ preprocessing: number; modelLevel: number; interactive: number; evaluation: number; }>' but required in type '{ preprocessing: number; modelLevel: number; interactive: number; evaluation: number; }'.
src/lib/ai/bias-detection/config.ts(315,19): error TS4111: Property 'BIAS_EVALUATION_METRICS' comes from an index signature, so it must be accessed with ['BIAS_EVALUATION_METRICS'].
src/lib/ai/bias-detection/config.ts(316,47): error TS4111: Property 'BIAS_EVALUATION_METRICS' comes from an index signature, so it must be accessed with ['BIAS_EVALUATION_METRICS'].
src/lib/ai/bias-detection/config.ts(322,19): error TS4111: Property 'ENABLE_HIPAA_COMPLIANCE' comes from an index signature, so it must be accessed with ['ENABLE_HIPAA_COMPLIANCE'].
src/lib/ai/bias-detection/config.ts(323,44): error TS4111: Property 'ENABLE_HIPAA_COMPLIANCE' comes from an index signature, so it must be accessed with ['ENABLE_HIPAA_COMPLIANCE'].
src/lib/ai/bias-detection/config.ts(325,19): error TS4111: Property 'ENABLE_AUDIT_LOGGING' comes from an index signature, so it must be accessed with ['ENABLE_AUDIT_LOGGING'].
src/lib/ai/bias-detection/config.ts(326,42): error TS4111: Property 'ENABLE_AUDIT_LOGGING' comes from an index signature, so it must be accessed with ['ENABLE_AUDIT_LOGGING'].
src/lib/ai/bias-detection/config.ts(328,19): error TS4111: Property 'ENABLE_DATA_MASKING' comes from an index signature, so it must be accessed with ['ENABLE_DATA_MASKING'].
src/lib/ai/bias-detection/config.ts(329,48): error TS4111: Property 'ENABLE_DATA_MASKING' comes from an index signature, so it must be accessed with ['ENABLE_DATA_MASKING'].
src/lib/ai/bias-detection/config.ts(334,19): error TS4111: Property 'BIAS_ALERT_SLACK_WEBHOOK' comes from an index signature, so it must be accessed with ['BIAS_ALERT_SLACK_WEBHOOK'].
src/lib/ai/bias-detection/config.ts(335,47): error TS4111: Property 'BIAS_ALERT_SLACK_WEBHOOK' comes from an index signature, so it must be accessed with ['BIAS_ALERT_SLACK_WEBHOOK'].
src/lib/ai/bias-detection/config.ts(338,19): error TS4111: Property 'BIAS_ALERT_EMAIL_RECIPIENTS' comes from an index signature, so it must be accessed with ['BIAS_ALERT_EMAIL_RECIPIENTS'].
src/lib/ai/bias-detection/config.ts(339,47): error TS4111: Property 'BIAS_ALERT_EMAIL_RECIPIENTS' comes from an index signature, so it must be accessed with ['BIAS_ALERT_EMAIL_RECIPIENTS'].
src/lib/ai/bias-detection/config.ts(344,19): error TS4111: Property 'BIAS_ALERT_COOLDOWN_MINUTES' comes from an index signature, so it must be accessed with ['BIAS_ALERT_COOLDOWN_MINUTES'].
src/lib/ai/bias-detection/config.ts(346,19): error TS4111: Property 'BIAS_ALERT_COOLDOWN_MINUTES' comes from an index signature, so it must be accessed with ['BIAS_ALERT_COOLDOWN_MINUTES'].
src/lib/ai/bias-detection/config.ts(350,5): error TS2375: Type 'Partial<BiasAlertConfig>' is not assignable to type 'BiasAlertConfig' with 'exactOptionalPropertyTypes: true'. Consider adding 'undefined' to the types of the target's properties.
  Property 'enableSlackNotifications' is optional in type 'Partial<BiasAlertConfig>' but required in type 'BiasAlertConfig'.
src/lib/ai/bias-detection/config.ts(355,19): error TS4111: Property 'BIAS_METRICS_RETENTION_DAYS' comes from an index signature, so it must be accessed with ['BIAS_METRICS_RETENTION_DAYS'].
src/lib/ai/bias-detection/config.ts(357,19): error TS4111: Property 'BIAS_METRICS_RETENTION_DAYS' comes from an index signature, so it must be accessed with ['BIAS_METRICS_RETENTION_DAYS'].
src/lib/ai/bias-detection/config.ts(360,19): error TS4111: Property 'BIAS_DASHBOARD_REFRESH_RATE' comes from an index signature, so it must be accessed with ['BIAS_DASHBOARD_REFRESH_RATE'].
src/lib/ai/bias-detection/config.ts(362,19): error TS4111: Property 'BIAS_DASHBOARD_REFRESH_RATE' comes from an index signature, so it must be accessed with ['BIAS_DASHBOARD_REFRESH_RATE'].
src/lib/ai/bias-detection/config.ts(365,19): error TS4111: Property 'BIAS_ENABLE_REAL_TIME_MONITORING' comes from an index signature, so it must be accessed with ['BIAS_ENABLE_REAL_TIME_MONITORING'].
src/lib/ai/bias-detection/config.ts(367,19): error TS4111: Property 'BIAS_ENABLE_REAL_TIME_MONITORING' comes from an index signature, so it must be accessed with ['BIAS_ENABLE_REAL_TIME_MONITORING'].
src/lib/ai/bias-detection/config.ts(370,5): error TS2322: Type 'Partial<BiasMetricsConfig>' is not assignable to type 'BiasMetricsConfig'.
  Property 'enableRealTimeMonitoring' is optional in type 'Partial<BiasMetricsConfig>' but required in type 'BiasMetricsConfig'.
src/lib/ai/bias-detection/errors.ts(55,5): error TS2412: Type 'string | undefined' is not assignable to type 'string' with 'exactOptionalPropertyTypes: true'. Consider adding 'undefined' to the type of the target.
  Type 'undefined' is not assignable to type 'string'.
src/lib/ai/bias-detection/errors.ts(79,5): error TS2375: Type '{ name: string; message: string; code: string; severity: "low" | "medium" | "high" | "critical"; category: "data" | "system" | "security" | "validation" | "performance" | "configuration" | "service"; ... 5 more ...; cause: string | undefined; }' is not assignable to type '{ name: string; message: string; code: string; severity: string; category: string; timestamp: string; context: Record<string, unknown>; recoverable: boolean; userMessage?: string; stack?: string; cause?: string; }' with 'exactOptionalPropertyTypes: true'. Consider adding 'undefined' to the types of the target's properties.
  Types of property 'userMessage' are incompatible.
    Type 'string | undefined' is not assignable to type 'string'.
      Type 'undefined' is not assignable to type 'string'.
src/lib/ai/bias-detection/errors.ts(157,10): error TS2540: Cannot assign to 'code' because it is a read-only property.
src/lib/ai/bias-detection/errors.ts(187,10): error TS2540: Cannot assign to 'code' because it is a read-only property.
src/lib/ai/bias-detection/errors.ts(190,13): error TS4114: This member must have an 'override' modifier because it overrides a member in the base class 'BiasConfigurationError'.
src/lib/ai/bias-detection/errors.ts(248,10): error TS2540: Cannot assign to 'code' because it is a read-only property.
src/lib/ai/bias-detection/errors.ts(251,13): error TS4114: This member must have an 'override' modifier because it overrides a member in the base class 'BiasValidationError'.
src/lib/ai/bias-detection/errors.ts(307,10): error TS2540: Cannot assign to 'code' because it is a read-only property.
src/lib/ai/bias-detection/errors.ts(310,13): error TS4114: This member must have an 'override' modifier because it overrides a member in the base class 'BiasPythonServiceError'.
src/lib/ai/bias-detection/errors.ts(333,10): error TS2540: Cannot assign to 'code' because it is a read-only property.
src/lib/ai/bias-detection/errors.ts(334,10): error TS2540: Cannot assign to 'severity' because it is a read-only property.
src/lib/ai/bias-detection/errors.ts(337,13): error TS4114: This member must have an 'override' modifier because it overrides a member in the base class 'BiasPythonServiceError'.
src/lib/ai/bias-detection/errors.ts(390,7): error TS2353: Object literal may only specify known properties, and 'recoverable' does not exist in type '{ cause?: Error; context?: Record<string, unknown>; dataType?: string; dataSize?: number; userMessage?: string; }'.
src/lib/ai/bias-detection/errors.ts(392,10): error TS2540: Cannot assign to 'code' because it is a read-only property.
src/lib/ai/bias-detection/errors.ts(393,10): error TS2540: Cannot assign to 'severity' because it is a read-only property.
src/lib/ai/bias-detection/errors.ts(396,13): error TS4114: This member must have an 'override' modifier because it overrides a member in the base class 'BiasDataError'.
src/lib/ai/bias-detection/errors.ts(451,10): error TS2540: Cannot assign to 'code' because it is a read-only property.
src/lib/ai/bias-detection/errors.ts(454,13): error TS4114: This member must have an 'override' modifier because it overrides a member in the base class 'BiasSecurityError'.
src/lib/ai/bias-detection/errors.ts(483,10): error TS2540: Cannot assign to 'code' because it is a read-only property.
src/lib/ai/bias-detection/errors.ts(486,13): error TS4114: This member must have an 'override' modifier because it overrides a member in the base class 'BiasSecurityError'.
src/lib/ai/bias-detection/errors.ts(543,10): error TS2540: Cannot assign to 'code' because it is a read-only property.
src/lib/ai/bias-detection/errors.ts(568,9): error TS2353: Object literal may only specify known properties, and 'recoverable' does not exist in type '{ cause?: Error; context?: Record<string, unknown>; operation?: string; duration?: number; threshold?: number; userMessage?: string; }'.
src/lib/ai/bias-detection/errors.ts(571,10): error TS2540: Cannot assign to 'code' because it is a read-only property.
src/lib/ai/bias-detection/errors.ts(572,10): error TS2540: Cannot assign to 'severity' because it is a read-only property.
src/lib/ai/bias-detection/errors.ts(575,13): error TS4114: This member must have an 'override' modifier because it overrides a member in the base class 'BiasPerformanceError'.
src/lib/ai/bias-detection/errors.ts(626,10): error TS2540: Cannot assign to 'code' because it is a read-only property.
src/lib/ai/bias-detection/errors.ts(627,10): error TS2540: Cannot assign to 'severity' because it is a read-only property.
src/lib/ai/bias-detection/errors.ts(630,13): error TS4114: This member must have an 'override' modifier because it overrides a member in the base class 'BiasSystemError'.
src/lib/ai/bias-detection/errors.ts(677,77): error TS2379: Argument of type '{ cause: Error | undefined; component: string; context: Record<string, unknown> | undefined; userMessage: string; }' is not assignable to parameter of type '{ cause?: Error; context?: Record<string, unknown>; component?: string; userMessage?: string; }' with 'exactOptionalPropertyTypes: true'. Consider adding 'undefined' to the types of the target's properties.
  Types of property 'cause' are incompatible.
    Type 'Error | undefined' is not assignable to type 'Error'.
      Type 'undefined' is not assignable to type 'Error'.
src/lib/ai/bias-detection/index.ts(26,10): error TS2305: Module '"./BiasDetectionEngine"' has no exported member 'default'.
src/lib/ai/bias-detection/serverless-handlers.ts(12,29): error TS6133: 'context' is declared but its value is never read.
src/lib/ai/bias-detection/utils.test.ts(5,10): error TS2305: Module '"vitest"' has no exported member 'describe'.
src/lib/ai/bias-detection/utils.test.ts(5,20): error TS2305: Module '"vitest"' has no exported member 'it'.
src/lib/ai/bias-detection/utils.test.ts(5,24): error TS2305: Module '"vitest"' has no exported member 'expect'.
src/lib/ai/bias-detection/utils.test.ts(5,32): error TS2305: Module '"vitest"' has no exported member 'vi'.
src/lib/ai/bias-detection/utils.test.ts(304,14): error TS18048: 'representation.gender' is possibly 'undefined'.
src/lib/ai/bias-detection/utils.test.ts(304,29): error TS4111: Property 'gender' comes from an index signature, so it must be accessed with ['gender'].
src/lib/ai/bias-detection/utils.test.ts(304,36): error TS4111: Property 'male' comes from an index signature, so it must be accessed with ['male'].
src/lib/ai/bias-detection/utils.test.ts(305,14): error TS18048: 'representation.gender' is possibly 'undefined'.
src/lib/ai/bias-detection/utils.test.ts(305,29): error TS4111: Property 'gender' comes from an index signature, so it must be accessed with ['gender'].
src/lib/ai/bias-detection/utils.test.ts(305,36): error TS4111: Property 'female' comes from an index signature, so it must be accessed with ['female'].
src/lib/ai/bias-detection/utils.test.ts(528,21): error TS4111: Property 'session_id' comes from an index signature, so it must be accessed with ['session_id'].
src/lib/ai/bias-detection/utils.test.ts(529,21): error TS4111: Property 'participant_demographics' comes from an index signature, so it must be accessed with ['participant_demographics'].
src/lib/ai/bias-detection/utils.test.ts(530,21): error TS4111: Property 'ai_responses' comes from an index signature, so it must be accessed with ['ai_responses'].
src/lib/ai/bias-detection/utils.test.ts(531,21): error TS4111: Property 'transcripts' comes from an index signature, so it must be accessed with ['transcripts'].
src/lib/ai/bias-detection/utils.test.ts(754,40): error TS4111: Property 'medium' comes from an index signature, so it must be accessed with ['medium'].
src/lib/ai/bias-detection/utils.test.ts(755,40): error TS4111: Property 'high' comes from an index signature, so it must be accessed with ['high'].
src/lib/ai/bias-detection/utils.ts(180,5): error TS2322: Type '{ sessionId: string; timestamp: Date; metadata: { sessionDuration: number; trainingInstitution: string; traineeId: string; completionStatus: "partial" | "completed" | "abandoned"; supervisorId?: string | undefined; technicalIssues?: string[] | undefined; }; ... 5 more ...; transcripts: any[]; }' is not assignable to type 'TherapeuticSession'.
  The types of 'participantDemographics.socioeconomicStatus' are incompatible between these types.
    Type 'string | undefined' is not assignable to type 'string'.
      Type 'undefined' is not assignable to type 'string'.
src/lib/ai/bias-detection/utils.ts(392,12): error TS2532: Object is possibly 'undefined'.
src/lib/ai/bias-detection/utils.ts(393,9): error TS2532: Object is possibly 'undefined'.
src/lib/ai/bias-detection/utils.ts(396,7): error TS2532: Object is possibly 'undefined'.
src/lib/ai/bias-detection/utils.ts(396,7): error TS2532: Object is possibly 'undefined'.
src/lib/ai/bias-detection/utils.ts(567,3): error TS2412: Type 'string | undefined' is not assignable to type 'string' with 'exactOptionalPropertyTypes: true'. Consider adding 'undefined' to the type of the target.
  Type 'undefined' is not assignable to type 'string'.
src/lib/ai/bias-detection/utils.ts(568,3): error TS2412: Type 'string | undefined' is not assignable to type 'string' with 'exactOptionalPropertyTypes: true'. Consider adding 'undefined' to the type of the target.
  Type 'undefined' is not assignable to type 'string'.
src/lib/ai/bias-detection/utils.ts(569,3): error TS2412: Type 'ParticipantDemographics | undefined' is not assignable to type 'ParticipantDemographics' with 'exactOptionalPropertyTypes: true'. Consider adding 'undefined' to the type of the target.
  Type 'undefined' is not assignable to type 'ParticipantDemographics'.
src/lib/ai/bias-detection/utils.ts(707,32): error TS4111: Property 'overall_bias_score' comes from an index signature, so it must be accessed with ['overall_bias_score'].
src/lib/ai/bias-detection/utils.ts(708,26): error TS4111: Property 'confidence' comes from an index signature, so it must be accessed with ['confidence'].
src/lib/ai/bias-detection/utils.ts(709,26): error TS4111: Property 'alert_level' comes from an index signature, so it must be accessed with ['alert_level'].
src/lib/ai/bias-detection/utils.ts(710,31): error TS4111: Property 'recommendations' comes from an index signature, so it must be accessed with ['recommendations'].
src/lib/ai/bias-detection/utils.ts(752,3): error TS2375: Type '{ id: `${string}-${string}-${string}-${string}-${string}`; timestamp: Date; userId: string; userEmail: string; action: { type: "create" | "read" | "update" | "delete" | "export" | "login" | "logout"; category: "bias-analysis" | "user-data" | "configuration" | "authentication" | "system"; description: string; sensiti...' is not assignable to type 'AuditLogEntry' with 'exactOptionalPropertyTypes: true'. Consider adding 'undefined' to the types of the target's properties.
  Types of property 'sessionId' are incompatible.
    Type 'string | undefined' is not assignable to type 'string'.
      Type 'undefined' is not assignable to type 'string'.
src/lib/ai/bias-detection/utils.ts(761,25): error TS4111: Property 'resourceId' comes from an index signature, so it must be accessed with ['resourceId'].
src/lib/ai/crisis/CrisisProtocol.ts(101,55): error TS2345: Argument of type 'unknown' is not assignable to parameter of type 'Record<string, unknown> | undefined'.
src/lib/ai/crisis/CrisisProtocol.ts(150,5): error TS2412: Type 'string | undefined' is not assignable to type 'string' with 'exactOptionalPropertyTypes: true'. Consider adding 'undefined' to the type of the target.
  Type 'undefined' is not assignable to type 'string'.
src/lib/ai/crisis/CrisisProtocol.ts(244,47): error TS2322: Type '"moderate" | "severe" | "emergency" | "concern" | undefined' is not assignable to type '"moderate" | "severe" | "emergency" | "concern" | null'.
  Type 'undefined' is not assignable to type '"moderate" | "severe" | "emergency" | "concern" | null'.
src/lib/ai/crisis/CrisisProtocol.ts(266,61): error TS2345: Argument of type 'unknown' is not assignable to parameter of type 'Record<string, unknown> | undefined'.
src/lib/ai/crisis/CrisisProtocol.ts(332,61): error TS2345: Argument of type 'unknown' is not assignable to parameter of type 'Record<string, unknown> | undefined'.
src/lib/ai/crisis/CrisisProtocol.ts(369,52): error TS2345: Argument of type 'unknown' is not assignable to parameter of type 'Record<string, unknown> | undefined'.
src/lib/ai/emotions/EmotionValidationPipeline.ts(83,25): error TS6133: 'emotionData' is declared but its value is never read.
src/lib/ai/mental-llama/adapter/MentalLLaMAAdapter.ts(62,7): error TS2578: Unused '@ts-expect-error' directive.
src/lib/ai/mental-llama/utils/testModelIntegration.ts(32,29): error TS2339: Property 'MENTALLAMA_API_KEY' does not exist on type '{ isDevelopment: () => boolean; isProduction: () => boolean; isTest: () => boolean; server: { port: () => number; logLevel: () => string; enableRateLimiting: () => boolean; }; workers: { analytics: { wsPort: () => number; }; notification: { ...; }; }; ... 14 more ...; mentalLLaMA: { ...; }; }'.
src/lib/ai/mental-llama/utils/testModelIntegration.ts(33,33): error TS2339: Property 'MENTALLAMA_ENDPOINT_URL_7B' does not exist on type '{ isDevelopment: () => boolean; isProduction: () => boolean; isTest: () => boolean; server: { port: () => number; logLevel: () => string; enableRateLimiting: () => boolean; }; workers: { analytics: { wsPort: () => number; }; notification: { ...; }; }; ... 14 more ...; mentalLLaMA: { ...; }; }'.
src/lib/ai/performance/EdgeComputing.ts(41,11): error TS6133: 'config' is declared but its value is never read.
src/lib/ai/providers.ts(283,17): error TS2352: Conversion of type '{ id: string; model: string; created: number; content: string; done: false; finishReason: undefined; }' to type 'AIStreamChunk' may be a mistake because neither type sufficiently overlaps with the other. If this was intentional, convert the expression to 'unknown' first.
  Types of property 'finishReason' are incompatible.
    Type 'undefined' is not comparable to type '"length" | "stop" | "content_filter"'.
src/lib/ai/services/BeliefConsistencyService.test.ts(56,24): error TS2352: Conversion of type '{ insights: never[]; resistanceLevel: number; changeReadiness: "contemplation"; sessionProgressLog: never[]; }' to type 'TherapeuticProgress' may be a mistake because neither type sufficiently overlaps with the other. If this was intentional, convert the expression to 'unknown' first.
  Type '{ insights: never[]; resistanceLevel: number; changeReadiness: "contemplation"; sessionProgressLog: never[]; }' is missing the following properties from type 'TherapeuticProgress': skillsAcquired, trustLevel, rapportScore, therapistPerception, transferenceState
src/lib/ai/services/BeliefConsistencyService.test.ts(127,14): error TS2532: Object is possibly 'undefined'.
src/lib/ai/services/BeliefConsistencyService.test.ts(128,14): error TS2532: Object is possibly 'undefined'.
src/lib/ai/services/BeliefConsistencyService.test.ts(147,14): error TS2532: Object is possibly 'undefined'.
src/lib/ai/services/BeliefConsistencyService.test.ts(169,14): error TS2532: Object is possibly 'undefined'.
src/lib/ai/services/BeliefConsistencyService.test.ts(170,14): error TS2532: Object is possibly 'undefined'.
src/lib/ai/services/BeliefConsistencyService.test.ts(220,14): error TS2532: Object is possibly 'undefined'.
src/lib/ai/services/BeliefConsistencyService.test.ts(221,14): error TS2532: Object is possibly 'undefined'.
src/lib/ai/services/PatientProfileService.test.ts(12,10): error TS2305: Module '"vitest"' has no exported member 'vi'.
src/lib/ai/services/PatientProfileService.test.ts(63,24): error TS2352: Conversion of type '{ insights: never[]; resistanceLevel: number; changeReadiness: "contemplation"; sessionProgressLog: never[]; }' to type 'TherapeuticProgress' may be a mistake because neither type sufficiently overlaps with the other. If this was intentional, convert the expression to 'unknown' first.
  Type '{ insights: never[]; resistanceLevel: number; changeReadiness: "contemplation"; sessionProgressLog: never[]; }' is missing the following properties from type 'TherapeuticProgress': skillsAcquired, trustLevel, rapportScore, therapistPerception, transferenceState
src/lib/ai/services/PatientProfileService.test.ts(170,14): error TS2532: Object is possibly 'undefined'.
src/lib/ai/services/PatientProfileService.test.ts(171,14): error TS2532: Object is possibly 'undefined'.
src/lib/ai/services/PatientProfileService.ts(131,11): error TS2375: Type '{ role: "therapist" | "system" | "patient"; content: string; timestamp: string; sessionId: string | undefined; metadata: Record<string, any> | undefined; }' is not assignable to type 'ConversationMessage' with 'exactOptionalPropertyTypes: true'. Consider adding 'undefined' to the types of the target's properties.
  Types of property 'sessionId' are incompatible.
    Type 'string | undefined' is not assignable to type 'string'.
      Type 'undefined' is not assignable to type 'string'.
src/lib/ai/services/PatientResponseService.test.ts(17,10): error TS2305: Module '"vitest"' has no exported member 'vi'.
src/lib/ai/services/PatientResponseService.test.ts(74,24): error TS2352: Conversion of type '{ insights: never[]; resistanceLevel: number; changeReadiness: "contemplation"; sessionProgressLog: never[]; }' to type 'TherapeuticProgress' may be a mistake because neither type sufficiently overlaps with the other. If this was intentional, convert the expression to 'unknown' first.
  Type '{ insights: never[]; resistanceLevel: number; changeReadiness: "contemplation"; sessionProgressLog: never[]; }' is missing the following properties from type 'TherapeuticProgress': skillsAcquired, trustLevel, rapportScore, therapistPerception, transferenceState
src/lib/ai/services/__tests__/PatientProfileService.test.ts(10,1): error TS2708: Cannot use namespace 'jest' as a value.
src/lib/ai/services/__tests__/PatientProfileService.test.ts(13,25): error TS2694: Namespace 'global.jest' has no exported member 'Mocked'.
src/lib/ai/services/__tests__/PatientProfileService.test.ts(19,63): error TS2694: Namespace 'global.jest' has no exported member 'Mocked'.
src/lib/ai/services/__tests__/PatientProfileService.test.ts(22,11): error TS2741: Property 'skillsAcquired' is missing in type '{ insights: never[]; resistanceLevel: number; changeReadiness: "contemplation"; sessionProgressLog: never[]; trustLevel: number; rapportScore: number; therapistPerception: "neutral"; transferenceState: "none"; }' but required in type 'TherapeuticProgress'.
src/lib/ai/services/__tests__/PatientProfileService.test.ts(163,14): error TS2532: Object is possibly 'undefined'.
src/lib/ai/services/__tests__/PatientResponseService.test.ts(1,10): error TS2305: Module '"vitest"' has no exported member 'describe'.
src/lib/ai/services/__tests__/PatientResponseService.test.ts(1,20): error TS2305: Module '"vitest"' has no exported member 'it'.
src/lib/ai/services/__tests__/PatientResponseService.test.ts(1,24): error TS2305: Module '"vitest"' has no exported member 'expect'.
src/lib/ai/services/__tests__/PatientResponseService.test.ts(1,32): error TS2305: Module '"vitest"' has no exported member 'beforeEach'.
src/lib/ai/services/__tests__/PatientResponseService.test.ts(1,44): error TS2305: Module '"vitest"' has no exported member 'vi'.
src/lib/ai/services/__tests__/PatientResponseService.test.ts(10,1): error TS6133: 'KVStore' is declared but its value is never read.
src/lib/ai/services/__tests__/PatientResponseService.test.ts(62,11): error TS2741: Property 'skillsAcquired' is missing in type '{ insights: never[]; resistanceLevel: number; changeReadiness: "contemplation"; sessionProgressLog: never[]; trustLevel: number; rapportScore: number; therapistPerception: "neutral"; transferenceState: "none"; }' but required in type 'TherapeuticProgress'.
src/lib/ai/services/__tests__/TherapeuticProgressService.test.ts(11,10): error TS2305: Module '"vitest"' has no exported member 'vi'.
src/lib/ai/services/__tests__/TreatmentPlanService.test.ts(11,10): error TS2305: Module '"vitest"' has no exported member 'vi'.
src/lib/ai/services/azure-openai.ts(6,8): error TS2307: Cannot find module '../types' or its corresponding type declarations.
src/lib/ai/services/crisis-detection.ts(16,11): error TS6133: 'sensitivityLevel' is declared but its value is never read.
src/lib/ai/services/crisis-detection.ts(123,53): error TS2345: Argument of type 'unknown' is not assignable to parameter of type 'Record<string, unknown> | undefined'.
src/lib/ai/services/crisis-detection.ts(138,59): error TS2345: Argument of type 'unknown' is not assignable to parameter of type 'Record<string, unknown> | undefined'.
src/lib/ai/services/crisis-detection.ts(238,46): error TS2345: Argument of type 'unknown' is not assignable to parameter of type 'Record<string, unknown> | undefined'.
src/lib/ai/services/crisis-detection.ts(312,5): error TS6133: 'indicators' is declared but its value is never read.
src/lib/ai/services/intervention-analysis.ts(114,27): error TS4111: Property 'content' comes from an index signature, so it must be accessed with ['content'].
src/lib/ai/services/intervention-analysis.ts(116,28): error TS4111: Property 'choices' comes from an index signature, so it must be accessed with ['choices'].
src/lib/ai/services/response-generation.ts(48,56): error TS2345: Argument of type 'unknown' is not assignable to parameter of type 'Record<string, unknown> | undefined'.
src/lib/ai/services/response-generation.ts(75,74): error TS2345: Argument of type 'unknown' is not assignable to parameter of type 'Record<string, unknown> | undefined'.
src/lib/ai/temporal/EmotionTemporalAnalyzer.ts(21,23): error TS6138: Property 'repository' is declared but its value is never read.
src/lib/ai/temporal/EmotionTemporalAnalyzer.ts(30,5): error TS2375: Type '{ trendlines: never[]; volatility: number; emotions: never[]; patterns: never[] | undefined; }' is not assignable to type 'EmotionAnalysisResult' with 'exactOptionalPropertyTypes: true'. Consider adding 'undefined' to the types of the target's properties.
  Types of property 'patterns' are incompatible.
    Type 'never[] | undefined' is not assignable to type 'any[]'.
      Type 'undefined' is not assignable to type 'any[]'.
src/lib/ai/temporal/TemporalAnalysisAlgorithm.ts(99,20): error TS2532: Object is possibly 'undefined'.
src/lib/ai/temporal/TemporalAnalysisAlgorithm.ts(100,18): error TS2532: Object is possibly 'undefined'.
src/lib/ai/temporal/TemporalAnalysisAlgorithm.ts(146,20): error TS2532: Object is possibly 'undefined'.
src/lib/ai/temporal/TemporalAnalysisAlgorithm.ts(147,18): error TS2532: Object is possibly 'undefined'.
src/lib/ai/temporal/TemporalAnalysisAlgorithm.ts(170,20): error TS2532: Object is possibly 'undefined'.
src/lib/ai/temporal/TemporalAnalysisAlgorithm.ts(171,20): error TS2532: Object is possibly 'undefined'.
src/lib/ai/temporal/TemporalAnalysisAlgorithm.ts(172,20): error TS2532: Object is possibly 'undefined'.
src/lib/ai/temporal/TemporalAnalysisAlgorithm.ts(186,20): error TS2532: Object is possibly 'undefined'.
src/lib/ai/temporal/TemporalAnalysisAlgorithm.ts(187,18): error TS2532: Object is possibly 'undefined'.
src/lib/ai/temporal/TemporalAnalysisAlgorithm.ts(215,9): error TS2532: Object is possibly 'undefined'.
src/lib/ai/temporal/TemporalAnalysisAlgorithm.ts(216,9): error TS2532: Object is possibly 'undefined'.
src/lib/ai/temporal/TemporalAnalysisAlgorithm.ts(227,22): error TS2532: Object is possibly 'undefined'.
src/lib/ai/temporal/TemporalAnalysisAlgorithm.ts(228,20): error TS2532: Object is possibly 'undefined'.
src/lib/ai/temporal/TemporalAnalysisAlgorithm.ts(286,22): error TS2532: Object is possibly 'undefined'.
src/lib/ai/temporal/TemporalAnalysisAlgorithm.ts(286,34): error TS2532: Object is possibly 'undefined'.
src/lib/ai/temporal/TemporalAnalysisAlgorithm.ts(355,11): error TS2532: Object is possibly 'undefined'.
src/lib/ai/temporal/TemporalAnalysisAlgorithm.ts(356,11): error TS2532: Object is possibly 'undefined'.
src/lib/ai/temporal/TemporalAnalysisAlgorithm.ts(513,9): error TS2345: Argument of type 'EmotionDimensions | undefined' is not assignable to parameter of type 'EmotionDimensions'.
  Type 'undefined' is not assignable to type 'EmotionDimensions'.
src/lib/analytics.ts(81,32): error TS4111: Property 'PUBLIC_ANALYTICS_ENDPOINT' comes from an index signature, so it must be accessed with ['PUBLIC_ANALYTICS_ENDPOINT'].
src/lib/analytics.ts(270,40): error TS4111: Property 'PUBLIC_ANALYTICS_API_KEY' comes from an index signature, so it must be accessed with ['PUBLIC_ANALYTICS_API_KEY'].
src/lib/analytics/__tests__/breach-analytics.test.ts(8,10): error TS2305: Module '"@/lib/fhe"' has no exported member 'FHE'.
src/lib/analytics/__tests__/breach-analytics.test.ts(296,56): error TS2503: Cannot find namespace 'vi'.
src/lib/analytics/__tests__/breach-analytics.test.ts(350,67): error TS2503: Cannot find namespace 'vi'.
src/lib/analytics/breach-analytics.ts(71,27): error TS6133: 'PREDICTION_WINDOW' is declared but its value is never read.
src/lib/analytics/breach-analytics.ts(94,64): error TS2345: Argument of type 'BreachDetails[]' is not assignable to parameter of type 'SecurityBreach[]'.
  Type 'BreachDetails' is missing the following properties from type 'SecurityBreach': dataTypes, detectionTime, responseTime, remediationStatus
src/lib/analytics/breach-analytics.ts(98,51): error TS2345: Argument of type 'BreachDetails[]' is not assignable to parameter of type 'Breach[]'.
  Property 'regulatoryFrameworks' is missing in type 'BreachDetails' but required in type 'Breach'.
src/lib/analytics/breach-analytics.ts(102,9): error TS2322: Type 'RiskAssessment' is not assignable to type 'number'.
src/lib/analytics/breach-analytics.ts(104,9): error TS2322: Type 'EffectivenessMetrics' is not assignable to type 'number'.
src/lib/analytics/breach-analytics.ts(176,7): error TS2322: Type '{ anomalyScore: number | undefined; timestamp: number; breaches: number; affectedUsers: number; notificationRate: number; responseTime: number; riskScore: number; }[]' is not assignable to type 'TrendPoint[]'.
  Type '{ anomalyScore: number | undefined; timestamp: number; breaches: number; affectedUsers: number; notificationRate: number; responseTime: number; riskScore: number; }' is not assignable to type 'TrendPoint'.
    Types of property 'anomalyScore' are incompatible.
      Type 'number | undefined' is not assignable to type 'number'.
        Type 'undefined' is not assignable to type 'number'.
src/lib/analytics/breach-analytics.ts(196,60): error TS2345: Argument of type 'BreachDetails[]' is not assignable to parameter of type 'SecurityBreach[]'.
  Type 'BreachDetails' is missing the following properties from type 'SecurityBreach': dataTypes, detectionTime, responseTime, remediationStatus
src/lib/analytics/breach-analytics.ts(205,7): error TS2322: Type 'EffectivenessMetrics' is not assignable to type 'number'.
src/lib/analytics/breach-analytics.ts(206,56): error TS2345: Argument of type 'BreachDetails[]' is not assignable to parameter of type 'Breach[]'.
  Property 'regulatoryFrameworks' is missing in type 'BreachDetails' but required in type 'Breach'.
src/lib/analytics/breach-analytics.ts(208,7): error TS2322: Type 'RiskAssessment' is not assignable to type 'number'.
src/lib/analytics/breach-analytics.ts(262,7): error TS2322: Type '{ name: string; weight: number; score: number; trend: "stable" | "increasing" | "decreasing" | undefined; }[]' is not assignable to type 'RiskFactor[]'.
  Type '{ name: string; weight: number; score: number; trend: "stable" | "increasing" | "decreasing" | undefined; }' is not assignable to type 'RiskFactor'.
    Types of property 'trend' are incompatible.
      Type '"stable" | "increasing" | "decreasing" | undefined' is not assignable to type '"stable" | "increasing" | "decreasing"'.
        Type 'undefined' is not assignable to type '"stable" | "increasing" | "decreasing"'.
src/lib/analytics/breach-analytics.ts(310,51): error TS4111: Property 'critical' comes from an index signature, so it must be accessed with ['critical'].
src/lib/analytics/breach.ts(75,3): error TS2375: Type '{ id: string; severity: BreachSeverity; timestamp: Date; affectedUsers: string[]; dataTypes: string[]; attackVector: string | undefined; detectionTime: Date; responseTime: Date; remediationStatus: "completed" | ... 1 more ... | "in_progress"; description: string; metadata: Record<...> | undefined; }' is not assignable to type 'SecurityBreach' with 'exactOptionalPropertyTypes: true'. Consider adding 'undefined' to the types of the target's properties.
  Types of property 'attackVector' are incompatible.
    Type 'string | undefined' is not assignable to type 'string'.
      Type 'undefined' is not assignable to type 'string'.
src/lib/analytics/risk.ts(75,27): error TS6133: 'MAX_CACHE_AGE' is declared but its value is never read.
src/lib/analytics/risk.ts(243,9): error TS2322: Type '{ name: string; score: number; contribution: number; metadata: Record<string, unknown> | undefined; }[]' is not assignable to type '{ name: string; score: number; contribution: number; metadata?: Record<string, unknown>; }[]'.
  Type '{ name: string; score: number; contribution: number; metadata: Record<string, unknown> | undefined; }' is not assignable to type '{ name: string; score: number; contribution: number; metadata?: Record<string, unknown>; }' with 'exactOptionalPropertyTypes: true'. Consider adding 'undefined' to the types of the target's properties.
    Types of property 'metadata' are incompatible.
      Type 'Record<string, unknown> | undefined' is not assignable to type 'Record<string, unknown>'.
        Type 'undefined' is not assignable to type 'Record<string, unknown>'.
src/lib/analytics/statistics.ts(37,21): error TS2532: Object is possibly 'undefined'.
src/lib/analytics/statistics.ts(38,21): error TS2532: Object is possibly 'undefined'.
src/lib/animations/sequences.ts(423,34): error TS2353: Object literal may only specify known properties, and 'brightness' does not exist in type 'Variant'.
src/lib/animations/sequences.ts(427,7): error TS2353: Object literal may only specify known properties, and 'brightness' does not exist in type 'Variant'.
src/lib/animations/sequences.ts(684,35): error TS4111: Property 'fadeSlide' comes from an index signature, so it must be accessed with ['fadeSlide'].
src/lib/animations/sequences.ts(685,36): error TS4111: Property 'slideUp' comes from an index signature, so it must be accessed with ['slideUp'].
src/lib/animations/sequences.ts(686,36): error TS4111: Property 'scaleIn' comes from an index signature, so it must be accessed with ['scaleIn'].
src/lib/animations/sequences.ts(689,35): error TS4111: Property 'staggeredFade' comes from an index signature, so it must be accessed with ['staggeredFade'].
src/lib/animations/sequences.ts(690,35): error TS4111: Property 'cascadeIn' comes from an index signature, so it must be accessed with ['cascadeIn'].
src/lib/animations/sequences.ts(693,32): error TS4111: Property 'buttonHover' comes from an index signature, so it must be accessed with ['buttonHover'].
src/lib/animations/sequences.ts(694,30): error TS4111: Property 'cardFloat' comes from an index signature, so it must be accessed with ['cardFloat'].
src/lib/animations/sequences.ts(697,25): error TS4111: Property 'scaleUp' comes from an index signature, so it must be accessed with ['scaleUp'].
src/lib/animations/sequences.ts(700,32): error TS4111: Property 'slideInRight' comes from an index signature, so it must be accessed with ['slideInRight'].
src/lib/animations/sequences.ts(703,29): error TS4111: Property 'pulse' comes from an index signature, so it must be accessed with ['pulse'].
src/lib/api/rate-limit.ts(60,50): error TS2379: Argument of type '{ identifier: string; role: string; path: string; clientIp: string; userAgent: string; referer: string; customConfig: { limits?: Record<string, number>; windowMs?: number; strictIpValidation?: boolean; trackSuspiciousActivity?: boolean; } | undefined; }' is not assignable to parameter of type 'EnhancedRateLimiterConfig' with 'exactOptionalPropertyTypes: true'. Consider adding 'undefined' to the types of the target's properties.
  Types of property 'customConfig' are incompatible.
    Type '{ limits?: Record<string, number>; windowMs?: number; strictIpValidation?: boolean; trackSuspiciousActivity?: boolean; } | undefined' is not assignable to type '{ limits?: Record<string, number>; windowMs?: number; strictIpValidation?: boolean; trackSuspiciousActivity?: boolean; }'.
      Type 'undefined' is not assignable to type '{ limits?: Record<string, number>; windowMs?: number; strictIpValidation?: boolean; trackSuspiciousActivity?: boolean; }'.
src/lib/audit/__mocks__/log.ts(1,10): error TS2305: Module '"vitest"' has no exported member 'vi'.
src/lib/audit/__mocks__/log.ts(28,24): error TS7006: Parameter 'action' implicitly has an 'any' type.
src/lib/audit/__mocks__/log.ts(28,32): error TS7006: Parameter 'userId' implicitly has an 'any' type.
src/lib/audit/__mocks__/log.ts(28,40): error TS7006: Parameter 'resource' implicitly has an 'any' type.
src/lib/audit/__mocks__/log.ts(28,50): error TS7006: Parameter 'metadata' implicitly has an 'any' type.
src/lib/audit/__tests__/analysis.test.ts(7,31): error TS2307: Cannot find module '../../types/audit' or its corresponding type declarations.
src/lib/audit/analysis.ts(55,7): error TS2532: Object is possibly 'undefined'.
src/lib/audit/analysis.ts(56,7): error TS2532: Object is possibly 'undefined'.
src/lib/audit/analysis.ts(107,7): error TS2532: Object is possibly 'undefined'.
src/lib/audit/analysis.ts(150,7): error TS2532: Object is possibly 'undefined'.
src/lib/audit/index.ts(1,30): error TS2305: Module '"./log"' has no exported member 'createAuditLog'.
src/lib/auth.ts(62,68): error TS4111: Property 'full_name' comes from an index signature, so it must be accessed with ['full_name'].
src/lib/auth.ts(63,70): error TS4111: Property 'avatar_url' comes from an index signature, so it must be accessed with ['avatar_url'].
src/lib/auth.ts(132,40): error TS2379: Argument of type '{ userId: string; action: string; resource: string; resourceId: string | undefined; details: AuditDetails | undefined; eventType: AuditEventType.SECURITY; status: AuditEventStatus.SUCCESS; }' is not assignable to parameter of type '{ userId: string; action: string; resource: string; eventType?: AuditEventType; status?: AuditEventStatus; resourceId?: string; details?: AuditDetails; userRole?: string; patientId?: string; organizationId?: string; notes?: string; }' with 'exactOptionalPropertyTypes: true'. Consider adding 'undefined' to the types of the target's properties.
  Types of property 'resourceId' are incompatible.
    Type 'string | undefined' is not assignable to type 'string'.
      Type 'undefined' is not assignable to type 'string'.
src/lib/auth.ts(156,38): error TS2379: Argument of type '{ userId: string; action: string; resource: string; resourceId: string | undefined; details: AuditDetails | undefined; eventType: AuditEventType.SYSTEM; status: AuditEventStatus.SUCCESS; }' is not assignable to parameter of type '{ userId: string; action: string; resource: string; eventType?: AuditEventType; status?: AuditEventStatus; resourceId?: string; details?: AuditDetails; userRole?: string; patientId?: string; organizationId?: string; notes?: string; }' with 'exactOptionalPropertyTypes: true'. Consider adding 'undefined' to the types of the target's properties.
  Types of property 'resourceId' are incompatible.
    Type 'string | undefined' is not assignable to type 'string'.
      Type 'undefined' is not assignable to type 'string'.
src/lib/auth.ts(248,8): error TS2304: Cannot find name 'NextApiRequest'.
src/lib/auth.ts(249,8): error TS2304: Cannot find name 'NextApiResponse'.
src/lib/auth.ts(281,68): error TS4111: Property 'full_name' comes from an index signature, so it must be accessed with ['full_name'].
src/lib/auth.ts(282,70): error TS4111: Property 'avatar_url' comes from an index signature, so it must be accessed with ['avatar_url'].
src/lib/auth/__tests__/serverAuth.test.ts(2,49): error TS2307: Cannot find module '../auth' or its corresponding type declarations.
src/lib/auth/__tests__/serverAuth.test.ts(3,10): error TS2305: Module '"../../audit/log"' has no exported member 'createResourceAuditLog'.
src/lib/auth/apiRouteTypes.ts(8,18): error TS2430: Interface 'AuthAPIContext<Props, Params>' incorrectly extends interface 'APIContext<Props, Params>'.
  Types of property 'locals' are incompatible.
    Type '{ [key: string]: unknown; user: AuthUser; }' is missing the following properties from type 'Locals': requestId, timestamp
src/lib/auth/authUtils.ts(14,23): error TS2304: Cannot find name 'AstroCookies'.
src/lib/auth/azure-supabase-integration.ts(194,21): error TS6133: 'session' is declared but its value is never read.
src/lib/auth/index.ts(159,13): error TS2375: Type '{ id: string; email: string; name: string | undefined; role: "admin" | "therapist" | "user" | "patient"; verified: false; createdAt: Date; }' is not assignable to type 'User' with 'exactOptionalPropertyTypes: true'. Consider adding 'undefined' to the types of the target's properties.
  Types of property 'name' are incompatible.
    Type 'string | undefined' is not assignable to type 'string'.
      Type 'undefined' is not assignable to type 'string'.
src/lib/auth/index.ts(276,38): error TS6133: 'newPassword' is declared but its value is never read.
src/lib/auth/index.ts(326,44): error TS6133: 'user' is declared but its value is never read.
src/lib/auth/middleware.ts(28,37): error TS4111: Property 'verificationToken' comes from an index signature, so it must be accessed with ['verificationToken'].
src/lib/auth/middleware.ts(57,53): error TS4111: Property 'verificationToken' comes from an index signature, so it must be accessed with ['verificationToken'].
src/lib/auth/middleware.ts(64,49): error TS2345: Argument of type 'unknown' is not assignable to parameter of type 'Record<string, unknown> | undefined'.
src/lib/auth/middleware.ts(108,47): error TS2345: Argument of type 'unknown' is not assignable to parameter of type 'Record<string, unknown> | undefined'.
src/lib/auth/middleware.ts(158,51): error TS2345: Argument of type 'unknown' is not assignable to parameter of type 'Record<string, unknown> | undefined'.
src/lib/auth/serverAuth.ts(236,66): error TS2379: Argument of type '{ cookies: AstroCookies; request: Request; requestIp: string; requiredRole: AuthRole | undefined; }' is not assignable to parameter of type 'ServerAuthOptions' with 'exactOptionalPropertyTypes: true'. Consider adding 'undefined' to the types of the target's properties.
  Types of property 'requiredRole' are incompatible.
    Type 'AuthRole | undefined' is not assignable to type 'AuthRole'.
      Type 'undefined' is not assignable to type 'AuthRole'.
src/lib/auth/serverAuth.ts(262,18): error TS4111: Property 'user' comes from an index signature, so it must be accessed with ['user'].
src/lib/auth/session.ts(68,7): error TS2345: Argument of type 'string' is not assignable to parameter of type 'AuditEventType'.
src/lib/auth/session.ts(106,26): error TS2345: Argument of type 'string' is not assignable to parameter of type 'AuditEventType'.
src/lib/auth/sessionUtils.ts(38,33): error TS4111: Property 'name' comes from an index signature, so it must be accessed with ['name'].
src/lib/auth/supabase.ts(25,34): error TS4111: Property 'RESEND_API_KEY' comes from an index signature, so it must be accessed with ['RESEND_API_KEY'].
src/lib/auth/supabase.ts(42,44): error TS4111: Property 'SECURITY_MAX_LOGIN_ATTEMPTS' comes from an index signature, so it must be accessed with ['SECURITY_MAX_LOGIN_ATTEMPTS'].
src/lib/auth/supabase.ts(44,28): error TS4111: Property 'SECURITY_ACCOUNT_LOCKOUT_DURATION' comes from an index signature, so it must be accessed with ['SECURITY_ACCOUNT_LOCKOUT_DURATION'].
src/lib/auth/supabase.ts(46,21): error TS4111: Property 'SECURITY_ENABLE_BRUTE_FORCE_PROTECTION' comes from an index signature, so it must be accessed with ['SECURITY_ENABLE_BRUTE_FORCE_PROTECTION'].
src/lib/auth/supabase.ts(47,33): error TS4111: Property 'SECURITY_ENABLE_ALERTS' comes from an index signature, so it must be accessed with ['SECURITY_ENABLE_ALERTS'].
src/lib/auth/supabase.ts(217,34): error TS4111: Property 'enhanced_security_monitoring' comes from an index signature, so it must be accessed with ['enhanced_security_monitoring'].
src/lib/auth/supabase.ts(218,31): error TS4111: Property 'security_monitoring_level' comes from an index signature, so it must be accessed with ['security_monitoring_level'].
src/lib/auth/supabase.ts(221,20): error TS4111: Property 'notification_preferences' comes from an index signature, so it must be accessed with ['notification_preferences'].
src/lib/auth/supabase.ts(223,20): error TS4111: Property 'notification_preferences' comes from an index signature, so it must be accessed with ['notification_preferences'].
src/lib/auth/supabase.ts(225,20): error TS4111: Property 'notification_preferences' comes from an index signature, so it must be accessed with ['notification_preferences'].
src/lib/auth/supabase.ts(227,20): error TS4111: Property 'notification_preferences' comes from an index signature, so it must be accessed with ['notification_preferences'].
src/lib/auth/supabase.ts(264,29): error TS4111: Property 'enhanced_security_monitoring' comes from an index signature, so it must be accessed with ['enhanced_security_monitoring'].
src/lib/auth/supabase.ts(266,55): error TS4111: Property 'security_monitoring_level' comes from an index signature, so it must be accessed with ['security_monitoring_level'].
src/lib/auth/supabase.ts(268,32): error TS4111: Property 'notification_preferences' comes from an index signature, so it must be accessed with ['notification_preferences'].
src/lib/auth/supabase.ts(419,35): error TS4111: Property 'EMAIL_FROM' comes from an index signature, so it must be accessed with ['EMAIL_FROM'].
src/lib/backup/verify.ts(32,11): error TS6133: 'redis' is declared but its value is never read.
src/lib/backup/verify.ts(40,30): error TS4111: Property 'BACKUP_DIR' comes from an index signature, so it must be accessed with ['BACKUP_DIR'].
src/lib/backup/verify.ts(84,20): error TS18046: 'error' is of type 'unknown'.
src/lib/backup/verify.ts(93,52): error TS18046: 'error' is of type 'unknown'.
src/lib/backup/verify.ts(157,40): error TS18046: 'error' is of type 'unknown'.
src/lib/backup/verify.ts(259,62): error TS18046: 'error' is of type 'unknown'.
src/lib/backup/verify.ts(266,24): error TS4111: Property 'REDIS_URL' comes from an index signature, so it must be accessed with ['REDIS_URL'].
src/lib/backup/verify.ts(343,17): error TS6133: 'markBackupFailed' is declared but its value is never read.
src/lib/browser/feature-detection.ts(231,19): error TS4111: Property 'NODE_ENV' comes from an index signature, so it must be accessed with ['NODE_ENV'].
src/lib/browser/feature-detection.ts(288,3): error TS2578: Unused '@ts-expect-error' directive.
src/lib/browser/setup.ts(33,21): error TS4111: Property 'NODE_ENV' comes from an index signature, so it must be accessed with ['NODE_ENV'].
src/lib/cache.ts(57,25): error TS2345: Argument of type 'string | undefined' is not assignable to parameter of type 'string'.
  Type 'undefined' is not assignable to type 'string'.
src/lib/cache/invalidation.ts(27,5): error TS2375: Type 'RedisService | Redis' is not assignable to type 'Redis' with 'exactOptionalPropertyTypes: true'. Consider adding 'undefined' to the types of the target's properties.
  Type 'RedisService' is missing the following properties from type 'Redis': options, status, stream, isCluster, and 339 more.
src/lib/chat.ts(60,3): error TS6133: 'fheService' is declared but its value is never read.
src/lib/convex.ts(21,15): error TS4111: Property 'CONVEX_URL' comes from an index signature, so it must be accessed with ['CONVEX_URL'].
src/lib/convex.ts(22,15): error TS4111: Property 'PUBLIC_CONVEX_URL' comes from an index signature, so it must be accessed with ['PUBLIC_CONVEX_URL'].
src/lib/convex.ts(23,15): error TS4111: Property 'NEXT_PUBLIC_CONVEX_URL' comes from an index signature, so it must be accessed with ['NEXT_PUBLIC_CONVEX_URL'].
src/lib/crypto.ts(51,27): error TS2532: Object is possibly 'undefined'.
src/lib/crypto/example.ts(45,5): error TS2353: Object literal may only specify known properties, and 'useSecureStorage' does not exist in type 'KeyStorageOptions'.
src/lib/crypto/example.ts(120,5): error TS2353: Object literal may only specify known properties, and 'useSecureStorage' does not exist in type 'KeyStorageOptions'.
src/lib/crypto/example.ts(122,49): error TS2345: Argument of type 'string | undefined' is not assignable to parameter of type 'string'.
  Type 'undefined' is not assignable to type 'string'.
src/lib/crypto/index.ts(143,11): error TS6133: 'namespace' is declared but its value is never read.
src/lib/crypto/index.ts(164,45): error TS4111: Property 'AWS_REGION' comes from an index signature, so it must be accessed with ['AWS_REGION'].
src/lib/crypto/index.ts(275,7): error TS6133: '_scryptAsync' is declared but its value is never read.
src/lib/crypto/index.ts(405,58): error TS2379: Argument of type '{ namespace: string; region: string | undefined; kmsKeyId: string | undefined; fallbackProvider: RedisStorageProvider; }' is not assignable to parameter of type '{ namespace: string; region?: string; kmsKeyId?: string; fallbackProvider?: StorageProvider; }' with 'exactOptionalPropertyTypes: true'. Consider adding 'undefined' to the types of the target's properties.
  Types of property 'region' are incompatible.
    Type 'string | undefined' is not assignable to type 'string'.
      Type 'undefined' is not assignable to type 'string'.
src/lib/crypto/index.ts(413,58): error TS2379: Argument of type '{ namespace: string; region: string | undefined; kmsKeyId: string | undefined; }' is not assignable to parameter of type '{ namespace: string; region?: string; kmsKeyId?: string; fallbackProvider?: StorageProvider; }' with 'exactOptionalPropertyTypes: true'. Consider adding 'undefined' to the types of the target's properties.
  Types of property 'region' are incompatible.
    Type 'string | undefined' is not assignable to type 'string'.
      Type 'undefined' is not assignable to type 'string'.
src/lib/crypto/index.ts(437,5): error TS2322: Type '(string | undefined)[]' is not assignable to type 'string[]'.
  Type 'string | undefined' is not assignable to type 'string'.
    Type 'undefined' is not assignable to type 'string'.
src/lib/crypto/index.ts(508,11): error TS2375: Type '{ key: string; version: number; createdAt: number; expiresAt: number; purpose: string | undefined; algorithm: string; }' is not assignable to type 'KeyData' with 'exactOptionalPropertyTypes: true'. Consider adding 'undefined' to the types of the target's properties.
  Types of property 'purpose' are incompatible.
    Type 'string | undefined' is not assignable to type 'string'.
      Type 'undefined' is not assignable to type 'string'.
src/lib/crypto/index.ts(542,11): error TS2375: Type '{ key: string; version: number; createdAt: number; expiresAt: number; purpose: string | undefined; algorithm: string; }' is not assignable to type 'KeyData' with 'exactOptionalPropertyTypes: true'. Consider adding 'undefined' to the types of the target's properties.
  Types of property 'purpose' are incompatible.
    Type 'string | undefined' is not assignable to type 'string'.
      Type 'undefined' is not assignable to type 'string'.
src/lib/crypto/index.ts(598,38): error TS2379: Argument of type '{ namespace: string; useSecureStorage: boolean; redisUrl: string | undefined; region: string | undefined; kmsKeyId: string | undefined; }' is not assignable to parameter of type '{ namespace: string; useSecureStorage: boolean; redisUrl?: string; region?: string; kmsKeyId?: string; }' with 'exactOptionalPropertyTypes: true'. Consider adding 'undefined' to the types of the target's properties.
  Types of property 'redisUrl' are incompatible.
    Type 'string | undefined' is not assignable to type 'string'.
      Type 'undefined' is not assignable to type 'string'.
src/lib/crypto/index.ts(700,37): error TS2379: Argument of type '{ namespace: string; useSecureStorage: boolean; redisUrl: string | undefined; region: string | undefined; kmsKeyId: string | undefined; }' is not assignable to parameter of type '{ namespace: string; useSecureStorage: boolean; redisUrl?: string; region?: string; kmsKeyId?: string; }' with 'exactOptionalPropertyTypes: true'. Consider adding 'undefined' to the types of the target's properties.
  Types of property 'redisUrl' are incompatible.
    Type 'string | undefined' is not assignable to type 'string'.
      Type 'undefined' is not assignable to type 'string'.
src/lib/crypto/index.ts(716,50): error TS2379: Argument of type '{ namespace: string; useSecureStorage: boolean; redisUrl: string | undefined; region: string | undefined; kmsKeyId: string | undefined; checkIntervalMs: number; onRotation: (oldKeyId: string, newKeyId: string) => void; onError: (error: Error) => void; }' is not assignable to parameter of type '{ namespace: string; useSecureStorage: boolean; redisUrl?: string; region?: string; kmsKeyId?: string; checkIntervalMs: number; onRotation: (oldKeyId: string, newKeyId: string) => void; onError: (error: Error) => void; }' with 'exactOptionalPropertyTypes: true'. Consider adding 'undefined' to the types of the target's properties.
  Types of property 'redisUrl' are incompatible.
    Type 'string | undefined' is not assignable to type 'string'.
      Type 'undefined' is not assignable to type 'string'.
src/lib/crypto/index.ts(767,9): error TS2322: Type 'string | undefined' is not assignable to type 'string'.
  Type 'undefined' is not assignable to type 'string'.
src/lib/crypto/keyRotation.ts(148,7): error TS2532: Object is possibly 'undefined'.
src/lib/crypto/keyStorage.ts(59,5): error TS2412: Type 'string | undefined' is not assignable to type 'string' with 'exactOptionalPropertyTypes: true'. Consider adding 'undefined' to the type of the target.
  Type 'undefined' is not assignable to type 'string'.
src/lib/crypto/keyStorage.ts(144,13): error TS2375: Type '{ keyId: string; version: number; createdAt: number; expiresAt: number | undefined; algorithm: string; purpose: string; kmsKeyArn: string | undefined; encryptedKey: string; }' is not assignable to type 'StoredKeyData' with 'exactOptionalPropertyTypes: true'. Consider adding 'undefined' to the types of the target's properties.
  Types of property 'expiresAt' are incompatible.
    Type 'number | undefined' is not assignable to type 'number'.
      Type 'undefined' is not assignable to type 'number'.
src/lib/crypto/keyStorage.ts(226,52): error TS4111: Property 'keyId' comes from an index signature, so it must be accessed with ['keyId'].
src/lib/crypto/scheduledRotation.ts(32,7): error TS2353: Object literal may only specify known properties, and 'useSecureStorage' does not exist in type 'KeyStorageOptions'.
src/lib/crypto/scheduledRotation.ts(37,5): error TS2412: Type '((keyId: string, newKeyId: string) => void) | undefined' is not assignable to type '(keyId: string, newKeyId: string) => void' with 'exactOptionalPropertyTypes: true'. Consider adding 'undefined' to the type of the target.
  Type 'undefined' is not assignable to type '(keyId: string, newKeyId: string) => void'.
src/lib/crypto/scheduledRotation.ts(38,5): error TS2412: Type '((error: Error) => void) | undefined' is not assignable to type '(error: Error) => void' with 'exactOptionalPropertyTypes: true'. Consider adding 'undefined' to the type of the target.
  Type 'undefined' is not assignable to type '(error: Error) => void'.
src/lib/db/KVStore.ts(56,23): error TS4111: Property 'NODE_ENV' comes from an index signature, so it must be accessed with ['NODE_ENV'].
src/lib/db/KVStore.ts(93,23): error TS4111: Property 'NODE_ENV' comes from an index signature, so it must be accessed with ['NODE_ENV'].
src/lib/db/KVStore.ts(124,23): error TS4111: Property 'NODE_ENV' comes from an index signature, so it must be accessed with ['NODE_ENV'].
src/lib/db/KVStore.ts(223,23): error TS4111: Property 'NODE_ENV' comes from an index signature, so it must be accessed with ['NODE_ENV'].
src/lib/db/ai/initialize.ts(16,26): error TS2345: Argument of type '"system"' is not assignable to parameter of type 'AuditEventType'.
src/lib/db/ai/initialize.ts(30,7): error TS2345: Argument of type '"system"' is not assignable to parameter of type 'AuditEventType'.
src/lib/db/ai/repository.ts(616,5): error TS2322: Type '{ sessionId: string; clientId: string; therapistId: string; startTime: Date; endTime: Date | undefined; status: string; securityLevel: string; emotionAnalysisEnabled: boolean; metadata: Record<...>; }[]' is not assignable to type 'TherapySession[]'.
  Type '{ sessionId: string; clientId: string; therapistId: string; startTime: Date; endTime: Date | undefined; status: string; securityLevel: string; emotionAnalysisEnabled: boolean; metadata: Record<...>; }' is not assignable to type 'TherapySession'.
    Types of property 'endTime' are incompatible.
      Type 'Date | undefined' is not assignable to type 'Date'.
        Type 'undefined' is not assignable to type 'Date'.
src/lib/db/ai/repository.ts(651,5): error TS2322: Type '{ sessionId: string; clientId: string; therapistId: string; startTime: Date; endTime: Date | undefined; status: string; securityLevel: string; emotionAnalysisEnabled: boolean; metadata: Record<...>; }[]' is not assignable to type 'TherapySession[]'.
  Type '{ sessionId: string; clientId: string; therapistId: string; startTime: Date; endTime: Date | undefined; status: string; securityLevel: string; emotionAnalysisEnabled: boolean; metadata: Record<...>; }' is not assignable to type 'TherapySession'.
    Types of property 'endTime' are incompatible.
      Type 'Date | undefined' is not assignable to type 'Date'.
        Type 'undefined' is not assignable to type 'Date'.
src/lib/db/ai/repository.ts(729,14): error TS2352: Conversion of type '{ id: string; timestamp: Date; emotions: Emotion[]; overallSentiment: string; riskFactors: RiskFactor[] | undefined; requiresAttention: boolean | undefined; input: string; userId: string; }' to type 'EmotionAnalysis' may be a mistake because neither type sufficiently overlaps with the other. If this was intentional, convert the expression to 'unknown' first.
  Type '{ id: string; timestamp: Date; emotions: Emotion[]; overallSentiment: string; riskFactors: RiskFactor[] | undefined; requiresAttention: boolean | undefined; input: string; userId: string; }' is missing the following properties from type 'EmotionAnalysis': sessionId, dimensions, confidence
src/lib/db/ai/repository.ts(780,35): error TS2551: Property 'recommendationId' does not exist on type 'EfficacyFeedback'. Did you mean 'recommendation_id'?
src/lib/db/ai/repository.ts(781,27): error TS2551: Property 'clientId' does not exist on type 'EfficacyFeedback'. Did you mean 'client_id'?
src/lib/db/ai/repository.ts(782,30): error TS2551: Property 'techniqueId' does not exist on type 'EfficacyFeedback'. Did you mean 'technique_id'?
src/lib/db/ai/repository.ts(783,33): error TS2551: Property 'efficacyRating' does not exist on type 'EfficacyFeedback'. Did you mean 'efficacy_rating'?
src/lib/db/ai/repository.ts(785,9): error TS2358: The left-hand side of an 'instanceof' expression must be of type 'any', an object type or a type parameter.
src/lib/db/ai/repository.ts(789,28): error TS2551: Property 'sessionId' does not exist on type 'EfficacyFeedback'. Did you mean 'session_id'?
src/lib/db/ai/repository.ts(790,30): error TS2551: Property 'therapistId' does not exist on type 'EfficacyFeedback'. Did you mean 'therapist_id'?
src/lib/db/ai/repository.ts(834,5): error TS2322: Type '{ recommendationId: string; clientId: string; techniqueId: string; efficacyRating: number; timestamp: Date; feedback: string; sessionId: string; therapistId: string; context: Record<string, unknown>; }[]' is not assignable to type 'EfficacyFeedback[]'.
  Type '{ recommendationId: string; clientId: string; techniqueId: string; efficacyRating: number; timestamp: Date; feedback: string; sessionId: string; therapistId: string; context: Record<string, unknown>; }' is missing the following properties from type 'EfficacyFeedback': recommendation_id, client_id, technique_id, efficacy_rating, and 2 more.
src/lib/db/ai/repository.ts(863,5): error TS2322: Type '{ recommendationId: string; clientId: string; techniqueId: string; efficacyRating: number; timestamp: Date; feedback: string; sessionId: string; therapistId: string; context: Record<string, unknown>; }[]' is not assignable to type 'EfficacyFeedback[]'.
  Type '{ recommendationId: string; clientId: string; techniqueId: string; efficacyRating: number; timestamp: Date; feedback: string; sessionId: string; therapistId: string; context: Record<string, unknown>; }' is missing the following properties from type 'EfficacyFeedback': recommendation_id, client_id, technique_id, efficacy_rating, and 2 more.
src/lib/db/ai/repository.ts(959,7): error TS2353: Object literal may only specify known properties, and 'characteristics' does not exist in type 'ClientProfile'.
src/lib/db/conversations.ts(73,9): error TS2554: Expected 4-6 arguments, but got 1.
src/lib/db/conversations.ts(111,9): error TS2554: Expected 4-6 arguments, but got 1.
src/lib/db/conversations.ts(146,9): error TS2554: Expected 4-6 arguments, but got 1.
src/lib/db/messages.ts(88,9): error TS2554: Expected 4-6 arguments, but got 1.
src/lib/db/messages.ts(142,9): error TS2554: Expected 4-6 arguments, but got 1.
src/lib/db/migrations/20250320_add_ai_performance_metrics.ts(4,34): error TS4111: Property 'DATABASE_URL' comes from an index signature, so it must be accessed with ['DATABASE_URL'].
src/lib/db/migrations/20250320_add_ai_performance_metrics.ts(7,19): error TS2345: Argument of type 'TemplateStringsArray' is not assignable to parameter of type 'string'.
src/lib/db/migrations/20250320_add_ai_performance_metrics.ts(35,19): error TS2345: Argument of type 'TemplateStringsArray' is not assignable to parameter of type 'string'.
src/lib/db/migrations/20250321_add_ai_usage_logs.ts(4,34): error TS4111: Property 'DATABASE_URL' comes from an index signature, so it must be accessed with ['DATABASE_URL'].
src/lib/db/migrations/20250321_add_ai_usage_logs.ts(7,19): error TS2345: Argument of type 'TemplateStringsArray' is not assignable to parameter of type 'string'.
src/lib/db/migrations/20250321_add_ai_usage_logs.ts(49,19): error TS2345: Argument of type 'TemplateStringsArray' is not assignable to parameter of type 'string'.
src/lib/db/security/initialize.ts(1,10): error TS2305: Module '"../../audit/log"' has no exported member 'createAuditLog'.
src/lib/db/security/schema.ts(5,26): error TS2559: Type '"security-schema"' has no properties in common with type 'LoggerOptions'.
src/lib/db/security/schema.ts(13,17): error TS4111: Property 'NODE_ENV' comes from an index signature, so it must be accessed with ['NODE_ENV'].
src/lib/db/user-settings.ts(52,5): error TS2345: Argument of type '"user_settings_created"' is not assignable to parameter of type 'AuditEventType'.
src/lib/db/user-settings.ts(90,5): error TS2345: Argument of type '"user_settings_updated"' is not assignable to parameter of type 'AuditEventType'.
src/lib/documentation/DocumentationSystem.ts(215,9): error TS2322: Type 'TherapySession | undefined' is not assignable to type 'TherapySession | null'.
  Type 'undefined' is not assignable to type 'TherapySession | null'.
src/lib/documentation/DocumentationSystem.ts(256,9): error TS2353: Object literal may only specify known properties, and 'suggestedInterventions' does not exist in type 'TherapyAIResponse'.
src/lib/documentation/DocumentationSystem.ts(306,50): error TS2339: Property 'generateSessionDocumentation' does not exist on type 'AIService'.
src/lib/documentation/ehrIntegration.ts(1,43): error TS2307: Cannot find module '../ai/interfaces/therapy' or its corresponding type declarations.
src/lib/documentation/ehrIntegration.ts(224,18): error TS7006: Parameter 't' implicitly has an 'any' type.
src/lib/documentation/ehrIntegration.ts(239,20): error TS7006: Parameter 'g' implicitly has an 'any' type.
src/lib/documentation/ehrIntegration.ts(288,22): error TS7006: Parameter 'g' implicitly has an 'any' type.
src/lib/documentation/ehrIntegration.ts(326,14): error TS7006: Parameter 't' implicitly has an 'any' type.
src/lib/documentation/ehrIntegration.ts(337,14): error TS7006: Parameter 'g' implicitly has an 'any' type.
src/lib/documentation/ehrIntegration.ts(394,38): error TS4111: Property 'title' comes from an index signature, so it must be accessed with ['title'].
src/lib/documentation/ehrIntegration.ts(502,25): error TS4111: Property 'content' comes from an index signature, so it must be accessed with ['content'].
src/lib/documentation/ehrIntegration.ts(503,35): error TS4111: Property 'content' comes from an index signature, so it must be accessed with ['content'].
src/lib/documentation/ehrIntegration.ts(506,18): error TS4111: Property 'content' comes from an index signature, so it must be accessed with ['content'].
src/lib/documentation/ehrIntegration.ts(507,23): error TS4111: Property 'content' comes from an index signature, so it must be accessed with ['content'].
src/lib/ehr/__tests__/allscripts.test.ts(23,15): error TS2304: Cannot find name 'testId'.
src/lib/ehr/__tests__/allscripts.test.ts(24,31): error TS4111: Property 'CLIENT_SECRET' comes from an index signature, so it must be accessed with ['CLIENT_SECRET'].
src/lib/ehr/__tests__/athenahealth.test.ts(14,15): error TS2304: Cannot find name 'testId'.
src/lib/ehr/__tests__/athenahealth.test.ts(15,31): error TS4111: Property 'CLIENT_SECRET' comes from an index signature, so it must be accessed with ['CLIENT_SECRET'].
src/lib/ehr/__tests__/cerner.test.ts(15,15): error TS2304: Cannot find name 'testId'.
src/lib/ehr/__tests__/cerner.test.ts(16,31): error TS4111: Property 'CLIENT_SECRET' comes from an index signature, so it must be accessed with ['CLIENT_SECRET'].
src/lib/ehr/__tests__/ehr.test.ts(17,15): error TS2304: Cannot find name 'testId'.
src/lib/ehr/__tests__/ehr.test.ts(18,31): error TS4111: Property 'CLIENT_SECRET' comes from an index signature, so it must be accessed with ['CLIENT_SECRET'].
src/lib/ehr/__tests__/ehr.test.ts(36,38): error TS2345: Argument of type '{ id: string; name: string; vendor: "epic"; baseUrl: string; clientId: any; clientSecret: string; scopes: string[]; }' is not assignable to parameter of type 'EHRProvider'.
  Type '{ id: string; name: string; vendor: "epic"; baseUrl: string; clientId: any; clientSecret: string; scopes: string[]; }' is missing the following properties from type 'EHRProvider': initialize, cleanup
src/lib/ehr/__tests__/ehr.test.ts(46,38): error TS2345: Argument of type '{ vendor: string; id: string; name: string; baseUrl: string; clientId: any; clientSecret: string; scopes: string[]; }' is not assignable to parameter of type 'EHRProvider'.
  Type '{ vendor: string; id: string; name: string; baseUrl: string; clientId: any; clientSecret: string; scopes: string[]; }' is missing the following properties from type 'EHRProvider': initialize, cleanup
src/lib/ehr/__tests__/ehr.test.ts(53,42): error TS2345: Argument of type '{ id: string; name: string; vendor: "epic"; baseUrl: string; clientId: any; clientSecret: string; scopes: string[]; }' is not assignable to parameter of type 'EHRProvider'.
  Type '{ id: string; name: string; vendor: "epic"; baseUrl: string; clientId: any; clientSecret: string; scopes: string[]; }' is missing the following properties from type 'EHRProvider': initialize, cleanup
src/lib/ehr/__tests__/ehr.test.ts(67,42): error TS2345: Argument of type '{ id: string; name: string; vendor: "epic"; baseUrl: string; clientId: any; clientSecret: string; scopes: string[]; }' is not assignable to parameter of type 'EHRProvider'.
  Type '{ id: string; name: string; vendor: "epic"; baseUrl: string; clientId: any; clientSecret: string; scopes: string[]; }' is missing the following properties from type 'EHRProvider': initialize, cleanup
src/lib/ehr/__tests__/ehr.test.ts(78,42): error TS2345: Argument of type '{ id: string; name: string; vendor: "epic"; baseUrl: string; clientId: any; clientSecret: string; scopes: string[]; }' is not assignable to parameter of type 'EHRProvider'.
  Type '{ id: string; name: string; vendor: "epic"; baseUrl: string; clientId: any; clientSecret: string; scopes: string[]; }' is missing the following properties from type 'EHRProvider': initialize, cleanup
src/lib/ehr/__tests__/ehr.test.ts(87,42): error TS2345: Argument of type '{ id: string; name: string; vendor: "epic"; baseUrl: string; clientId: any; clientSecret: string; scopes: string[]; }' is not assignable to parameter of type 'EHRProvider'.
  Type '{ id: string; name: string; vendor: "epic"; baseUrl: string; clientId: any; clientSecret: string; scopes: string[]; }' is missing the following properties from type 'EHRProvider': initialize, cleanup
src/lib/ehr/__tests__/ehr.test.ts(109,15): error TS2304: Cannot find name 'testId'.
src/lib/ehr/__tests__/ehr.test.ts(110,31): error TS4111: Property 'CLIENT_SECRET' comes from an index signature, so it must be accessed with ['CLIENT_SECRET'].
src/lib/ehr/plugins/registry.ts(37,11): error TS2375: Type '{ id: string; name: string; version: string; description: string | undefined; enabled: false; }' is not assignable to type 'PluginMetadata' with 'exactOptionalPropertyTypes: true'. Consider adding 'undefined' to the types of the target's properties.
  Types of property 'description' are incompatible.
    Type 'string | undefined' is not assignable to type 'string'.
      Type 'undefined' is not assignable to type 'string'.
src/lib/ehr/providers/allscripts.provider.ts(31,9): error TS4114: This member must have an 'override' modifier because it overrides a member in the base class 'BaseEHRProvider'.
src/lib/ehr/providers/allscripts.provider.ts(160,9): error TS4114: This member must have an 'override' modifier because it overrides a member in the base class 'BaseEHRProvider'.
src/lib/ehr/providers/athenahealth.provider.ts(57,9): error TS4114: This member must have an 'override' modifier because it overrides a member in the base class 'BaseEHRProvider'.
src/lib/ehr/providers/athenahealth.provider.ts(186,9): error TS4114: This member must have an 'override' modifier because it overrides a member in the base class 'BaseEHRProvider'.
src/lib/ehr/providers/cerner.provider.ts(29,9): error TS4114: This member must have an 'override' modifier because it overrides a member in the base class 'BaseEHRProvider'.
src/lib/ehr/providers/cerner.provider.ts(108,9): error TS4114: This member must have an 'override' modifier because it overrides a member in the base class 'BaseEHRProvider'.
src/lib/ehr/providers/epic.provider.ts(24,9): error TS4114: This member must have an 'override' modifier because it overrides a member in the base class 'BaseEHRProvider'.
src/lib/ehr/providers/epic.provider.ts(69,9): error TS4114: This member must have an 'override' modifier because it overrides a member in the base class 'BaseEHRProvider'.
src/lib/ehr/services/ehr.service.ts(26,15): error TS18046: 'validatedConfig.vendor' is of type 'unknown'.
src/lib/ehr/services/ehr.service.ts(29,13): error TS2345: Argument of type 'unknown' is not assignable to parameter of type 'string'.
src/lib/ehr/services/ehr.service.ts(40,13): error TS2345: Argument of type 'unknown' is not assignable to parameter of type 'string'.
src/lib/ehr/services/ehr.service.ts(51,13): error TS2345: Argument of type 'unknown' is not assignable to parameter of type 'string'.
src/lib/ehr/services/ehr.service.ts(62,13): error TS2345: Argument of type 'unknown' is not assignable to parameter of type 'string'.
src/lib/ehr/services/ehr.service.ts(75,13): error TS2345: Argument of type 'unknown' is not assignable to parameter of type 'string | undefined'.
src/lib/ehr/services/ehr.service.ts(83,26): error TS2345: Argument of type 'unknown' is not assignable to parameter of type 'string'.
src/lib/ehr/services/oauth2.service.ts(48,21): error TS2339: Property 'access_token' does not exist on type 'string'.
src/lib/ehr/types.ts(142,13): error TS2693: 'string' only refers to a type, but is being used as a value here.
src/lib/email.ts(228,35): error TS6133: 'message' is declared but its value is never read.
src/lib/email.ts(274,11): error TS2375: Type '{ provider: "smtp"; fromEmail: string; fromName: string; smtpHost: string | undefined; smtpPort: number; smtpUser: string | undefined; smtpPassword: string | undefined; apiKey: string | undefined; }' is not assignable to type 'EmailConfig' with 'exactOptionalPropertyTypes: true'. Consider adding 'undefined' to the types of the target's properties.
  Types of property 'apiKey' are incompatible.
    Type 'string | undefined' is not assignable to type 'string'.
      Type 'undefined' is not assignable to type 'string'.
src/lib/email.ts(276,30): error TS4111: Property 'FROM_EMAIL' comes from an index signature, so it must be accessed with ['FROM_EMAIL'].
src/lib/email.ts(277,29): error TS4111: Property 'FROM_NAME' comes from an index signature, so it must be accessed with ['FROM_NAME'].
src/lib/email.ts(278,29): error TS4111: Property 'SMTP_HOST' comes from an index signature, so it must be accessed with ['SMTP_HOST'].
src/lib/email.ts(279,45): error TS4111: Property 'SMTP_PORT' comes from an index signature, so it must be accessed with ['SMTP_PORT'].
src/lib/email.ts(280,29): error TS4111: Property 'SMTP_USER' comes from an index signature, so it must be accessed with ['SMTP_USER'].
src/lib/email.ts(281,33): error TS4111: Property 'SMTP_PASSWORD' comes from an index signature, so it must be accessed with ['SMTP_PASSWORD'].
src/lib/email.ts(282,27): error TS4111: Property 'EMAIL_API_KEY' comes from an index signature, so it must be accessed with ['EMAIL_API_KEY'].
src/lib/encryption.ts(22,22): error TS4111: Property 'ENCRYPTION_KEY' comes from an index signature, so it must be accessed with ['ENCRYPTION_KEY'].
src/lib/encryption.ts(26,21): error TS4111: Property 'ENCRYPTION_KEY' comes from an index signature, so it must be accessed with ['ENCRYPTION_KEY'].
src/lib/encryption.ts(36,34): error TS4111: Property 'ENCRYPTION_KEY' comes from an index signature, so it must be accessed with ['ENCRYPTION_KEY'].
src/lib/encryption.ts(147,40): error TS2345: Argument of type 'Buffer' is not assignable to parameter of type 'Uint8Array<ArrayBufferLike>'.
  The types of 'slice(...).buffer' are incompatible between these types.
    Type 'ArrayBufferLike' is not assignable to type 'ArrayBuffer'.
      Type 'SharedArrayBuffer' is missing the following properties from type 'ArrayBuffer': resizable, resize, detached, transfer, transferToFixedLength
src/lib/error/ErrorBoundary.tsx(2,23): error TS2307: Cannot find module '@/components/ui/Alert' or its corresponding type declarations.
src/lib/error/ErrorBoundary.tsx(20,10): error TS4114: This member must have an 'override' modifier because it overrides a member in the base class 'Component<Props, State, any>'.
src/lib/error/ErrorBoundary.tsx(29,10): error TS4114: This member must have an 'override' modifier because it overrides a member in the base class 'Component<Props, State, any>'.
src/lib/error/ErrorBoundary.tsx(45,10): error TS4114: This member must have an 'override' modifier because it overrides a member in the base class 'Component<Props, State, any>'.
src/lib/fhe.ts(57,11): error TS6133: 'evaluator' is declared but its value is never read.
src/lib/fhe.ts(168,18): error TS2532: Object is possibly 'undefined'.
src/lib/fhe.ts(182,29): error TS18048: 'value' is possibly 'undefined'.
src/lib/fhe/__mocks__/fhe-service.ts(4,10): error TS2305: Module '"vitest"' has no exported member 'vi'.
src/lib/fhe/__tests__/multi-tenant-isolation.test.ts(14,10): error TS2614: Module '"../index"' has no exported member 'fheService'. Did you mean to use 'import fheService from "../index"' instead?
src/lib/fhe/__tests__/multi-tenant-isolation.test.ts(15,31): error TS2307: Cannot find module '../tenant-manager' or its corresponding type declarations.
src/lib/fhe/__tests__/parameter-optimizer.test.ts(5,10): error TS2305: Module '"vitest"' has no exported member 'describe'.
src/lib/fhe/__tests__/parameter-optimizer.test.ts(5,20): error TS2305: Module '"vitest"' has no exported member 'expect'.
src/lib/fhe/__tests__/parameter-optimizer.test.ts(5,28): error TS2305: Module '"vitest"' has no exported member 'beforeEach'.
src/lib/fhe/__tests__/parameter-optimizer.test.ts(5,40): error TS2305: Module '"vitest"' has no exported member 'it'.
src/lib/fhe/__tests__/parameter-optimizer.test.ts(5,44): error TS2305: Module '"vitest"' has no exported member 'vi'.
src/lib/fhe/__tests__/parameter-optimizer.test.ts(59,7): error TS2322: Type 'SealSecurityLevel' is not assignable to type 'SecurityLevel'.
  Type '"tc128"' is not assignable to type 'SecurityLevel'. Did you mean 'SecurityLevel.TC192'?
src/lib/fhe/analytics.ts(135,30): error TS4111: Property 'NODE_ENV' comes from an index signature, so it must be accessed with ['NODE_ENV'].
src/lib/fhe/analytics.ts(515,11): error TS2532: Object is possibly 'undefined'.
src/lib/fhe/analytics.ts(516,11): error TS2532: Object is possibly 'undefined'.
src/lib/fhe/analytics.ts(519,13): error TS2322: Type 'ChatMessage | undefined' is not assignable to type 'ChatMessage'.
  Type 'undefined' is not assignable to type 'ChatMessage'.
src/lib/fhe/analytics.ts(520,13): error TS2322: Type 'ChatMessage | undefined' is not assignable to type 'ChatMessage'.
  Type 'undefined' is not assignable to type 'ChatMessage'.
src/lib/fhe/analytics.ts(643,32): error TS2532: Object is possibly 'undefined'.
src/lib/fhe/analytics.ts(645,11): error TS2532: Object is possibly 'undefined'.
src/lib/fhe/exports.ts(28,10): error TS2614: Module '"./index"' has no exported member 'fheService'. Did you mean to use 'import fheService from "./index"' instead?
src/lib/fhe/exports.ts(69,11): error TS2339: Property 'fheService' does not exist on type 'typeof import("/app/src/lib/fhe/index")'.
src/lib/fhe/exports.ts(81,10): error TS2614: Module '"./index"' has no exported member 'FHEService'. Did you mean to use 'import FHEService from "./index"' instead?
src/lib/fhe/fhe-factory.ts(133,34): error TS2345: Argument of type 'SealCipherText' is not assignable to parameter of type 'string'.
src/lib/fhe/fhe-factory.ts(147,33): error TS4111: Property 'serializedCiphertext' comes from an index signature, so it must be accessed with ['serializedCiphertext'].
src/lib/fhe/fhe-factory.ts(154,41): error TS2345: Argument of type '{}' is not assignable to parameter of type 'SealCipherText'.
  Type '{}' is missing the following properties from type 'SealCipherText': copy, delete
src/lib/fhe/fhe-factory.ts(172,39): error TS4111: Property 'serializedCiphertext' comes from an index signature, so it must be accessed with ['serializedCiphertext'].
src/lib/fhe/fhe-factory.ts(173,39): error TS4111: Property 'serializedCiphertext' comes from an index signature, so it must be accessed with ['serializedCiphertext'].
src/lib/fhe/fhe-factory.ts(180,9): error TS2345: Argument of type 'string' is not assignable to parameter of type 'SealCipherText'.
src/lib/fhe/fhe-factory.ts(188,34): error TS2345: Argument of type 'unknown' is not assignable to parameter of type 'string'.
src/lib/fhe/fhe-factory.ts(206,39): error TS4111: Property 'serializedCiphertext' comes from an index signature, so it must be accessed with ['serializedCiphertext'].
src/lib/fhe/fhe-factory.ts(207,39): error TS4111: Property 'serializedCiphertext' comes from an index signature, so it must be accessed with ['serializedCiphertext'].
src/lib/fhe/fhe-factory.ts(214,9): error TS2345: Argument of type 'string' is not assignable to parameter of type 'SealCipherText'.
src/lib/fhe/fhe-factory.ts(222,34): error TS2345: Argument of type 'unknown' is not assignable to parameter of type 'string'.
src/lib/fhe/fhe-factory.ts(240,39): error TS4111: Property 'serializedCiphertext' comes from an index signature, so it must be accessed with ['serializedCiphertext'].
src/lib/fhe/fhe-factory.ts(241,39): error TS4111: Property 'serializedCiphertext' comes from an index signature, so it must be accessed with ['serializedCiphertext'].
src/lib/fhe/fhe-factory.ts(248,9): error TS2345: Argument of type 'string' is not assignable to parameter of type 'SealCipherText'.
src/lib/fhe/fhe-factory.ts(256,34): error TS2345: Argument of type 'unknown' is not assignable to parameter of type 'string'.
src/lib/fhe/fhe-factory.ts(267,25): error TS4111: Property 'serializedCiphertext' comes from an index signature, so it must be accessed with ['serializedCiphertext'].
src/lib/fhe/fhe-factory.ts(273,50): error TS2345: Argument of type '{}' is not assignable to parameter of type 'SealCipherText'.
  Type '{}' is missing the following properties from type 'SealCipherText': copy, delete
src/lib/fhe/fhe-factory.ts(279,34): error TS2345: Argument of type 'unknown' is not assignable to parameter of type 'string'.
src/lib/fhe/fhe-factory.ts(293,25): error TS4111: Property 'serializedCiphertext' comes from an index signature, so it must be accessed with ['serializedCiphertext'].
src/lib/fhe/fhe-factory.ts(299,54): error TS2345: Argument of type '{}' is not assignable to parameter of type 'SealCipherText'.
  Type '{}' is missing the following properties from type 'SealCipherText': copy, delete
src/lib/fhe/fhe-factory.ts(305,34): error TS2345: Argument of type 'unknown' is not assignable to parameter of type 'string'.
src/lib/fhe/fhe-factory.ts(319,26): error TS4111: Property 'serializedCiphertext' comes from an index signature, so it must be accessed with ['serializedCiphertext'].
src/lib/fhe/fhe-factory.ts(325,50): error TS2345: Argument of type '{}' is not assignable to parameter of type 'SealCipherText'.
  Type '{}' is missing the following properties from type 'SealCipherText': copy, delete
src/lib/fhe/fhe-factory.ts(331,34): error TS2345: Argument of type 'unknown' is not assignable to parameter of type 'string'.
src/lib/fhe/fhe-factory.ts(382,33): error TS4111: Property 'NODE_ENV' comes from an index signature, so it must be accessed with ['NODE_ENV'].
src/lib/fhe/fhe-factory.ts(491,45): error TS2379: Argument of type '{ tenantConfig: undefined; implementation?: FHEImplementation; requiredOperations?: FHEOperation[]; useEncryption?: boolean; }' is not assignable to parameter of type 'FHEFactoryOptions' with 'exactOptionalPropertyTypes: true'. Consider adding 'undefined' to the types of the target's properties.
  Types of property 'tenantConfig' are incompatible.
    Type 'undefined' is not assignable to type 'TenantConfig'.
src/lib/fhe/fhe-factory.ts(524,43): error TS2379: Argument of type '{ tenantConfig: undefined; implementation?: FHEImplementation; requiredOperations?: FHEOperation[]; useEncryption?: boolean; }' is not assignable to parameter of type 'FHEFactoryOptions' with 'exactOptionalPropertyTypes: true'. Consider adding 'undefined' to the types of the target's properties.
  Types of property 'tenantConfig' are incompatible.
    Type 'undefined' is not assignable to type 'TenantConfig'.
src/lib/fhe/fhe-factory.ts(565,32): error TS4111: Property 'tenantId' comes from an index signature, so it must be accessed with ['tenantId'].
src/lib/fhe/fhe-factory.ts(566,32): error TS4111: Property 'tenantId' comes from an index signature, so it must be accessed with ['tenantId'].
src/lib/fhe/fhe-factory.ts(569,98): error TS4111: Property 'tenantId' comes from an index signature, so it must be accessed with ['tenantId'].
src/lib/fhe/homomorphic-ops.ts(248,22): error TS4111: Property 'confidence' comes from an index signature, so it must be accessed with ['confidence'].
src/lib/fhe/homomorphic-ops.ts(263,22): error TS4111: Property 'categories' comes from an index signature, so it must be accessed with ['categories'].
src/lib/fhe/homomorphic-ops.ts(263,43): error TS4111: Property 'categories' comes from an index signature, so it must be accessed with ['categories'].
src/lib/fhe/homomorphic-ops.ts(311,7): error TS2375: Type '{ success: false; error: string; result: undefined; operationType: FHEOperation; timestamp: number; metadata: { operation: FHEOperation; timestamp: number; error: boolean; }; }' is not assignable to type 'HomomorphicOperationResult' with 'exactOptionalPropertyTypes: true'. Consider adding 'undefined' to the types of the target's properties.
  Types of property 'result' are incompatible.
    Type 'undefined' is not assignable to type 'string'.
src/lib/fhe/homomorphic-ops.ts(356,27): error TS4111: Property 'addend' comes from an index signature, so it must be accessed with ['addend'].
src/lib/fhe/homomorphic-ops.ts(357,44): error TS2345: Argument of type 'string' is not assignable to parameter of type 'SealCipherText'.
src/lib/fhe/homomorphic-ops.ts(358,18): error TS2322: Type 'unknown' is not assignable to type 'string'.
src/lib/fhe/homomorphic-ops.ts(362,31): error TS4111: Property 'subtrahend' comes from an index signature, so it must be accessed with ['subtrahend'].
src/lib/fhe/homomorphic-ops.ts(364,11): error TS2345: Argument of type 'string' is not assignable to parameter of type 'SealCipherText'.
src/lib/fhe/homomorphic-ops.ts(367,18): error TS2322: Type 'unknown' is not assignable to type 'string'.
src/lib/fhe/homomorphic-ops.ts(371,31): error TS4111: Property 'multiplier' comes from an index signature, so it must be accessed with ['multiplier'].
src/lib/fhe/homomorphic-ops.ts(373,11): error TS2345: Argument of type 'string' is not assignable to parameter of type 'SealCipherText'.
src/lib/fhe/homomorphic-ops.ts(376,18): error TS2322: Type 'unknown' is not assignable to type 'string'.
src/lib/fhe/homomorphic-ops.ts(380,47): error TS2345: Argument of type 'string' is not assignable to parameter of type 'SealCipherText'.
src/lib/fhe/homomorphic-ops.ts(381,18): error TS2322: Type 'unknown' is not assignable to type 'string'.
src/lib/fhe/homomorphic-ops.ts(385,33): error TS4111: Property 'coefficients' comes from an index signature, so it must be accessed with ['coefficients'].
src/lib/fhe/homomorphic-ops.ts(387,11): error TS2345: Argument of type 'string' is not assignable to parameter of type 'SealCipherText'.
src/lib/fhe/homomorphic-ops.ts(390,18): error TS2322: Type 'unknown' is not assignable to type 'string'.
src/lib/fhe/homomorphic-ops.ts(394,26): error TS4111: Property 'steps' comes from an index signature, so it must be accessed with ['steps'].
src/lib/fhe/homomorphic-ops.ts(395,47): error TS2345: Argument of type 'string' is not assignable to parameter of type 'SealCipherText'.
src/lib/fhe/homomorphic-ops.ts(396,18): error TS2322: Type 'unknown' is not assignable to type 'string'.
src/lib/fhe/homomorphic-ops.ts(453,18): error TS4111: Property 'confidence' comes from an index signature, so it must be accessed with ['confidence'].
src/lib/fhe/homomorphic-ops.ts(459,19): error TS4111: Property 'categories' comes from an index signature, so it must be accessed with ['categories'].
src/lib/fhe/homomorphic-ops.ts(461,18): error TS4111: Property 'categories' comes from an index signature, so it must be accessed with ['categories'].
src/lib/fhe/homomorphic-ops.ts(461,39): error TS4111: Property 'categories' comes from an index signature, so it must be accessed with ['categories'].
src/lib/fhe/homomorphic-ops.ts(467,19): error TS4111: Property 'maxLength' comes from an index signature, so it must be accessed with ['maxLength'].
src/lib/fhe/homomorphic-ops.ts(469,18): error TS4111: Property 'maxLength' comes from an index signature, so it must be accessed with ['maxLength'].
src/lib/fhe/homomorphic-ops.ts(469,38): error TS4111: Property 'maxLength' comes from an index signature, so it must be accessed with ['maxLength'].
src/lib/fhe/homomorphic-ops.ts(475,18): error TS4111: Property 'tokenCount' comes from an index signature, so it must be accessed with ['tokenCount'].
src/lib/fhe/homomorphic-ops.ts(481,19): error TS4111: Property 'filterTerms' comes from an index signature, so it must be accessed with ['filterTerms'].
src/lib/fhe/homomorphic-ops.ts(483,18): error TS4111: Property 'filtered' comes from an index signature, so it must be accessed with ['filtered'].
src/lib/fhe/homomorphic-ops.ts(489,19): error TS4111: Property 'operation' comes from an index signature, so it must be accessed with ['operation'].
src/lib/fhe/homomorphic-ops.ts(492,18): error TS4111: Property 'custom' comes from an index signature, so it must be accessed with ['custom'].
src/lib/fhe/homomorphic-ops.ts(492,35): error TS4111: Property 'operation' comes from an index signature, so it must be accessed with ['operation'].
src/lib/fhe/homomorphic-ops.ts(497,18): error TS4111: Property 'supported' comes from an index signature, so it must be accessed with ['supported'].
src/lib/fhe/index.ts(13,26): error TS2345: Argument of type '{ prefix: string; }' is not assignable to parameter of type 'string'.
src/lib/fhe/index.ts(56,7): error TS2322: Type 'string | undefined' is not assignable to type 'string'.
  Type 'undefined' is not assignable to type 'string'.
src/lib/fhe/index.ts(68,7): error TS6133: 'data' is declared but its value is never read.
src/lib/fhe/key-rotation.ts(275,25): error TS4111: Property 'NODE_ENV' comes from an index signature, so it must be accessed with ['NODE_ENV'].
src/lib/fhe/key-rotation.ts(300,46): error TS4111: Property 'KEY_ROTATION_LAMBDA_ARN' comes from an index signature, so it must be accessed with ['KEY_ROTATION_LAMBDA_ARN'].
src/lib/fhe/key-rotation.ts(306,52): error TS2769: No overload matches this call.
  Overload 1 of 2, '(params: RotateSecretRequest, callback?: ((err: AWSError, data: RotateSecretResponse) => void) | undefined): Request<RotateSecretResponse, AWSError>', gave the following error.
    Argument of type '{ SecretId: string; RotationLambdaARN: string | undefined; RotationRules: { AutomaticallyAfterDays: number | undefined; }; }' is not assignable to parameter of type 'RotateSecretRequest' with 'exactOptionalPropertyTypes: true'. Consider adding 'undefined' to the types of the target's properties.
      Types of property 'RotationLambdaARN' are incompatible.
        Type 'string | undefined' is not assignable to type 'string'.
          Type 'undefined' is not assignable to type 'string'.
  Overload 2 of 2, '(callback?: ((err: AWSError, data: RotateSecretResponse) => void) | undefined): Request<RotateSecretResponse, AWSError>', gave the following error.
    Argument of type '{ SecretId: string; RotationLambdaARN: string | undefined; RotationRules: { AutomaticallyAfterDays: number | undefined; }; }' is not assignable to parameter of type '(err: AWSError, data: RotateSecretResponse) => void'.
      Type '{ SecretId: string; RotationLambdaARN: string | undefined; RotationRules: { AutomaticallyAfterDays: number | undefined; }; }' provides no match for the signature '(err: AWSError, data: RotateSecretResponse): void'.
src/lib/fhe/key-rotation.ts(390,28): error TS18048: 'newestKey' is possibly 'undefined'.
src/lib/fhe/key-rotation.ts(396,26): error TS18048: 'newestKey' is possibly 'undefined'.
src/lib/fhe/key-rotation.ts(397,26): error TS18048: 'newestKey' is possibly 'undefined'.
src/lib/fhe/key-rotation.ts(405,26): error TS18048: 'newestKey' is possibly 'undefined'.
src/lib/fhe/key-rotation.ts(405,40): error TS18048: 'newestKey' is possibly 'undefined'.
src/lib/fhe/key-rotation.ts(429,23): error TS4111: Property 'NODE_ENV' comes from an index signature, so it must be accessed with ['NODE_ENV'].
src/lib/fhe/key-rotation.ts(438,14): error TS2769: No overload matches this call.
  Overload 1 of 2, '(params: ListSecretsRequest, callback?: ((err: AWSError, data: ListSecretsResponse) => void) | undefined): Request<ListSecretsResponse, AWSError>', gave the following error.
    Argument of type '{ Filters: { Key: string; Values: string[]; }[]; NextToken: string | undefined; }' is not assignable to parameter of type 'ListSecretsRequest' with 'exactOptionalPropertyTypes: true'. Consider adding 'undefined' to the types of the target's properties.
      Types of property 'NextToken' are incompatible.
        Type 'string | undefined' is not assignable to type 'string'.
          Type 'undefined' is not assignable to type 'string'.
  Overload 2 of 2, '(callback?: ((err: AWSError, data: ListSecretsResponse) => void) | undefined): Request<ListSecretsResponse, AWSError>', gave the following error.
    Object literal may only specify known properties, and 'Filters' does not exist in type '(err: AWSError, data: ListSecretsResponse) => void'.
src/lib/fhe/key-rotation.ts(490,30): error TS18048: 'newestKey' is possibly 'undefined'.
src/lib/fhe/key-rotation.ts(495,26): error TS18048: 'newestKey' is possibly 'undefined'.
src/lib/fhe/key-rotation.ts(496,26): error TS18048: 'newestKey' is possibly 'undefined'.
src/lib/fhe/key-rotation.ts(501,28): error TS18048: 'newestKey' is possibly 'undefined'.
src/lib/fhe/key-rotation.ts(501,42): error TS18048: 'newestKey' is possibly 'undefined'.
src/lib/fhe/key-rotation.ts(504,34): error TS18048: 'newestKey' is possibly 'undefined'.
src/lib/fhe/key-rotation.ts(527,30): error TS18048: 'newestKey' is possibly 'undefined'.
src/lib/fhe/key-rotation.ts(532,26): error TS18048: 'newestKey' is possibly 'undefined'.
src/lib/fhe/key-rotation.ts(533,26): error TS18048: 'newestKey' is possibly 'undefined'.
src/lib/fhe/key-rotation.ts(538,28): error TS18048: 'newestKey' is possibly 'undefined'.
src/lib/fhe/key-rotation.ts(538,42): error TS18048: 'newestKey' is possibly 'undefined'.
src/lib/fhe/mock/index.ts(11,3): error TS2459: Module '"./mock-fhe-service"' declares 'MockFHEScheme' locally, but it is not exported.
src/lib/fhe/mock/mock-fhe-service.ts(73,11): error TS6133: 'keysGenerated' is declared but its value is never read.
src/lib/fhe/mock/mock-fhe-service.ts(333,16): error TS4111: Property 'categories' comes from an index signature, so it must be accessed with ['categories'].
src/lib/fhe/parameter-optimizer.ts(364,7): error TS2532: Object is possibly 'undefined'.
src/lib/fhe/parameter-optimizer.ts(442,5): error TS6133: 'basePreset' is declared but its value is never read.
src/lib/fhe/parameter-optimizer.ts(467,5): error TS2375: Type '{ polyModulusDegree?: number; coeffModulusBits?: number[]; plainModulus?: number; scale?: number; securityLevel?: SealSecurityLevel; }' is not assignable to type 'SealEncryptionParamsOptions' with 'exactOptionalPropertyTypes: true'. Consider adding 'undefined' to the types of the target's properties.
  Property 'polyModulusDegree' is optional in type '{ polyModulusDegree?: number; coeffModulusBits?: number[]; plainModulus?: number; scale?: number; securityLevel?: SealSecurityLevel; }' but required in type 'SealEncryptionParamsOptions'.
src/lib/fhe/parameter-optimizer.ts(474,5): error TS6133: 'basePreset' is declared but its value is never read.
src/lib/fhe/parameter-optimizer.ts(503,5): error TS2375: Type '{ polyModulusDegree?: number; coeffModulusBits?: number[]; plainModulus?: number; scale?: number; securityLevel?: SealSecurityLevel; }' is not assignable to type 'SealEncryptionParamsOptions' with 'exactOptionalPropertyTypes: true'. Consider adding 'undefined' to the types of the target's properties.
  Property 'polyModulusDegree' is optional in type '{ polyModulusDegree?: number; coeffModulusBits?: number[]; plainModulus?: number; scale?: number; securityLevel?: SealSecurityLevel; }' but required in type 'SealEncryptionParamsOptions'.
src/lib/fhe/parameter-optimizer.ts(541,5): error TS2375: Type '{ polyModulusDegree?: number; coeffModulusBits?: number[]; plainModulus?: number; scale?: number; securityLevel?: SealSecurityLevel; }' is not assignable to type 'SealEncryptionParamsOptions' with 'exactOptionalPropertyTypes: true'. Consider adding 'undefined' to the types of the target's properties.
  Property 'polyModulusDegree' is optional in type '{ polyModulusDegree?: number; coeffModulusBits?: number[]; plainModulus?: number; scale?: number; securityLevel?: SealSecurityLevel; }' but required in type 'SealEncryptionParamsOptions'.
src/lib/fhe/parameter-optimizer.ts(548,5): error TS6133: 'basePreset' is declared but its value is never read.
src/lib/fhe/parameter-optimizer.ts(573,5): error TS2375: Type '{ polyModulusDegree?: number; coeffModulusBits?: number[]; plainModulus?: number; scale?: number; securityLevel?: SealSecurityLevel; }' is not assignable to type 'SealEncryptionParamsOptions' with 'exactOptionalPropertyTypes: true'. Consider adding 'undefined' to the types of the target's properties.
  Property 'polyModulusDegree' is optional in type '{ polyModulusDegree?: number; coeffModulusBits?: number[]; plainModulus?: number; scale?: number; securityLevel?: SealSecurityLevel; }' but required in type 'SealEncryptionParamsOptions'.
src/lib/fhe/parameter-optimizer.ts(614,5): error TS2375: Type '{ polyModulusDegree?: number; coeffModulusBits?: number[]; plainModulus?: number; scale?: number; securityLevel?: SealSecurityLevel; }' is not assignable to type 'SealEncryptionParamsOptions' with 'exactOptionalPropertyTypes: true'. Consider adding 'undefined' to the types of the target's properties.
  Property 'polyModulusDegree' is optional in type '{ polyModulusDegree?: number; coeffModulusBits?: number[]; plainModulus?: number; scale?: number; securityLevel?: SealSecurityLevel; }' but required in type 'SealEncryptionParamsOptions'.
src/lib/fhe/parameter-optimizer.ts(753,5): error TS2375: Type '{ polyModulusDegree?: number; coeffModulusBits?: number[]; plainModulus?: number; scale?: number; securityLevel?: SealSecurityLevel; }' is not assignable to type 'SealEncryptionParamsOptions' with 'exactOptionalPropertyTypes: true'. Consider adding 'undefined' to the types of the target's properties.
  Property 'polyModulusDegree' is optional in type '{ polyModulusDegree?: number; coeffModulusBits?: number[]; plainModulus?: number; scale?: number; securityLevel?: SealSecurityLevel; }' but required in type 'SealEncryptionParamsOptions'.
src/lib/fhe/parameter-optimizer.ts(768,43): error TS4111: Property 'dataSize' comes from an index signature, so it must be accessed with ['dataSize'].
src/lib/fhe/parameter-optimizer.ts(776,44): error TS4111: Property 'batchSize' comes from an index signature, so it must be accessed with ['batchSize'].
src/lib/fhe/parameter-optimizer.ts(788,11): error TS6133: 'determineSecurityLevel' is declared but its value is never read.
src/lib/fhe/pattern-recognition-factory.ts(83,9): error TS2322: Type 'string' is not assignable to type 'number'.
src/lib/fhe/pattern-recognition-factory.ts(107,7): error TS2741: Property 'severityScore' is missing in type '{ id: string; riskFactor: string; correlatedFactors: { factor: string; strength: number; }[]; confidence: number; significance: string; }' but required in type 'RiskCorrelation'.
src/lib/fhe/pattern-recognition-factory.ts(128,29): error TS4111: Property 'useMock' comes from an index signature, so it must be accessed with ['useMock'].
src/lib/fhe/pattern-recognition-factory.ts(128,57): error TS4111: Property 'mode' comes from an index signature, so it must be accessed with ['mode'].
src/lib/fhe/seal-operations.ts(260,13): error TS2322: Type 'number | undefined' is not assignable to type 'number'.
  Type 'undefined' is not assignable to type 'number'.
src/lib/fhe/seal-operations.ts(530,43): error TS2322: Type 'number | undefined' is not assignable to type 'number'.
  Type 'undefined' is not assignable to type 'number'.
src/lib/fhe/seal-operations.ts(538,13): error TS2345: Argument of type 'number | undefined' is not assignable to parameter of type 'number'.
  Type 'undefined' is not assignable to type 'number'.
src/lib/fhe/seal-operations.ts(565,29): error TS2322: Type 'number | undefined' is not assignable to type 'number'.
  Type 'undefined' is not assignable to type 'number'.
src/lib/fhe/seal-operations.ts(570,11): error TS2345: Argument of type 'number | undefined' is not assignable to parameter of type 'number'.
  Type 'undefined' is not assignable to type 'number'.
src/lib/fhe/seal-operations.ts(598,31): error TS2322: Type 'number | undefined' is not assignable to type 'number'.
  Type 'undefined' is not assignable to type 'number'.
src/lib/fhe/seal-operations.ts(603,13): error TS2345: Argument of type 'number | undefined' is not assignable to parameter of type 'number'.
  Type 'undefined' is not assignable to type 'number'.
src/lib/fhe/seal-pattern-recognition.ts(22,54): error TS2307: Cannot find module '../ai/interfaces/therapy' or its corresponding type declarations.
src/lib/fhe/seal-pattern-recognition.ts(33,11): error TS6133: 'sealOperations' is declared but its value is never read.
src/lib/fhe/seal-pattern-recognition.ts(128,13): error TS6133: '_seal' is declared but its value is never read.
src/lib/fhe/seal-pattern-recognition.ts(254,13): error TS6133: '_seal' is declared but its value is never read.
src/lib/fhe/seal-pattern-recognition.ts(335,11): error TS2322: Type 'string | undefined' is not assignable to type 'string'.
  Type 'undefined' is not assignable to type 'string'.
src/lib/fhe/seal-pattern-recognition.ts(337,11): error TS2322: Type 'string | undefined' is not assignable to type 'string'.
  Type 'undefined' is not assignable to type 'string'.
src/lib/fhe/seal-pattern-recognition.ts(380,13): error TS6133: '_seal' is declared but its value is never read.
src/lib/fhe/seal-pattern-recognition.ts(428,15): error TS6133: '_data' is declared but its value is never read.
src/lib/fhe/seal-pattern-recognition.ts(476,39): error TS4111: Property 'valence' comes from an index signature, so it must be accessed with ['valence'].
src/lib/fhe/seal-pattern-recognition.ts(477,39): error TS4111: Property 'arousal' comes from an index signature, so it must be accessed with ['arousal'].
src/lib/fhe/seal-pattern-recognition.ts(478,39): error TS4111: Property 'dominance' comes from an index signature, so it must be accessed with ['dominance'].
src/lib/fhe/seal-pattern-recognition.ts(557,12): error TS7006: Parameter 'e' implicitly has an 'any' type.
src/lib/fhe/seal-pattern-recognition.ts(561,12): error TS7006: Parameter 'e' implicitly has an 'any' type.
src/lib/fhe/seal-pattern-recognition.ts(565,12): error TS7006: Parameter 'e' implicitly has an 'any' type.
src/lib/fhe/seal-pattern-recognition.ts(585,57): error TS7006: Parameter 'r' implicitly has an 'any' type.
src/lib/fhe/seal-pattern-recognition.ts(588,58): error TS7006: Parameter 'r' implicitly has an 'any' type.
src/lib/fhe/seal-pattern-recognition.ts(591,58): error TS7006: Parameter 'r' implicitly has an 'any' type.
src/lib/fhe/seal-pattern-recognition.ts(617,15): error TS4111: Property 'depression' comes from an index signature, so it must be accessed with ['depression'].
src/lib/fhe/seal-pattern-recognition.ts(618,15): error TS4111: Property 'anxiety' comes from an index signature, so it must be accessed with ['anxiety'].
src/lib/fhe/seal-pattern-recognition.ts(619,15): error TS4111: Property 'helplessness' comes from an index signature, so it must be accessed with ['helplessness'].
src/lib/fhe/seal-pattern-recognition.ts(620,15): error TS4111: Property 'suicidal' comes from an index signature, so it must be accessed with ['suicidal'].
src/lib/fhe/seal-pattern-recognition.ts(621,15): error TS4111: Property 'substance_use' comes from an index signature, so it must be accessed with ['substance_use'].
src/lib/fhe/seal-pattern-recognition.ts(622,15): error TS4111: Property 'isolation' comes from an index signature, so it must be accessed with ['isolation'].
src/lib/fhe/seal-pattern-recognition.ts(637,5): error TS6133: 'encryptedFeatures' is declared but its value is never read.
src/lib/fhe/seal-pattern-recognition.ts(638,5): error TS6133: 'windowSize' is declared but its value is never read.
src/lib/fhe/seal-pattern-recognition.ts(666,5): error TS2322: Type '{ type: string | undefined; confidence: number; }[]' is not assignable to type '{ type: string; confidence: number; }[]'.
  Type '{ type: string | undefined; confidence: number; }' is not assignable to type '{ type: string; confidence: number; }'.
    Types of property 'type' are incompatible.
      Type 'string | undefined' is not assignable to type 'string'.
        Type 'undefined' is not assignable to type 'string'.
src/lib/fhe/seal-pattern-recognition.ts(685,11): error TS2532: Object is possibly 'undefined'.
src/lib/fhe/seal-pattern-recognition.ts(688,11): error TS2532: Object is possibly 'undefined'.
src/lib/fhe/seal-pattern-recognition.ts(711,9): error TS2532: Object is possibly 'undefined'.
src/lib/fhe/seal-pattern-recognition.ts(734,19): error TS2345: Argument of type 'T | undefined' is not assignable to parameter of type 'T'.
  'T' could be instantiated with an arbitrary type which could be unrelated to 'T | undefined'.
src/lib/fhe/test-seal-integration.ts(78,50): error TS2345: Argument of type 'unknown' is not assignable to parameter of type 'SealCipherText'.
src/lib/fhe/test-seal-integration.ts(94,51): error TS2345: Argument of type 'unknown' is not assignable to parameter of type 'SealCipherText'.
src/lib/hooks/useConvex.ts(8,33): error TS4111: Property 'messages' comes from an index signature, so it must be accessed with ['messages'].
src/lib/hooks/useConvex.ts(9,39): error TS4111: Property 'messages' comes from an index signature, so it must be accessed with ['messages'].
src/lib/hooks/useConvex.ts(10,41): error TS4111: Property 'messages' comes from an index signature, so it must be accessed with ['messages'].
src/lib/hooks/useConvex.ts(23,30): error TS4111: Property 'users' comes from an index signature, so it must be accessed with ['users'].
src/lib/hooks/useConvex.ts(24,38): error TS4111: Property 'users' comes from an index signature, so it must be accessed with ['users'].
src/lib/hooks/useConvex.ts(26,18): error TS4111: Property 'users' comes from an index signature, so it must be accessed with ['users'].
src/lib/hooks/useMultidimensionalEmotions.ts(2,44): error TS2307: Cannot find module '@/lib/ai/emotions/dimensionalTypes' or its corresponding type declarations.
src/lib/hooks/useMultidimensionalEmotions.ts(3,46): error TS2307: Cannot find module '@/lib/ai/temporal/types' or its corresponding type declarations.
src/lib/logging.ts(45,17): error TS4111: Property 'NODE_ENV' comes from an index signature, so it must be accessed with ['NODE_ENV'].
src/lib/logging.ts(52,25): error TS4111: Property 'LOG_LEVEL' comes from an index signature, so it must be accessed with ['LOG_LEVEL'].
src/lib/logging.ts(69,5): error TS2412: Type 'string | undefined' is not assignable to type 'string' with 'exactOptionalPropertyTypes: true'. Consider adding 'undefined' to the type of the target.
  Type 'undefined' is not assignable to type 'string'.
src/lib/logging.ts(77,5): error TS2375: Type '{ message: string; level: LogLevel; timestamp: number; metadata: Record<string, unknown> | undefined; }' is not assignable to type 'LogData' with 'exactOptionalPropertyTypes: true'. Consider adding 'undefined' to the types of the target's properties.
  Types of property 'metadata' are incompatible.
    Type 'Record<string, unknown> | undefined' is not assignable to type 'Record<string, unknown>'.
      Type 'undefined' is not assignable to type 'Record<string, unknown>'.
src/lib/logging/index.ts(254,11): error TS2375: Type '{ level: LogLevel; message: string; timestamp: Date; prefix: string | undefined; metadata: LogMetadata | undefined; }' is not assignable to type 'LogMessage' with 'exactOptionalPropertyTypes: true'. Consider adding 'undefined' to the types of the target's properties.
  Types of property 'prefix' are incompatible.
    Type 'string | undefined' is not assignable to type 'string'.
      Type 'undefined' is not assignable to type 'string'.
src/lib/logging/performance-logger.ts(1,41): error TS2307: Cannot find module '../ai/performance' or its corresponding type declarations.
src/lib/logging/performance-logger.ts(12,31): error TS4111: Property 'LOG_DIR' comes from an index signature, so it must be accessed with ['LOG_DIR'].
src/lib/logging/performance-logger.ts(103,23): error TS2532: Object is possibly 'undefined'.
src/lib/logging/performance-logger.ts(104,23): error TS2532: Object is possibly 'undefined'.
src/lib/logging/rotation.ts(169,43): error TS2345: Argument of type 'string | undefined' is not assignable to parameter of type 'string'.
  Type 'undefined' is not assignable to type 'string'.
src/lib/markdown.ts(75,14): error TS2532: Object is possibly 'undefined'.
src/lib/markdown.ts(76,7): error TS2322: Type 'string | undefined' is not assignable to type 'string'.
  Type 'undefined' is not assignable to type 'string'.
src/lib/markdown.ts(100,7): error TS2322: Type 'string | undefined' is not assignable to type 'string'.
  Type 'undefined' is not assignable to type 'string'.
src/lib/markdown.ts(101,7): error TS2322: Type 'string | undefined' is not assignable to type 'string'.
  Type 'undefined' is not assignable to type 'string'.
src/lib/memory/__tests__/mem0-client.test.ts(1,10): error TS2305: Module '"vitest"' has no exported member 'describe'.
src/lib/memory/__tests__/mem0-client.test.ts(1,20): error TS2305: Module '"vitest"' has no exported member 'it'.
src/lib/memory/__tests__/mem0-client.test.ts(1,24): error TS2305: Module '"vitest"' has no exported member 'expect'.
src/lib/memory/__tests__/mem0-client.test.ts(1,32): error TS2305: Module '"vitest"' has no exported member 'beforeEach'.
src/lib/memory/__tests__/mem0-client.test.ts(1,44): error TS2305: Module '"vitest"' has no exported member 'vi'.
src/lib/memory/__tests__/mem0-client.test.ts(11,24): error TS4111: Property 'MEM0_API_KEY' comes from an index signature, so it must be accessed with ['MEM0_API_KEY'].
src/lib/memory/__tests__/mem0-client.test.ts(12,24): error TS4111: Property 'DEFAULT_USER_ID' comes from an index signature, so it must be accessed with ['DEFAULT_USER_ID'].
src/lib/memory/__tests__/mem0-client.test.ts(13,24): error TS4111: Property 'DEFAULT_APP_ID' comes from an index signature, so it must be accessed with ['DEFAULT_APP_ID'].
src/lib/memory/__tests__/mem0-client.test.ts(14,24): error TS4111: Property 'DEFAULT_AGENT_ID' comes from an index signature, so it must be accessed with ['DEFAULT_AGENT_ID'].
src/lib/memory/__tests__/mem0-client.test.ts(48,19): error TS4111: Property 'MEM0_API_KEY' comes from an index signature, so it must be accessed with ['MEM0_API_KEY'].
src/lib/memory/__tests__/mem0-client.test.ts(49,19): error TS4111: Property 'DEFAULT_USER_ID' comes from an index signature, so it must be accessed with ['DEFAULT_USER_ID'].
src/lib/memory/__tests__/mem0-client.test.ts(50,19): error TS4111: Property 'DEFAULT_APP_ID' comes from an index signature, so it must be accessed with ['DEFAULT_APP_ID'].
src/lib/memory/__tests__/mem0-client.test.ts(51,19): error TS4111: Property 'DEFAULT_AGENT_ID' comes from an index signature, so it must be accessed with ['DEFAULT_AGENT_ID'].
src/lib/memory/__tests__/mem0-client.test.ts(187,13): error TS7034: Variable 'mockResponse' implicitly has type 'any[]' in some locations where its type cannot be determined.
src/lib/memory/__tests__/mem0-client.test.ts(190,27): error TS7005: Variable 'mockResponse' implicitly has an 'any[]' type.
src/lib/memory/memory-client.ts(5,5): error TS2300: Duplicate identifier 'role'.
src/lib/memory/memory-client.ts(6,5): error TS2300: Duplicate identifier 'role'.
src/lib/metaaligner/__tests__/integration.test.ts(6,10): error TS2305: Module '"vitest"' has no exported member 'describe'.
src/lib/metaaligner/__tests__/integration.test.ts(6,20): error TS2305: Module '"vitest"' has no exported member 'it'.
src/lib/metaaligner/__tests__/integration.test.ts(6,24): error TS2305: Module '"vitest"' has no exported member 'expect'.
src/lib/metaaligner/__tests__/integration.test.ts(6,32): error TS2305: Module '"vitest"' has no exported member 'beforeEach'.
src/lib/metaaligner/__tests__/integration.test.ts(6,44): error TS2305: Module '"vitest"' has no exported member 'afterEach'.
src/lib/metaaligner/__tests__/integration.test.ts(6,55): error TS2305: Module '"vitest"' has no exported member 'vi'.
src/lib/metaaligner/__tests__/integration.test.ts(11,8): error TS2307: Cannot find module '../../../ai/models/types' or its corresponding type declarations.
src/lib/metaaligner/__tests__/integration.test.ts(118,67): error TS4111: Property 'safety' comes from an index signature, so it must be accessed with ['safety'].
src/lib/metaaligner/__tests__/integration.test.ts(120,14): error TS18048: 'safetyResult' is possibly 'undefined'.
src/lib/metaaligner/__tests__/integration.test.ts(121,14): error TS18048: 'safetyResult' is possibly 'undefined'.
src/lib/metaaligner/__tests__/integration.test.ts(122,14): error TS18048: 'safetyResult' is possibly 'undefined'.
src/lib/metaaligner/__tests__/integration.test.ts(160,48): error TS4111: Property 'informativeness' comes from an index signature, so it must be accessed with ['informativeness'].
src/lib/metaaligner/__tests__/integration.test.ts(162,48): error TS4111: Property 'correctness' comes from an index signature, so it must be accessed with ['correctness'].
src/lib/metaaligner/__tests__/integration.test.ts(170,33): error TS2339: Property 'overallPerformance' does not exist on type 'AlignmentMetrics'.
src/lib/metaaligner/__tests__/integration.test.ts(187,68): error TS4111: Property 'empathy' comes from an index signature, so it must be accessed with ['empathy'].
src/lib/metaaligner/__tests__/integration.test.ts(189,14): error TS18048: 'empathyResult' is possibly 'undefined'.
src/lib/metaaligner/__tests__/integration.test.ts(192,14): error TS18048: 'empathyResult' is possibly 'undefined'.
src/lib/metaaligner/__tests__/integration.test.ts(195,14): error TS18048: 'empathyResult' is possibly 'undefined'.
src/lib/metaaligner/__tests__/integration.test.ts(198,14): error TS18048: 'empathyResult' is possibly 'undefined'.
src/lib/metaaligner/__tests__/integration.test.ts(230,23): error TS2339: Property 'content' does not exist on type 'IntegratedResponse'.
src/lib/metaaligner/__tests__/integration.test.ts(231,23): error TS2339: Property 'choices' does not exist on type 'IntegratedResponse'.
src/lib/metaaligner/__tests__/integration.test.ts(482,23): error TS2339: Property 'explanation' does not exist on type 'ObjectiveEvaluationResult'.
src/lib/metaaligner/__tests__/integration.test.ts(483,30): error TS2339: Property 'explanation' does not exist on type 'ObjectiveEvaluationResult'.
src/lib/metaaligner/api/alignment-api.test.ts(5,10): error TS2305: Module '"vitest"' has no exported member 'describe'.
src/lib/metaaligner/api/alignment-api.test.ts(5,20): error TS2305: Module '"vitest"' has no exported member 'it'.
src/lib/metaaligner/api/alignment-api.test.ts(5,24): error TS2305: Module '"vitest"' has no exported member 'expect'.
src/lib/metaaligner/api/alignment-api.test.ts(5,32): error TS2305: Module '"vitest"' has no exported member 'beforeEach'.
src/lib/metaaligner/api/alignment-api.test.ts(5,44): error TS2305: Module '"vitest"' has no exported member 'afterEach'.
src/lib/metaaligner/api/alignment-api.test.ts(5,55): error TS2305: Module '"vitest"' has no exported member 'vi'.
src/lib/metaaligner/api/alignment-api.test.ts(17,3): error TS2353: Object literal may only specify known properties, and 'createChatStream' does not exist in type 'Partial<AIService>'.
src/lib/metaaligner/api/alignment-api.test.ts(210,32): error TS2339: Property 'explanation' does not exist on type 'ObjectiveEvaluationResult'.
src/lib/metaaligner/api/alignment-api.test.ts(211,39): error TS2339: Property 'explanation' does not exist on type 'ObjectiveEvaluationResult'.
src/lib/metaaligner/api/alignment-api.test.ts(212,32): error TS2339: Property 'explanation' does not exist on type 'ObjectiveEvaluationResult'.
src/lib/metaaligner/api/alignment-api.test.ts(241,63): error TS4111: Property 'safety' comes from an index signature, so it must be accessed with ['safety'].
src/lib/metaaligner/api/alignment-api.test.ts(243,14): error TS18048: 'safetyResult' is possibly 'undefined'.
src/lib/metaaligner/api/alignment-api.test.ts(356,47): error TS2379: Argument of type '{ aiService: undefined; }' is not assignable to parameter of type 'AlignmentIntegrationConfig' with 'exactOptionalPropertyTypes: true'. Consider adding 'undefined' to the types of the target's properties.
  Types of property 'aiService' are incompatible.
    Type 'undefined' is not assignable to type 'AIService'.
src/lib/metaaligner/api/alignment-api.test.ts(512,21): error TS2339: Property 'content' does not exist on type 'IntegratedResponse'.
src/lib/metaaligner/api/alignment-api.ts(8,3): error TS2305: Module '"../../ai/models/types"' has no exported member 'AIServiceResponse'.
src/lib/metaaligner/api/alignment-api.ts(10,3): error TS2305: Module '"../../ai/models/types"' has no exported member 'AIStreamOptions'.
src/lib/metaaligner/api/alignment-api.ts(721,7): error TS2353: Object literal may only specify known properties, and 'content' does not exist in type 'IntegratedResponse'.
src/lib/metaaligner/core/objective-interfaces.test.ts(1,10): error TS2305: Module '"vitest"' has no exported member 'describe'.
src/lib/metaaligner/core/objective-interfaces.test.ts(1,20): error TS2305: Module '"vitest"' has no exported member 'test'.
src/lib/metaaligner/core/objective-interfaces.test.ts(1,26): error TS2305: Module '"vitest"' has no exported member 'beforeEach'.
src/lib/metaaligner/core/objective-interfaces.test.ts(1,38): error TS2305: Module '"vitest"' has no exported member 'expect'.
src/lib/metaaligner/core/objective-interfaces.test.ts(53,14): error TS2532: Object is possibly 'undefined'.
src/lib/metaaligner/core/objective-interfaces.test.ts(353,14): error TS2532: Object is possibly 'undefined'.
src/lib/metaaligner/core/objective-metrics.test.ts(5,10): error TS2305: Module '"vitest"' has no exported member 'describe'.
src/lib/metaaligner/core/objective-metrics.test.ts(5,20): error TS2305: Module '"vitest"' has no exported member 'it'.
src/lib/metaaligner/core/objective-metrics.test.ts(5,32): error TS2305: Module '"vitest"' has no exported member 'expect'.
src/lib/metaaligner/core/objective-metrics.test.ts(5,40): error TS2305: Module '"vitest"' has no exported member 'beforeEach'.
src/lib/metaaligner/core/objective-metrics.test.ts(154,70): error TS4111: Property 'correctness' comes from an index signature, so it must be accessed with ['correctness'].
src/lib/metaaligner/core/objective-metrics.test.ts(157,9): error TS2345: Argument of type 'ObjectiveDefinition | undefined' is not assignable to parameter of type 'ObjectiveDefinition'.
  Type 'undefined' is not assignable to type 'ObjectiveDefinition'.
src/lib/metaaligner/core/objective-metrics.test.ts(176,70): error TS4111: Property 'correctness' comes from an index signature, so it must be accessed with ['correctness'].
src/lib/metaaligner/core/objective-metrics.test.ts(179,9): error TS2345: Argument of type 'ObjectiveDefinition | undefined' is not assignable to parameter of type 'ObjectiveDefinition'.
  Type 'undefined' is not assignable to type 'ObjectiveDefinition'.
src/lib/metaaligner/core/objective-metrics.test.ts(199,70): error TS4111: Property 'correctness' comes from an index signature, so it must be accessed with ['correctness'].
src/lib/metaaligner/core/objective-metrics.test.ts(202,9): error TS2345: Argument of type 'ObjectiveDefinition | undefined' is not assignable to parameter of type 'ObjectiveDefinition'.
  Type 'undefined' is not assignable to type 'ObjectiveDefinition'.
src/lib/metaaligner/core/objective-metrics.test.ts(227,39): error TS4111: Property 'correctness' comes from an index signature, so it must be accessed with ['correctness'].
src/lib/metaaligner/core/objective-metrics.test.ts(228,39): error TS4111: Property 'empathy' comes from an index signature, so it must be accessed with ['empathy'].
src/lib/metaaligner/core/objective-metrics.test.ts(229,39): error TS4111: Property 'safety' comes from an index signature, so it must be accessed with ['safety'].
src/lib/metaaligner/core/objective-metrics.test.ts(300,56): error TS4111: Property 'correctness' comes from an index signature, so it must be accessed with ['correctness'].
src/lib/metaaligner/core/objective-metrics.test.ts(306,30): error TS2345: Argument of type '{ timestamp: Date; objectiveResults: { correctness: { score: number; objectiveId?: string; criteriaScores?: Record<string, number>; confidence?: number; metadata?: EvaluationMetadata; }; }; ... 4 more ...; evaluationContext: AlignmentContext; }' is not assignable to parameter of type 'AlignmentEvaluationResult'.
  Types of property 'objectiveResults' are incompatible.
    Type '{ correctness: { score: number; objectiveId?: string; criteriaScores?: Record<string, number>; confidence?: number; metadata?: EvaluationMetadata; }; }' is not assignable to type 'Record<string, ObjectiveEvaluationResult>'.
      Property 'correctness' is incompatible with index signature.
        Type '{ score: number; objectiveId?: string; criteriaScores?: Record<string, number>; confidence?: number; metadata?: EvaluationMetadata; }' is not assignable to type 'ObjectiveEvaluationResult'.
          Property 'objectiveId' is optional in type '{ score: number; objectiveId?: string; criteriaScores?: Record<string, number>; confidence?: number; metadata?: EvaluationMetadata; }' but required in type 'ObjectiveEvaluationResult'.
src/lib/metaaligner/core/objective-metrics.test.ts(343,70): error TS4111: Property 'correctness' comes from an index signature, so it must be accessed with ['correctness'].
src/lib/metaaligner/core/objective-metrics.test.ts(345,9): error TS2345: Argument of type 'ObjectiveDefinition | undefined' is not assignable to parameter of type 'ObjectiveDefinition'.
  Type 'undefined' is not assignable to type 'ObjectiveDefinition'.
src/lib/metaaligner/core/objective-metrics.test.ts(364,54): error TS4111: Property 'correctness' comes from an index signature, so it must be accessed with ['correctness'].
src/lib/metaaligner/core/objective-metrics.test.ts(372,9): error TS2345: Argument of type 'ObjectiveDefinition | undefined' is not assignable to parameter of type 'ObjectiveDefinition'.
  Type 'undefined' is not assignable to type 'ObjectiveDefinition'.
src/lib/metaaligner/core/objective-metrics.test.ts(389,70): error TS4111: Property 'safety' comes from an index signature, so it must be accessed with ['safety'].
src/lib/metaaligner/core/objective-metrics.test.ts(391,9): error TS2345: Argument of type 'ObjectiveDefinition | undefined' is not assignable to parameter of type 'ObjectiveDefinition'.
  Type 'undefined' is not assignable to type 'ObjectiveDefinition'.
src/lib/metaaligner/core/objective-metrics.test.ts(406,70): error TS4111: Property 'correctness' comes from an index signature, so it must be accessed with ['correctness'].
src/lib/metaaligner/core/objective-metrics.test.ts(408,9): error TS2345: Argument of type 'ObjectiveDefinition | undefined' is not assignable to parameter of type 'ObjectiveDefinition'.
  Type 'undefined' is not assignable to type 'ObjectiveDefinition'.
src/lib/metaaligner/core/objective-metrics.test.ts(427,56): error TS4111: Property 'correctness' comes from an index signature, so it must be accessed with ['correctness'].
src/lib/metaaligner/core/objective-metrics.test.ts(432,30): error TS2345: Argument of type '{ timestamp: Date; objectiveResults: { correctness: { score: number; objectiveId?: string; criteriaScores?: Record<string, number>; confidence?: number; metadata?: EvaluationMetadata; }; }; ... 4 more ...; evaluationContext: AlignmentContext; }' is not assignable to parameter of type 'AlignmentEvaluationResult'.
  Types of property 'objectiveResults' are incompatible.
    Type '{ correctness: { score: number; objectiveId?: string; criteriaScores?: Record<string, number>; confidence?: number; metadata?: EvaluationMetadata; }; }' is not assignable to type 'Record<string, ObjectiveEvaluationResult>'.
      Property 'correctness' is incompatible with index signature.
        Type '{ score: number; objectiveId?: string; criteriaScores?: Record<string, number>; confidence?: number; metadata?: EvaluationMetadata; }' is not assignable to type 'ObjectiveEvaluationResult'.
          Property 'objectiveId' is optional in type '{ score: number; objectiveId?: string; criteriaScores?: Record<string, number>; confidence?: number; metadata?: EvaluationMetadata; }' but required in type 'ObjectiveEvaluationResult'.
src/lib/metaaligner/core/objective-metrics.test.ts(436,70): error TS4111: Property 'correctness' comes from an index signature, so it must be accessed with ['correctness'].
src/lib/metaaligner/core/objective-metrics.test.ts(438,9): error TS2345: Argument of type 'ObjectiveDefinition | undefined' is not assignable to parameter of type 'ObjectiveDefinition'.
  Type 'undefined' is not assignable to type 'ObjectiveDefinition'.
src/lib/metaaligner/core/objective-metrics.test.ts(457,56): error TS4111: Property 'correctness' comes from an index signature, so it must be accessed with ['correctness'].
src/lib/metaaligner/core/objective-metrics.test.ts(462,30): error TS2345: Argument of type '{ timestamp: Date; objectiveResults: { correctness: { score: number | undefined; objectiveId?: string; criteriaScores?: Record<string, number>; confidence?: number; metadata?: EvaluationMetadata; }; }; ... 4 more ...; evaluationContext: AlignmentContext; }' is not assignable to parameter of type 'AlignmentEvaluationResult'.
  Types of property 'objectiveResults' are incompatible.
    Type '{ correctness: { score: number | undefined; objectiveId?: string; criteriaScores?: Record<string, number>; confidence?: number; metadata?: EvaluationMetadata; }; }' is not assignable to type 'Record<string, ObjectiveEvaluationResult>'.
      Property 'correctness' is incompatible with index signature.
        Type '{ score: number | undefined; objectiveId?: string; criteriaScores?: Record<string, number>; confidence?: number; metadata?: EvaluationMetadata; }' is not assignable to type 'ObjectiveEvaluationResult'.
          Property 'objectiveId' is optional in type '{ score: number | undefined; objectiveId?: string; criteriaScores?: Record<string, number>; confidence?: number; metadata?: EvaluationMetadata; }' but required in type 'ObjectiveEvaluationResult'.
src/lib/metaaligner/core/objective-metrics.test.ts(466,70): error TS4111: Property 'correctness' comes from an index signature, so it must be accessed with ['correctness'].
src/lib/metaaligner/core/objective-metrics.test.ts(468,9): error TS2345: Argument of type 'ObjectiveDefinition | undefined' is not assignable to parameter of type 'ObjectiveDefinition'.
  Type 'undefined' is not assignable to type 'ObjectiveDefinition'.
src/lib/metaaligner/core/objective-metrics.test.ts(488,30): error TS2345: Argument of type '{ overallScore: number | undefined; timestamp: Date; objectiveResults: Record<string, ObjectiveEvaluationResult>; weights: Record<string, number>; normalizedScores: Record<string, number>; aggregationMethod: AggregationMethod; evaluationContext: AlignmentContext; }' is not assignable to parameter of type 'AlignmentEvaluationResult'.
  Types of property 'overallScore' are incompatible.
    Type 'number | undefined' is not assignable to type 'number'.
      Type 'undefined' is not assignable to type 'number'.
src/lib/metaaligner/core/objective-metrics.test.ts(533,50): error TS4111: Property 'correctness' comes from an index signature, so it must be accessed with ['correctness'].
src/lib/metaaligner/core/objective-metrics.test.ts(538,9): error TS2345: Argument of type '{ criteria: { criterion: string; description: string; weight: number; }[]; id?: string; name?: string; description?: string; weight?: number; evaluationFunction?: (response: string, context: AlignmentContext) => number; }' is not assignable to parameter of type 'ObjectiveDefinition'.
  Property 'id' is optional in type '{ criteria: { criterion: string; description: string; weight: number; }[]; id?: string; name?: string; description?: string; weight?: number; evaluationFunction?: (response: string, context: AlignmentContext) => number; }' but required in type 'ObjectiveDefinition'.
src/lib/metaaligner/core/objective-metrics.test.ts(544,14): error TS2532: Object is possibly 'undefined'.
src/lib/metaaligner/core/objective-metrics.test.ts(545,14): error TS2532: Object is possibly 'undefined'.
src/lib/metaaligner/core/objective-metrics.test.ts(562,50): error TS4111: Property 'excellent' comes from an index signature, so it must be accessed with ['excellent'].
src/lib/metaaligner/core/objective-metrics.test.ts(563,66): error TS4111: Property 'good' comes from an index signature, so it must be accessed with ['good'].
src/lib/metaaligner/core/objective-metrics.test.ts(564,55): error TS4111: Property 'good' comes from an index signature, so it must be accessed with ['good'].
src/lib/metaaligner/core/objective-metrics.test.ts(565,50): error TS4111: Property 'acceptable' comes from an index signature, so it must be accessed with ['acceptable'].
src/lib/metaaligner/core/objective-weighting.test.ts(5,10): error TS2305: Module '"vitest"' has no exported member 'describe'.
src/lib/metaaligner/core/objective-weighting.test.ts(5,20): error TS2305: Module '"vitest"' has no exported member 'it'.
src/lib/metaaligner/core/objective-weighting.test.ts(5,32): error TS2305: Module '"vitest"' has no exported member 'expect'.
src/lib/metaaligner/core/objective-weighting.test.ts(5,40): error TS2305: Module '"vitest"' has no exported member 'beforeEach'.
src/lib/metaaligner/core/objective-weighting.test.ts(107,29): error TS4111: Property 'correctness' comes from an index signature, so it must be accessed with ['correctness'].
src/lib/metaaligner/core/objective-weighting.test.ts(108,29): error TS4111: Property 'empathy' comes from an index signature, so it must be accessed with ['empathy'].
src/lib/metaaligner/core/objective-weighting.test.ts(109,29): error TS4111: Property 'safety' comes from an index signature, so it must be accessed with ['safety'].
src/lib/metaaligner/core/objective-weighting.test.ts(126,29): error TS4111: Property 'safety' comes from an index signature, so it must be accessed with ['safety'].
src/lib/metaaligner/core/objective-weighting.test.ts(126,68): error TS4111: Property 'correctness' comes from an index signature, so it must be accessed with ['correctness'].
src/lib/metaaligner/core/objective-weighting.test.ts(127,29): error TS4111: Property 'empathy' comes from an index signature, so it must be accessed with ['empathy'].
src/lib/metaaligner/core/objective-weighting.test.ts(127,69): error TS4111: Property 'correctness' comes from an index signature, so it must be accessed with ['correctness'].
src/lib/metaaligner/core/objective-weighting.test.ts(217,29): error TS4111: Property 'safety' comes from an index signature, so it must be accessed with ['safety'].
src/lib/metaaligner/core/objective-weighting.test.ts(218,29): error TS4111: Property 'empathy' comes from an index signature, so it must be accessed with ['empathy'].
src/lib/metaaligner/core/objective-weighting.test.ts(413,44): error TS4111: Property 'correctness' comes from an index signature, so it must be accessed with ['correctness'].
src/lib/metaaligner/core/objective-weighting.test.ts(418,9): error TS2345: Argument of type '{ correctness: ObjectiveEvaluationResult | undefined; }' is not assignable to parameter of type 'Record<string, ObjectiveEvaluationResult>'.
  Property 'correctness' is incompatible with index signature.
    Type 'ObjectiveEvaluationResult | undefined' is not assignable to type 'ObjectiveEvaluationResult'.
      Type 'undefined' is not assignable to type 'ObjectiveEvaluationResult'.
src/lib/metaaligner/core/objective-weighting.ts(209,5): error TS6133: 'context' is declared but its value is never read.
src/lib/metaaligner/core/objective-weighting.ts(273,11): error TS2532: Object is possibly 'undefined'.
src/lib/metaaligner/core/objective-weighting.ts(398,37): error TS18048: 'baseWeight' is possibly 'undefined'.
src/lib/metaaligner/core/objective-weighting.ts(402,11): error TS2322: Type 'number | undefined' is not assignable to type 'number'.
  Type 'undefined' is not assignable to type 'number'.
src/lib/metaaligner/core/objective-weighting.ts(461,28): error TS2538: Type 'undefined' cannot be used as an index type.
src/lib/metaaligner/core/objectives.test.ts(300,39): error TS4111: Property 'sessionId' comes from an index signature, so it must be accessed with ['sessionId'].
src/lib/metaaligner/prioritization/context-detector.test.ts(5,10): error TS2305: Module '"vitest"' has no exported member 'describe'.
src/lib/metaaligner/prioritization/context-detector.test.ts(5,20): error TS2305: Module '"vitest"' has no exported member 'it'.
src/lib/metaaligner/prioritization/context-detector.test.ts(5,24): error TS2305: Module '"vitest"' has no exported member 'expect'.
src/lib/metaaligner/prioritization/context-detector.test.ts(5,32): error TS2305: Module '"vitest"' has no exported member 'vi'.
src/lib/metaaligner/prioritization/context-detector.test.ts(5,36): error TS2305: Module '"vitest"' has no exported member 'beforeEach'.
src/lib/metaaligner/prioritization/context-detector.test.ts(5,53): error TS2305: Module '"vitest"' has no exported member 'Mock'.
src/lib/metaaligner/prioritization/context-detector.test.ts(17,44): error TS2307: Cannot find module '../../ai/types' or its corresponding type declarations.
src/lib/metaaligner/prioritization/context-detector.test.ts(23,3): error TS2353: Object literal may only specify known properties, and 'createChatStream' does not exist in type 'AIService'.
src/lib/metaaligner/prioritization/context-detector.test.ts(103,30): error TS4111: Property 'crisisAnalysis' comes from an index signature, so it must be accessed with ['crisisAnalysis'].
src/lib/metaaligner/prioritization/context-detector.test.ts(132,16): error TS2532: Object is possibly 'undefined'.
src/lib/metaaligner/prioritization/context-detector.test.ts(181,32): error TS4111: Property 'crisisAnalysis' comes from an index signature, so it must be accessed with ['crisisAnalysis'].
src/lib/metaaligner/prioritization/context-detector.test.ts(182,32): error TS4111: Property 'crisisAnalysis' comes from an index signature, so it must be accessed with ['crisisAnalysis'].
src/lib/metaaligner/prioritization/context-detector.test.ts(483,32): error TS4111: Property 'error' comes from an index signature, so it must be accessed with ['error'].
src/lib/metaaligner/prioritization/context-detector.test.ts(513,32): error TS4111: Property 'parseError' comes from an index signature, so it must be accessed with ['parseError'].
src/lib/metaaligner/prioritization/context-detector.test.ts(686,19): error TS6133: 'index' is declared but its value is never read.
src/lib/metaaligner/prioritization/context-detector.test.ts(710,14): error TS2532: Object is possibly 'undefined'.
src/lib/metaaligner/prioritization/context-detector.test.ts(711,14): error TS2532: Object is possibly 'undefined'.
src/lib/metaaligner/prioritization/context-detector.test.ts(712,14): error TS2532: Object is possibly 'undefined'.
src/lib/metaaligner/prioritization/context-detector.test.ts(743,48): error TS4111: Property 'contextDetection' comes from an index signature, so it must be accessed with ['contextDetection'].
src/lib/metaaligner/prioritization/context-detector.test.ts(746,48): error TS4111: Property 'urgency' comes from an index signature, so it must be accessed with ['urgency'].
src/lib/metaaligner/prioritization/context-detector.test.ts(747,48): error TS4111: Property 'needsSpecialHandling' comes from an index signature, so it must be accessed with ['needsSpecialHandling'].
src/lib/metaaligner/prioritization/context-detector.test.ts(748,48): error TS4111: Property 'sessionId' comes from an index signature, so it must be accessed with ['sessionId'].
src/lib/metaaligner/prioritization/context-detector.ts(10,26): error TS2305: Module '"../../ai/models/types"' has no exported member 'AIRole'.
src/lib/metaaligner/prioritization/context-detector.ts(104,11): error TS2345: Argument of type '{ userId: string; source: string; } | { source: string; userId?: never; }' is not assignable to parameter of type 'CrisisDetectionOptions'.
  Property 'sensitivityLevel' is missing in type '{ userId: string; source: string; }' but required in type 'CrisisDetectionOptions'.
src/lib/metaaligner/prioritization/context-detector.ts(117,65): error TS2339: Property 'severity' does not exist on type 'CrisisDetectionResult'.
src/lib/metaaligner/prioritization/context-detector.ts(121,61): error TS2339: Property 'severity' does not exist on type 'CrisisDetectionResult'.
src/lib/metaaligner/prioritization/context-detector.ts(124,47): error TS2339: Property 'recommendedAction' does not exist on type 'CrisisDetectionResult'.
src/lib/metaaligner/prioritization/context-detector.ts(194,34): error TS2339: Property 'severity' does not exist on type 'CrisisDetectionResult'.
src/lib/metaaligner/prioritization/educational-context-recognizer.test.ts(5,10): error TS2305: Module '"vitest"' has no exported member 'describe'.
src/lib/metaaligner/prioritization/educational-context-recognizer.test.ts(5,20): error TS2305: Module '"vitest"' has no exported member 'it'.
src/lib/metaaligner/prioritization/educational-context-recognizer.test.ts(5,24): error TS2305: Module '"vitest"' has no exported member 'expect'.
src/lib/metaaligner/prioritization/educational-context-recognizer.test.ts(5,32): error TS2305: Module '"vitest"' has no exported member 'vi'.
src/lib/metaaligner/prioritization/educational-context-recognizer.test.ts(5,36): error TS2305: Module '"vitest"' has no exported member 'beforeEach'.
src/lib/metaaligner/prioritization/educational-context-recognizer.test.ts(5,53): error TS2305: Module '"vitest"' has no exported member 'Mock'.
src/lib/metaaligner/prioritization/educational-context-recognizer.test.ts(24,3): error TS2353: Object literal may only specify known properties, and 'createChatStream' does not exist in type 'AIService'.
src/lib/metaaligner/prioritization/educational-context-recognizer.test.ts(609,14): error TS2532: Object is possibly 'undefined'.
src/lib/metaaligner/prioritization/educational-context-recognizer.test.ts(610,14): error TS2532: Object is possibly 'undefined'.
src/lib/metaaligner/prioritization/educational-context-recognizer.test.ts(611,14): error TS2532: Object is possibly 'undefined'.
src/lib/metaaligner/prioritization/educational-context-recognizer.ts(6,37): error TS2305: Module '"../../ai/models/types"' has no exported member 'AIRole'.
src/lib/metaaligner/prioritization/support-context-identifier.test.ts(5,10): error TS2305: Module '"vitest"' has no exported member 'describe'.
src/lib/metaaligner/prioritization/support-context-identifier.test.ts(5,20): error TS2305: Module '"vitest"' has no exported member 'it'.
src/lib/metaaligner/prioritization/support-context-identifier.test.ts(5,24): error TS2305: Module '"vitest"' has no exported member 'expect'.
src/lib/metaaligner/prioritization/support-context-identifier.test.ts(5,32): error TS2305: Module '"vitest"' has no exported member 'vi'.
src/lib/metaaligner/prioritization/support-context-identifier.test.ts(5,36): error TS2305: Module '"vitest"' has no exported member 'beforeEach'.
src/lib/metaaligner/prioritization/support-context-identifier.test.ts(5,53): error TS2305: Module '"vitest"' has no exported member 'Mock'.
src/lib/metaaligner/prioritization/support-context-identifier.test.ts(21,3): error TS2353: Object literal may only specify known properties, and 'generateText' does not exist in type 'AIService'.
src/lib/metaaligner/prioritization/support-context-identifier.test.ts(176,23): error TS2339: Property 'generateText' does not exist on type 'AIService'.
src/lib/metaaligner/prioritization/support-context-identifier.test.ts(185,28): error TS2339: Property 'generateText' does not exist on type 'AIService'.
src/lib/metaaligner/prioritization/support-context-identifier.test.ts(199,28): error TS2339: Property 'generateText' does not exist on type 'AIService'.
src/lib/metaaligner/prioritization/support-context-identifier.test.ts(215,28): error TS2339: Property 'generateText' does not exist on type 'AIService'.
src/lib/metaaligner/prioritization/support-context-identifier.test.ts(221,23): error TS2339: Property 'generateText' does not exist on type 'AIService'.
src/lib/metaaligner/prioritization/support-context-identifier.test.ts(233,23): error TS2339: Property 'generateText' does not exist on type 'AIService'.
src/lib/metaaligner/prioritization/support-context-identifier.test.ts(359,23): error TS2339: Property 'generateText' does not exist on type 'AIService'.
src/lib/metaaligner/prioritization/support-context-identifier.test.ts(381,23): error TS2339: Property 'generateText' does not exist on type 'AIService'.
src/lib/metaaligner/prioritization/support-context-identifier.test.ts(395,14): error TS2532: Object is possibly 'undefined'.
src/lib/metaaligner/prioritization/support-context-identifier.test.ts(396,14): error TS2532: Object is possibly 'undefined'.
src/lib/metaaligner/prioritization/support-context-identifier.test.ts(397,14): error TS2532: Object is possibly 'undefined'.
src/lib/metaaligner/prioritization/support-context-identifier.test.ts(556,23): error TS2339: Property 'generateText' does not exist on type 'AIService'.
src/lib/metaaligner/prioritization/support-context-identifier.test.ts(571,23): error TS2339: Property 'generateText' does not exist on type 'AIService'.
src/lib/metaaligner/prioritization/support-context-identifier.test.ts(586,23): error TS2339: Property 'generateText' does not exist on type 'AIService'.
src/lib/metaaligner/prioritization/support-context-identifier.test.ts(600,23): error TS2339: Property 'generateText' does not exist on type 'AIService'.
src/lib/middleware/audit-logging.ts(270,20): error TS4111: Property 'headers' comes from an index signature, so it must be accessed with ['headers'].
src/lib/middleware/audit-logging.ts(278,18): error TS4111: Property 'requestBody' comes from an index signature, so it must be accessed with ['requestBody'].
src/lib/middleware/audit-logging.ts(291,16): error TS4111: Property 'responseStatus' comes from an index signature, so it must be accessed with ['responseStatus'].
src/lib/middleware/audit-logging.ts(292,16): error TS4111: Property 'responseStatusText' comes from an index signature, so it must be accessed with ['responseStatusText'].
src/lib/middleware/audit-logging.ts(296,16): error TS4111: Property 'duration' comes from an index signature, so it must be accessed with ['duration'].
src/lib/middleware/audit-logging.ts(297,16): error TS4111: Property 'durationUnit' comes from an index signature, so it must be accessed with ['durationUnit'].
src/lib/middleware/audit-logging.ts(310,9): error TS2345: Argument of type 'SecurityEventType' is not assignable to parameter of type 'AuditEventType'.
src/lib/middleware/auth.middleware.ts(7,10): error TS2305: Module '"../audit/log"' has no exported member 'createResourceAuditLog'.
src/lib/middleware/auth.middleware.ts(16,11): error TS2430: Interface 'APIContextWithUser' incorrectly extends interface 'APIContext<Record<string, any>, Record<string, string | undefined>>'.
  Types of property 'locals' are incompatible.
    Type 'AstroLocals' is missing the following properties from type 'Locals': requestId, timestamp
src/lib/middleware/auth.middleware.ts(134,7): error TS2352: Conversion of type 'Locals' to type 'AstroLocals' may be a mistake because neither type sufficiently overlaps with the other. If this was intentional, convert the expression to 'unknown' first.
  Types of property 'user' are incompatible.
    Property 'role' is missing in type '{ id: string; email: string; name?: string; }' but required in type 'AuthUser'.
src/lib/middleware/auth.middleware.ts(213,11): error TS4111: Property 'user' comes from an index signature, so it must be accessed with ['user'].
src/lib/middleware/csrf.ts(74,41): error TS2379: Argument of type '{ path: string; domain: string | undefined; secure: boolean; httpOnly: false; sameSite: "strict" | "lax" | "none"; maxAge: number; }' is not assignable to parameter of type 'AstroCookieSetOptions' with 'exactOptionalPropertyTypes: true'. Consider adding 'undefined' to the types of the target's properties.
  Types of property 'domain' are incompatible.
    Type 'string | undefined' is not assignable to type 'string'.
      Type 'undefined' is not assignable to type 'string'.
src/lib/middleware/csrf.ts(199,66): error TS2345: Argument of type 'unknown' is not assignable to parameter of type 'Record<string, unknown> | undefined'.
src/lib/middleware/csrf.ts(206,66): error TS2345: Argument of type 'unknown' is not assignable to parameter of type 'Record<string, unknown> | undefined'.
src/lib/middleware/rate-limit.ts(56,20): error TS6133: 'defaultLimit' is declared but its value is never read.
src/lib/middleware/rate-limit.ts(57,20): error TS6133: 'windowMs' is declared but its value is never read.
src/lib/middleware/rate-limit.ts(58,20): error TS6133: 'userLimits' is declared but its value is never read.
src/lib/middleware/rate-limit.ts(79,38): error TS2532: Object is possibly 'undefined'.
src/lib/middleware/rate-limit.ts(80,24): error TS2532: Object is possibly 'undefined'.
src/lib/middleware/rate-limit.ts(87,42): error TS4111: Property 'anonymous' comes from an index signature, so it must be accessed with ['anonymous'].
src/lib/middleware/rate-limit.ts(154,9): error TS18048: 'config' is possibly 'undefined'.
src/lib/middleware/rate-limit.ts(155,9): error TS18048: 'config' is possibly 'undefined'.
src/lib/middleware/rate-limiter.ts(1,54): error TS2307: Cannot find module 'next' or its corresponding type declarations.
src/lib/middleware/rate-limiter.ts(31,9): error TS2532: Object is possibly 'undefined'.
src/lib/monitoring/azure-insights.ts(76,75): error TS2345: Argument of type 'TelemetryEvent' is not assignable to parameter of type 'Record<string, unknown>'.
  Index signature for type 'string' is missing in type 'TelemetryEvent'.
src/lib/monitoring/azure-insights.ts(143,9): error TS2345: Argument of type 'TelemetryDependency' is not assignable to parameter of type 'Record<string, unknown>'.
  Index signature for type 'string' is missing in type 'TelemetryDependency'.
src/lib/monitoring/azure-insights.ts(182,9): error TS2345: Argument of type 'TelemetryRequest' is not assignable to parameter of type 'Record<string, unknown>'.
  Index signature for type 'string' is missing in type 'TelemetryRequest'.
src/lib/monitoring/azure-insights.ts(219,9): error TS2345: Argument of type 'TelemetryMetric' is not assignable to parameter of type 'Record<string, unknown>'.
  Index signature for type 'string' is missing in type 'TelemetryMetric'.
src/lib/monitoring/azure-insights.ts(302,45): error TS6133: 'data' is declared but its value is never read.
src/lib/monitoring/azure-insights.ts(346,26): error TS2379: Argument of type '{ name: string; value: number; properties: Record<string, string> | undefined; }' is not assignable to parameter of type 'TelemetryMetric' with 'exactOptionalPropertyTypes: true'. Consider adding 'undefined' to the types of the target's properties.
  Types of property 'properties' are incompatible.
    Type 'Record<string, string> | undefined' is not assignable to type 'Record<string, string>'.
      Type 'undefined' is not assignable to type 'Record<string, string>'.
src/lib/monitoring/config.ts(42,3): error TS2375: Type '{ enableAlerts: false; slackWebhookUrl: undefined; emailRecipients: never[]; }' is not assignable to type '{ enableAlerts: boolean; slackWebhookUrl?: string; emailRecipients?: string[]; }' with 'exactOptionalPropertyTypes: true'. Consider adding 'undefined' to the types of the target's properties.
  Types of property 'slackWebhookUrl' are incompatible.
    Type 'undefined' is not assignable to type 'string'.
src/lib/monitoring/config.ts(55,29): error TS4111: Property 'GRAFANA_API_KEY' comes from an index signature, so it must be accessed with ['GRAFANA_API_KEY'].
src/lib/monitoring/config.ts(56,28): error TS4111: Property 'GRAFANA_ORG_ID' comes from an index signature, so it must be accessed with ['GRAFANA_ORG_ID'].
src/lib/monitoring/service.ts(99,34): error TS4111: Property 'APP_VERSION' comes from an index signature, so it must be accessed with ['APP_VERSION'].
src/lib/monitoring/service.ts(100,38): error TS4111: Property 'NODE_ENV' comes from an index signature, so it must be accessed with ['NODE_ENV'].
src/lib/monitoring/service.ts(142,36): error TS2345: Argument of type 'PerformanceEntry | undefined' is not assignable to parameter of type 'PerformanceEntry'.
  Type 'undefined' is not assignable to type 'PerformanceEntry'.
src/lib/monitoring/setup.ts(3,34): error TS2307: Cannot find module '@/lib/analytics/service' or its corresponding type declarations.
src/lib/monitoring/setup.ts(26,11): error TS6133: 'redis' is declared but its value is never read.
src/lib/polyfills/browser-polyfills.ts(46,16): error TS6133: 'algorithm' is declared but its value is never read.
src/lib/polyfills/browser-polyfills.ts(52,18): error TS6133: 'encoding' is declared but its value is never read.
src/lib/polyfills/browser-polyfills.ts(63,26): error TS6133: 'algorithm' is declared but its value is never read.
src/lib/polyfills/browser-polyfills.ts(63,45): error TS6133: 'data' is declared but its value is never read.
src/lib/polyfills/browser-polyfills.ts(180,34): error TS6133: 'mode' is declared but its value is never read.
src/lib/polyfills/browser-polyfills.ts(210,12): error TS6133: 'event' is declared but its value is never read.
src/lib/polyfills/browser-polyfills.ts(210,27): error TS6133: 'callback' is declared but its value is never read.
src/lib/polyfills/browser-polyfills.ts(212,14): error TS6133: 'event' is declared but its value is never read.
src/lib/polyfills/browser-polyfills.ts(212,29): error TS6133: 'callback' is declared but its value is never read.
src/lib/polyfills/browser-polyfills.ts(216,14): error TS6133: 'event' is declared but its value is never read.
src/lib/polyfills/browser-polyfills.ts(216,29): error TS6133: 'callback' is declared but its value is never read.
src/lib/polyfills/browser-polyfills.ts(254,8): error TS6133: 'event' is declared but its value is never read.
src/lib/polyfills/browser-polyfills.ts(254,23): error TS6133: 'listener' is declared but its value is never read.
src/lib/polyfills/browser-polyfills.ts(265,8): error TS6133: 'event' is declared but its value is never read.
src/lib/polyfills/browser-polyfills.ts(265,23): error TS6133: 'listener' is declared but its value is never read.
src/lib/polyfills/browser-polyfills.ts(268,11): error TS6133: 'chunk' is declared but its value is never read.
src/lib/polyfills/browser-polyfills.ts(274,8): error TS6133: 'event' is declared but its value is never read.
src/lib/polyfills/browser-polyfills.ts(274,23): error TS6133: 'listener' is declared but its value is never read.
src/lib/polyfills/browser-polyfills.ts(277,11): error TS6133: 'chunk' is declared but its value is never read.
src/lib/providers/ConvexProvider.tsx(30,41): error TS2322: Type '{ children: ReactNode; client: ConvexReactClient; initialState: Record<string, unknown> | undefined; }' is not assignable to type 'IntrinsicAttributes & { client: ConvexReactClient; children?: ReactNode; }'.
  Property 'initialState' does not exist on type 'IntrinsicAttributes & { client: ConvexReactClient; children?: ReactNode; }'.
src/lib/providers/ErrorBoundary.tsx(32,3): error TS4114: This member must have an 'override' modifier because it overrides a member in the base class 'Component<Props, State, any>'.
src/lib/providers/ErrorBoundary.tsx(43,3): error TS4114: This member must have an 'override' modifier because it overrides a member in the base class 'Component<Props, State, any>'.
src/lib/providers/SecurityProvider.tsx(74,30): error TS2554: Expected 1 arguments, but got 0.
src/lib/providers/SecurityProvider.tsx(132,26): error TS2554: Expected 1 arguments, but got 0.
src/lib/providers/SecurityProvider.tsx(291,8): error TS2375: Type '{ children: Element; level: SecurityLevel | undefined; initialKey: EncryptionKey | undefined; }' is not assignable to type 'SecurityProviderProps' with 'exactOptionalPropertyTypes: true'. Consider adding 'undefined' to the types of the target's properties.
  Types of property 'level' are incompatible.
    Type 'SecurityLevel | undefined' is not assignable to type 'SecurityLevel'.
      Type 'undefined' is not assignable to type 'SecurityLevel'.
src/lib/providers/SharedProviders.tsx(3,35): error TS2307: Cannot find module './AnalyticsProvider' or its corresponding type declarations.
src/lib/providers/SharedProviders.tsx(4,30): error TS2307: Cannot find module './AuthProvider' or its corresponding type declarations.
src/lib/providers/SharedProviders.tsx(7,38): error TS2307: Cannot find module './NotificationProvider' or its corresponding type declarations.
src/lib/providers/SharedProviders.tsx(55,6): error TS2375: Type '{ children: Element; onError: ((error: Error, errorInfo: ErrorInfo) => void) | undefined; }' is not assignable to type 'Readonly<Props>' with 'exactOptionalPropertyTypes: true'. Consider adding 'undefined' to the types of the target's properties.
  Types of property 'onError' are incompatible.
    Type '((error: Error, errorInfo: ErrorInfo) => void) | undefined' is not assignable to type '(error: Error, errorInfo: ErrorInfo) => void'.
      Type 'undefined' is not assignable to type '(error: Error, errorInfo: ErrorInfo) => void'.
src/lib/providers/SharedProviders.tsx(56,8): error TS2375: Type '{ children: Element; initialState: Record<string, unknown> | undefined; }' is not assignable to type 'ConvexProviderProps' with 'exactOptionalPropertyTypes: true'. Consider adding 'undefined' to the types of the target's properties.
  Types of property 'initialState' are incompatible.
    Type 'Record<string, unknown> | undefined' is not assignable to type 'Record<string, unknown>'.
      Type 'undefined' is not assignable to type 'Record<string, unknown>'.
src/lib/providers/SharedProviders.tsx(57,10): error TS2375: Type '{ children: Element; initialState: { theme?: "dark" | "light"; systemPreference?: boolean; } | undefined; }' is not assignable to type 'ThemeProviderProps' with 'exactOptionalPropertyTypes: true'. Consider adding 'undefined' to the types of the target's properties.
  Types of property 'initialState' are incompatible.
    Type '{ theme?: "dark" | "light"; systemPreference?: boolean; } | undefined' is not assignable to type '{ theme?: Theme; systemPreference?: boolean; contrastMode?: ContrastMode; motionPreference?: MotionPreference; }'.
      Type 'undefined' is not assignable to type '{ theme?: Theme; systemPreference?: boolean; contrastMode?: ContrastMode; motionPreference?: MotionPreference; }'.
src/lib/providers/StatePersistenceProvider.tsx(91,19): error TS2339: Property 'initializeOfflineSync' does not exist on type 'typeof import("/app/src/lib/state/offline-sync")'.
src/lib/providers/ThemeProvider.tsx(155,8): error TS2375: Type '{ children: Element; initialState: { theme?: Theme; systemPreference?: boolean; contrastMode?: ContrastMode; motionPreference?: MotionPreference; } | undefined; }' is not assignable to type 'ThemeProviderProps' with 'exactOptionalPropertyTypes: true'. Consider adding 'undefined' to the types of the target's properties.
  Types of property 'initialState' are incompatible.
    Type '{ theme?: Theme; systemPreference?: boolean; contrastMode?: ContrastMode; motionPreference?: MotionPreference; } | undefined' is not assignable to type '{ theme?: Theme; systemPreference?: boolean; contrastMode?: ContrastMode; motionPreference?: MotionPreference; }'.
      Type 'undefined' is not assignable to type '{ theme?: Theme; systemPreference?: boolean; contrastMode?: ContrastMode; motionPreference?: MotionPreference; }'.
src/lib/providers/__tests__/providers.test.tsx(2,1): error TS6133: 'React' is declared but its value is never read.
src/lib/providers/__tests__/providers.test.tsx(20,11): error TS2339: Property 'securityLevel' does not exist on type 'SecurityContextValue'.
src/lib/repositories/emotionsRepository.ts(1,44): error TS2307: Cannot find module '../ai/emotions/dimensionalTypes' or its corresponding type declarations.
src/lib/security.ts(50,19): error TS4111: Property 'SECRET_KEY' comes from an index signature, so it must be accessed with ['SECRET_KEY'].
src/lib/security.ts(62,39): error TS4111: Property 'SECURITY_LEVEL' comes from an index signature, so it must be accessed with ['SECURITY_LEVEL'].
src/lib/security.ts(103,32): error TS4111: Property 'NODE_ENV' comes from an index signature, so it must be accessed with ['NODE_ENV'].
src/lib/security.ts(270,19): error TS4111: Property 'NODE_ENV' comes from an index signature, so it must be accessed with ['NODE_ENV'].
src/lib/security/__tests__/audit.logging.test.ts(37,5): error TS2345: Argument of type 'AuditLogConfig' is not assignable to parameter of type 'string'.
src/lib/security/__tests__/breach-notification.integration.test.ts(2,10): error TS2305: Module '"@/lib/email"' has no exported member 'sendEmail'.
src/lib/security/__tests__/breach-notification.integration.test.ts(3,10): error TS2305: Module '"@/lib/fhe"' has no exported member 'FHE'.
src/lib/security/__tests__/breach-notification.integration.test.ts(53,20): error TS2339: Property 'getUserById' does not exist on type 'Auth'.
src/lib/security/__tests__/breach-notification.integration.test.ts(95,51): error TS2345: Argument of type '{ affectedUsers: unknown[]; type: "unauthorized_access"; severity: "high"; description: string; affectedData: string[]; detectionMethod: string; remediation: string; }' is not assignable to parameter of type 'Omit<BreachDetails, "timestamp" | "id" | "notificationStatus">'.
  Types of property 'affectedUsers' are incompatible.
    Type 'unknown[]' is not assignable to type 'string[]'.
      Type 'unknown' is not assignable to type 'string'.
src/lib/security/__tests__/breach-notification.integration.test.ts(99,27): error TS4111: Property 'HHS_NOTIFICATION_EMAIL' comes from an index signature, so it must be accessed with ['HHS_NOTIFICATION_EMAIL'].
src/lib/security/__tests__/breach-notification.integration.test.ts(123,14): error TS2532: Object is possibly 'undefined'.
src/lib/security/__tests__/breach-notification.integration.test.ts(165,52): error TS2345: Argument of type '{ id: string; timestamp: number; notificationStatus: string; type: "unauthorized_access"; severity: "high"; description: string; affectedUsers: string[]; affectedData: string[]; detectionMethod: string; remediation: string; }' is not assignable to parameter of type 'BreachDetails'.
  Types of property 'notificationStatus' are incompatible.
    Type 'string' is not assignable to type '"completed" | "pending" | "in_progress"'.
src/lib/security/__tests__/breach-notification.test.ts(2,10): error TS2305: Module '"@/lib/email"' has no exported member 'sendEmail'.
src/lib/security/__tests__/breach-notification.test.ts(3,10): error TS2305: Module '"@/lib/fhe"' has no exported member 'FHE'.
src/lib/security/__tests__/breach-notification.test.ts(65,12): error TS2339: Property 'getUserById' does not exist on type 'Auth'.
src/lib/security/__tests__/breach-notification.test.ts(70,17): error TS4111: Property 'ORGANIZATION_NAME' comes from an index signature, so it must be accessed with ['ORGANIZATION_NAME'].
src/lib/security/__tests__/breach-notification.test.ts(71,17): error TS4111: Property 'SECURITY_CONTACT' comes from an index signature, so it must be accessed with ['SECURITY_CONTACT'].
src/lib/security/__tests__/breach-notification.test.ts(72,17): error TS4111: Property 'ORGANIZATION_ADDRESS' comes from an index signature, so it must be accessed with ['ORGANIZATION_ADDRESS'].
src/lib/security/__tests__/breach-notification.test.ts(73,17): error TS4111: Property 'HHS_NOTIFICATION_EMAIL' comes from an index signature, so it must be accessed with ['HHS_NOTIFICATION_EMAIL'].
src/lib/security/__tests__/breach-notification.test.ts(74,17): error TS4111: Property 'SECURITY_STAKEHOLDERS' comes from an index signature, so it must be accessed with ['SECURITY_STAKEHOLDERS'].
src/lib/security/__tests__/breach-notification.test.ts(114,19): error TS2339: Property 'getUserById' does not exist on type 'Auth'.
src/lib/security/__tests__/breach-notification.test.ts(128,14): error TS2339: Property 'getUserById' does not exist on type 'Auth'.
src/lib/security/__tests__/breach-notification.test.ts(154,51): error TS2345: Argument of type '{ affectedUsers: unknown[]; type: "unauthorized_access"; severity: "high"; description: string; affectedData: string[]; detectionMethod: string; remediation: string; }' is not assignable to parameter of type 'Omit<BreachDetails, "timestamp" | "id" | "notificationStatus">'.
  Types of property 'affectedUsers' are incompatible.
    Type 'unknown[]' is not assignable to type 'string[]'.
      Type 'unknown' is not assignable to type 'string'.
src/lib/security/__tests__/breach-notification.test.ts(158,27): error TS4111: Property 'HHS_NOTIFICATION_EMAIL' comes from an index signature, so it must be accessed with ['HHS_NOTIFICATION_EMAIL'].
src/lib/security/__tests__/breach-notification.test.ts(175,27): error TS4111: Property 'HHS_NOTIFICATION_EMAIL' comes from an index signature, so it must be accessed with ['HHS_NOTIFICATION_EMAIL'].
src/lib/security/__tests__/breach-notification.test.ts(185,40): error TS4111: Property 'SECURITY_STAKEHOLDERS' comes from an index signature, so it must be accessed with ['SECURITY_STAKEHOLDERS'].
src/lib/security/__tests__/breach-notification.test.ts(201,19): error TS4111: Property 'SECURITY_STAKEHOLDERS' comes from an index signature, so it must be accessed with ['SECURITY_STAKEHOLDERS'].
src/lib/security/__tests__/breach-notification.test.ts(281,14): error TS2532: Object is possibly 'undefined'.
src/lib/security/__tests__/breach-notification.test.ts(282,14): error TS2532: Object is possibly 'undefined'.
src/lib/security/__tests__/breach-notification.test.ts(314,14): error TS2532: Object is possibly 'undefined'.
src/lib/security/__tests__/dlp.test.ts(36,28): error TS7006: Parameter 'action' implicitly has an 'any' type.
src/lib/security/__tests__/dlp.test.ts(36,36): error TS7006: Parameter 'userId' implicitly has an 'any' type.
src/lib/security/__tests__/dlp.test.ts(36,44): error TS7006: Parameter 'resource' implicitly has an 'any' type.
src/lib/security/__tests__/dlp.test.ts(36,54): error TS7006: Parameter 'metadata' implicitly has an 'any' type.
src/lib/security/__tests__/dlp.test.ts(120,14): error TS2532: Object is possibly 'undefined'.
src/lib/security/__tests__/dlp.test.ts(121,14): error TS2532: Object is possibly 'undefined'.
src/lib/security/__tests__/token.encryption.test.ts(22,18): error TS7006: Parameter '_p' implicitly has an 'any' type.
src/lib/security/__tests__/token.encryption.test.ts(22,22): error TS7006: Parameter '_s' implicitly has an 'any' type.
src/lib/security/__tests__/token.encryption.test.ts(22,26): error TS7006: Parameter '_k' implicitly has an 'any' type.
src/lib/security/__tests__/token.encryption.test.ts(22,30): error TS7006: Parameter 'callback' implicitly has an 'any' type.
src/lib/security/alert-system.ts(373,7): error TS2322: Type '{ id: string; userId: string; level: "low" | "medium" | "high" | "critical"; source: string; timestamp: number; factors: string[]; score: number; description: string; requiresHumanReview: boolean; status: "pending" | ... 2 more ... | "false-positive"; reviewedBy: string | undefined; reviewNotes: string | undefined; ...' is not assignable to type 'AlertDetails[]'.
  Type '{ id: string; userId: string; level: "low" | "medium" | "high" | "critical"; source: string; timestamp: number; factors: string[]; score: number; description: string; requiresHumanReview: boolean; status: "pending" | ... 2 more ... | "false-positive"; reviewedBy: string | undefined; reviewNotes: string | undefined; ...' is not assignable to type 'AlertDetails' with 'exactOptionalPropertyTypes: true'. Consider adding 'undefined' to the types of the target's properties.
    Types of property 'reviewedBy' are incompatible.
      Type 'string | undefined' is not assignable to type 'string'.
        Type 'undefined' is not assignable to type 'string'.
src/lib/security/alert-system.ts(383,36): error TS4111: Property 'source' comes from an index signature, so it must be accessed with ['source'].
src/lib/security/alert-system.ts(389,30): error TS4111: Property 'requiresHumanReview' comes from an index signature, so it must be accessed with ['requiresHumanReview'].
src/lib/security/alert-system.ts(391,30): error TS4111: Property 'status' comes from an index signature, so it must be accessed with ['status'].
src/lib/security/alert-system.ts(392,39): error TS4111: Property 'reviewedBy' comes from an index signature, so it must be accessed with ['reviewedBy'].
src/lib/security/alert-system.ts(393,40): error TS4111: Property 'reviewNotes' comes from an index signature, so it must be accessed with ['reviewNotes'].
src/lib/security/anonymizationPipeline.ts(11,10): error TS2459: Module '"./phiDetection"' declares 'Anonymizer' locally, but it is not exported.
src/lib/security/anonymizationPipeline.ts(79,11): error TS2379: Argument of type '{ types: import("./pii").PIIType[] | undefined; redact?: boolean; sensitiveKeys?: string[]; auditContext?: Record<string, unknown>; }' is not assignable to parameter of type '{ redact?: boolean; types?: PIIType[]; sensitiveKeys?: string[]; }' with 'exactOptionalPropertyTypes: true'. Consider adding 'undefined' to the types of the target's properties.
  Types of property 'types' are incompatible.
    Type 'PIIType[] | undefined' is not assignable to type 'PIIType[]'.
      Type 'undefined' is not assignable to type 'PIIType[]'.
src/lib/security/audit.logging.ts(132,21): error TS4111: Property 'NODE_ENV' comes from an index signature, so it must be accessed with ['NODE_ENV'].
src/lib/security/baa/BaaDocumentGenerator.ts(23,11): error TS2375: Type '{ id: string; templateId: string; businessAssociateId: string; name: string; effectiveDate: Date | undefined; expirationDate: Date | undefined; status: any; createdDate: Date; ... 5 more ...; auditTrail: { ...; }[]; }' is not assignable to type 'BaaDocument' with 'exactOptionalPropertyTypes: true'. Consider adding 'undefined' to the types of the target's properties.
  Types of property 'effectiveDate' are incompatible.
    Type 'Date | undefined' is not assignable to type 'Date'.
      Type 'undefined' is not assignable to type 'Date'.
src/lib/security/baa/BaaDocumentGenerator.ts(30,15): error TS2304: Cannot find name 'BaaStatus'.
src/lib/security/baa/BaaDocumentGenerator.ts(52,5): error TS2532: Object is possibly 'undefined'.
src/lib/security/baa/BaaTemplateService.ts(160,11): error TS2375: Type '{ id: string; title: string; description: string | undefined; content: string; required: boolean; order: number; }' is not assignable to type 'BaaTemplateSection' with 'exactOptionalPropertyTypes: true'. Consider adding 'undefined' to the types of the target's properties.
  Types of property 'description' are incompatible.
    Type 'string | undefined' is not assignable to type 'string'.
      Type 'undefined' is not assignable to type 'string'.
src/lib/security/baa/BaaTemplateService.ts(219,5): error TS2375: Type '{ id?: string; title?: string; description?: string; content?: string; required?: boolean; order?: number; }' is not assignable to type 'BaaTemplateSection' with 'exactOptionalPropertyTypes: true'. Consider adding 'undefined' to the types of the target's properties.
  Property 'id' is optional in type '{ id?: string; title?: string; description?: string; content?: string; required?: boolean; order?: number; }' but required in type 'BaaTemplateSection'.
src/lib/security/baa/BaaTemplateService.ts(319,11): error TS2375: Type '{ key: string; label: string; description: string; required: boolean; defaultValue: string | undefined; }' is not assignable to type 'BaaPlaceholder' with 'exactOptionalPropertyTypes: true'. Consider adding 'undefined' to the types of the target's properties.
  Types of property 'defaultValue' are incompatible.
    Type 'string | undefined' is not assignable to type 'string'.
      Type 'undefined' is not assignable to type 'string'.
src/lib/security/baa/BaaTemplateService.ts(382,5): error TS2375: Type '{ key?: string; label?: string; description?: string; required?: boolean; defaultValue?: string; }' is not assignable to type 'BaaPlaceholder' with 'exactOptionalPropertyTypes: true'. Consider adding 'undefined' to the types of the target's properties.
  Property 'key' is optional in type '{ key?: string; label?: string; description?: string; required?: boolean; defaultValue?: string; }' but required in type 'BaaPlaceholder'.
src/lib/security/baa/BaaTemplateService.ts(503,28): error TS18048: 'template.tags' is possibly 'undefined'.
src/lib/security/baa/BaaTemplateService.ts(529,8): error TS2322: Type '"EHR_VENDOR"' is not assignable to type 'BusinessAssociateType'.
src/lib/security/baa/BaaTemplateService.ts(529,22): error TS2322: Type '"CLOUD_SERVICE"' is not assignable to type 'BusinessAssociateType'.
src/lib/security/baa/BaaTemplateService.ts(529,39): error TS2322: Type '"DATA_ANALYTICS"' is not assignable to type 'BusinessAssociateType'.
src/lib/security/baa/BaaTemplateService.ts(529,57): error TS2322: Type '"TELEMEDICINE"' is not assignable to type 'BusinessAssociateType'.
src/lib/security/baa/BusinessAssociateService.ts(32,11): error TS2375: Type '{ id: string; name: string; type: BusinessAssociateType; serviceCategories: ServiceCategory[]; contactName: string; contactEmail: string; contactPhone: string | undefined; ... 5 more ...; agreementHistory: never[]; }' is not assignable to type 'BusinessAssociate' with 'exactOptionalPropertyTypes: true'. Consider adding 'undefined' to the types of the target's properties.
  Types of property 'contactPhone' are incompatible.
    Type 'string | undefined' is not assignable to type 'string'.
      Type 'undefined' is not assignable to type 'string'.
src/lib/security/baa/BusinessAssociateService.ts(144,37): error TS2379: Argument of type '{ complianceLevel: ComplianceLevel; complianceVerificationDate: Date; complianceExpiryDate: Date | undefined; notes: string | undefined; id: string; ... 10 more ...; agreementHistory: string[]; }' is not assignable to parameter of type 'BusinessAssociate' with 'exactOptionalPropertyTypes: true'. Consider adding 'undefined' to the types of the target's properties.
  Types of property 'notes' are incompatible.
    Type 'string | undefined' is not assignable to type 'string'.
      Type 'undefined' is not assignable to type 'string'.
src/lib/security/baa/BusinessAssociateService.ts(145,5): error TS2375: Type '{ complianceLevel: ComplianceLevel; complianceVerificationDate: Date; complianceExpiryDate: Date | undefined; notes: string | undefined; id: string; ... 10 more ...; agreementHistory: string[]; }' is not assignable to type 'BusinessAssociate' with 'exactOptionalPropertyTypes: true'. Consider adding 'undefined' to the types of the target's properties.
  Types of property 'notes' are incompatible.
    Type 'string | undefined' is not assignable to type 'string'.
      Type 'undefined' is not assignable to type 'string'.
src/lib/security/baa/BusinessAssociateService.ts(172,37): error TS2379: Argument of type '{ agreementHistory: string[]; activeAgreementId: string | undefined; id: string; name: string; type: BusinessAssociateType; serviceCategories: ServiceCategory[]; contactName: string; ... 8 more ...; complianceExpiryDate?: Date; }' is not assignable to parameter of type 'BusinessAssociate' with 'exactOptionalPropertyTypes: true'. Consider adding 'undefined' to the types of the target's properties.
  Types of property 'activeAgreementId' are incompatible.
    Type 'string | undefined' is not assignable to type 'string'.
      Type 'undefined' is not assignable to type 'string'.
src/lib/security/baa/BusinessAssociateService.ts(173,5): error TS2375: Type '{ agreementHistory: string[]; activeAgreementId: string | undefined; id: string; name: string; type: BusinessAssociateType; serviceCategories: ServiceCategory[]; contactName: string; ... 8 more ...; complianceExpiryDate?: Date; }' is not assignable to type 'BusinessAssociate' with 'exactOptionalPropertyTypes: true'. Consider adding 'undefined' to the types of the target's properties.
  Types of property 'activeAgreementId' are incompatible.
    Type 'string | undefined' is not assignable to type 'string'.
      Type 'undefined' is not assignable to type 'string'.
src/lib/security/baa/ComplianceVerificationService.ts(46,11): error TS2375: Type '{ id: string; businessAssociateId: string; verificationDate: Date; expiryDate: Date | undefined; complianceLevel: ComplianceLevel; verificationMethod: VerificationMethod; verifiedBy: string; notes: string | undefined; attachments: string[]; }' is not assignable to type 'ComplianceVerification' with 'exactOptionalPropertyTypes: true'. Consider adding 'undefined' to the types of the target's properties.
  Types of property 'expiryDate' are incompatible.
    Type 'Date | undefined' is not assignable to type 'Date'.
      Type 'undefined' is not assignable to type 'Date'.
src/lib/security/baa/ComplianceVerificationService.ts(185,11): error TS2375: Type '{ id: string; businessAssociateId: string; name: string; description: string | undefined; type: "other" | "policy" | "questionnaire" | "certification" | "attestation" | "audit_report"; ... 6 more ...; isValid: boolean; }' is not assignable to type 'ComplianceDocument' with 'exactOptionalPropertyTypes: true'. Consider adding 'undefined' to the types of the target's properties.
  Types of property 'description' are incompatible.
    Type 'string | undefined' is not assignable to type 'string'.
      Type 'undefined' is not assignable to type 'string'.
src/lib/security/baa/ComplianceVerificationService.ts(512,8): error TS2322: Type '"EHR_VENDOR"' is not assignable to type 'BusinessAssociateType'.
src/lib/security/baa/ComplianceVerificationService.ts(512,22): error TS2322: Type '"CLOUD_SERVICE"' is not assignable to type 'BusinessAssociateType'.
src/lib/security/baa/ComplianceVerificationService.ts(512,39): error TS2322: Type '"DATA_ANALYTICS"' is not assignable to type 'BusinessAssociateType'.
src/lib/security/baa/ComplianceVerificationService.ts(512,57): error TS2322: Type '"TELEMEDICINE"' is not assignable to type 'BusinessAssociateType'.
src/lib/security/baa/ComplianceVerificationService.ts(524,8): error TS2322: Type '"EHR_VENDOR"' is not assignable to type 'BusinessAssociateType'.
src/lib/security/baa/ComplianceVerificationService.ts(524,22): error TS2322: Type '"CLOUD_SERVICE"' is not assignable to type 'BusinessAssociateType'.
src/lib/security/baa/ComplianceVerificationService.ts(524,39): error TS2322: Type '"DATA_ANALYTICS"' is not assignable to type 'BusinessAssociateType'.
src/lib/security/baa/ComplianceVerificationService.ts(524,57): error TS2322: Type '"TELEMEDICINE"' is not assignable to type 'BusinessAssociateType'.
src/lib/security/baa/ComplianceVerificationService.ts(557,29): error TS2352: Conversion of type '{ low: number; medium: number; high: number; }' to type 'Record<ComplianceLevel, number>' may be a mistake because neither type sufficiently overlaps with the other. If this was intentional, convert the expression to 'unknown' first.
  Type '{ low: number; medium: number; high: number; }' is missing the following properties from type 'Record<ComplianceLevel, number>': not_verified, self_attested, third_party_verified, hipaa_certified, non_compliant
src/lib/security/baa/ComplianceVerificationService.ts(562,30): error TS2352: Conversion of type '{ SELF_ATTESTATION: number; DOCUMENTATION_REVIEW: number; THIRD_PARTY_AUDIT: number; ONSITE_ASSESSMENT: number; }' to type 'Record<VerificationMethod, number>' may be a mistake because neither type sufficiently overlaps with the other. If this was intentional, convert the expression to 'unknown' first.
  Type '{ SELF_ATTESTATION: number; DOCUMENTATION_REVIEW: number; THIRD_PARTY_AUDIT: number; ONSITE_ASSESSMENT: number; }' is missing the following properties from type 'Record<VerificationMethod, number>': self_assessment, documentation_review, third_party_audit, certification_validation, and 2 more.
src/lib/security/backup/automated-recovery.ts(60,11): error TS6133: 'config' is declared but its value is never read.
src/lib/security/backup/automated-recovery.ts(61,11): error TS6133: 'recoveryManager' is declared but its value is never read.
src/lib/security/backup/automated-recovery.ts(62,11): error TS6133: 'scheduledJobs' is declared but its value is never read.
src/lib/security/backup/automated-recovery.ts(63,11): error TS6133: 'backupProvider' is declared but its value is never read.
src/lib/security/backup/automated-recovery.ts(64,11): error TS6133: 'isInitialized' is declared but its value is never read.
src/lib/security/backup/automated-recovery.ts(65,11): error TS6133: 'currentEnvironmentIndex' is declared but its value is never read.
src/lib/security/backup/index.ts(211,11): error TS6133: 'recoveryTestingManager' is declared but its value is never read.
src/lib/security/backup/index.ts(591,11): error TS6133: 'calculateRetentionDate' is declared but its value is never read.
src/lib/security/backup/index.ts(604,5): error TS6133: 'iv' is declared but its value is never read.
src/lib/security/backup/index.ts(782,13): error TS2488: Type '[StorageLocation, StorageProvider] | undefined' must have a '[Symbol.iterator]()' method that returns an iterator.
src/lib/security/backup/recovery-testing.ts(154,11): error TS2322: Type '{ id: string; type: VerificationMethod; target: string; expected: string | number | boolean | undefined; }[]' is not assignable to type 'VerificationStep[]'.
  Type '{ id: string; type: VerificationMethod; target: string; expected: string | number | boolean | undefined; }' is not assignable to type 'VerificationStep' with 'exactOptionalPropertyTypes: true'. Consider adding 'undefined' to the types of the target's properties.
    Types of property 'expected' are incompatible.
      Type 'string | number | boolean | undefined' is not assignable to type 'string | number | boolean'.
        Type 'undefined' is not assignable to type 'string | number | boolean'.
src/lib/security/backup/recovery-testing.ts(199,13): error TS2322: Type '{ id: string; type: VerificationMethod; target: string; expected: string | number | boolean | undefined; }[]' is not assignable to type 'VerificationStep[]'.
  Type '{ id: string; type: VerificationMethod; target: string; expected: string | number | boolean | undefined; }' is not assignable to type 'VerificationStep' with 'exactOptionalPropertyTypes: true'. Consider adding 'undefined' to the types of the target's properties.
    Types of property 'expected' are incompatible.
      Type 'string | number | boolean | undefined' is not assignable to type 'string | number | boolean'.
        Type 'undefined' is not assignable to type 'string | number | boolean'.
src/lib/security/backup/recovery-testing.ts(240,11): error TS2375: Type '{ id: string; type: VerificationMethod.HASH; target: string; expected: undefined; }' is not assignable to type 'VerificationStep' with 'exactOptionalPropertyTypes: true'. Consider adding 'undefined' to the types of the target's properties.
  Types of property 'expected' are incompatible.
    Type 'undefined' is not assignable to type 'string | number | boolean'.
src/lib/security/backup/recovery-testing.ts(596,17): error TS6133: 'verifyDataIntegrity' is declared but its value is never read.
src/lib/security/backup/recovery-testing.ts(690,11): error TS6133: 'config' is declared but its value is never read.
src/lib/security/backup/recovery-testing.ts(736,11): error TS6133: 'config' is declared but its value is never read.
src/lib/security/backup/recovery-testing.ts(782,11): error TS6133: 'config' is declared but its value is never read.
src/lib/security/backup/recovery-testing.ts(828,11): error TS6133: 'config' is declared but its value is never read.
src/lib/security/backup/recovery-testing.ts(906,11): error TS2375: Type '{ step: string; passed: boolean; actual: string | number; expected: string | number | boolean | undefined; details: { query: string; }; }' is not assignable to type '{ step: string; passed: boolean; actual?: string | number | boolean | Uint8Array<ArrayBufferLike> | Buffer<ArrayBufferLike>; expected?: string | ... 1 more ... | boolean; details?: Record<...>; }' with 'exactOptionalPropertyTypes: true'. Consider adding 'undefined' to the types of the target's properties.
  Types of property 'expected' are incompatible.
    Type 'string | number | boolean | undefined' is not assignable to type 'string | number | boolean'.
      Type 'undefined' is not assignable to type 'string | number | boolean'.
src/lib/security/backup/storage-providers.browser.ts(111,27): error TS4111: Property 'prefix' comes from an index signature, so it must be accessed with ['prefix'].
src/lib/security/backup/storage-providers.browser.ts(190,27): error TS4111: Property 'dbName' comes from an index signature, so it must be accessed with ['dbName'].
src/lib/security/backup/storage-providers.browser.ts(191,30): error TS4111: Property 'storeName' comes from an index signature, so it must be accessed with ['storeName'].
src/lib/security/backup/storage-providers.ts(80,17): error TS4111: Property 'basePath' comes from an index signature, so it must be accessed with ['basePath'].
src/lib/security/backup/storage-providers.ts(215,25): error TS4111: Property 'provider' comes from an index signature, so it must be accessed with ['provider'].
src/lib/security/backup/storage-providers.ts(216,23): error TS4111: Property 'bucket' comes from an index signature, so it must be accessed with ['bucket'].
src/lib/security/backup/storage-providers.ts(218,17): error TS4111: Property 'basePath' comes from an index signature, so it must be accessed with ['basePath'].
src/lib/security/backup/storage-providers.ts(383,5): error TS2375: Type '{ bucket: string; region: string; prefix: string; endpoint: string | undefined; credentials: { accessKeyId: string; secretAccessKey: string; } | undefined; }' is not assignable to type '{ bucket: string; region: string; prefix: string; endpoint?: string; credentials?: { accessKeyId: string; secretAccessKey: string; }; }' with 'exactOptionalPropertyTypes: true'. Consider adding 'undefined' to the types of the target's properties.
  Types of property 'endpoint' are incompatible.
    Type 'string | undefined' is not assignable to type 'string'.
      Type 'undefined' is not assignable to type 'string'.
src/lib/security/backup/storage-providers.ts(384,22): error TS4111: Property 'bucket' comes from an index signature, so it must be accessed with ['bucket'].
src/lib/security/backup/storage-providers.ts(385,23): error TS4111: Property 'region' comes from an index signature, so it must be accessed with ['region'].
src/lib/security/backup/storage-providers.ts(386,23): error TS4111: Property 'prefix' comes from an index signature, so it must be accessed with ['prefix'].
src/lib/security/backup/storage-providers.ts(387,24): error TS4111: Property 'endpoint' comes from an index signature, so it must be accessed with ['endpoint'].
src/lib/security/backup/storage-providers.ts(388,27): error TS4111: Property 'credentials' comes from an index signature, so it must be accessed with ['credentials'].
src/lib/security/backup/storage-providers.ts(410,9): error TS2578: Unused '@ts-expect-error' directive.
src/lib/security/backup/storage-providers.ts(428,23): error TS4111: Property 'endpoint' comes from an index signature, so it must be accessed with ['endpoint'].
src/lib/security/backup/storage-providers.ts(432,23): error TS4111: Property 'credentials' comes from an index signature, so it must be accessed with ['credentials'].
src/lib/security/backup/storage-providers.ts(456,9): error TS2578: Unused '@ts-expect-error' directive.
src/lib/security/backup/storage-providers.ts(495,9): error TS2578: Unused '@ts-expect-error' directive.
src/lib/security/backup/storage-providers.ts(533,9): error TS2578: Unused '@ts-expect-error' directive.
src/lib/security/backup/storage-providers.ts(594,9): error TS2578: Unused '@ts-expect-error' directive.
src/lib/security/backup/storage-providers.ts(644,5): error TS2375: Type '{ bucketName: string; prefix: string; keyFilename: string | undefined; credentials: Record<string, unknown> | undefined; }' is not assignable to type '{ bucketName: string; prefix: string; keyFilename?: string; credentials?: Record<string, unknown>; }' with 'exactOptionalPropertyTypes: true'. Consider adding 'undefined' to the types of the target's properties.
  Types of property 'keyFilename' are incompatible.
    Type 'string | undefined' is not assignable to type 'string'.
      Type 'undefined' is not assignable to type 'string'.
src/lib/security/backup/storage-providers.ts(645,26): error TS4111: Property 'bucketName' comes from an index signature, so it must be accessed with ['bucketName'].
src/lib/security/backup/storage-providers.ts(646,23): error TS4111: Property 'prefix' comes from an index signature, so it must be accessed with ['prefix'].
src/lib/security/backup/storage-providers.ts(647,27): error TS4111: Property 'keyFilename' comes from an index signature, so it must be accessed with ['keyFilename'].
src/lib/security/backup/storage-providers.ts(648,27): error TS4111: Property 'credentials' comes from an index signature, so it must be accessed with ['credentials'].
src/lib/security/backup/storage-providers.ts(664,9): error TS2578: Unused '@ts-expect-error' directive.
src/lib/security/backup/storage-providers.ts(679,17): error TS4111: Property 'keyFilename' comes from an index signature, so it must be accessed with ['keyFilename'].
src/lib/security/backup/storage-providers.ts(683,17): error TS4111: Property 'credentials' comes from an index signature, so it must be accessed with ['credentials'].
src/lib/security/backup/storage-providers.ts(744,17): error TS4111: Property 'prefix' comes from an index signature, so it must be accessed with ['prefix'].
src/lib/security/backup/storage-providers.ts(815,5): error TS2375: Type '{ connectionString: string | undefined; accountName: string | undefined; accountKey: string | undefined; containerName: string; prefix: string; }' is not assignable to type '{ connectionString?: string; accountName?: string; accountKey?: string; containerName: string; prefix: string; }' with 'exactOptionalPropertyTypes: true'. Consider adding 'undefined' to the types of the target's properties.
  Types of property 'connectionString' are incompatible.
    Type 'string | undefined' is not assignable to type 'string'.
      Type 'undefined' is not assignable to type 'string'.
src/lib/security/backup/storage-providers.ts(816,32): error TS4111: Property 'connectionString' comes from an index signature, so it must be accessed with ['connectionString'].
src/lib/security/backup/storage-providers.ts(817,27): error TS4111: Property 'accountName' comes from an index signature, so it must be accessed with ['accountName'].
src/lib/security/backup/storage-providers.ts(818,26): error TS4111: Property 'accountKey' comes from an index signature, so it must be accessed with ['accountKey'].
src/lib/security/backup/storage-providers.ts(819,29): error TS4111: Property 'containerName' comes from an index signature, so it must be accessed with ['containerName'].
src/lib/security/backup/storage-providers.ts(820,23): error TS4111: Property 'prefix' comes from an index signature, so it must be accessed with ['prefix'].
src/lib/security/backup/storage-providers/aws-s3.ts(8,15): error TS2305: Module '"../backup-types"' has no exported member 'StorageProvider'.
src/lib/security/backup/storage-providers/aws-s3.ts(67,34): error TS7006: Parameter 'name' implicitly has an 'any' type.
src/lib/security/backup/storage-providers/google-cloud.ts(8,15): error TS2305: Module '"../backup-types"' has no exported member 'StorageProvider'.
src/lib/security/backup/storage-providers/google-cloud.ts(72,36): error TS7006: Parameter 'file' implicitly has an 'any' type.
src/lib/security/backup/storage-providers/google-cloud.ts(82,34): error TS7006: Parameter 'name' implicitly has an 'any' type.
src/lib/security/backup/storage-providers/google-cloud.ts(108,29): error TS7006: Parameter 'err' implicitly has an 'any' type.
src/lib/security/backup/storage-providers/local-fs.ts(21,23): error TS6138: Property 'config' is declared but its value is never read.
src/lib/security/backup/storage-providers/memory.ts(8,15): error TS2305: Module '"../backup-types"' has no exported member 'StorageProvider'.
src/lib/security/backup/storage-providers/memory.ts(14,23): error TS6138: Property 'config' is declared but its value is never read.
src/lib/security/breach-notification.ts(68,17): error TS4111: Property 'ORGANIZATION_NAME' comes from an index signature, so it must be accessed with ['ORGANIZATION_NAME'].
src/lib/security/breach-notification.ts(69,33): error TS4111: Property 'SECURITY_CONTACT' comes from an index signature, so it must be accessed with ['SECURITY_CONTACT'].
src/lib/security/breach-notification.ts(71,17): error TS4111: Property 'ORGANIZATION_ADDRESS' comes from an index signature, so it must be accessed with ['ORGANIZATION_ADDRESS'].
src/lib/security/breach-notification.ts(73,17): error TS4111: Property 'HHS_NOTIFICATION_EMAIL' comes from an index signature, so it must be accessed with ['HHS_NOTIFICATION_EMAIL'].
src/lib/security/breach-notification.ts(75,17): error TS4111: Property 'SECURITY_STAKEHOLDERS' comes from an index signature, so it must be accessed with ['SECURITY_STAKEHOLDERS'].
src/lib/security/breach-notification.ts(81,27): error TS6133: 'NOTIFICATION_WINDOW' is declared but its value is never read.
src/lib/security/consent/ConsentService.ts(48,54): error TS2345: Argument of type 'PostgrestError' is not assignable to parameter of type 'Record<string, unknown>'.
  Index signature for type 'string' is missing in type 'PostgrestError'.
src/lib/security/consent/ConsentService.ts(63,59): error TS2345: Argument of type 'unknown' is not assignable to parameter of type 'Record<string, unknown> | undefined'.
src/lib/security/consent/ConsentService.ts(83,64): error TS2345: Argument of type 'PostgrestError' is not assignable to parameter of type 'Record<string, unknown>'.
  Index signature for type 'string' is missing in type 'PostgrestError'.
src/lib/security/consent/ConsentService.ts(103,68): error TS2345: Argument of type 'unknown' is not assignable to parameter of type 'Record<string, unknown> | undefined'.
src/lib/security/consent/ConsentService.ts(120,56): error TS2345: Argument of type 'PostgrestError' is not assignable to parameter of type 'Record<string, unknown>'.
  Index signature for type 'string' is missing in type 'PostgrestError'.
src/lib/security/consent/ConsentService.ts(137,61): error TS2345: Argument of type 'unknown' is not assignable to parameter of type 'Record<string, unknown> | undefined'.
src/lib/security/consent/ConsentService.ts(159,64): error TS2345: Argument of type 'PostgrestError' is not assignable to parameter of type 'Record<string, unknown>'.
  Index signature for type 'string' is missing in type 'PostgrestError'.
src/lib/security/consent/ConsentService.ts(173,53): error TS2345: Argument of type 'PostgrestError' is not assignable to parameter of type 'Record<string, unknown>'.
  Index signature for type 'string' is missing in type 'PostgrestError'.
src/lib/security/consent/ConsentService.ts(201,58): error TS2345: Argument of type 'unknown' is not assignable to parameter of type 'Record<string, unknown> | undefined'.
src/lib/security/consent/ConsentService.ts(229,54): error TS2345: Argument of type 'PostgrestError' is not assignable to parameter of type 'Record<string, unknown>'.
  Index signature for type 'string' is missing in type 'PostgrestError'.
src/lib/security/consent/ConsentService.ts(248,13): error TS2345: Argument of type 'PostgrestError' is not assignable to parameter of type 'Record<string, unknown>'.
  Index signature for type 'string' is missing in type 'PostgrestError'.
src/lib/security/consent/ConsentService.ts(265,13): error TS2345: Argument of type 'PostgrestError' is not assignable to parameter of type 'Record<string, unknown>'.
  Index signature for type 'string' is missing in type 'PostgrestError'.
src/lib/security/consent/ConsentService.ts(280,13): error TS2345: Argument of type 'PostgrestError' is not assignable to parameter of type 'Record<string, unknown>'.
  Index signature for type 'string' is missing in type 'PostgrestError'.
src/lib/security/consent/ConsentService.ts(291,23): error TS2379: Argument of type '{ consentType: { id: any; name: any; description: any; scope: any; isActive: any; createdAt: any; updatedAt: any; }; currentVersion: { id: any; consentTypeId: any; version: any; effectiveDate: any; expirationDate: any; ... 6 more ...; updatedAt: any; }; userConsent: { ...; } | undefined; hasActiveConsent: boolean; c...' is not assignable to parameter of type 'UserConsentStatus' with 'exactOptionalPropertyTypes: true'. Consider adding 'undefined' to the types of the target's properties.
  Types of property 'userConsent' are incompatible.
    Type '{ id: any; userId: any; consentVersionId: any; grantedAt: any; ipAddress: any; userAgent: any; isActive: any; withdrawalDate: any; withdrawalReason: any; granularOptions: any; proofOfConsent: any; createdAt: any; updatedAt: any; } | undefined' is not assignable to type 'UserConsent'.
      Type 'undefined' is not assignable to type 'UserConsent'.
src/lib/security/consent/ConsentService.ts(350,64): error TS2345: Argument of type 'unknown' is not assignable to parameter of type 'Record<string, unknown> | undefined'.
src/lib/security/consent/ConsentService.ts(370,57): error TS2345: Argument of type 'PostgrestError' is not assignable to parameter of type 'Record<string, unknown>'.
  Index signature for type 'string' is missing in type 'PostgrestError'.
src/lib/security/consent/ConsentService.ts(401,56): error TS2345: Argument of type 'PostgrestError' is not assignable to parameter of type 'Record<string, unknown>'.
  Index signature for type 'string' is missing in type 'PostgrestError'.
src/lib/security/consent/ConsentService.ts(420,48): error TS2345: Argument of type 'PostgrestError' is not assignable to parameter of type 'Record<string, unknown>'.
  Index signature for type 'string' is missing in type 'PostgrestError'.
src/lib/security/consent/ConsentService.ts(459,56): error TS2345: Argument of type 'unknown' is not assignable to parameter of type 'Record<string, unknown> | undefined'.
src/lib/security/consent/ConsentService.ts(479,55): error TS2345: Argument of type 'PostgrestError' is not assignable to parameter of type 'Record<string, unknown>'.
  Index signature for type 'string' is missing in type 'PostgrestError'.
src/lib/security/consent/ConsentService.ts(496,51): error TS2345: Argument of type 'PostgrestError' is not assignable to parameter of type 'Record<string, unknown>'.
  Index signature for type 'string' is missing in type 'PostgrestError'.
src/lib/security/consent/ConsentService.ts(519,59): error TS2345: Argument of type 'unknown' is not assignable to parameter of type 'Record<string, unknown> | undefined'.
src/lib/security/consent/ConsentService.ts(541,53): error TS2345: Argument of type 'PostgrestError' is not assignable to parameter of type 'Record<string, unknown>'.
  Index signature for type 'string' is missing in type 'PostgrestError'.
src/lib/security/consent/ConsentService.ts(554,64): error TS2345: Argument of type 'PostgrestError' is not assignable to parameter of type 'Record<string, unknown>'.
  Index signature for type 'string' is missing in type 'PostgrestError'.
src/lib/security/consent/ConsentService.ts(568,53): error TS2345: Argument of type 'PostgrestError' is not assignable to parameter of type 'Record<string, unknown>'.
  Index signature for type 'string' is missing in type 'PostgrestError'.
src/lib/security/consent/ConsentService.ts(574,60): error TS2345: Argument of type 'unknown' is not assignable to parameter of type 'Record<string, unknown> | undefined'.
src/lib/security/consent/ConsentService.ts(597,66): error TS2345: Argument of type 'PostgrestError' is not assignable to parameter of type 'Record<string, unknown>'.
  Index signature for type 'string' is missing in type 'PostgrestError'.
src/lib/security/consent/ConsentService.ts(601,56): error TS2339: Property 'consent_types' does not exist on type '{ consent_type_id: any; consent_types: { name: any; }[]; }[]'.
src/lib/security/consent/ConsentService.ts(610,55): error TS2339: Property 'consent_type_id' does not exist on type '{ consent_type_id: any; consent_types: { name: any; }[]; }[]'.
src/lib/security/consent/ConsentService.ts(616,52): error TS2345: Argument of type 'unknown' is not assignable to parameter of type 'Record<string, unknown> | undefined'.
src/lib/security/dlp-integration.ts(8,54): error TS2307: Cannot find module 'next' or its corresponding type declarations.
src/lib/security/dlp-integration.ts(277,48): error TS2379: Argument of type '{ userId: string; action: string; destination: string; metadata: Record<string, unknown> | undefined; }' is not assignable to parameter of type '{ userId: string; action: string; destination?: string; metadata?: Record<string, unknown>; }' with 'exactOptionalPropertyTypes: true'. Consider adding 'undefined' to the types of the target's properties.
  Types of property 'metadata' are incompatible.
    Type 'Record<string, unknown> | undefined' is not assignable to type 'Record<string, unknown>'.
      Type 'undefined' is not assignable to type 'Record<string, unknown>'.
src/lib/security/dlp.ts(27,52): error TS2345: Argument of type 'Record<string, unknown> | undefined' is not assignable to parameter of type 'AuditDetails | undefined'.
  Type 'Record<string, unknown>' is not assignable to type 'AuditDetails'.
    'string' index signatures are incompatible.
      Type 'unknown' is not assignable to type 'AuditDetailValue'.
src/lib/security/dlp.ts(126,37): error TS4111: Property 'dataSize' comes from an index signature, so it must be accessed with ['dataSize'].
src/lib/security/dlp.ts(216,22): error TS2379: Argument of type '{ userId: string; action: string; allowed: boolean; triggeredRules: string[]; reason: string; destination: string | undefined; }' is not assignable to parameter of type '{ userId: string; action: string; allowed: boolean; triggeredRules: string[]; reason?: string; destination?: string; }' with 'exactOptionalPropertyTypes: true'. Consider adding 'undefined' to the types of the target's properties.
  Types of property 'destination' are incompatible.
    Type 'string | undefined' is not assignable to type 'string'.
      Type 'undefined' is not assignable to type 'string'.
src/lib/security/dlp.ts(230,34): error TS2379: Argument of type '{ userId: string; action: string; destination: string | undefined; triggeredRules: string[]; }' is not assignable to parameter of type '{ userId: string; action: string; destination?: string; triggeredRules: string[]; }' with 'exactOptionalPropertyTypes: true'. Consider adding 'undefined' to the types of the target's properties.
  Types of property 'destination' are incompatible.
    Type 'string | undefined' is not assignable to type 'string'.
      Type 'undefined' is not assignable to type 'string'.
src/lib/security/dlp.ts(240,5): error TS2375: Type '{ allowed: boolean; reason: string | undefined; redactedContent: string | undefined; triggeredRules: string[]; }' is not assignable to type 'DLPResult' with 'exactOptionalPropertyTypes: true'. Consider adding 'undefined' to the types of the target's properties.
  Types of property 'reason' are incompatible.
    Type 'string | undefined' is not assignable to type 'string'.
      Type 'undefined' is not assignable to type 'string'.
src/lib/security/index.ts(188,17): error TS4111: Property 'SIMULATION_KEY' comes from an index signature, so it must be accessed with ['SIMULATION_KEY'].
src/lib/security/index.ts(209,17): error TS4111: Property 'SIMULATION_KEY' comes from an index signature, so it must be accessed with ['SIMULATION_KEY'].
src/lib/security/monitoring.ts(198,17): error TS6133: 'lockAccount' is declared but its value is never read.
src/lib/security/monitoring.ts(207,37): error TS2379: Argument of type '{ type: SecurityEventType.ACCESS_DENIED; userId: string; ip: string | undefined; userAgent: string | undefined; metadata: { failedAttempts: number | undefined; lockoutDuration: number; }; severity: SecurityEventSeverity.HIGH; timestamp: Date; }' is not assignable to parameter of type 'SecurityEvent' with 'exactOptionalPropertyTypes: true'. Consider adding 'undefined' to the types of the target's properties.
  Types of property 'ip' are incompatible.
    Type 'string | undefined' is not assignable to type 'string'.
      Type 'undefined' is not assignable to type 'string'.
src/lib/security/monitoring.ts(280,7): error TS2322: Type '{ type: SecurityEventType; userId: string | undefined; ip: string | undefined; userAgent: string | undefined; metadata: Record<string, unknown>; severity: SecurityEventSeverity; timestamp: Date; }[]' is not assignable to type 'SecurityEvent[]'.
  Type '{ type: SecurityEventType; userId: string | undefined; ip: string | undefined; userAgent: string | undefined; metadata: Record<string, unknown>; severity: SecurityEventSeverity; timestamp: Date; }' is not assignable to type 'SecurityEvent' with 'exactOptionalPropertyTypes: true'. Consider adding 'undefined' to the types of the target's properties.
    Types of property 'userId' are incompatible.
      Type 'string | undefined' is not assignable to type 'string'.
        Type 'undefined' is not assignable to type 'string'.
src/lib/security/monitoring.ts(319,7): error TS2322: Type '{ type: SecurityEventType; userId: string | undefined; ip: string | undefined; userAgent: string | undefined; metadata: Record<string, unknown>; severity: SecurityEventSeverity; timestamp: Date; }[]' is not assignable to type 'SecurityEvent[]'.
  Type '{ type: SecurityEventType; userId: string | undefined; ip: string | undefined; userAgent: string | undefined; metadata: Record<string, unknown>; severity: SecurityEventSeverity; timestamp: Date; }' is not assignable to type 'SecurityEvent' with 'exactOptionalPropertyTypes: true'. Consider adding 'undefined' to the types of the target's properties.
    Types of property 'userId' are incompatible.
      Type 'string | undefined' is not assignable to type 'string'.
        Type 'undefined' is not assignable to type 'string'.
src/lib/security/phiDetection.ts(218,7): error TS2375: Type '{ hasDetectedPHI: boolean; entities: PHIEntity[]; redactedText: string | undefined; }' is not assignable to type 'PHIDetectionResult' with 'exactOptionalPropertyTypes: true'. Consider adding 'undefined' to the types of the target's properties.
  Types of property 'redactedText' are incompatible.
    Type 'string | undefined' is not assignable to type 'string'.
      Type 'undefined' is not assignable to type 'string'.
src/lib/security/phiDetection.ts(247,7): error TS2375: Type '{ hasDetectedPHI: boolean; entities: PHIEntity[]; redactedText: string | undefined; }' is not assignable to type 'PHIDetectionResult' with 'exactOptionalPropertyTypes: true'. Consider adding 'undefined' to the types of the target's properties.
  Types of property 'redactedText' are incompatible.
    Type 'string | undefined' is not assignable to type 'string'.
      Type 'undefined' is not assignable to type 'string'.
src/lib/security/pii/middleware.ts(15,34): error TS2307: Cannot find module 'next/server' or its corresponding type declarations.
src/lib/security/pii/middleware.ts(17,30): error TS2307: Cannot find module 'next/server' or its corresponding type declarations.
src/lib/security/pii/middleware.ts(129,50): error TS6133: 'context' is declared but its value is never read.
src/lib/security/pii/register.ts(71,19): error TS4111: Property 'NODE_ENV' comes from an index signature, so it must be accessed with ['NODE_ENV'].
src/lib/security/pii/register.ts(82,19): error TS4111: Property 'NODE_ENV' comes from an index signature, so it must be accessed with ['NODE_ENV'].
src/lib/security/pii/register.ts(86,34): error TS4111: Property 'HIPAA_COMPLIANCE_MODE' comes from an index signature, so it must be accessed with ['HIPAA_COMPLIANCE_MODE'].
src/lib/security/pii/register.ts(93,19): error TS4111: Property 'NODE_ENV' comes from an index signature, so it must be accessed with ['NODE_ENV'].
src/lib/security/token.encryption.ts(29,25): error TS4111: Property 'TOKEN_ENCRYPTION_SALT' comes from an index signature, so it must be accessed with ['TOKEN_ENCRYPTION_SALT'].
src/lib/services/BlogPublishingService.ts(285,32): error TS18048: 'value' is possibly 'undefined'.
src/lib/services/BlogPublishingService.ts(289,28): error TS18048: 'value' is possibly 'undefined'.
src/lib/services/BlogPublishingService.ts(293,18): error TS2538: Type 'undefined' cannot be used as an index type.
src/lib/services/BlogPublishingService.ts(294,47): error TS18048: 'value' is possibly 'undefined'.
src/lib/services/BlogPublishingService.ts(296,18): error TS2538: Type 'undefined' cannot be used as an index type.
src/lib/services/BlogPublishingService.ts(299,18): error TS2538: Type 'undefined' cannot be used as an index type.
src/lib/services/BlogPublishingService.ts(299,25): error TS18048: 'value' is possibly 'undefined'.
src/lib/services/OllamaCheckInService.ts(50,19): error TS4111: Property 'OLLAMA_BASE_URL' comes from an index signature, so it must be accessed with ['OLLAMA_BASE_URL'].
src/lib/services/OllamaCheckInService.ts(155,34): error TS2532: Object is possibly 'undefined'.
src/lib/services/OllamaCheckInService.ts(182,20): error TS2532: Object is possibly 'undefined'.
src/lib/services/OllamaCheckInService.ts(187,22): error TS2532: Object is possibly 'undefined'.
src/lib/services/TaskListManager.ts(62,34): error TS18048: 'indent' is possibly 'undefined'.
src/lib/services/TaskListManager.ts(63,27): error TS18048: 'checkState' is possibly 'undefined'.
src/lib/services/TaskListManager.ts(67,20): error TS18048: 'content' is possibly 'undefined'.
src/lib/services/TaskListManager.ts(79,11): error TS2532: Object is possibly 'undefined'.
src/lib/services/TaskListManager.ts(85,24): error TS2532: Object is possibly 'undefined'.
src/lib/services/TaskListManager.ts(270,5): error TS6133: 'tasks' is declared but its value is never read.
src/lib/services/TaskListManager.ts(271,5): error TS6133: 'completedTask' is declared but its value is never read.
src/lib/services/WebRTCSignalingService.ts(2,34): error TS2307: Cannot find module './WebSocketService' or its corresponding type declarations.
src/lib/services/analytics/AnalyticsService.ts(62,20): error TS6133: 'processingInterval' is declared but its value is never read.
src/lib/services/analytics/AnalyticsService.ts(95,13): error TS18046: 'redis.lpush' is of type 'unknown'.
src/lib/services/analytics/AnalyticsService.ts(95,19): error TS4111: Property 'lpush' comes from an index signature, so it must be accessed with ['lpush'].
src/lib/services/analytics/AnalyticsService.ts(119,13): error TS18046: 'redis.zadd' is of type 'unknown'.
src/lib/services/analytics/AnalyticsService.ts(119,19): error TS4111: Property 'zadd' comes from an index signature, so it must be accessed with ['zadd'].
src/lib/services/analytics/AnalyticsService.ts(127,15): error TS18046: 'redis.hset' is of type 'unknown'.
src/lib/services/analytics/AnalyticsService.ts(127,21): error TS4111: Property 'hset' comes from an index signature, so it must be accessed with ['hset'].
src/lib/services/analytics/AnalyticsService.ts(145,28): error TS18046: 'redis.lrange' is of type 'unknown'.
src/lib/services/analytics/AnalyticsService.ts(145,34): error TS4111: Property 'lrange' comes from an index signature, so it must be accessed with ['lrange'].
src/lib/services/analytics/AnalyticsService.ts(164,17): error TS18046: 'redis.hset' is of type 'unknown'.
src/lib/services/analytics/AnalyticsService.ts(164,23): error TS4111: Property 'hset' comes from an index signature, so it must be accessed with ['hset'].
src/lib/services/analytics/AnalyticsService.ts(171,17): error TS18046: 'redis.lrem' is of type 'unknown'.
src/lib/services/analytics/AnalyticsService.ts(171,23): error TS4111: Property 'lrem' comes from an index signature, so it must be accessed with ['lrem'].
src/lib/services/analytics/AnalyticsService.ts(202,32): error TS18046: 'redis.zrangebyscore' is of type 'unknown'.
src/lib/services/analytics/AnalyticsService.ts(202,38): error TS4111: Property 'zrangebyscore' comes from an index signature, so it must be accessed with ['zrangebyscore'].
src/lib/services/analytics/AnalyticsService.ts(211,30): error TS7006: Parameter 'json' implicitly has an 'any' type.
src/lib/services/analytics/AnalyticsService.ts(236,33): error TS18046: 'redis.zrangebyscore' is of type 'unknown'.
src/lib/services/analytics/AnalyticsService.ts(236,39): error TS4111: Property 'zrangebyscore' comes from an index signature, so it must be accessed with ['zrangebyscore'].
src/lib/services/analytics/AnalyticsService.ts(242,38): error TS7006: Parameter 'json' implicitly has an 'any' type.
src/lib/services/analytics/AnalyticsService.ts(246,35): error TS7006: Parameter 'metric' implicitly has an 'any' type.
src/lib/services/analytics/AnalyticsService.ts(287,15): error TS18046: 'redis.zremrangebyscore' is of type 'unknown'.
src/lib/services/analytics/AnalyticsService.ts(287,21): error TS4111: Property 'zremrangebyscore' comes from an index signature, so it must be accessed with ['zremrangebyscore'].
src/lib/services/analytics/AnalyticsService.ts(294,17): error TS18046: 'redis.zremrangebyscore' is of type 'unknown'.
src/lib/services/analytics/AnalyticsService.ts(294,23): error TS4111: Property 'zremrangebyscore' comes from an index signature, so it must be accessed with ['zremrangebyscore'].
src/lib/services/analytics/AnalyticsService.ts(309,11): error TS18046: 'redis.zadd' is of type 'unknown'.
src/lib/services/analytics/AnalyticsService.ts(309,17): error TS4111: Property 'zadd' comes from an index signature, so it must be accessed with ['zadd'].
src/lib/services/analytics/ComparativeProgressService.ts(119,9): error TS2322: Type 'string | undefined' is not assignable to type 'string'.
  Type 'undefined' is not assignable to type 'string'.
src/lib/services/analytics/ComparativeProgressService.ts(212,24): error TS2532: Object is possibly 'undefined'.
src/lib/services/analytics/ComparativeProgressService.ts(213,23): error TS2532: Object is possibly 'undefined'.
src/lib/services/analytics/__tests__/AnalyticsService.test.ts(289,14): error TS2532: Object is possibly 'undefined'.
src/lib/services/analytics/__tests__/AnalyticsService.test.ts(332,14): error TS2532: Object is possibly 'undefined'.
src/lib/services/analytics/__tests__/AnalyticsService.test.ts(357,14): error TS2532: Object is possibly 'undefined'.
src/lib/services/analytics/__tests__/AnalyticsService.test.ts(357,29): error TS4111: Property 'endpoint' comes from an index signature, so it must be accessed with ['endpoint'].
src/lib/services/backup/index.ts(77,31): error TS4111: Property 'SLACK_WEBHOOK' comes from an index signature, so it must be accessed with ['SLACK_WEBHOOK'].
src/lib/services/backup/index.ts(78,34): error TS4111: Property 'BACKUP_EMAIL_RECIPIENTS' comes from an index signature, so it must be accessed with ['BACKUP_EMAIL_RECIPIENTS'].
src/lib/services/cacheService.ts(4,26): error TS2345: Argument of type '{ prefix: string; }' is not assignable to parameter of type 'string'.
src/lib/services/cacheService.ts(57,11): error TS2564: Property 'redis' has no initializer and is not definitely assigned in the constructor.
src/lib/services/cacheService.ts(65,30): error TS4111: Property 'REDIS_URL' comes from an index signature, so it must be accessed with ['REDIS_URL'].
src/lib/services/cacheService.ts(66,32): error TS4111: Property 'REDIS_TOKEN' comes from an index signature, so it must be accessed with ['REDIS_TOKEN'].
src/lib/services/cacheService.ts(159,9): error TS2322: Type 'T | undefined' is not assignable to type 'T | null'.
  Type 'undefined' is not assignable to type 'T | null'.
src/lib/services/cacheService.ts(326,25): error TS2341: Property 'connected' is private and only accessible within class 'RedisCacheService'.
src/lib/services/compatibility/CompatibilityService.ts(214,32): error TS4111: Property 'PROJECT_NAME' comes from an index signature, so it must be accessed with ['PROJECT_NAME'].
src/lib/services/compatibility/CompatibilityService.ts(215,31): error TS4111: Property 'BRANCH_NAME' comes from an index signature, so it must be accessed with ['BRANCH_NAME'].
src/lib/services/compatibility/CompatibilityService.ts(216,30): error TS4111: Property 'COMMIT_SHA' comes from an index signature, so it must be accessed with ['COMMIT_SHA'].
src/lib/services/compatibility/CompatibilityService.ts(218,32): error TS4111: Property 'WORKFLOW_URL' comes from an index signature, so it must be accessed with ['WORKFLOW_URL'].
src/lib/services/compatibility/CompatibilityService.ts(219,33): error TS4111: Property 'DASHBOARD_URL' comes from an index signature, so it must be accessed with ['DASHBOARD_URL'].
src/lib/services/compatibility/CompatibilityService.ts(302,21): error TS4111: Property 'DASHBOARD_URL' comes from an index signature, so it must be accessed with ['DASHBOARD_URL'].
src/lib/services/compatibility/CompatibilityService.ts(312,30): error TS4111: Property 'DASHBOARD_URL' comes from an index signature, so it must be accessed with ['DASHBOARD_URL'].
src/lib/services/contact/ContactService.ts(189,20): error TS18048: 'validationError' is possibly 'undefined'.
src/lib/services/contact/__tests__/ContactService.test.ts(1,10): error TS2305: Module '"vitest"' has no exported member 'describe'.
src/lib/services/contact/__tests__/ContactService.test.ts(1,20): error TS2305: Module '"vitest"' has no exported member 'it'.
src/lib/services/contact/__tests__/ContactService.test.ts(1,24): error TS2305: Module '"vitest"' has no exported member 'expect'.
src/lib/services/contact/__tests__/ContactService.test.ts(1,32): error TS2305: Module '"vitest"' has no exported member 'vi'.
src/lib/services/contact/__tests__/ContactService.test.ts(1,36): error TS2305: Module '"vitest"' has no exported member 'beforeEach'.
src/lib/services/contact/__tests__/ContactService.test.ts(1,48): error TS2305: Module '"vitest"' has no exported member 'afterEach'.
src/lib/services/email/EmailService.ts(80,11): error TS18046: 'redis.lpush' is of type 'unknown'.
src/lib/services/email/EmailService.ts(80,17): error TS4111: Property 'lpush' comes from an index signature, so it must be accessed with ['lpush'].
src/lib/services/email/EmailService.ts(97,26): error TS18046: 'redis.rpoplpush' is of type 'unknown'.
src/lib/services/email/EmailService.ts(97,32): error TS4111: Property 'rpoplpush' comes from an index signature, so it must be accessed with ['rpoplpush'].
src/lib/services/email/EmailService.ts(110,55): error TS18048: 'delay' is possibly 'undefined'.
src/lib/services/email/EmailService.ts(113,19): error TS18046: 'redis.lpush' is of type 'unknown'.
src/lib/services/email/EmailService.ts(113,25): error TS4111: Property 'lpush' comes from an index signature, so it must be accessed with ['lpush'].
src/lib/services/email/EmailService.ts(114,19): error TS18046: 'redis.lrem' is of type 'unknown'.
src/lib/services/email/EmailService.ts(114,25): error TS4111: Property 'lrem' comes from an index signature, so it must be accessed with ['lrem'].
src/lib/services/email/EmailService.ts(138,63): error TS2379: Argument of type '{ from: string; to: string; subject: string; html: string; text: string | undefined; replyTo: string | undefined; attachments: { filename: string; content: string; content_type: string; }[] | undefined; }' is not assignable to parameter of type 'CreateEmailOptions' with 'exactOptionalPropertyTypes: true'. Consider adding 'undefined' to the types of the target's properties.
  Type '{ from: string; to: string; subject: string; html: string; text: string | undefined; replyTo: string | undefined; attachments: { filename: string; content: string; content_type: string; }[] | undefined; }' is not assignable to type 'Required<Pick<EmailRenderOptions$1, "react">> & Partial<Pick<EmailRenderOptions$1, "html" | "text">> & CreateEmailBaseOptions' with 'exactOptionalPropertyTypes: true'. Consider adding 'undefined' to the types of the target's properties.
    Property 'react' is missing in type '{ from: string; to: string; subject: string; html: string; text: string | undefined; replyTo: string | undefined; attachments: { filename: string; content: string; content_type: string; }[] | undefined; }' but required in type 'Required<Pick<EmailRenderOptions$1, "react">>'.
src/lib/services/email/EmailService.ts(157,15): error TS18046: 'redis.lrem' is of type 'unknown'.
src/lib/services/email/EmailService.ts(157,21): error TS4111: Property 'lrem' comes from an index signature, so it must be accessed with ['lrem'].
src/lib/services/email/EmailService.ts(181,17): error TS18046: 'redis.lrem' is of type 'unknown'.
src/lib/services/email/EmailService.ts(181,23): error TS4111: Property 'lrem' comes from an index signature, so it must be accessed with ['lrem'].
src/lib/services/email/EmailService.ts(184,17): error TS18046: 'redis.lpush' is of type 'unknown'.
src/lib/services/email/EmailService.ts(184,23): error TS4111: Property 'lpush' comes from an index signature, so it must be accessed with ['lpush'].
src/lib/services/email/EmailService.ts(185,17): error TS18046: 'redis.lrem' is of type 'unknown'.
src/lib/services/email/EmailService.ts(185,23): error TS4111: Property 'lrem' comes from an index signature, so it must be accessed with ['lrem'].
src/lib/services/email/EmailService.ts(219,7): error TS18046: 'redis.llen' is of type 'unknown'.
src/lib/services/email/EmailService.ts(219,13): error TS4111: Property 'llen' comes from an index signature, so it must be accessed with ['llen'].
src/lib/services/email/EmailService.ts(220,7): error TS18046: 'redis.llen' is of type 'unknown'.
src/lib/services/email/EmailService.ts(220,13): error TS4111: Property 'llen' comes from an index signature, so it must be accessed with ['llen'].
src/lib/services/notification/NotificationService.ts(10,15): error TS2459: Module '"@/lib/ai/mental-llama/routing/MentalHealthTaskRouter"' declares 'RoutingContext' locally, but it is not exported.
src/lib/services/notification/NotificationService.ts(191,47): error TS2339: Property 'adminEmail' does not exist on type '{ vapidPublicKey: () => string | undefined; vapidPrivateKey: () => string | undefined; vapidSubject: () => string | undefined; slackWebhookUrl: () => string | undefined; }'.
src/lib/services/notification/NotificationService.ts(616,7): error TS2339: Property 'userId' does not exist on type 'CrisisAlertContext'.
src/lib/services/notification/NotificationService.ts(617,7): error TS2339: Property 'sessionId' does not exist on type 'CrisisAlertContext'.
src/lib/services/notification/NotificationService.ts(618,7): error TS2339: Property 'sessionType' does not exist on type 'CrisisAlertContext'.
src/lib/services/notification/NotificationService.ts(619,7): error TS2339: Property 'explicitTaskHint' does not exist on type 'CrisisAlertContext'.
src/lib/services/notification/SlackNotificationService.ts(55,7): error TS2339: Property 'userId' does not exist on type 'CrisisAlertContext'.
src/lib/services/notification/SlackNotificationService.ts(56,7): error TS2339: Property 'sessionId' does not exist on type 'CrisisAlertContext'.
src/lib/services/notification/SlackNotificationService.ts(57,7): error TS2339: Property 'sessionType' does not exist on type 'CrisisAlertContext'.
src/lib/services/notification/SlackNotificationService.ts(58,7): error TS2339: Property 'explicitTaskHint' does not exist on type 'CrisisAlertContext'.
src/lib/services/notification/SlackNotificationService.ts(120,7): error TS2353: Object literal may only specify known properties, and 'elements' does not exist in type 'SlackBlock'.
src/lib/services/notification/SlackNotificationService.ts(139,28): error TS2339: Property 'userId' does not exist on type 'CrisisAlertContext'.
src/lib/services/notification/SlackNotificationService.ts(140,31): error TS2339: Property 'sessionId' does not exist on type 'CrisisAlertContext'.
src/lib/services/notification/SlackNotificationService.ts(172,30): error TS2339: Property 'userId' does not exist on type 'CrisisAlertContext'.
src/lib/services/notification/SlackNotificationService.ts(173,33): error TS2339: Property 'sessionId' does not exist on type 'CrisisAlertContext'.
src/lib/services/notification/WebSocketServer.ts(38,11): error TS6196: '_ErrorMessage' is declared but never used.
src/lib/services/notification/WebSocketServer.ts(43,11): error TS6196: '_UnreadCountMessage' is declared but never used.
src/lib/services/notification/WebSocketServer.ts(48,11): error TS6196: '_NotificationsMessage' is declared but never used.
src/lib/services/notification/WebSocketServer.ts(120,32): error TS2322: Type 'string | undefined' is not assignable to type 'string | null'.
  Type 'undefined' is not assignable to type 'string | null'.
src/lib/services/notification/WebSocketServer.ts(145,47): error TS2554: Expected 0 arguments, but got 1.
src/lib/services/notification/__tests__/NotificationService.test.ts(153,20): error TS4111: Property 'lpush' comes from an index signature, so it must be accessed with ['lpush'].
src/lib/services/notification/__tests__/NotificationService.test.ts(209,23): error TS4111: Property 'rpoplpush' comes from an index signature, so it must be accessed with ['rpoplpush'].
src/lib/services/notification/__tests__/NotificationService.test.ts(215,20): error TS4111: Property 'rpoplpush' comes from an index signature, so it must be accessed with ['rpoplpush'].
src/lib/services/notification/__tests__/NotificationService.test.ts(219,20): error TS4111: Property 'hset' comes from an index signature, so it must be accessed with ['hset'].
src/lib/services/notification/__tests__/NotificationService.test.ts(245,23): error TS4111: Property 'rpoplpush' comes from an index signature, so it must be accessed with ['rpoplpush'].
src/lib/services/notification/__tests__/NotificationService.test.ts(251,20): error TS4111: Property 'hset' comes from an index signature, so it must be accessed with ['hset'].
src/lib/services/notification/__tests__/NotificationService.test.ts(277,23): error TS4111: Property 'hget' comes from an index signature, so it must be accessed with ['hget'].
src/lib/services/notification/__tests__/NotificationService.test.ts(281,20): error TS4111: Property 'hset' comes from an index signature, so it must be accessed with ['hset'].
src/lib/services/notification/__tests__/NotificationService.test.ts(289,23): error TS4111: Property 'hget' comes from an index signature, so it must be accessed with ['hget'].
src/lib/services/notification/__tests__/NotificationService.test.ts(310,23): error TS4111: Property 'hgetall' comes from an index signature, so it must be accessed with ['hgetall'].
src/lib/services/notification/__tests__/NotificationService.test.ts(315,14): error TS2532: Object is possibly 'undefined'.
src/lib/services/notification/__tests__/NotificationService.test.ts(329,23): error TS4111: Property 'hgetall' comes from an index signature, so it must be accessed with ['hgetall'].
src/lib/services/notification/__tests__/NotificationService.test.ts(338,14): error TS2532: Object is possibly 'undefined'.
src/lib/services/notification/__tests__/NotificationService.test.ts(359,23): error TS4111: Property 'hgetall' comes from an index signature, so it must be accessed with ['hgetall'].
src/lib/services/patient-rights/dataDeleteService.ts(54,11): error TS2375: Type '{ id: string; patientId: string; patientName: string; dataScope: "all" | "specific"; dataCategories: string[]; reason: string; additionalDetails: string | undefined; status: "pending"; dateRequested: string; requestedBy: string; }' is not assignable to type 'DataDeletionRequest' with 'exactOptionalPropertyTypes: true'. Consider adding 'undefined' to the types of the target's properties.
  Types of property 'additionalDetails' are incompatible.
    Type 'string | undefined' is not assignable to type 'string'.
      Type 'undefined' is not assignable to type 'string'.
src/lib/services/patient-rights/dataDeleteService.ts(191,11): error TS2375: Type '{ status: "completed" | "pending" | "in-progress" | "denied"; processedBy: string; processingNotes: string | undefined; }' is not assignable to type 'Partial<DataDeletionRequest>' with 'exactOptionalPropertyTypes: true'. Consider adding 'undefined' to the types of the target's properties.
  Types of property 'processingNotes' are incompatible.
    Type 'string | undefined' is not assignable to type 'string'.
      Type 'undefined' is not assignable to type 'string'.
src/lib/services/patient-rights/dataPortabilityService.ts(402,5): error TS2375: Type '{ success: true; exportId: string; status: ExportStatus; progress: number; createdAt: string; updatedAt: string; estimatedCompletionTime: string; completedAt: string | undefined; ... 6 more ...; priority: string; }' is not assignable to type 'ExportStatusResult' with 'exactOptionalPropertyTypes: true'. Consider adding 'undefined' to the types of the target's properties.
  Types of property 'completedAt' are incompatible.
    Type 'string | undefined' is not assignable to type 'string'.
      Type 'undefined' is not assignable to type 'string'.
src/lib/services/patient-rights/dataPortabilityService.ts(745,16): error TS6133: '_fetchPatientData' is declared but its value is never read.
src/lib/services/patient-rights/dataPortabilityService.ts(835,16): error TS6133: '_formatDataForExport' is declared but its value is never read.
src/lib/services/patient-rights/dataPortabilityService.ts(1036,16): error TS6133: '_generateEncryptedExport' is declared but its value is never read.
src/lib/services/patient-rights/dataPortabilityService.ts(1066,16): error TS6133: '_storeExportFile' is declared but its value is never read.
src/lib/services/patient-rights/dataPortabilityService.ts(1159,16): error TS6133: '_sendExportNotification' is declared but its value is never read.
src/lib/services/patient-rights/dataPortabilityService.ts(1223,7): error TS2375: Type '{ startedAt?: Date; completedAt?: Date; status: ExportStatus; error: string | undefined; }' is not assignable to type 'Partial<DataExport>' with 'exactOptionalPropertyTypes: true'. Consider adding 'undefined' to the types of the target's properties.
  Types of property 'error' are incompatible.
    Type 'string | undefined' is not assignable to type 'string'.
      Type 'undefined' is not assignable to type 'string'.
src/lib/services/patient-rights/dataPortabilityService.ts(1495,7): error TS2375: Type '{ success: true; format: string; downloadUrl: string | undefined; expiresAt: string; }' is not assignable to type 'DownloadExportResult' with 'exactOptionalPropertyTypes: true'. Consider adding 'undefined' to the types of the target's properties.
  Types of property 'downloadUrl' are incompatible.
    Type 'string | undefined' is not assignable to type 'string'.
      Type 'undefined' is not assignable to type 'string'.
src/lib/services/patient-rights/dataPortabilityService.ts(1594,27): error TS4111: Property 'id' comes from an index signature, so it must be accessed with ['id'].
src/lib/services/patient-rights/dataPortabilityService.ts(1613,27): error TS4111: Property 'id' comes from an index signature, so it must be accessed with ['id'].
src/lib/services/patient-rights/dataPortabilityService.ts(1614,32): error TS4111: Property 'PATIENT_ID' comes from an index signature, so it must be accessed with ['PATIENT_ID'].
src/lib/services/patient-rights/dataPortabilityService.ts(1622,33): error TS4111: Property 'files' comes from an index signature, so it must be accessed with ['files'].
src/lib/services/patient-rights/dataPortabilityService.ts(1626,41): error TS4111: Property 'id' comes from an index signature, so it must be accessed with ['id'].
src/lib/services/patient-rights/dataPortabilityService.ts(1660,27): error TS4111: Property 'id' comes from an index signature, so it must be accessed with ['id'].
src/lib/services/patient-rights/dataPortabilityService.ts(1668,10): error TS6133: '_checkUserPermissionForPatient' is declared but its value is never read.
src/lib/services/redis/RedisService.ts(38,47): error TS4111: Property 'UPSTASH_REDIS_REST_URL' comes from an index signature, so it must be accessed with ['UPSTASH_REDIS_REST_URL'].
src/lib/services/redis/RedisService.ts(39,45): error TS4111: Property 'REDIS_URL' comes from an index signature, so it must be accessed with ['REDIS_URL'].
src/lib/services/redis/RedisService.ts(43,37): error TS4111: Property 'UPSTASH_REDIS_REST_URL' comes from an index signature, so it must be accessed with ['UPSTASH_REDIS_REST_URL'].
src/lib/services/redis/RedisService.ts(45,37): error TS4111: Property 'REDIS_URL' comes from an index signature, so it must be accessed with ['REDIS_URL'].
src/lib/services/redis/RedisService.ts(51,23): error TS4111: Property 'NODE_ENV' comes from an index signature, so it must be accessed with ['NODE_ENV'].
src/lib/services/redis/RedisService.ts(59,23): error TS4111: Property 'NODE_ENV' comes from an index signature, so it must be accessed with ['NODE_ENV'].
src/lib/services/redis/RedisService.ts(74,43): error TS4111: Property 'NODE_ENV' comes from an index signature, so it must be accessed with ['NODE_ENV'].
src/lib/services/redis/RedisService.ts(82,25): error TS2769: No overload matches this call.
  Overload 1 of 8, '(path: string, options: RedisOptions): Redis', gave the following error.
    Argument of type '{ keyPrefix: string | undefined; maxRetriesPerRequest: number | undefined; retryStrategy: (times: number) => number | null; connectTimeout: number | undefined; }' is not assignable to parameter of type 'RedisOptions' with 'exactOptionalPropertyTypes: true'. Consider adding 'undefined' to the types of the target's properties.
      Type '{ keyPrefix: string | undefined; maxRetriesPerRequest: number | undefined; retryStrategy: (times: number) => number | null; connectTimeout: number | undefined; }' is not assignable to type 'CommonRedisOptions' with 'exactOptionalPropertyTypes: true'. Consider adding 'undefined' to the types of the target's properties.
        Types of property 'connectTimeout' are incompatible.
          Type 'number | undefined' is not assignable to type 'number'.
            Type 'undefined' is not assignable to type 'number'.
  Overload 2 of 8, '(port: number, options: RedisOptions): Redis', gave the following error.
    Argument of type 'string' is not assignable to parameter of type 'number'.
  Overload 3 of 8, '(port: number, host: string): Redis', gave the following error.
    Argument of type 'string' is not assignable to parameter of type 'number'.
src/lib/services/redis/RedisService.ts(113,23): error TS4111: Property 'NODE_ENV' comes from an index signature, so it must be accessed with ['NODE_ENV'].
src/lib/services/redis/RedisService.ts(165,23): error TS4111: Property 'NODE_ENV' comes from an index signature, so it must be accessed with ['NODE_ENV'].
src/lib/services/redis/RedisService.ts(276,16): error TS2769: No overload matches this call.
  Overload 1 of 8, '(path: string, options: RedisOptions): Redis', gave the following error.
    Argument of type '{ keyPrefix: string | undefined; maxRetriesPerRequest: number | undefined; retryStrategy: (times: number) => number | null; connectTimeout: number | undefined; }' is not assignable to parameter of type 'RedisOptions' with 'exactOptionalPropertyTypes: true'. Consider adding 'undefined' to the types of the target's properties.
      Type '{ keyPrefix: string | undefined; maxRetriesPerRequest: number | undefined; retryStrategy: (times: number) => number | null; connectTimeout: number | undefined; }' is not assignable to type 'CommonRedisOptions' with 'exactOptionalPropertyTypes: true'. Consider adding 'undefined' to the types of the target's properties.
        Types of property 'connectTimeout' are incompatible.
          Type 'number | undefined' is not assignable to type 'number'.
            Type 'undefined' is not assignable to type 'number'.
  Overload 2 of 8, '(port: number, options: RedisOptions): Redis', gave the following error.
    Argument of type 'string' is not assignable to parameter of type 'number'.
  Overload 3 of 8, '(port: number, host: string): Redis', gave the following error.
    Argument of type 'string' is not assignable to parameter of type 'number'.
src/lib/services/redis/RedisService.ts(470,52): error TS2345: Argument of type 'string | undefined' is not assignable to parameter of type 'string'.
  Type 'undefined' is not assignable to type 'string'.
src/lib/services/redis/RedisService.ts(473,50): error TS2345: Argument of type 'string | undefined' is not assignable to parameter of type 'string'.
  Type 'undefined' is not assignable to type 'string'.
src/lib/services/redis/__mocks__/RedisService.ts(15,11): error TS6133: 'connected' is declared but its value is never read.
src/lib/services/redis/__mocks__/redis.mock.ts(96,26): error TS7006: Parameter 'received' implicitly has an 'any' type.
src/lib/services/redis/__mocks__/redis.mock.ts(96,36): error TS7006: Parameter 'expected' implicitly has an 'any' type.
src/lib/services/redis/__mocks__/redis.mock.ts(97,32): error TS7006: Parameter 'item' implicitly has an 'any' type.
src/lib/services/redis/__mocks__/redis.mock.ts(110,14): error TS7006: Parameter 'received' implicitly has an 'any' type.
src/lib/services/redis/__mocks__/redis.mock.ts(114,10): error TS7006: Parameter 'received' implicitly has an 'any' type.
src/lib/services/redis/__mocks__/redis.mock.ts(114,20): error TS7006: Parameter 'expected' implicitly has an 'any' type.
src/lib/services/redis/__mocks__/redis.mock.ts(118,13): error TS7006: Parameter 'received' implicitly has an 'any' type.
src/lib/services/redis/__mocks__/redis.mock.ts(118,23): error TS7006: Parameter 'expected' implicitly has an 'any' type.
src/lib/services/redis/__mocks__/redis.mock.ts(122,20): error TS7006: Parameter 'received' implicitly has an 'any' type.
src/lib/services/redis/__mocks__/redis.mock.ts(122,30): error TS7006: Parameter 'expected' implicitly has an 'any' type.
src/lib/services/redis/__mocks__/redis.mock.ts(126,28): error TS7006: Parameter 'received' implicitly has an 'any' type.
src/lib/services/redis/__mocks__/redis.mock.ts(126,38): error TS7006: Parameter 'expected' implicitly has an 'any' type.
src/lib/services/redis/__mocks__/redis.mock.ts(131,25): error TS7006: Parameter 'received' implicitly has an 'any' type.
src/lib/services/redis/__mocks__/redis.mock.ts(131,35): error TS7006: Parameter 'expected' implicitly has an 'any' type.
src/lib/services/redis/__mocks__/redis.mock.ts(139,17): error TS4111: Property 'NODE_ENV' comes from an index signature, so it must be accessed with ['NODE_ENV'].
src/lib/services/redis/__mocks__/redis.mock.ts(146,15): error TS4111: Property 'SKIP_REDIS_TESTS' comes from an index signature, so it must be accessed with ['SKIP_REDIS_TESTS'].
src/lib/services/redis/__tests__/Analytics.integration.test.ts(28,39): error TS4111: Property 'REDIS_URL' comes from an index signature, so it must be accessed with ['REDIS_URL'].
src/lib/services/redis/__tests__/Analytics.integration.test.ts(29,39): error TS4111: Property 'REDIS_URL' comes from an index signature, so it must be accessed with ['REDIS_URL'].
src/lib/services/redis/__tests__/Analytics.integration.test.ts(34,24): error TS4111: Property 'REDIS_URL' comes from an index signature, so it must be accessed with ['REDIS_URL'].
src/lib/services/redis/__tests__/Analytics.integration.test.ts(35,30): error TS4111: Property 'REDIS_KEY_PREFIX' comes from an index signature, so it must be accessed with ['REDIS_KEY_PREFIX'].
src/lib/services/redis/__tests__/Analytics.integration.test.ts(137,31): error TS4111: Property 'sequence' comes from an index signature, so it must be accessed with ['sequence'].
src/lib/services/redis/__tests__/Analytics.integration.test.ts(196,15): error TS2538: Type 'undefined' cannot be used as an index type.
src/lib/services/redis/__tests__/Analytics.integration.test.ts(196,32): error TS2538: Type 'undefined' cannot be used as an index type.
src/lib/services/redis/__tests__/CacheInvalidation.integration.test.ts(22,39): error TS4111: Property 'REDIS_URL' comes from an index signature, so it must be accessed with ['REDIS_URL'].
src/lib/services/redis/__tests__/CacheInvalidation.integration.test.ts(23,39): error TS4111: Property 'REDIS_URL' comes from an index signature, so it must be accessed with ['REDIS_URL'].
src/lib/services/redis/__tests__/CacheInvalidation.integration.test.ts(26,24): error TS4111: Property 'REDIS_URL' comes from an index signature, so it must be accessed with ['REDIS_URL'].
src/lib/services/redis/__tests__/CacheInvalidation.integration.test.ts(27,30): error TS4111: Property 'REDIS_KEY_PREFIX' comes from an index signature, so it must be accessed with ['REDIS_KEY_PREFIX'].
src/lib/services/redis/__tests__/PatternRecognition.integration.test.ts(4,8): error TS2307: Cannot find module '@/lib/ai/services/PatternRecognitionService' or its corresponding type declarations.
src/lib/services/redis/__tests__/PatternRecognition.integration.test.ts(5,15): error TS2305: Module '"@/lib/ai/AIService"' has no exported member 'EmotionAnalysis'.
src/lib/services/redis/__tests__/PatternRecognition.integration.test.ts(71,7): error TS2741: Property 'deletePattern' is missing in type '{ connect: () => Promise<void>; disconnect: () => Promise<void>; get: (_: string) => Promise<null>; set: (_key: string, _value: string, _ttlMs?: number | undefined) => Promise<...>; ... 9 more ...; keys: (_pattern: string) => Promise<...>; }' but required in type 'IRedisService'.
src/lib/services/redis/__tests__/PatternRecognition.integration.test.ts(139,21): error TS2304: Cannot find name 'testId'.
src/lib/services/redis/__tests__/PatternRecognition.integration.test.ts(143,11): error TS2353: Object literal may only specify known properties, and 'securityLevel' does not exist in type 'TherapySession'.
src/lib/services/redis/__tests__/PatternRecognition.integration.test.ts(148,21): error TS2304: Cannot find name 'testId'.
src/lib/services/redis/__tests__/PatternRecognition.integration.test.ts(152,11): error TS2353: Object literal may only specify known properties, and 'securityLevel' does not exist in type 'TherapySession'.
src/lib/services/redis/__tests__/RedisService.integration.test.ts(20,22): error TS4111: Property 'REDIS_URL' comes from an index signature, so it must be accessed with ['REDIS_URL'].
src/lib/services/redis/__tests__/RedisService.integration.test.ts(151,47): error TS2532: Object is possibly 'undefined'.
src/lib/services/redis/__tests__/RedisService.integration.test.ts(166,18): error TS2538: Type 'undefined' cannot be used as an index type.
src/lib/services/redis/__tests__/RedisService.integration.test.ts(166,34): error TS2538: Type 'undefined' cannot be used as an index type.
src/lib/services/redis/__tests__/RedisService.integration.test.ts(470,26): error TS4111: Property 'REDIS_URL' comes from an index signature, so it must be accessed with ['REDIS_URL'].
src/lib/services/redis/__tests__/RedisService.integration.test.ts(471,32): error TS4111: Property 'REDIS_KEY_PREFIX' comes from an index signature, so it must be accessed with ['REDIS_KEY_PREFIX'].
src/lib/services/redis/__tests__/RedisService.perf.test.ts(12,15): error TS4111: Property 'SKIP_REDIS_TESTS' comes from an index signature, so it must be accessed with ['SKIP_REDIS_TESTS'].
src/lib/services/redis/__tests__/RedisService.perf.test.ts(12,58): error TS4111: Property 'CI' comes from an index signature, so it must be accessed with ['CI'].
src/lib/services/redis/__tests__/RedisService.perf.test.ts(22,24): error TS4111: Property 'REDIS_URL' comes from an index signature, so it must be accessed with ['REDIS_URL'].
src/lib/services/redis/__tests__/RedisService.perf.test.ts(23,30): error TS4111: Property 'REDIS_KEY_PREFIX' comes from an index signature, so it must be accessed with ['REDIS_KEY_PREFIX'].
src/lib/services/redis/__tests__/RedisService.perf.test.ts(148,14): error TS2532: Object is possibly 'undefined'.
src/lib/services/redis/__tests__/RedisService.perf.test.ts(149,14): error TS2532: Object is possibly 'undefined'.
src/lib/services/redis/__tests__/RedisService.perf.test.ts(151,14): error TS2532: Object is possibly 'undefined'.
src/lib/services/redis/__tests__/RedisService.perf.test.ts(152,14): error TS2532: Object is possibly 'undefined'.
src/lib/services/redis/__tests__/RedisService.perf.test.ts(154,14): error TS2532: Object is possibly 'undefined'.
src/lib/services/redis/__tests__/RedisService.perf.test.ts(155,14): error TS2532: Object is possibly 'undefined'.
src/lib/services/redis/__tests__/RedisService.perf.test.ts(157,14): error TS2532: Object is possibly 'undefined'.
src/lib/services/redis/__tests__/RedisService.perf.test.ts(158,14): error TS2532: Object is possibly 'undefined'.
src/lib/services/redis/__tests__/RedisService.perf.test.ts(164,13): error TS6133: '_initialStats' is declared but its value is never read.
src/lib/services/redis/__tests__/RedisService.test.ts(2,3): error TS2305: Module '"vitest"' has no exported member 'vi'.
src/lib/services/redis/__tests__/RedisService.test.ts(3,3): error TS2305: Module '"vitest"' has no exported member 'describe'.
src/lib/services/redis/__tests__/RedisService.test.ts(4,3): error TS2305: Module '"vitest"' has no exported member 'it'.
src/lib/services/redis/__tests__/RedisService.test.ts(5,3): error TS2305: Module '"vitest"' has no exported member 'expect'.
src/lib/services/redis/__tests__/RedisService.test.ts(6,3): error TS2305: Module '"vitest"' has no exported member 'beforeAll'.
src/lib/services/redis/__tests__/RedisService.test.ts(7,3): error TS2305: Module '"vitest"' has no exported member 'beforeEach'.
src/lib/services/redis/__tests__/RedisService.test.ts(8,3): error TS2305: Module '"vitest"' has no exported member 'afterEach'.
src/lib/services/redis/__tests__/RedisService.test.ts(15,13): error TS4111: Property 'REDIS_URL' comes from an index signature, so it must be accessed with ['REDIS_URL'].
src/lib/services/redis/__tests__/RedisService.test.ts(16,13): error TS4111: Property 'REDIS_KEY_PREFIX' comes from an index signature, so it must be accessed with ['REDIS_KEY_PREFIX'].
src/lib/services/redis/__tests__/RedisService.test.ts(80,26): error TS4111: Property 'REDIS_URL' comes from an index signature, so it must be accessed with ['REDIS_URL'].
src/lib/services/redis/__tests__/RedisService.test.ts(81,32): error TS4111: Property 'REDIS_KEY_PREFIX' comes from an index signature, so it must be accessed with ['REDIS_KEY_PREFIX'].
src/lib/services/redis/__tests__/RedisService.test.ts(360,26): error TS4111: Property 'REDIS_URL' comes from an index signature, so it must be accessed with ['REDIS_URL'].
src/lib/services/redis/__tests__/RedisService.test.ts(361,32): error TS4111: Property 'REDIS_KEY_PREFIX' comes from an index signature, so it must be accessed with ['REDIS_KEY_PREFIX'].
src/lib/services/redis/__tests__/run-tests.ts(63,15): error TS2345: Argument of type '{ suite: string; duration: number; passed: boolean; error: string | undefined; }' is not assignable to parameter of type 'TestResult | PromiseLike<TestResult>'.
  Type '{ suite: string; duration: number; passed: boolean; error: string | undefined; }' is not assignable to type 'TestResult' with 'exactOptionalPropertyTypes: true'. Consider adding 'undefined' to the types of the target's properties.
    Types of property 'error' are incompatible.
      Type 'string | undefined' is not assignable to type 'string'.
        Type 'undefined' is not assignable to type 'string'.
src/lib/services/redis/__tests__/test-utils.ts(12,25): error TS4111: Property 'REDIS_KEY_PREFIX' comes from an index signature, so it must be accessed with ['REDIS_KEY_PREFIX'].
src/lib/services/redis/__tests__/test-utils.ts(44,39): error TS4111: Property 'REDIS_URL' comes from an index signature, so it must be accessed with ['REDIS_URL'].
src/lib/services/redis/__tests__/test-utils.ts(55,50): error TS4111: Property 'REDIS_KEY_PREFIX' comes from an index signature, so it must be accessed with ['REDIS_KEY_PREFIX'].
src/lib/services/redis/__tests__/test-utils.ts(76,39): error TS4111: Property 'REDIS_URL' comes from an index signature, so it must be accessed with ['REDIS_URL'].
src/lib/services/redis/__tests__/test-utils.ts(225,41): error TS4111: Property 'REDIS_URL' comes from an index signature, so it must be accessed with ['REDIS_URL'].
src/lib/services/redis/__tests__/test-utils.ts(251,41): error TS4111: Property 'REDIS_URL' comes from an index signature, so it must be accessed with ['REDIS_URL'].
src/lib/services/redis/__tests__/test-utils.ts(277,41): error TS4111: Property 'REDIS_URL' comes from an index signature, so it must be accessed with ['REDIS_URL'].
src/lib/services/redis/index.ts(20,15): error TS4111: Property 'UPSTASH_REDIS_REST_URL' comes from an index signature, so it must be accessed with ['UPSTASH_REDIS_REST_URL'].
src/lib/services/redis/index.ts(21,15): error TS4111: Property 'REDIS_URL' comes from an index signature, so it must be accessed with ['REDIS_URL'].
src/lib/services/redis/index.ts(23,33): error TS4111: Property 'REDIS_PREFIX' comes from an index signature, so it must be accessed with ['REDIS_PREFIX'].
src/lib/services/redis/types.ts(44,5): error TS4115: This parameter property must have an 'override' modifier because it overrides a member in base class 'Error'.
src/lib/services/websocket/BiasWebSocketServer.ts(75,24): error TS7006: Parameter 'info' implicitly has an 'any' type.
src/lib/services/websocket/BiasWebSocketServer.ts(113,9): error TS2412: Type 'undefined' is not assignable to type 'Timeout' with 'exactOptionalPropertyTypes: true'. Consider adding 'undefined' to the type of the target.
src/lib/services/websocket/BiasWebSocketServer.ts(118,9): error TS2412: Type 'undefined' is not assignable to type 'Timeout' with 'exactOptionalPropertyTypes: true'. Consider adding 'undefined' to the type of the target.
src/lib/services/websocket/BiasWebSocketServer.ts(237,48): error TS2345: Argument of type 'string' is not assignable to parameter of type 'Buffer<ArrayBufferLike>'.
src/lib/services/websocket/BiasWebSocketServer.ts(242,7): error TS2322: Type '"connection_status"' is not assignable to type '"bias-alert" | "analysis-complete" | "dashboard-update" | "system-status"'.
src/lib/services/websocket/BiasWebSocketServer.ts(338,7): error TS2322: Type '"subscription_confirmed"' is not assignable to type '"bias-alert" | "analysis-complete" | "dashboard-update" | "system-status"'.
src/lib/services/websocket/BiasWebSocketServer.ts(367,7): error TS2322: Type '"unsubscription_confirmed"' is not assignable to type '"bias-alert" | "analysis-complete" | "dashboard-update" | "system-status"'.
src/lib/services/websocket/BiasWebSocketServer.ts(392,7): error TS2322: Type '"subscription_updated"' is not assignable to type '"bias-alert" | "analysis-complete" | "dashboard-update" | "system-status"'.
src/lib/services/websocket/BiasWebSocketServer.ts(410,7): error TS2322: Type '"heartbeat_response"' is not assignable to type '"bias-alert" | "analysis-complete" | "dashboard-update" | "system-status"'.
src/lib/services/websocket/BiasWebSocketServer.ts(434,9): error TS2322: Type '"authentication_success"' is not assignable to type '"bias-alert" | "analysis-complete" | "dashboard-update" | "system-status"'.
src/lib/services/websocket/BiasWebSocketServer.ts(445,9): error TS2322: Type '"authentication_failed"' is not assignable to type '"bias-alert" | "analysis-complete" | "dashboard-update" | "system-status"'.
src/lib/services/websocket/BiasWebSocketServer.ts(472,9): error TS2322: Type '"dashboard_data"' is not assignable to type '"bias-alert" | "analysis-complete" | "dashboard-update" | "system-status"'.
src/lib/services/websocket/BiasWebSocketServer.ts(474,9): error TS2322: Type 'BiasDashboardData' is not assignable to type 'Record<string, unknown>'.
  Index signature for type 'string' is missing in type 'BiasDashboardData'.
src/lib/services/websocket/BiasWebSocketServer.ts(661,7): error TS2322: Type '"error"' is not assignable to type '"bias-alert" | "analysis-complete" | "dashboard-update" | "system-status"'.
src/lib/services/websocket/BiasWebSocketServer.ts(746,30): error TS6133: 'status' is declared but its value is never read.
src/lib/services/websocket/BiasWebSocketServer.ts(751,29): error TS6133: 'token' is declared but its value is never read.
src/lib/services/websocket/BiasWebSocketServer.ts(751,44): error TS6133: 'userId' is declared but its value is never read.
src/lib/services/websocket/BiasWebSocketServer.ts(756,30): error TS6133: 'userId' is declared but its value is never read.
src/lib/services/websocket/BiasWebSocketServer.ts(761,34): error TS6133: 'filters' is declared but its value is never read.
src/lib/services/websocket/BiasWebSocketServer.ts(807,13): error TS2322: Type '"heartbeat"' is not assignable to type '"bias-alert" | "analysis-complete" | "dashboard-update" | "system-status"'.
src/lib/services/websocket/BiasWebSocketServer.ts(877,5): error TS2322: Type '{ id: string; isAuthenticated: boolean; userId: string | undefined; subscriptions: string[]; ipAddress: string; connectedSince: Date; }[]' is not assignable to type '{ id: string; isAuthenticated: boolean; userId?: string; subscriptions: string[]; ipAddress: string; connectedSince: Date; }[]'.
  Type '{ id: string; isAuthenticated: boolean; userId: string | undefined; subscriptions: string[]; ipAddress: string; connectedSince: Date; }' is not assignable to type '{ id: string; isAuthenticated: boolean; userId?: string; subscriptions: string[]; ipAddress: string; connectedSince: Date; }' with 'exactOptionalPropertyTypes: true'. Consider adding 'undefined' to the types of the target's properties.
    Types of property 'userId' are incompatible.
      Type 'string | undefined' is not assignable to type 'string'.
        Type 'undefined' is not assignable to type 'string'.
src/lib/session/SessionRecorder.ts(1,37): error TS2307: Cannot find module '../ai/interfaces/therapy' or its corresponding type declarations.
src/lib/startup.ts(24,54): error TS2345: Argument of type 'unknown' is not assignable to parameter of type 'Record<string, unknown> | undefined'.
src/lib/startup.ts(41,55): error TS2345: Argument of type 'unknown' is not assignable to parameter of type 'Record<string, unknown> | undefined'.
src/lib/state/enhanced-persistence.ts(290,10): error TS7006: Parameter 'action' implicitly has an 'any' type.
src/lib/state/jotai-persistence.ts(62,7): error TS2322: Type 'undefined' is not assignable to type 'number'.
src/lib/state/jotai-persistence.ts(106,28): error TS2554: Expected 2 arguments, but got 1.
src/lib/state/jotai-persistence.ts(123,29): error TS2554: Expected 2 arguments, but got 1.
src/lib/state/jotai-persistence.ts(166,9): error TS2416: Property 'getItem' in type 'EncryptedJotaiStorage<Value>' is not assignable to the same property in base type 'AsyncStorage<Value>'.
  Type '() => Promise<Value | null>' is not assignable to type '(key: string, initialValue: Value) => PromiseLike<Value>'.
    Call signature return types 'Promise<Value | null>' and 'PromiseLike<Value>' are incompatible.
      The types of 'then' are incompatible between these types.
        Type '<TResult1 = Value | null, TResult2 = never>(onfulfilled?: ((value: Value | null) => TResult1 | PromiseLike<TResult1>) | null | undefined, onrejected?: ((reason: any) => TResult2 | PromiseLike<...>) | null | undefined) => Promise<...>' is not assignable to type '<TResult1 = Value, TResult2 = never>(onfulfilled?: ((value: Value) => TResult1 | PromiseLike<TResult1>) | null | undefined, onrejected?: ((reason: any) => TResult2 | PromiseLike<...>) | null | undefined) => PromiseLike<...>'.
          Types of parameters 'onfulfilled' and 'onfulfilled' are incompatible.
            Types of parameters 'value' and 'value' are incompatible.
              Type 'Value | null' is not assignable to type 'Value'.
                'Value' could be instantiated with an arbitrary type which could be unrelated to 'Value | null'.
src/lib/state/jotai-persistence.ts(184,9): error TS2416: Property 'setItem' in type 'EncryptedJotaiStorage<Value>' is not assignable to the same property in base type 'AsyncStorage<Value>'.
  Type '(value: Value) => Promise<void>' is not assignable to type '(key: string, newValue: Value) => PromiseLike<void>'.
    Types of parameters 'value' and 'key' are incompatible.
      Type 'string' is not assignable to type 'Value'.
        'Value' could be instantiated with an arbitrary type which could be unrelated to 'string'.
src/lib/state/jotai-persistence.ts(212,3): error TS2416: Property 'subscribe' in type 'EncryptedJotaiStorage<Value>' is not assignable to the same property in base type 'AsyncStorage<Value>'.
  Type '(callback: () => void) => () => void' is not assignable to type 'Subscribe<Value>'.
    Types of parameters 'callback' and 'key' are incompatible.
      Type 'string' is not assignable to type '() => void'.
src/lib/state/jotai-persistence.ts(237,36): error TS2769: No overload matches this call.
  Overload 1 of 3, '(getStringStorage: () => AsyncStringStorage, options?: JsonStorageOptions | undefined): AsyncStorage<Value>', gave the following error.
    Type 'EncryptedJotaiStorage<unknown>' is not assignable to type 'AsyncStringStorage'.
      The types of 'getItem(...).then' are incompatible between these types.
        Type '<TResult1 = unknown, TResult2 = never>(onfulfilled?: ((value: unknown) => TResult1 | PromiseLike<TResult1>) | null | undefined, onrejected?: ((reason: any) => TResult2 | PromiseLike<TResult2>) | null | undefined) => Promise<...>' is not assignable to type '<TResult1 = string | null, TResult2 = never>(onfulfilled?: ((value: string | null) => TResult1 | PromiseLike<TResult1>) | null | undefined, onrejected?: ((reason: any) => TResult2 | PromiseLike<...>) | null | undefined) => PromiseLike<...>'.
          Types of parameters 'onfulfilled' and 'onfulfilled' are incompatible.
            Types of parameters 'value' and 'value' are incompatible.
              Type 'unknown' is not assignable to type 'string | null'.
  Overload 2 of 3, '(getStringStorage: () => SyncStringStorage, options?: JsonStorageOptions | undefined): SyncStorage<Value>', gave the following error.
    Type 'EncryptedJotaiStorage<unknown>' is not assignable to type 'SyncStringStorage'.
      The types returned by 'getItem(...)' are incompatible between these types.
        Type 'Promise<unknown>' is not assignable to type 'string'.
src/lib/state/jotai-persistence.ts(263,53): error TS2379: Argument of type '{ ttl: undefined; encrypt?: boolean; allowOffline?: boolean; syncAcrossTabs?: boolean; version?: number; migration?: (oldState: unknown, version: number) => unknown; }' is not assignable to parameter of type 'PersistenceOptions' with 'exactOptionalPropertyTypes: true'. Consider adding 'undefined' to the types of the target's properties.
  Types of property 'ttl' are incompatible.
    Type 'undefined' is not assignable to type 'number'.
src/lib/state/jotai-persistence.ts(291,11): error TS6133: 'syncSubscriptions' is declared but its value is never read.
src/lib/state/jotai-persistence.ts(303,15): error TS6133: 'T' is declared but its value is never read.
src/lib/state/persistence.ts(21,3): error TS2322: Type 'Storage | null' is not assignable to type 'Storage'.
  Type 'null' is not assignable to type 'Storage'.
src/lib/state/persistence.ts(156,13): error TS2698: Spread types may only be created from object types.
src/lib/store.ts(478,24): error TS6133: 'formId' is declared but its value is never read.
src/lib/stores/fhe-store.ts(228,52): error TS2345: Argument of type 'string | EncryptedData<unknown>' is not assignable to parameter of type 'EncryptedData<unknown>'.
  Type 'string' is not assignable to type 'EncryptedData<unknown>'.
src/lib/stores/fhe-store.ts(284,11): error TS2322: Type 'unknown' is not assignable to type 'HomomorphicOperationResult'.
src/lib/stores/fhe-store.ts(300,45): error TS4111: Property 'value' comes from an index signature, so it must be accessed with ['value'].
src/lib/stores/fhe-store.ts(302,19): error TS2345: Argument of type 'string | EncryptedData<unknown>' is not assignable to parameter of type 'EncryptedData<unknown>'.
  Type 'string' is not assignable to type 'EncryptedData<unknown>'.
src/lib/stores/fhe-store.ts(303,26): error TS4111: Property 'value' comes from an index signature, so it must be accessed with ['value'].
src/lib/stores/fhe-store.ts(308,50): error TS4111: Property 'value' comes from an index signature, so it must be accessed with ['value'].
src/lib/stores/fhe-store.ts(310,19): error TS2345: Argument of type 'string | EncryptedData<unknown>' is not assignable to parameter of type 'EncryptedData<unknown>'.
  Type 'string' is not assignable to type 'EncryptedData<unknown>'.
src/lib/stores/fhe-store.ts(311,26): error TS4111: Property 'value' comes from an index signature, so it must be accessed with ['value'].
src/lib/utils/dynamic-components.tsx(47,23): error TS2339: Property 'MultidimensionalEmotionChart' does not exist on type 'typeof import("/app/src/components/three/MultidimensionalEmotionChart")'.
src/lib/utils/dynamic-components.tsx(59,16): error TS2307: Cannot find module '../../components/analytics/EmotionTemporalAnalysisChart' or its corresponding type declarations.
src/lib/utils/dynamic-components.tsx(80,16): error TS2307: Cannot find module '../../components/security/FHEDemo' or its corresponding type declarations.
src/lib/utils/dynamic-components.tsx(91,16): error TS2307: Cannot find module '../../components/ui/SwiperCarousel' or its corresponding type declarations.
src/lib/utils/dynamic-components.tsx(102,16): error TS2307: Cannot find module '../../components/analytics/ChartComponent' or its corresponding type declarations.
src/lib/utils/dynamic-components.tsx(113,16): error TS2307: Cannot find module '../../components/treatment/TreatmentPlanManager' or its corresponding type declarations.
src/lib/utils/dynamic-components.tsx(126,12): error TS2307: Cannot find module '../../components/three/Particle' or its corresponding type declarations.
src/lib/websocket/__tests__/server.test.ts(253,36): error TS4111: Property 'CLIENT_ID' comes from an index signature, so it must be accessed with ['CLIENT_ID'].
src/lib/websocket/server.ts(109,48): error TS2379: Argument of type '{ type: "message"; data: unknown; sessionId: string; encrypted: boolean | undefined; }' is not assignable to parameter of type 'WebSocketMessage' with 'exactOptionalPropertyTypes: true'. Consider adding 'undefined' to the types of the target's properties.
  Types of property 'encrypted' are incompatible.
    Type 'boolean | undefined' is not assignable to type 'boolean'.
      Type 'undefined' is not assignable to type 'boolean'.
src/middleware.ts(9,45): error TS7030: Not all code paths return a value.
src/middleware/monitoring.ts(49,9): error TS2375: Type '{ startTime: number; userAgent: any; ip: any; userId: string | undefined; }' is not assignable to type 'RequestMetrics' with 'exactOptionalPropertyTypes: true'. Consider adding 'undefined' to the types of the target's properties.
  Types of property 'userId' are incompatible.
    Type 'string | undefined' is not assignable to type 'string'.
      Type 'undefined' is not assignable to type 'string'.
src/middleware/monitoring.ts(273,28): error TS2379: Argument of type '{ name: string; properties: Record<string, string> | undefined; measurements: Record<string, number> | undefined; }' is not assignable to parameter of type 'TelemetryEvent' with 'exactOptionalPropertyTypes: true'. Consider adding 'undefined' to the types of the target's properties.
  Types of property 'properties' are incompatible.
    Type 'Record<string, string> | undefined' is not assignable to type 'Record<string, string>'.
      Type 'undefined' is not assignable to type 'Record<string, string>'.
src/pages/admin/__tests__/system-health.test.ts(2,26): error TS2307: Cannot find module '../system-health.astro' or its corresponding type declarations.
src/pages/api/admin/patient-rights/update-deletion-request.ts(54,52): error TS2379: Argument of type '{ id: string; status: "completed" | "pending" | "in-progress" | "denied"; processedBy: string; processingNotes: string | undefined; }' is not assignable to parameter of type 'UpdateDataDeletionRequestParams' with 'exactOptionalPropertyTypes: true'. Consider adding 'undefined' to the types of the target's properties.
  Types of property 'processingNotes' are incompatible.
    Type 'string | undefined' is not assignable to type 'string'.
      Type 'undefined' is not assignable to type 'string'.
src/pages/api/admin/sessions.ts(33,25): error TS2352: Conversion of type 'Locals' to type 'AdminLocals' may be a mistake because neither type sufficiently overlaps with the other. If this was intentional, convert the expression to 'unknown' first.
  Property 'admin' is missing in type 'Locals' but required in type 'AdminLocals'.
src/pages/api/admin/sessions.ts(48,59): error TS2379: Argument of type '{ limit: number; offset: number; therapistId: string | undefined; clientId: string | undefined; startDate: Date | undefined; endDate: Date | undefined; }' is not assignable to parameter of type '{ limit: number; offset: number; therapistId?: string; clientId?: string; startDate?: Date; endDate?: Date; }' with 'exactOptionalPropertyTypes: true'. Consider adding 'undefined' to the types of the target's properties.
  Types of property 'therapistId' are incompatible.
    Type 'string | undefined' is not assignable to type 'string'.
      Type 'undefined' is not assignable to type 'string'.
src/pages/api/admin/sessions.ts(101,34): error TS2352: Conversion of type 'Locals' to type 'AdminLocals' may be a mistake because neither type sufficiently overlaps with the other. If this was intentional, convert the expression to 'unknown' first.
  Property 'admin' is missing in type 'Locals' but required in type 'AdminLocals'.
src/pages/api/admin/users.ts(33,25): error TS2352: Conversion of type 'Locals' to type 'AdminLocals' may be a mistake because neither type sufficiently overlaps with the other. If this was intentional, convert the expression to 'unknown' first.
  Property 'admin' is missing in type 'Locals' but required in type 'AdminLocals'.
src/pages/api/admin/users.ts(98,34): error TS2352: Conversion of type 'Locals' to type 'AdminLocals' may be a mistake because neither type sufficiently overlaps with the other. If this was intentional, convert the expression to 'unknown' first.
  Property 'admin' is missing in type 'Locals' but required in type 'AdminLocals'.
src/pages/api/ai/completion.ts(288,80): error TS2379: Argument of type '{ model: string | undefined; temperature: number | undefined; maxTokens: number | undefined; }' is not assignable to parameter of type 'AIServiceOptions' with 'exactOptionalPropertyTypes: true'. Consider adding 'undefined' to the types of the target's properties.
  Types of property 'model' are incompatible.
    Type 'string | undefined' is not assignable to type 'string'.
      Type 'undefined' is not assignable to type 'string'.
src/pages/api/ai/high-risk-detections.ts(35,11): error TS2554: Expected 4-6 arguments, but got 1.
src/pages/api/ai/high-risk-detections.ts(53,11): error TS2554: Expected 4-6 arguments, but got 1.
src/pages/api/ai/performance-metrics.ts(33,11): error TS2554: Expected 4-6 arguments, but got 1.
src/pages/api/ai/usage-stats.ts(48,11): error TS2554: Expected 4-6 arguments, but got 1.
src/pages/api/ai/usage-stats.ts(61,41): error TS2379: Argument of type '{ period: "daily" | "weekly" | "monthly"; userId: string | undefined; }' is not assignable to parameter of type 'AIUsageStatsOptions' with 'exactOptionalPropertyTypes: true'. Consider adding 'undefined' to the types of the target's properties.
  Types of property 'userId' are incompatible.
    Type 'string | undefined' is not assignable to type 'string'.
      Type 'undefined' is not assignable to type 'string'.
src/pages/api/ai/usage-stats.ts(67,11): error TS2554: Expected 4-6 arguments, but got 1.
src/pages/api/ai/usage-stats.ts(75,27): error TS2339: Property 'length' does not exist on type 'AIUsageStats'.
src/pages/api/ai/usage-stats.ts(91,11): error TS2554: Expected 4-6 arguments, but got 1.
src/pages/api/ai/validation/history.ts(28,24): error TS4111: Property 'purpose' comes from an index signature, so it must be accessed with ['purpose'].
src/pages/api/ai/validation/history.ts(29,24): error TS4111: Property 'scope' comes from an index signature, so it must be accessed with ['scope'].
src/pages/api/ai/validation/history.ts(38,52): error TS2345: Argument of type 'unknown' is not assignable to parameter of type 'Record<string, unknown> | undefined'.
src/pages/api/ai/validation/results.ts(21,46): error TS2345: Argument of type 'Request' is not assignable to parameter of type 'AstroCookies'.
  Type 'Request' is missing the following properties from type 'AstroCookies': #private, delete, get, has, and 2 more.
src/pages/api/ai/validation/results.ts(23,18): error TS2339: Property 'authenticated' does not exist on type 'boolean'.
src/pages/api/ai/validation/results.ts(23,46): error TS2339: Property 'user' does not exist on type 'boolean'.
src/pages/api/ai/validation/results.ts(24,30): error TS2339: Property 'user' does not exist on type 'boolean'.
src/pages/api/ai/validation/results.ts(47,21): error TS2339: Property 'user' does not exist on type 'boolean'.
src/pages/api/ai/validation/results.ts(50,24): error TS2339: Property 'SECURITY_EVENT' does not exist on type 'typeof AuditEventType'.
src/pages/api/ai/validation/results.ts(52,20): error TS2339: Property 'user' does not exist on type 'boolean'.
src/pages/api/ai/validation/results.ts(55,30): error TS2339: Property 'user' does not exist on type 'boolean'.
src/pages/api/ai/validation/results.ts(56,29): error TS2339: Property 'user' does not exist on type 'boolean'.
src/pages/api/ai/validation/results.ts(76,36): error TS2339: Property 'isInitialized' does not exist on type 'EmotionValidationPipeline'.
src/pages/api/ai/validation/results.ts(77,39): error TS2339: Property 'initialize' does not exist on type 'EmotionValidationPipeline'.
src/pages/api/ai/validation/results.ts(81,57): error TS2339: Property 'getValidationResults' does not exist on type 'EmotionValidationPipeline'.
src/pages/api/ai/validation/results.ts(82,55): error TS2339: Property 'getValidationStats' does not exist on type 'EmotionValidationPipeline'.
src/pages/api/ai/validation/results.ts(88,18): error TS2339: Property 'user' does not exist on type 'boolean'.
src/pages/api/ai/validation/results.ts(91,28): error TS2339: Property 'user' does not exist on type 'boolean'.
src/pages/api/ai/validation/run.ts(16,46): error TS2345: Argument of type 'Request' is not assignable to parameter of type 'AstroCookies'.
  Type 'Request' is missing the following properties from type 'AstroCookies': #private, delete, get, has, and 2 more.
src/pages/api/ai/validation/run.ts(17,21): error TS2339: Property 'authenticated' does not exist on type 'boolean'.
src/pages/api/ai/validation/run.ts(33,21): error TS2339: Property 'user' does not exist on type 'boolean'.
src/pages/api/ai/validation/run.ts(36,24): error TS2339: Property 'SECURITY_EVENT' does not exist on type 'typeof AuditEventType'.
src/pages/api/ai/validation/run.ts(38,20): error TS2339: Property 'user' does not exist on type 'boolean'.
src/pages/api/ai/validation/run.ts(41,30): error TS2339: Property 'user' does not exist on type 'boolean'.
src/pages/api/ai/validation/run.ts(42,29): error TS2339: Property 'user' does not exist on type 'boolean'.
src/pages/api/ai/validation/run.ts(62,36): error TS2339: Property 'isInitialized' does not exist on type 'EmotionValidationPipeline'.
src/pages/api/ai/validation/run.ts(63,39): error TS2339: Property 'initialize' does not exist on type 'EmotionValidationPipeline'.
src/pages/api/ai/validation/run.ts(68,53): error TS2339: Property 'runValidation' does not exist on type 'EmotionValidationPipeline'.
src/pages/api/ai/validation/run.ts(74,18): error TS2339: Property 'user' does not exist on type 'boolean'.
src/pages/api/ai/validation/run.ts(77,28): error TS2339: Property 'user' does not exist on type 'boolean'.
src/pages/api/ai/validation/run.ts(79,38): error TS7006: Parameter 'r' implicitly has an 'any' type.
src/pages/api/ai/validation/schedule.ts(16,46): error TS2345: Argument of type 'Request' is not assignable to parameter of type 'AstroCookies'.
  Type 'Request' is missing the following properties from type 'AstroCookies': #private, delete, get, has, and 2 more.
src/pages/api/ai/validation/schedule.ts(17,21): error TS2339: Property 'authenticated' does not exist on type 'boolean'.
src/pages/api/ai/validation/schedule.ts(33,21): error TS2339: Property 'user' does not exist on type 'boolean'.
src/pages/api/ai/validation/schedule.ts(36,24): error TS2339: Property 'SECURITY_EVENT' does not exist on type 'typeof AuditEventType'.
src/pages/api/ai/validation/schedule.ts(38,20): error TS2339: Property 'user' does not exist on type 'boolean'.
src/pages/api/ai/validation/schedule.ts(41,30): error TS2339: Property 'user' does not exist on type 'boolean'.
src/pages/api/ai/validation/schedule.ts(42,29): error TS2339: Property 'user' does not exist on type 'boolean'.
src/pages/api/ai/validation/schedule.ts(76,20): error TS2339: Property 'user' does not exist on type 'boolean'.
src/pages/api/ai/validation/schedule.ts(79,30): error TS2339: Property 'user' does not exist on type 'boolean'.
src/pages/api/ai/validation/schedule.ts(106,20): error TS2339: Property 'user' does not exist on type 'boolean'.
src/pages/api/ai/validation/schedule.ts(109,30): error TS2339: Property 'user' does not exist on type 'boolean'.
src/pages/api/ai/validation/start.ts(16,46): error TS2345: Argument of type 'Request' is not assignable to parameter of type 'AstroCookies'.
  Type 'Request' is missing the following properties from type 'AstroCookies': #private, delete, get, has, and 2 more.
src/pages/api/ai/validation/start.ts(17,21): error TS2339: Property 'authenticated' does not exist on type 'boolean'.
src/pages/api/ai/validation/start.ts(33,21): error TS2339: Property 'user' does not exist on type 'boolean'.
src/pages/api/ai/validation/start.ts(36,24): error TS2339: Property 'SECURITY_EVENT' does not exist on type 'typeof AuditEventType'.
src/pages/api/ai/validation/start.ts(38,20): error TS2339: Property 'user' does not exist on type 'boolean'.
src/pages/api/ai/validation/start.ts(41,30): error TS2339: Property 'user' does not exist on type 'boolean'.
src/pages/api/ai/validation/start.ts(42,29): error TS2339: Property 'user' does not exist on type 'boolean'.
src/pages/api/ai/validation/start.ts(63,36): error TS2339: Property 'isInitialized' does not exist on type 'EmotionValidationPipeline'.
src/pages/api/ai/validation/start.ts(64,39): error TS2339: Property 'initialize' does not exist on type 'EmotionValidationPipeline'.
src/pages/api/ai/validation/start.ts(75,18): error TS2339: Property 'user' does not exist on type 'boolean'.
src/pages/api/ai/validation/start.ts(78,28): error TS2339: Property 'user' does not exist on type 'boolean'.
src/pages/api/ai/validation/start.ts(79,30): error TS2339: Property 'user' does not exist on type 'boolean'.
src/pages/api/ai/validation/start.ts(79,59): error TS2339: Property 'user' does not exist on type 'boolean'.
src/pages/api/ai/validation/webhook.ts(25,7): error TS2554: Expected 1 arguments, but got 3.
src/pages/api/ai/validation/webhook.ts(37,25): error TS2339: Property 'success' does not exist on type '{ status: string; }'.
src/pages/api/ai/validation/webhook.ts(38,25): error TS2339: Property 'message' does not exist on type '{ status: string; }'.
src/pages/api/ai/validation/webhook.ts(40,14): error TS2339: Property 'success' does not exist on type '{ status: string; }'.
src/pages/api/ai/validation/webhook.ts(43,16): error TS2339: Property 'success' does not exist on type '{ status: string; }'.
src/pages/api/ai/validation/webhook.ts(47,27): error TS2339: Property 'message' does not exist on type '{ status: string; }'.
src/pages/api/ai/validation/webhook.ts(60,27): error TS2339: Property 'message' does not exist on type '{ status: string; }'.
src/pages/api/analytics/engagement.ts(41,27): error TS2345: Argument of type '{ request: Request; cookies: AstroCookies; }' is not assignable to parameter of type '{ request: Request; cookies: AstroCookies; redirect: (path: string) => Response; locals?: Record<string, unknown>; }'.
  Property 'redirect' is missing in type '{ request: Request; cookies: AstroCookies; }' but required in type '{ request: Request; cookies: AstroCookies; redirect: (path: string) => Response; locals?: Record<string, unknown>; }'.
src/pages/api/analytics/treatment-forecast.ts(53,63): error TS2379: Argument of type '{ session: { sessionId: string; securityLevel: string; status: string; clientId: string; emotionAnalysisEnabled: boolean; therapistId: string; startTime: string; endTime?: string | undefined; }; ... 4 more ...; mentalHealthAnalysis: z.objectOutputType<...> | undefined; }' is not assignable to parameter of type 'ContextCollectionInput' with 'exactOptionalPropertyTypes: true'. Consider adding 'undefined' to the types of the target's properties.
  Types of property 'userPreferences' are incompatible.
    Type 'Record<string, unknown> | undefined' is not assignable to type 'Record<string, unknown>'.
      Type 'undefined' is not assignable to type 'Record<string, unknown>'.
src/pages/api/audit/metrics.ts(53,57): error TS2345: Argument of type '{ id: string; timestamp: string; userId: string; resourceId: string; resourceType: string | undefined; action: "view" | "create" | "update" | "delete"; metadata: Record<string, unknown>; }[]' is not assignable to parameter of type 'AuditLog[]'.
  Type '{ id: string; timestamp: string; userId: string; resourceId: string; resourceType: string | undefined; action: "view" | "create" | "update" | "delete"; metadata: Record<string, unknown>; }' is not assignable to type 'AuditLog'.
    Types of property 'resourceType' are incompatible.
      Type 'string | undefined' is not assignable to type 'string'.
        Type 'undefined' is not assignable to type 'string'.
src/pages/api/auth/callback.ts(62,41): error TS4111: Property 'full_name' comes from an index signature, so it must be accessed with ['full_name'].
src/pages/api/auth/callback.ts(63,42): error TS4111: Property 'avatar_url' comes from an index signature, so it must be accessed with ['avatar_url'].
src/pages/api/auth/callback.ts(74,13): error TS2554: Expected 4-6 arguments, but got 1.
src/pages/api/auth/login.ts(58,9): error TS2322: Type 'string' is not assignable to type '"tc128" | "tc192" | "tc256"'.
src/pages/api/auth/signout.ts(39,13): error TS2554: Expected 4-6 arguments, but got 1.
src/pages/api/bias-detection/dashboard.test.ts(6,3): error TS2305: Module '"vitest"' has no exported member 'describe'.
src/pages/api/bias-detection/dashboard.test.ts(7,3): error TS2305: Module '"vitest"' has no exported member 'it'.
src/pages/api/bias-detection/dashboard.test.ts(8,3): error TS2305: Module '"vitest"' has no exported member 'expect'.
src/pages/api/bias-detection/dashboard.test.ts(9,3): error TS2305: Module '"vitest"' has no exported member 'beforeEach'.
src/pages/api/bias-detection/dashboard.test.ts(10,3): error TS2305: Module '"vitest"' has no exported member 'afterEach'.
src/pages/api/bias-detection/dashboard.test.ts(11,3): error TS2305: Module '"vitest"' has no exported member 'vi'.
src/pages/api/bias-detection/dashboard.test.ts(12,8): error TS2305: Module '"vitest"' has no exported member 'MockedFunction'.
src/pages/api/bias-detection/dashboard.test.ts(34,7): error TS2353: Object literal may only specify known properties, and 'highBiasSessions' does not exist in type 'BiasSummaryStats'.
src/pages/api/bias-detection/dashboard.test.ts(43,9): error TS2322: Type 'string' is not assignable to type 'Date'.
src/pages/api/bias-detection/dashboard.test.ts(58,9): error TS2322: Type 'string' is not assignable to type 'Date'.
src/pages/api/bias-detection/dashboard.test.ts(72,9): error TS2322: Type 'string' is not assignable to type 'Date'.
src/pages/api/bias-detection/dashboard.test.ts(78,9): error TS2322: Type 'string' is not assignable to type 'Date'.
src/pages/api/bias-detection/dashboard.test.ts(84,5): error TS2739: Type '{ age: { '18-24': number; '25-34': number; '35-44': number; '45-54': number; '55+': number; }; gender: { male: number; female: number; other: number; }; ethnicity: { asian: number; black: number; hispanic: number; white: number; other: number; }; }' is missing the following properties from type 'DemographicBreakdown': language, intersectional
src/pages/api/bias-detection/dashboard.test.ts(108,9): error TS2322: Type 'string' is not assignable to type 'Date'.
src/pages/api/bias-detection/dashboard.test.ts(120,9): error TS2322: Type 'string' is not assignable to type 'Date'.
src/pages/api/bias-detection/dashboard.test.ts(151,37): error TS7053: Element implicitly has an 'any' type because expression of type 'string' can't be used to index type '{ authorization: string; 'content-type': string; }'.
  No index signature with a parameter of type 'string' was found on type '{ authorization: string; 'content-type': string; }'.
src/pages/api/bias-detection/dashboard.test.ts(170,51): error TS7006: Parameter 'body' implicitly has an 'any' type.
src/pages/api/bias-detection/dashboard.test.ts(170,57): error TS7006: Parameter 'init' implicitly has an 'any' type.
src/pages/api/bias-detection/dashboard.test.ts(289,53): error TS7006: Parameter 'body' implicitly has an 'any' type.
src/pages/api/bias-detection/dashboard.test.ts(289,59): error TS7006: Parameter 'init' implicitly has an 'any' type.
src/pages/api/bias-detection/dashboard.test.ts(293,23): error TS6133: 'key' is declared but its value is never read.
src/pages/api/bias-detection/dashboard.test.ts(320,11): error TS2353: Object literal may only specify known properties, and 'highBiasSessions' does not exist in type 'BiasSummaryStats'.
src/pages/api/bias-detection/dashboard.test.ts(326,9): error TS2739: Type '{ age: {}; gender: {}; ethnicity: {}; }' is missing the following properties from type 'DemographicBreakdown': language, intersectional
src/pages/api/bias-detection/dashboard.test.ts(406,9): error TS2322: Type '{ id: string; type: string; message: string; timestamp: string; level: "medium"; sessionId: string; biasScore: number; demographics: { age: string; gender: string; ethnicity: string; primaryLanguage: string; }; }[]' is not assignable to type 'BiasAlert[]'.
  Type '{ id: string; type: string; message: string; timestamp: string; level: "medium"; sessionId: string; biasScore: number; demographics: { age: string; gender: string; ethnicity: string; primaryLanguage: string; }; }' is missing the following properties from type 'BiasAlert': alertId, acknowledged
src/pages/api/bias-detection/dashboard.test.ts(421,9): error TS2322: Type '{ date: string; biasScore: number; sessionCount: number; alertCount: number; }[]' is not assignable to type 'BiasTrendData[]'.
  Property 'demographicBreakdown' is missing in type '{ date: string; biasScore: number; sessionCount: number; alertCount: number; }' but required in type 'BiasTrendData'.
src/pages/api/bias-detection/dashboard.test.ts(454,53): error TS7006: Parameter 'body' implicitly has an 'any' type.
src/pages/api/bias-detection/dashboard.test.ts(454,59): error TS7006: Parameter 'init' implicitly has an 'any' type.
src/pages/api/bias-detection/dashboard.test.ts(458,23): error TS6133: 'key' is declared but its value is never read.
src/pages/api/bias-detection/dashboard.ts(8,48): error TS6133: 'cookies' is declared but its value is never read.
src/pages/api/bias-detection/dashboard.ts(21,7): error TS2353: Object literal may only specify known properties, and 'warningThreshold' does not exist in type 'Partial<BiasDetectionConfig>'.
src/pages/api/bias-detection/dashboard.ts(29,11): error TS6133: 'dashboardData' is declared but its value is never read.
src/pages/api/bias-detection/dashboard.ts(31,7): error TS2353: Object literal may only specify known properties, and 'demographicFilter' does not exist in type '{ timeRange?: string; includeDetails?: boolean; }'.
src/pages/api/bias-detection/dashboard.ts(42,9): error TS2353: Object literal may only specify known properties, and 'alertsCount' does not exist in type 'BiasSummaryStats'.
src/pages/api/bias-detection/dashboard.ts(52,11): error TS2322: Type 'string' is not assignable to type 'Date'.
src/pages/api/bias-detection/dashboard.ts(67,11): error TS2322: Type 'string' is not assignable to type 'Date'.
src/pages/api/bias-detection/dashboard.ts(78,9): error TS2353: Object literal may only specify known properties, and 'biasScoreOverTime' does not exist in type 'BiasTrendData[]'.
src/pages/api/bias-detection/dashboard.ts(83,9): error TS2353: Object literal may only specify known properties, and 'totalParticipants' does not exist in type 'DemographicBreakdown'.
src/pages/api/bias-detection/dashboard.ts(234,36): error TS6133: 'timeRange' is declared but its value is never read.
src/pages/api/bias-detection/export.test.ts(6,3): error TS2305: Module '"vitest"' has no exported member 'describe'.
src/pages/api/bias-detection/export.test.ts(7,3): error TS2305: Module '"vitest"' has no exported member 'it'.
src/pages/api/bias-detection/export.test.ts(8,3): error TS2305: Module '"vitest"' has no exported member 'expect'.
src/pages/api/bias-detection/export.test.ts(9,3): error TS2305: Module '"vitest"' has no exported member 'beforeEach'.
src/pages/api/bias-detection/export.test.ts(10,3): error TS2305: Module '"vitest"' has no exported member 'afterEach'.
src/pages/api/bias-detection/export.test.ts(11,3): error TS2305: Module '"vitest"' has no exported member 'vi'.
src/pages/api/bias-detection/export.test.ts(12,8): error TS2305: Module '"vitest"' has no exported member 'MockedFunction'.
src/pages/api/bias-detection/export.test.ts(34,7): error TS2353: Object literal may only specify known properties, and 'highBiasSessions' does not exist in type 'BiasSummaryStats'.
src/pages/api/bias-detection/export.test.ts(43,9): error TS2322: Type 'string' is not assignable to type 'Date'.
src/pages/api/bias-detection/export.test.ts(57,9): error TS2322: Type 'string' is not assignable to type 'Date'.
src/pages/api/bias-detection/export.test.ts(63,5): error TS2739: Type '{ age: { '18-24': number; '25-34': number; '35-44': number; '45-54': number; '55+': number; }; gender: { male: number; female: number; other: number; }; ethnicity: { asian: number; black: number; hispanic: number; white: number; other: number; }; }' is missing the following properties from type 'DemographicBreakdown': language, intersectional
src/pages/api/bias-detection/export.test.ts(87,9): error TS2322: Type 'string' is not assignable to type 'Date'.
src/pages/api/bias-detection/export.test.ts(118,37): error TS7053: Element implicitly has an 'any' type because expression of type 'string' can't be used to index type '{ authorization: string; 'content-type': string; }'.
  No index signature with a parameter of type 'string' was found on type '{ authorization: string; 'content-type': string; }'.
src/pages/api/bias-detection/export.test.ts(151,53): error TS7006: Parameter 'body' implicitly has an 'any' type.
src/pages/api/bias-detection/export.test.ts(151,59): error TS7006: Parameter 'init' implicitly has an 'any' type.
src/pages/api/bias-detection/export.test.ts(197,53): error TS7006: Parameter 'body' implicitly has an 'any' type.
src/pages/api/bias-detection/export.test.ts(197,59): error TS7006: Parameter 'init' implicitly has an 'any' type.
src/pages/api/bias-detection/export.test.ts(228,53): error TS7006: Parameter 'body' implicitly has an 'any' type.
src/pages/api/bias-detection/export.test.ts(228,59): error TS7006: Parameter 'init' implicitly has an 'any' type.
src/pages/api/bias-detection/export.test.ts(260,53): error TS7006: Parameter 'body' implicitly has an 'any' type.
src/pages/api/bias-detection/export.test.ts(260,59): error TS7006: Parameter 'init' implicitly has an 'any' type.
src/pages/api/bias-detection/export.test.ts(263,23): error TS6133: 'key' is declared but its value is never read.
src/pages/api/bias-detection/export.test.ts(283,53): error TS7006: Parameter 'body' implicitly has an 'any' type.
src/pages/api/bias-detection/export.test.ts(283,59): error TS7006: Parameter 'init' implicitly has an 'any' type.
src/pages/api/bias-detection/export.test.ts(286,23): error TS6133: 'key' is declared but its value is never read.
src/pages/api/bias-detection/export.test.ts(306,53): error TS6133: 'body' is declared but its value is never read.
src/pages/api/bias-detection/export.test.ts(306,53): error TS7006: Parameter 'body' implicitly has an 'any' type.
src/pages/api/bias-detection/export.test.ts(306,59): error TS7006: Parameter 'init' implicitly has an 'any' type.
src/pages/api/bias-detection/export.test.ts(309,23): error TS6133: 'key' is declared but its value is never read.
src/pages/api/bias-detection/export.test.ts(347,53): error TS7006: Parameter 'body' implicitly has an 'any' type.
src/pages/api/bias-detection/export.test.ts(347,59): error TS7006: Parameter 'init' implicitly has an 'any' type.
src/pages/api/bias-detection/export.test.ts(351,23): error TS6133: 'key' is declared but its value is never read.
src/pages/api/bias-detection/export.test.ts(375,53): error TS7006: Parameter 'body' implicitly has an 'any' type.
src/pages/api/bias-detection/export.test.ts(375,59): error TS7006: Parameter 'init' implicitly has an 'any' type.
src/pages/api/bias-detection/export.test.ts(378,23): error TS6133: 'key' is declared but its value is never read.
src/pages/api/bias-detection/export.test.ts(411,55): error TS7006: Parameter 'body' implicitly has an 'any' type.
src/pages/api/bias-detection/export.test.ts(411,61): error TS7006: Parameter 'init' implicitly has an 'any' type.
src/pages/api/bias-detection/export.test.ts(442,9): error TS2322: Type '{ id: string; type: string; message: string; timestamp: string; level: "medium"; sessionId: string; biasScore: number; demographics: { age: string; gender: string; ethnicity: string; primaryLanguage: string; }; }[]' is not assignable to type 'BiasAlert[]'.
  Type '{ id: string; type: string; message: string; timestamp: string; level: "medium"; sessionId: string; biasScore: number; demographics: { age: string; gender: string; ethnicity: string; primaryLanguage: string; }; }' is missing the following properties from type 'BiasAlert': alertId, acknowledged
src/pages/api/bias-detection/export.test.ts(457,9): error TS2322: Type '{ sessionId: string; timestamp: string; overallBiasScore: number; alertLevel: "medium"; demographics: { age: string; gender: string; ethnicity: string; primaryLanguage: string; }; }[]' is not assignable to type 'BiasAnalysisResult[]'.
  Type '{ sessionId: string; timestamp: string; overallBiasScore: number; alertLevel: "medium"; demographics: { age: string; gender: string; ethnicity: string; primaryLanguage: string; }; }' is missing the following properties from type 'BiasAnalysisResult': layerResults, recommendations, confidence
src/pages/api/bias-detection/export.test.ts(473,53): error TS7006: Parameter 'body' implicitly has an 'any' type.
src/pages/api/bias-detection/export.test.ts(473,59): error TS7006: Parameter 'init' implicitly has an 'any' type.
src/pages/api/bias-detection/export.test.ts(476,23): error TS6133: 'key' is declared but its value is never read.
src/pages/api/bias-detection/export.test.ts(502,53): error TS7006: Parameter 'body' implicitly has an 'any' type.
src/pages/api/bias-detection/export.test.ts(502,59): error TS7006: Parameter 'init' implicitly has an 'any' type.
src/pages/api/bias-detection/export.test.ts(506,23): error TS6133: 'key' is declared but its value is never read.
src/pages/api/bias-detection/export.test.ts(522,53): error TS7006: Parameter 'body' implicitly has an 'any' type.
src/pages/api/bias-detection/export.test.ts(522,59): error TS7006: Parameter 'init' implicitly has an 'any' type.
src/pages/api/bias-detection/export.test.ts(525,23): error TS6133: 'key' is declared but its value is never read.
src/pages/api/bias-detection/export.test.ts(549,53): error TS7006: Parameter 'body' implicitly has an 'any' type.
src/pages/api/bias-detection/export.test.ts(549,59): error TS7006: Parameter 'init' implicitly has an 'any' type.
src/pages/api/bias-detection/export.test.ts(552,23): error TS6133: 'key' is declared but its value is never read.
src/pages/api/bias-detection/export.test.ts(581,11): error TS2353: Object literal may only specify known properties, and 'highBiasSessions' does not exist in type 'BiasSummaryStats'.
src/pages/api/bias-detection/export.test.ts(587,9): error TS2739: Type '{ age: {}; gender: {}; ethnicity: {}; }' is missing the following properties from type 'DemographicBreakdown': language, intersectional
src/pages/api/bias-detection/export.test.ts(597,53): error TS7006: Parameter 'body' implicitly has an 'any' type.
src/pages/api/bias-detection/export.test.ts(597,59): error TS7006: Parameter 'init' implicitly has an 'any' type.
src/pages/api/bias-detection/export.test.ts(600,23): error TS6133: 'key' is declared but its value is never read.
src/pages/api/bias-detection/export.test.ts(617,53): error TS7006: Parameter 'body' implicitly has an 'any' type.
src/pages/api/bias-detection/export.test.ts(617,59): error TS7006: Parameter 'init' implicitly has an 'any' type.
src/pages/api/bias-detection/export.test.ts(620,23): error TS6133: 'key' is declared but its value is never read.
src/pages/api/bias-detection/export.ts(7,48): error TS6133: 'cookies' is declared but its value is never read.
src/pages/api/bias-detection/export.ts(23,21): error TS4111: Property 'BIAS_DETECTION_SERVICE_URL' comes from an index signature, so it must be accessed with ['BIAS_DETECTION_SERVICE_URL'].
src/pages/api/browser-compatibility/data.ts(80,48): error TS2345: Argument of type 'string | undefined' is not assignable to parameter of type 'string'.
  Type 'undefined' is not assignable to type 'string'.
src/pages/api/browser-compatibility/data.ts(142,38): error TS2532: Object is possibly 'undefined'.
src/pages/api/contact.ts(13,12): error TS2532: Object is possibly 'undefined'.
src/pages/api/contact.ts(81,22): error TS4111: Property 'name' comes from an index signature, so it must be accessed with ['name'].
src/pages/api/contact.ts(82,23): error TS4111: Property 'email' comes from an index signature, so it must be accessed with ['email'].
src/pages/api/contact.ts(83,25): error TS4111: Property 'subject' comes from an index signature, so it must be accessed with ['subject'].
src/pages/api/contact.ts(84,25): error TS4111: Property 'message' comes from an index signature, so it must be accessed with ['message'].
src/pages/api/emotions/dimensional.ts(5,44): error TS2307: Cannot find module '../../../lib/ai/emotions/dimensionalTypes' or its corresponding type declarations.
src/pages/api/emotions/dimensional.ts(97,77): error TS2379: Argument of type '{ clientId: string; startDate: Date | undefined; endDate: Date | undefined; limit: number; }' is not assignable to parameter of type 'DimensionalEmotionsQuery' with 'exactOptionalPropertyTypes: true'. Consider adding 'undefined' to the types of the target's properties.
  Types of property 'startDate' are incompatible.
    Type 'Date | undefined' is not assignable to type 'Date'.
      Type 'undefined' is not assignable to type 'Date'.
src/pages/api/emotions/multidimensional-map.ts(72,7): error TS2322: Type 'TherapySession[]' is not assignable to type '{ sessionId: string; }[]'.
  Type 'TherapySession' is not assignable to type '{ sessionId: string; }'.
    Property 'sessionId' is optional in type 'TherapySession' but required in type '{ sessionId: string; }'.
src/pages/api/emotions/multidimensional-map.ts(75,7): error TS2322: Type 'TherapySession[]' is not assignable to type '{ sessionId: string; }[]'.
  Type 'TherapySession' is not assignable to type '{ sessionId: string; }'.
    Property 'sessionId' is optional in type 'TherapySession' but required in type '{ sessionId: string; }'.
src/pages/api/emotions/multidimensional-map.ts(105,36): error TS2551: Property 'toISOString' does not exist on type 'string'. Did you mean 'toString'?
src/pages/api/emotions/real-time-analysis.ts(195,60): error TS2345: Argument of type 'APIRoute' is not assignable to parameter of type '(context: AuthAPIContext<Record<string, unknown>, Record<string, string | undefined>>) => Response | Promise<Response>'.
  Types of parameters 'context' and 'context' are incompatible.
    Type 'AuthAPIContext<Record<string, unknown>, Record<string, string | undefined>>' is not assignable to type 'APIContext<Record<string, any>, Record<string, string | undefined>>' with 'exactOptionalPropertyTypes: true'. Consider adding 'undefined' to the types of the target's properties.
      Types of property 'locals' are incompatible.
        Type '{ [key: string]: unknown; user: AuthUser; }' is missing the following properties from type 'Locals': requestId, timestamp
src/pages/api/emotions/session-analysis.ts(59,9): error TS18048: 'session' is possibly 'undefined'.
src/pages/api/emotions/session-analysis.ts(59,44): error TS18048: 'session' is possibly 'undefined'.
src/pages/api/emotions/session-analysis.ts(93,32): error TS2339: Property 'primaryVector' does not exist on type 'DimensionalMap'.
src/pages/api/emotions/session-analysis.ts(94,30): error TS2339: Property 'quadrant' does not exist on type 'DimensionalMap'.
src/pages/api/examples/profiling-demo.ts(45,32): error TS4111: Property 'NODE_ENV' comes from an index signature, so it must be accessed with ['NODE_ENV'].
src/pages/api/export/conversation.ts(53,44): error TS2345: Argument of type 'unknown' is not assignable to parameter of type 'Record<string, unknown> | undefined'.
src/pages/api/export/conversation.ts(115,53): error TS2345: Argument of type 'RealFHEService' is not assignable to parameter of type 'FHEServiceInterface'.
  Property 'encryptData' is missing in type 'RealFHEService' but required in type 'FHEServiceInterface'.
src/pages/api/export/conversation.ts(123,75): error TS2345: Argument of type '{ format: ExportFormat; encryptionMode: EncryptionMode; includeMetadata: true; includeVerificationToken: true; }' is not assignable to parameter of type 'Partial<ExportOptions> & Partial<ExportOptions>'.
  Types of property 'format' are incompatible.
    Type 'ExportFormat' is not assignable to type 'never'.
src/pages/api/export/conversation.ts(154,39): error TS2345: Argument of type 'unknown' is not assignable to parameter of type 'Record<string, unknown> | undefined'.
src/pages/api/export/conversation.ts(219,11): error TS2749: 'ExportFormat' refers to a value, but is being used as a type here. Did you mean 'typeof ExportFormat'?
src/pages/api/export/conversation.ts(230,43): error TS2749: 'ExportFormat' refers to a value, but is being used as a type here. Did you mean 'typeof ExportFormat'?
src/pages/api/export/conversation.ts(236,27): error TS2339: Property 'ENCRYPTED_ARCHIVE' does not exist on type 'typeof ExportFormat | typeof ExportFormat'.
  Property 'ENCRYPTED_ARCHIVE' does not exist on type 'typeof ExportFormat'.
src/pages/api/export/conversation.ts(239,27): error TS2339: Property 'JSON' does not exist on type 'typeof ExportFormat | typeof ExportFormat'.
  Property 'JSON' does not exist on type 'typeof ExportFormat'.
src/pages/api/fhe/process.ts(63,21): error TS2341: Property 'isInitialized' is private and only accessible within class 'RealFHEService'.
src/pages/api/fhe/process.ts(63,21): error TS2349: This expression is not callable.
  Type 'Boolean' has no call signatures.
src/pages/api/fhe/process.ts(66,9): error TS2322: Type '"high"' is not assignable to type '"tc128" | "tc192" | "tc256"'.
src/pages/api/fhe/process.ts(72,37): error TS2339: Property 'processEncrypted' does not exist on type 'RealFHEService'.
src/pages/api/fhe/rotate-keys.ts(55,21): error TS2341: Property 'isInitialized' is private and only accessible within class 'RealFHEService'.
src/pages/api/fhe/rotate-keys.ts(55,21): error TS2349: This expression is not callable.
  Type 'Boolean' has no call signatures.
src/pages/api/fhe/rotate-keys.ts(58,9): error TS2322: Type '"high"' is not assignable to type '"tc128" | "tc192" | "tc256"'.
src/pages/api/fhe/rotate-keys.ts(64,37): error TS2339: Property 'rotateKeys' does not exist on type 'RealFHEService'.
src/pages/api/goals/[id].ts(48,11): error TS2322: Type '{ id: string; createdAt: number; updatedAt: number; progress: number; title: string; status: GoalStatus; description: string; category: GoalCategory; checkpoints: { ...; }[]; ... 4 more ...; relevantDistortions?: string[] | undefined; }' is not assignable to type 'TherapeuticGoal'.
  Types of property 'checkpoints' are incompatible.
    Type '{ id: string; description: string; isCompleted: boolean; notes?: string | undefined; completedAt?: number | undefined; }[]' is not assignable to type 'Checkpoint[]'.
      Type '{ id: string; description: string; isCompleted: boolean; notes?: string | undefined; completedAt?: number | undefined; }' is not assignable to type 'Checkpoint' with 'exactOptionalPropertyTypes: true'. Consider adding 'undefined' to the types of the target's properties.
        Types of property 'completedAt' are incompatible.
          Type 'number | undefined' is not assignable to type 'number'.
            Type 'undefined' is not assignable to type 'number'.
src/pages/api/goals/[id].ts(51,18): error TS2532: Object is possibly 'undefined'.
src/pages/api/memory/test.ts(4,39): error TS6133: 'request' is declared but its value is never read.
src/pages/api/patient-rights/create-export.ts(37,31): error TS2304: Cannot find name 'AuthUser'.
src/pages/api/patient-rights/download-export.ts(47,32): error TS2554: Expected 0 arguments, but got 1.
src/pages/api/patient-rights/download-export.ts(123,32): error TS4111: Property 'PATIENT_ID' comes from an index signature, so it must be accessed with ['PATIENT_ID'].
src/pages/api/patient-rights/update-export.ts(45,29): error TS4111: Property 'permissions' comes from an index signature, so it must be accessed with ['permissions'].
src/pages/api/pattern-analysis/risk-correlations.ts(5,15): error TS2305: Module '"../../../lib/ai/AIService"' has no exported member 'EmotionAnalysis'.
src/pages/api/pattern-analysis/risk-correlations.ts(123,66): error TS2554: Expected 0 arguments, but got 1.
src/pages/api/pattern-analysis/risk-correlations.ts(128,47): error TS2339: Property 'analyzeRiskFactorCorrelations' does not exist on type 'PatternRecognitionService'.
src/pages/api/pattern-analysis/trends.ts(18,63): error TS2339: Property 'user' does not exist on type 'AuthAPIContext<Record<string, unknown>, Record<string, string | undefined>>'.
src/pages/api/pattern-analysis/trends.ts(85,48): error TS2339: Property 'analyzeLongTermTrends' does not exist on type 'PatternRecognitionService'.
src/pages/api/security/backup/index.ts(24,46): error TS2554: Expected 0-1 arguments, but got 3.
src/pages/api/security/backup/index.ts(79,46): error TS2554: Expected 0-1 arguments, but got 3.
src/pages/api/security/backup/recovery-tests.ts(29,22): error TS2339: Property '_locals' does not exist on type 'AuthAPIContext<Record<string, any>, Record<string, string | undefined>>'.
src/pages/api/security/backup/recovery-tests.ts(29,22): error TS6133: '_locals' is declared but its value is never read.
src/pages/api/security/backup/recovery-tests.ts(84,22): error TS2339: Property '_locals' does not exist on type 'AuthAPIContext<Record<string, any>, Record<string, string | undefined>>'.
src/pages/api/security/backup/recovery-tests.ts(84,22): error TS6133: '_locals' is declared but its value is never read.
src/pages/api/security/events.ts(24,24): error TS4111: Property 'security' comes from an index signature, so it must be accessed with ['security'].
src/pages/api/security/events.ts(31,24): error TS4111: Property 'security' comes from an index signature, so it must be accessed with ['security'].
src/pages/api/sessions/[sessionId]/temporal-emotions.ts(69,11): error TS2375: Type '{ emotionTypes: string[] | undefined; }' is not assignable to type '{ emotionTypes?: string[]; }' with 'exactOptionalPropertyTypes: true'. Consider adding 'undefined' to the types of the target's properties.
  Types of property 'emotionTypes' are incompatible.
    Type 'string[] | undefined' is not assignable to type 'string[]'.
      Type 'undefined' is not assignable to type 'string[]'.
src/pages/api/sessions/[sessionId]/temporal-emotions.ts(100,11): error TS2379: Argument of type '{ emotionTypes: string[] | undefined; }' is not assignable to parameter of type '{ emotionTypes?: string[]; }' with 'exactOptionalPropertyTypes: true'. Consider adding 'undefined' to the types of the target's properties.
  Types of property 'emotionTypes' are incompatible.
    Type 'string[] | undefined' is not assignable to type 'string[]'.
      Type 'undefined' is not assignable to type 'string[]'.
src/pages/api/sessions/[sessionId]/temporal-emotions.ts(147,11): error TS2375: Type '{ emotionTypes: string[] | undefined; }' is not assignable to type '{ emotionTypes?: string[]; }' with 'exactOptionalPropertyTypes: true'. Consider adding 'undefined' to the types of the target's properties.
  Types of property 'emotionTypes' are incompatible.
    Type 'string[] | undefined' is not assignable to type 'string[]'.
      Type 'undefined' is not assignable to type 'string[]'.
src/pages/api/sessions/index.ts(5,37): error TS2307: Cannot find module '../../../lib/ai/interfaces/therapy' or its corresponding type declarations.
src/pages/api/treatment-plans/[planId].ts(4,36): error TS2307: Cannot find module '../../../../types/treatment' or its corresponding type declarations.
src/pages/api/treatment-plans/[planId].ts(51,27): error TS2339: Property 'supabase' does not exist on type 'Locals'.
src/pages/api/treatment-plans/[planId].ts(67,25): error TS4111: Property 'planId' comes from an index signature, so it must be accessed with ['planId'].
src/pages/api/treatment-plans/[planId].ts(115,27): error TS2339: Property 'supabase' does not exist on type 'Locals'.
src/pages/api/treatment-plans/[planId].ts(131,25): error TS4111: Property 'planId' comes from an index signature, so it must be accessed with ['planId'].
src/pages/api/treatment-plans/[planId].ts(263,27): error TS2339: Property 'supabase' does not exist on type 'Locals'.
src/pages/api/treatment-plans/[planId].ts(279,25): error TS4111: Property 'planId' comes from an index signature, so it must be accessed with ['planId'].
src/pages/api/treatment-plans/index.ts(8,8): error TS2307: Cannot find module '../../../../types/treatment' or its corresponding type declarations.
src/pages/api/treatment-plans/index.ts(56,27): error TS2339: Property 'supabase' does not exist on type 'Locals'.
src/pages/api/treatment-plans/index.ts(123,27): error TS2339: Property 'supabase' does not exist on type 'Locals'.
src/pages/api/v1/__tests__/health.test.ts(155,37): error TS4111: Property 'PUBLIC_SUPABASE_URL' comes from an index signature, so it must be accessed with ['PUBLIC_SUPABASE_URL'].
src/pages/api/v1/__tests__/health.test.ts(156,37): error TS4111: Property 'PUBLIC_SUPABASE_ANON_KEY' comes from an index signature, so it must be accessed with ['PUBLIC_SUPABASE_ANON_KEY'].
src/pages/api/v1/admin/users.ts(58,45): error TS2345: Argument of type 'PostgrestError' is not assignable to parameter of type 'Record<string, unknown>'.
  Index signature for type 'string' is missing in type 'PostgrestError'.
src/pages/api/v1/admin/users.ts(72,7): error TS2345: Argument of type '"admin_list_users"' is not assignable to parameter of type 'AuditEventType'.
src/pages/api/v1/admin/users.ts(148,9): error TS2345: Argument of type '"admin_action_blocked"' is not assignable to parameter of type 'AuditEventType'.
src/pages/api/v1/admin/users.ts(171,17): error TS4111: Property 'full_name' comes from an index signature, so it must be accessed with ['full_name'].
src/pages/api/v1/admin/users.ts(174,17): error TS4111: Property 'role' comes from an index signature, so it must be accessed with ['role'].
src/pages/api/v1/admin/users.ts(177,17): error TS4111: Property 'status' comes from an index signature, so it must be accessed with ['status'].
src/pages/api/v1/admin/users.ts(180,17): error TS4111: Property 'metadata' comes from an index signature, so it must be accessed with ['metadata'].
src/pages/api/v1/admin/users.ts(194,54): error TS2345: Argument of type 'PostgrestError' is not assignable to parameter of type 'Record<string, unknown>'.
  Index signature for type 'string' is missing in type 'PostgrestError'.
src/pages/api/v1/admin/users.ts(208,7): error TS2345: Argument of type '"admin_update_user"' is not assignable to parameter of type 'AuditEventType'.
src/pages/api/v1/health.ts(53,18): error TS4111: Property 'supabase' comes from an index signature, so it must be accessed with ['supabase'].
src/pages/api/v1/health.ts(60,20): error TS4111: Property 'supabase' comes from an index signature, so it must be accessed with ['supabase'].
src/pages/api/v1/health.ts(65,41): error TS4111: Property 'supabase' comes from an index signature, so it must be accessed with ['supabase'].
src/pages/api/v1/health.ts(67,22): error TS4111: Property 'status' comes from an index signature, so it must be accessed with ['status'].
src/pages/api/v1/health.ts(71,20): error TS4111: Property 'supabase' comes from an index signature, so it must be accessed with ['supabase'].
src/pages/api/v1/health.ts(76,20): error TS4111: Property 'status' comes from an index signature, so it must be accessed with ['status'].
src/pages/api/v1/health.ts(82,18): error TS4111: Property 'redis' comes from an index signature, so it must be accessed with ['redis'].
src/pages/api/v1/health.ts(83,36): error TS4111: Property 'redis' comes from an index signature, so it must be accessed with ['redis'].
src/pages/api/v1/health.ts(85,20): error TS4111: Property 'status' comes from an index signature, so it must be accessed with ['status'].
src/pages/api/v1/health.ts(89,18): error TS4111: Property 'redis' comes from an index signature, so it must be accessed with ['redis'].
src/pages/api/v1/health.ts(93,18): error TS4111: Property 'status' comes from an index signature, so it must be accessed with ['status'].
src/pages/api/v1/health.ts(97,16): error TS4111: Property 'system' comes from an index signature, so it must be accessed with ['system'].
src/pages/api/v1/health.ts(102,18): error TS4111: Property 'api' comes from an index signature, so it must be accessed with ['api'].
src/pages/api/v1/health.ts(103,25): error TS4111: Property 'api' comes from an index signature, so it must be accessed with ['api'].
src/pages/api/v1/health.ts(104,18): error TS4111: Property 'api' comes from an index signature, so it must be accessed with ['api'].
src/pages/api/v1/health.ts(105,38): error TS4111: Property 'api' comes from an index signature, so it must be accessed with ['api'].
src/pages/api/v1/health.ts(107,20): error TS4111: Property 'api' comes from an index signature, so it must be accessed with ['api'].
src/pages/api/v1/health.ts(113,26): error TS4111: Property 'status' comes from an index signature, so it must be accessed with ['status'].
src/pages/api/v1/health.ts(169,41): error TS2532: Object is possibly 'undefined'.
src/pages/api/v1/health.ts(194,15): error TS2532: Object is possibly 'undefined'.
src/pages/api/v1/health.ts(195,15): error TS2532: Object is possibly 'undefined'.
src/pages/api/v1/health.ts(196,16): error TS2532: Object is possibly 'undefined'.
src/pages/api/v1/preferences/index.ts(85,34): error TS4111: Property 'ai' comes from an index signature, so it must be accessed with ['ai'].
src/pages/api/v1/profile/index.ts(89,15): error TS4111: Property 'full_name' comes from an index signature, so it must be accessed with ['full_name'].
src/pages/api/v1/profile/index.ts(92,15): error TS4111: Property 'avatar_url' comes from an index signature, so it must be accessed with ['avatar_url'].
src/pages/api/v1/profile/index.ts(95,15): error TS4111: Property 'preferences' comes from an index signature, so it must be accessed with ['preferences'].
src/pages/api/websocket/bias-alerts.ts(18,30): error TS4111: Property 'WS_PORT' comes from an index signature, so it must be accessed with ['WS_PORT'].
src/pages/api/websocket/bias-alerts.ts(20,40): error TS4111: Property 'WS_MAX_CONNECTIONS' comes from an index signature, so it must be accessed with ['WS_MAX_CONNECTIONS'].
src/pages/api/websocket/bias-alerts.ts(21,29): error TS4111: Property 'WS_AUTH_REQUIRED' comes from an index signature, so it must be accessed with ['WS_AUTH_REQUIRED'].
src/pages/api/websocket/bias-alerts.ts(22,28): error TS4111: Property 'WS_CORS_ORIGINS' comes from an index signature, so it must be accessed with ['WS_CORS_ORIGINS'].
src/pages/api/websocket/bias-alerts.ts(27,48): error TS4111: Property 'WS_RATE_LIMIT' comes from an index signature, so it must be accessed with ['WS_RATE_LIMIT'].
src/pages/api/websocket/bias-alerts.ts(28,41): error TS4111: Property 'WS_BAN_DURATION' comes from an index signature, so it must be accessed with ['WS_BAN_DURATION'].
src/pages/api/websocket/bias-alerts.ts(57,37): error TS6133: 'request' is declared but its value is never read.
src/pages/api/websocket/bias-alerts.ts(156,37): error TS2345: Argument of type '{ alertId: string; type: any; level: any; message: any; timestamp: Date; sessionId: any; details: { test: boolean; generatedBy: string; requestId: `${string}-${string}-${string}-${string}-${string}`; }; }' is not assignable to parameter of type 'BiasAlert'.
  Property 'acknowledged' is missing in type '{ alertId: string; type: any; level: any; message: any; timestamp: Date; sessionId: any; details: { test: boolean; generatedBy: string; requestId: `${string}-${string}-${string}-${string}-${string}`; }; }' but required in type 'BiasAlert'.
src/pages/api/websocket/bias-alerts.ts(268,40): error TS6133: 'request' is declared but its value is never read.
src/pages/api/websocket/bias-alerts.ts(318,15): error TS4111: Property 'NODE_ENV' comes from an index signature, so it must be accessed with ['NODE_ENV'].
src/pages/api/websocket/bias-alerts.ts(319,15): error TS4111: Property 'WS_AUTO_START' comes from an index signature, so it must be accessed with ['WS_AUTO_START'].
src/pages/examples/_recommendation-display.tsx(1,8): error TS6133: 'React' is declared but its value is never read.
src/pages/examples/_recommendation-display.tsx(3,45): error TS2307: Cannot find module '../../lib/ai/types/recommendations' or its corresponding type declarations.
src/pages/examples/_recommendation-display.tsx(65,11): error TS2322: Type '{ recommendations: EnhancedRecommendation[]; clientName: string; onSelect: (recommendation: EnhancedRecommendation) => void; showEfficacyStats: boolean; showPersonalizationDetails: boolean; showAlternatives: boolean; }' is not assignable to type 'IntrinsicAttributes & RecommendationDisplayProps'.
  Property 'clientName' does not exist on type 'IntrinsicAttributes & RecommendationDisplayProps'.
src/scripts/analyze-performance.ts(1,24): error TS2307: Cannot find module '../lib/logging/logger' or its corresponding type declarations.
src/scripts/rollback.ts(38,29): error TS4111: Property 'SLACK_WEBHOOK' comes from an index signature, so it must be accessed with ['SLACK_WEBHOOK'].
src/scripts/rollback.ts(47,21): error TS4111: Property 'EMAIL_API_KEY' comes from an index signature, so it must be accessed with ['EMAIL_API_KEY'].
src/scripts/rollback.ts(52,50): error TS4111: Property 'EMAIL_API_KEY' comes from an index signature, so it must be accessed with ['EMAIL_API_KEY'].
src/scripts/rollback.ts(94,9): error TS2322: Type 'string | undefined' is not assignable to type 'string'.
  Type 'undefined' is not assignable to type 'string'.
src/scripts/rollback.ts(100,11): error TS2322: Type 'string | undefined' is not assignable to type 'string'.
  Type 'undefined' is not assignable to type 'string'.
src/scripts/rollback.ts(278,11): error TS2375: Type '{ environment: string; notify: boolean; version: string | undefined; fallbackBranch: string | undefined; }' is not assignable to type 'RollbackOptions' with 'exactOptionalPropertyTypes: true'. Consider adding 'undefined' to the types of the target's properties.
  Types of property 'version' are incompatible.
    Type 'string | undefined' is not assignable to type 'string'.
      Type 'undefined' is not assignable to type 'string'.
src/scripts/task-manager-cli.ts(15,4): error TS4111: Property 'name' comes from an index signature, so it must be accessed with ['name'].
src/scripts/task-manager-cli.ts(42,4): error TS4111: Property 'command' comes from an index signature, so it must be accessed with ['command'].
src/scripts/task-manager-cli.ts(121,4): error TS4111: Property 'command' comes from an index signature, so it must be accessed with ['command'].
src/scripts/task-manager-cli.ts(173,4): error TS4111: Property 'command' comes from an index signature, so it must be accessed with ['command'].
src/scripts/task-manager-cli.ts(223,4): error TS4111: Property 'command' comes from an index signature, so it must be accessed with ['command'].
src/scripts/test-breach-notification.ts(15,4): error TS4111: Property 'name' comes from an index signature, so it must be accessed with ['name'].
src/scripts/test-breach-notification.ts(20,4): error TS4111: Property 'command' comes from an index signature, so it must be accessed with ['command'].
src/scripts/test-breach-notification.ts(95,4): error TS4111: Property 'command' comes from an index signature, so it must be accessed with ['command'].
src/scripts/test-breach-notification.ts(217,4): error TS4111: Property 'command' comes from an index signature, so it must be accessed with ['command'].
src/scripts/test-breach-notification.ts(275,4): error TS4111: Property 'command' comes from an index signature, so it must be accessed with ['command'].
src/scripts/test-evidence-system.ts(9,10): error TS2305: Module '"../lib/ai/mental-llama/evidence/EvidenceExtractor.test"' has no exported member 'runAllTests'.
src/services/AuthService.ts(46,9): error TS2375: Type '{ captchaToken: string | undefined; }' is not assignable to type '{ captchaToken?: string; } | { captchaToken?: string; }' with 'exactOptionalPropertyTypes: true'. Consider adding 'undefined' to the types of the target's properties.
  Type '{ captchaToken: string | undefined; }' is not assignable to type '{ captchaToken?: string; }' with 'exactOptionalPropertyTypes: true'. Consider adding 'undefined' to the types of the target's properties.
    Types of property 'captchaToken' are incompatible.
      Type 'string | undefined' is not assignable to type 'string'.
        Type 'undefined' is not assignable to type 'string'.
src/services/AuthService.ts(80,9): error TS2375: Type '{ redirectTo: string; scopes: string | undefined; }' is not assignable to type '{ redirectTo?: string; scopes?: string; queryParams?: { [key: string]: string; }; skipBrowserRedirect?: boolean; }' with 'exactOptionalPropertyTypes: true'. Consider adding 'undefined' to the types of the target's properties.
  Types of property 'scopes' are incompatible.
    Type 'string | undefined' is not assignable to type 'string'.
      Type 'undefined' is not assignable to type 'string'.
src/services/AuthService.ts(249,9): error TS2375: Type '{ data: { full_name: string | undefined; }; emailRedirectTo: string; captchaToken: string | undefined; }' is not assignable to type '{ emailRedirectTo?: string; data?: object; captchaToken?: string; } | { data?: object; captchaToken?: string; channel?: "whatsapp" | "sms"; }' with 'exactOptionalPropertyTypes: true'. Consider adding 'undefined' to the types of the target's properties.
  Type '{ data: { full_name: string | undefined; }; emailRedirectTo: string; captchaToken: string | undefined; }' is not assignable to type '{ emailRedirectTo?: string; data?: object; captchaToken?: string; }' with 'exactOptionalPropertyTypes: true'. Consider adding 'undefined' to the types of the target's properties.
    Types of property 'captchaToken' are incompatible.
      Type 'string | undefined' is not assignable to type 'string'.
        Type 'undefined' is not assignable to type 'string'.
src/services/auth.service.ts(41,67): error TS2379: Argument of type '{ provider: Provider; options: { redirectTo: string; } | undefined; }' is not assignable to parameter of type 'SignInWithOAuthCredentials' with 'exactOptionalPropertyTypes: true'. Consider adding 'undefined' to the types of the target's properties.
  Types of property 'options' are incompatible.
    Type '{ redirectTo: string; } | undefined' is not assignable to type '{ redirectTo?: string; scopes?: string; queryParams?: { [key: string]: string; }; skipBrowserRedirect?: boolean; }'.
      Type 'undefined' is not assignable to type '{ redirectTo?: string; scopes?: string; queryParams?: { [key: string]: string; }; skipBrowserRedirect?: boolean; }'.
src/services/auth.service.ts(72,9): error TS2375: Type '{ data: { fullName?: string; } | undefined; }' is not assignable to type '{ emailRedirectTo?: string; data?: object; captchaToken?: string; } | { data?: object; captchaToken?: string; channel?: "whatsapp" | "sms"; }' with 'exactOptionalPropertyTypes: true'. Consider adding 'undefined' to the types of the target's properties.
  Type '{ data: { fullName?: string; } | undefined; }' is not assignable to type '{ data?: object; captchaToken?: string; channel?: "whatsapp" | "sms"; }' with 'exactOptionalPropertyTypes: true'. Consider adding 'undefined' to the types of the target's properties.
    Types of property 'data' are incompatible.
      Type '{ fullName?: string; } | undefined' is not assignable to type 'object'.
        Type 'undefined' is not assignable to type 'object'.
src/services/auth.service.ts(80,39): error TS2345: Argument of type 'User | null' is not assignable to parameter of type 'User'.
  Type 'null' is not assignable to type 'User'.
src/services/auth.service.ts(187,27): error TS4111: Property 'purpose' comes from an index signature, so it must be accessed with ['purpose'].
src/services/auth.service.ts(206,33): error TS4111: Property 'fullName' comes from an index signature, so it must be accessed with ['fullName'].
src/services/auth.service.ts(207,34): error TS4111: Property 'avatarUrl' comes from an index signature, so it must be accessed with ['avatarUrl'].
src/services/auth.service.ts(208,32): error TS4111: Property 'role' comes from an index signature, so it must be accessed with ['role'].
src/services/auth.service.ts(209,37): error TS4111: Property 'fullName' comes from an index signature, so it must be accessed with ['fullName'].
src/services/auth.service.ts(210,33): error TS4111: Property 'roles' comes from an index signature, so it must be accessed with ['roles'].
src/services/auth.service.ts(214,38): error TS4111: Property 'avatarUrl' comes from an index signature, so it must be accessed with ['avatarUrl'].
src/services/auth.service.ts(216,7): error TS2353: Object literal may only specify known properties, and 'user_metadata' does not exist in type 'AuthUser'.
src/services/auth.service.ts(244,22): error TS4111: Property 'fullName' comes from an index signature, so it must be accessed with ['fullName'].
src/services/auth.service.ts(248,22): error TS4111: Property 'avatarUrl' comes from an index signature, so it must be accessed with ['avatarUrl'].
src/services/crisisEventDb.ts(19,18): error TS4111: Property 'DATABASE_URL' comes from an index signature, so it must be accessed with ['DATABASE_URL'].
src/services/crisisEventDb.ts(24,33): error TS4111: Property 'DATABASE_URL' comes from an index signature, so it must be accessed with ['DATABASE_URL'].
src/services/crisisEventDb.ts(26,17): error TS4111: Property 'NODE_ENV' comes from an index signature, so it must be accessed with ['NODE_ENV'].
src/simulator/components/EmotionAnalysis.tsx(19,7): error TS2322: Type '"SET_EMOTION_STATE"' is not assignable to type '"START_SIMULATION" | "STOP_SIMULATION" | "SET_PROCESSING" | "SET_CONSENT" | "SET_ERROR" | "UPDATE_EMOTION_STATE" | "ADD_SPEECH_PATTERN" | "ADD_DETECTED_TECHNIQUE" | "SET_CONNECTION_STATUS" | "RESET_STATE"'.
src/simulator/components/EmotionAnalysis.tsx(28,9): error TS2322: Type '(result: { valence: number; energy: number; dominance: number; }) => void' is not assignable to type '(success: boolean) => void'.
  Types of parameters 'result' and 'success' are incompatible.
    Type 'boolean' is not assignable to type '{ valence: number; energy: number; dominance: number; }'.
src/simulator/components/EmotionDetector.tsx(18,11): error TS2339: Property 'isRunning' does not exist on type '{ state: SimulatorState; dispatch: Dispatch<SimulatorAction>; }'.
src/simulator/components/EmotionDetector.tsx(18,22): error TS2339: Property 'isProcessing' does not exist on type '{ state: SimulatorState; dispatch: Dispatch<SimulatorAction>; }'.
src/simulator/components/EmotionDisplay.tsx(1,1): error TS6133: 'React' is declared but its value is never read.
src/simulator/components/EmpathyMeter.tsx(1,8): error TS6133: 'React' is declared but its value is never read.
src/simulator/components/EmpathyMeter.tsx(166,27): error TS2532: Object is possibly 'undefined'.
src/simulator/components/EmpathyMeter.tsx(166,46): error TS2532: Object is possibly 'undefined'.
src/simulator/components/FeedbackPanel.tsx(64,11): error TS2339: Property 'realtimeFeedback' does not exist on type '{ state: SimulatorState; dispatch: Dispatch<SimulatorAction>; }'.
src/simulator/components/FeedbackPanel.tsx(64,29): error TS2339: Property 'clearFeedback' does not exist on type '{ state: SimulatorState; dispatch: Dispatch<SimulatorAction>; }'.
src/simulator/components/FeedbackPanel.tsx(64,44): error TS2339: Property 'isConnected' does not exist on type '{ state: SimulatorState; dispatch: Dispatch<SimulatorAction>; }'.
src/simulator/components/FeedbackPanel.tsx(117,32): error TS7006: Parameter 'feedback' implicitly has an 'any' type.
src/simulator/components/FeedbackPanel.tsx(117,42): error TS7006: Parameter 'index' implicitly has an 'any' type.
src/simulator/components/RealTimeFeedbackPanel.tsx(1,8): error TS6133: 'React' is declared but its value is never read.
src/simulator/components/RealTimeFeedbackPanel.tsx(241,15): error TS2322: Type 'number | undefined' is not assignable to type 'number'.
  Type 'undefined' is not assignable to type 'number'.
src/simulator/components/RealTimePrompts.tsx(1,8): error TS6133: 'React' is declared but its value is never read.
src/simulator/components/ScenarioInfo.tsx(2,15): error TS2305: Module '"../types"' has no exported member 'SimulationScenario'.
src/simulator/components/ScenarioInfo.tsx(11,3): error TS2353: Object literal may only specify known properties, and 'cognitive_behavioral' does not exist in type 'Record<TherapeuticDomain, string>'.
src/simulator/components/ScenarioInfo.tsx(55,16): error TS7053: Element implicitly has an 'any' type because expression of type 'any' can't be used to index type 'Record<TherapeuticDomain, string>'.
src/simulator/components/ScenarioInfo.tsx(105,47): error TS7006: Parameter 'issue' implicitly has an 'any' type.
src/simulator/components/ScenarioInfo.tsx(105,54): error TS7006: Parameter 'index' implicitly has an 'any' type.
src/simulator/components/ScenarioInfo.tsx(117,52): error TS7006: Parameter 'approach' implicitly has an 'any' type.
src/simulator/components/ScenarioInfo.tsx(117,62): error TS7006: Parameter 'index' implicitly has an 'any' type.
src/simulator/components/ScenarioInfo.tsx(127,43): error TS7006: Parameter 'skill' implicitly has an 'any' type.
src/simulator/components/ScenarioInfo.tsx(134,27): error TS7006: Parameter 'word' implicitly has an 'any' type.
src/simulator/components/ScenarioSelector.tsx(1,8): error TS6133: 'React' is declared but its value is never read.
src/simulator/components/SimulationContainer.tsx(30,5): error TS2339: Property 'currentScenario' does not exist on type '{ state: SimulatorState; dispatch: Dispatch<SimulatorAction>; }'.
src/simulator/components/SimulationContainer.tsx(31,5): error TS2339: Property 'isProcessing' does not exist on type '{ state: SimulatorState; dispatch: Dispatch<SimulatorAction>; }'.
src/simulator/components/SimulationContainer.tsx(32,5): error TS2339: Property 'realtimeFeedback' does not exist on type '{ state: SimulatorState; dispatch: Dispatch<SimulatorAction>; }'.
src/simulator/components/SimulationContainer.tsx(33,5): error TS2339: Property 'startSimulation' does not exist on type '{ state: SimulatorState; dispatch: Dispatch<SimulatorAction>; }'.
src/simulator/components/SimulationContainer.tsx(34,5): error TS2339: Property 'endSimulation' does not exist on type '{ state: SimulatorState; dispatch: Dispatch<SimulatorAction>; }'.
src/simulator/components/SimulationContainer.tsx(35,5): error TS2339: Property 'transcribedText' does not exist on type '{ state: SimulatorState; dispatch: Dispatch<SimulatorAction>; }'.
src/simulator/components/SimulationContainer.tsx(36,5): error TS2339: Property 'isConnected' does not exist on type '{ state: SimulatorState; dispatch: Dispatch<SimulatorAction>; }'.
src/simulator/components/SimulationContainer.tsx(71,17): error TS7006: Parameter 'error' implicitly has an 'any' type.
src/simulator/components/SimulationContainer.tsx(78,30): error TS7006: Parameter 'err' implicitly has an 'any' type.
src/simulator/components/SimulationControls.tsx(16,5): error TS2339: Property 'isSpeechRecognitionEnabled' does not exist on type '{ state: SimulatorState; dispatch: Dispatch<SimulatorAction>; }'.
src/simulator/components/SimulationControls.tsx(17,5): error TS2339: Property 'toggleSpeechRecognition' does not exist on type '{ state: SimulatorState; dispatch: Dispatch<SimulatorAction>; }'.
src/simulator/components/SimulationControls.tsx(18,5): error TS2339: Property 'isUsingEnhancedModels' does not exist on type '{ state: SimulatorState; dispatch: Dispatch<SimulatorAction>; }'.
src/simulator/components/SimulationControls.tsx(19,5): error TS2339: Property 'toggleEnhancedModels' does not exist on type '{ state: SimulatorState; dispatch: Dispatch<SimulatorAction>; }'.
src/simulator/components/SimulationControls.tsx(20,5): error TS2339: Property 'transcribedText' does not exist on type '{ state: SimulatorState; dispatch: Dispatch<SimulatorAction>; }'.
src/simulator/components/SimulationControls.tsx(21,5): error TS2339: Property 'isConnected' does not exist on type '{ state: SimulatorState; dispatch: Dispatch<SimulatorAction>; }'.
src/simulator/components/SimulationControls.tsx(69,14): error TS2322: Type '{ children: string; jsx: true; }' is not assignable to type 'DetailedHTMLProps<StyleHTMLAttributes<HTMLStyleElement>, HTMLStyleElement>'.
  Property 'jsx' does not exist on type 'DetailedHTMLProps<StyleHTMLAttributes<HTMLStyleElement>, HTMLStyleElement>'.
src/simulator/components/SpeechPatternDisplay.tsx(5,11): error TS2339: Property 'speechPatterns' does not exist on type '{ state: SimulatorState; dispatch: Dispatch<SimulatorAction>; }'.
src/simulator/components/SpeechPatternDisplay.tsx(22,30): error TS7006: Parameter 'pattern' implicitly has an 'any' type.
src/simulator/components/SpeechPatternDisplay.tsx(22,39): error TS7006: Parameter 'index' implicitly has an 'any' type.
src/simulator/components/VideoDisplay.tsx(26,3): error TS2375: Type '{ urls: string[]; username: string | undefined; credential: string | undefined; }' is not assignable to type 'IceServer' with 'exactOptionalPropertyTypes: true'. Consider adding 'undefined' to the types of the target's properties.
  Types of property 'username' are incompatible.
    Type 'string | undefined' is not assignable to type 'string'.
      Type 'undefined' is not assignable to type 'string'.
src/simulator/components/VideoDisplay.tsx(28,19): error TS4111: Property 'TURN_SERVER_URL' comes from an index signature, so it must be accessed with ['TURN_SERVER_URL'].
src/simulator/components/VideoDisplay.tsx(31,27): error TS4111: Property 'TURN_SERVER_USERNAME' comes from an index signature, so it must be accessed with ['TURN_SERVER_USERNAME'].
src/simulator/components/VideoDisplay.tsx(32,29): error TS4111: Property 'TURN_SERVER_PASSWORD' comes from an index signature, so it must be accessed with ['TURN_SERVER_PASSWORD'].
src/simulator/components/VideoDisplay.tsx(238,13): error TS7030: Not all code paths return a value.
src/simulator/components/__tests__/EmotionAnalysis.test.tsx(7,29): error TS7031: Binding element 'onAnalysisComplete' implicitly has an 'any' type.
src/simulator/components/__tests__/TechniqueDisplay.test.tsx(1,1): error TS6133: 'React' is declared but its value is never read.
src/simulator/components/__tests__/TechniqueDisplay.test.tsx(14,40): error TS2322: Type 'null' is not assignable to type 'DetectedTechnique[] | undefined'.
src/simulator/components/__tests__/TechniqueDisplay.test.tsx(29,23): error TS2345: Argument of type '{ name: string; confidence: number; }[]' is not assignable to parameter of type 'null | undefined'.
src/simulator/components/__tests__/TechniqueDisplay.test.tsx(39,23): error TS2345: Argument of type '{ name: string; confidence: number; }[]' is not assignable to parameter of type 'null | undefined'.
src/simulator/components/index.ts(6,10): error TS2305: Module '"./SimulationContainer"' has no exported member 'default'.
src/simulator/components/index.ts(11,10): error TS2305: Module '"./ScenarioSelector"' has no exported member 'default'.
src/simulator/context/SimulatorProvider.tsx(22,32): error TS2375: Type '{ currentScenario: Scenario | undefined; setCurrentScenario: Dispatch<SetStateAction<Scenario | undefined>>; isProcessing: boolean; ... 4 more ...; setMetricsConsent: (consent: boolean) => void; }' is not assignable to type 'SimulatorContext' with 'exactOptionalPropertyTypes: true'. Consider adding 'undefined' to the types of the target's properties.
  Types of property 'currentScenario' are incompatible.
    Type 'Scenario | undefined' is not assignable to type 'Scenario'.
      Type 'undefined' is not assignable to type 'Scenario'.
src/simulator/hooks/useEmotionDetection.ts(2,38): error TS2307: Cannot find module '../../lib/ai/providers/EmotionLlamaProvider' or its corresponding type declarations.
src/simulator/hooks/useEmotionDetection.ts(12,11): error TS2339: Property 'updateEmotionState' does not exist on type '{ state: SimulatorState; dispatch: Dispatch<SimulatorAction>; }'.
src/simulator/hooks/useEmotionDetection.ts(18,37): error TS4111: Property 'EMOTION_LLAMA_API_URL' comes from an index signature, so it must be accessed with ['EMOTION_LLAMA_API_URL'].
src/simulator/hooks/useEmotionDetection.ts(19,36): error TS4111: Property 'EMOTION_LLAMA_API_KEY' comes from an index signature, so it must be accessed with ['EMOTION_LLAMA_API_KEY'].
src/simulator/hooks/useEmotionDetection.ts(55,39): error TS7006: Parameter 'sum' implicitly has an 'any' type.
src/simulator/hooks/useEmotionDetection.ts(55,44): error TS7006: Parameter 'emotion' implicitly has an 'any' type.
src/simulator/hooks/useEmotionDetection.ts(76,39): error TS7006: Parameter 'sum' implicitly has an 'any' type.
src/simulator/hooks/useEmotionDetection.ts(76,44): error TS7006: Parameter 'emotion' implicitly has an 'any' type.
src/simulator/hooks/useEmotionDetection.ts(97,39): error TS7006: Parameter 'sum' implicitly has an 'any' type.
src/simulator/hooks/useEmotionDetection.ts(97,44): error TS7006: Parameter 'emotion' implicitly has an 'any' type.
src/simulator/hooks/useSimulator.ts(91,15): error TS2375: Type '{ type: FeedbackType; message: string; detectedTechniques: TherapeuticTechnique[]; alternativeResponses: string[] | undefined; techniqueSuggestions: TherapeuticTechnique[] | undefined; }' is not assignable to type 'SimulationFeedback' with 'exactOptionalPropertyTypes: true'. Consider adding 'undefined' to the types of the target's properties.
  Types of property 'alternativeResponses' are incompatible.
    Type 'string[] | undefined' is not assignable to type 'string[]'.
      Type 'undefined' is not assignable to type 'string[]'.
src/simulator/hooks/useSimulator.ts(251,33): error TS2532: Object is possibly 'undefined'.
src/simulator/hooks/useSimulator.ts(254,54): error TS2532: Object is possibly 'undefined'.
src/simulator/hooks/useSimulator.ts(265,48): error TS2532: Object is possibly 'undefined'.
src/simulator/hooks/useSimulator.ts(275,43): error TS2532: Object is possibly 'undefined'.
src/simulator/hooks/useSimulator.ts(307,13): error TS2322: Type 'TherapeuticTechnique | undefined' is not assignable to type 'TherapeuticTechnique'.
  Type 'undefined' is not assignable to type 'TherapeuticTechnique'.
src/simulator/hooks/useSimulator.ts(312,5): error TS2322: Type 'TherapeuticTechnique | undefined' is not assignable to type 'TherapeuticTechnique'.
  Type 'undefined' is not assignable to type 'TherapeuticTechnique'.
src/simulator/hooks/useSimulator.ts(322,3): error TS6133: 'response' is declared but its value is never read.
src/simulator/index.tsx(4,1): error TS6133: 'useAnonymizedMetrics' is declared but its value is never read.
src/simulator/services/FeedbackService.ts(12,41): error TS2307: Cannot find module '../../lib/ai/mental-llama/MentalLLaMAAdapter' or its corresponding type declarations.
src/simulator/services/WebRTCService.ts(21,11): error TS6133: 'lastIceCandidate' is declared but its value is never read.
src/simulator/services/WebRTCService.ts(60,64): error TS2379: Argument of type '{ audio: boolean | MediaTrackConstraints | undefined; video: boolean | MediaTrackConstraints | undefined; }' is not assignable to parameter of type 'MediaStreamConstraints' with 'exactOptionalPropertyTypes: true'. Consider adding 'undefined' to the types of the target's properties.
  Types of property 'audio' are incompatible.
    Type 'boolean | MediaTrackConstraints | undefined' is not assignable to type 'boolean | MediaTrackConstraints'.
      Type 'undefined' is not assignable to type 'boolean | MediaTrackConstraints'.
src/simulator/services/WebRTCService.ts(224,16): error TS2532: Object is possibly 'undefined'.
src/simulator/services/WebRTCService.ts(320,9): error TS2532: Object is possibly 'undefined'.
src/simulator/services/WebRTCService.ts(420,33): error TS2379: Argument of type '{ type: "answer"; sdp: string | undefined; }' is not assignable to parameter of type 'RTCSessionDescriptionInit' with 'exactOptionalPropertyTypes: true'. Consider adding 'undefined' to the types of the target's properties.
  Types of property 'sdp' are incompatible.
    Type 'string | undefined' is not assignable to type 'string'.
      Type 'undefined' is not assignable to type 'string'.
src/simulator/services/WebRTCService.ts(475,17): error TS6133: 'handleReceivedIceCandidate' is declared but its value is never read.
src/simulator/utils/scenarios.ts(214,7): error TS2322: Type 'Scenario | undefined' is not assignable to type 'Scenario | null'.
  Type 'undefined' is not assignable to type 'Scenario | null'.
src/simulator/utils/scenarios.ts(215,7): error TS2322: Type 'Scenario | undefined' is not assignable to type 'Scenario | null'.
  Type 'undefined' is not assignable to type 'Scenario | null'.
src/test/setup.ts(7,16): error TS2307: Cannot find module '@vitest/expect' or its corresponding type declarations.
src/test/setup.ts(8,10): error TS2305: Module '"vitest"' has no exported member 'afterEach'.
src/test/setup.ts(8,21): error TS2305: Module '"vitest"' has no exported member 'vi'.
src/test/setup.ts(8,25): error TS2305: Module '"vitest"' has no exported member 'beforeEach'.
src/test/setup.ts(14,13): error TS2428: All declarations of 'Assertion' must have identical type parameters.
src/test/setup.ts(63,1): error TS2322: Type 'typeof IntersectionObserver' is not assignable to type '{ new (callback: IntersectionObserverCallback, options?: IntersectionObserverInit | undefined): IntersectionObserver; prototype: IntersectionObserver; }'.
  Types of property 'prototype' are incompatible.
    Type 'IntersectionObserver' is missing the following properties from type 'IntersectionObserver': root, rootMargin, thresholds, takeRecords
src/tests/ai/crisis-detection.test.ts(131,7): error TS2353: Object literal may only specify known properties, and 'model' does not exist in type 'CrisisDetectionConfig'.
src/tests/ai/crisis-detection.test.ts(168,42): error TS2554: Expected 2 arguments, but got 1.
src/tests/ai/crisis-detection.test.ts(231,42): error TS2554: Expected 2 arguments, but got 1.
src/tests/ai/crisis-detection.test.ts(280,42): error TS2554: Expected 2 arguments, but got 1.
src/tests/ai/crisis-detection.test.ts(329,42): error TS2554: Expected 2 arguments, but got 1.
src/tests/ai/crisis-detection.test.ts(364,34): error TS2554: Expected 2 arguments, but got 1.
src/tests/ai/crisis-detection.test.ts(373,34): error TS2554: Expected 2 arguments, but got 1.
src/tests/ai/crisis-detection.test.ts(411,9): error TS2345: Argument of type '{ sensitivityLevel: "high"; }' is not assignable to parameter of type 'CrisisDetectionOptions'.
  Type '{ sensitivityLevel: "high"; }' is missing the following properties from type 'CrisisDetectionOptions': userId, source
src/tests/ai/crisis-detection.test.ts(461,9): error TS2345: Argument of type '{ sensitivityLevel: "low"; }' is not assignable to parameter of type 'CrisisDetectionOptions'.
  Type '{ sensitivityLevel: "low"; }' is missing the following properties from type 'CrisisDetectionOptions': userId, source
src/tests/ai/crisis-detection.test.ts(541,43): error TS2554: Expected 2 arguments, but got 1.
src/tests/ai/crisis-detection.test.ts(548,14): error TS2532: Object is possibly 'undefined'.
src/tests/ai/crisis-detection.test.ts(549,14): error TS2532: Object is possibly 'undefined'.
src/tests/ai/crisis-detection.test.ts(549,25): error TS2339: Property 'severity' does not exist on type 'CrisisDetectionResult'.
src/tests/ai/crisis-detection.test.ts(550,14): error TS2532: Object is possibly 'undefined'.
src/tests/ai/crisis-detection.test.ts(551,14): error TS2532: Object is possibly 'undefined'.
src/tests/ai/crisis-detection.test.ts(551,25): error TS2339: Property 'severity' does not exist on type 'CrisisDetectionResult'.
src/tests/ai/crisis-detection.test.ts(592,23): error TS2554: Expected 2 arguments, but got 1.
src/tests/ai/crisis-detection.test.ts(602,50): error TS2345: Argument of type '{ aiService: AIService; }' is not assignable to parameter of type 'CrisisDetectionConfig'.
  Property 'sensitivityLevel' is missing in type '{ aiService: AIService; }' but required in type 'CrisisDetectionConfig'.
src/tests/ai/crisis-detection.test.ts(616,9): error TS2353: Object literal may only specify known properties, and 'defaultPrompt' does not exist in type 'CrisisDetectionConfig'.
src/tests/ai/intervention-analysis.test.ts(355,14): error TS2532: Object is possibly 'undefined'.
src/tests/ai/intervention-analysis.test.ts(355,25): error TS2339: Property 'score' does not exist on type 'InterventionAnalysisResult'.
src/tests/ai/intervention-analysis.test.ts(356,14): error TS2532: Object is possibly 'undefined'.
src/tests/ai/intervention-analysis.test.ts(356,25): error TS2339: Property 'score' does not exist on type 'InterventionAnalysisResult'.
src/tests/ai/response-generation.test.ts(50,31): error TS2339: Property 'generateResponseFromMessages' does not exist on type 'ResponseGenerationService'.
src/tests/ai/response-generation.test.ts(86,29): error TS2339: Property 'generateResponseToConversation' does not exist on type 'ResponseGenerationService'.
src/tests/ai/response-generation.test.ts(123,29): error TS2339: Property 'generateResponseToConversation' does not exist on type 'ResponseGenerationService'.
src/tests/ai/response-generation.test.ts(181,25): error TS2339: Property 'generateResponseFromMessages' does not exist on type 'ResponseGenerationService'.
src/tests/ai/response-generation.test.ts(218,29): error TS2339: Property 'generateResponseFromMessages' does not exist on type 'ResponseGenerationService'.
src/tests/ai/response-generation.test.ts(298,29): error TS2339: Property 'generateStreamingResponse' does not exist on type 'ResponseGenerationService'.
src/tests/ai/response-generation.test.ts(320,25): error TS2339: Property 'generateStreamingResponse' does not exist on type 'ResponseGenerationService'.
src/tests/ai/response-generation.test.ts(327,53): error TS2345: Argument of type '{ aiService: AIService; }' is not assignable to parameter of type 'ResponseGenerationConfig'.
  Property 'model' is missing in type '{ aiService: AIService; }' but required in type 'ResponseGenerationConfig'.
src/tests/ai/response-generation.test.ts(338,53): error TS2345: Argument of type '{ aiService: AIService; }' is not assignable to parameter of type 'ResponseGenerationConfig'.
  Property 'model' is missing in type '{ aiService: AIService; }' but required in type 'ResponseGenerationConfig'.
src/tests/ai/response-generation.test.ts(348,53): error TS2345: Argument of type '{ aiService: AIService; }' is not assignable to parameter of type 'ResponseGenerationConfig'.
  Property 'model' is missing in type '{ aiService: AIService; }' but required in type 'ResponseGenerationConfig'.
src/tests/ai/response-generation.test.ts(361,9): error TS2353: Object literal may only specify known properties, and 'systemPrompt' does not exist in type 'ResponseGenerationConfig'.
src/tests/ai/sentiment-analysis.test.ts(2,42): error TS2307: Cannot find module '../../lib/ai/services/sentiment-analysis' or its corresponding type declarations.
src/tests/ai/sentiment-analysis.test.ts(277,40): error TS7006: Parameter 'messages' implicitly has an 'any' type.
src/tests/ai/sentiment-analysis.test.ts(277,50): error TS7006: Parameter 'options' implicitly has an 'any' type.
src/tests/ai/sentiment-analysis.test.ts(279,52): error TS7006: Parameter 'msg' implicitly has an 'any' type.
src/tests/ai/sentiment-analysis.test.ts(305,40): error TS7006: Parameter 'messages' implicitly has an 'any' type.
src/tests/ai/sentiment-analysis.test.ts(305,50): error TS7006: Parameter 'options' implicitly has an 'any' type.
src/tests/ai/sentiment-analysis.test.ts(306,52): error TS7006: Parameter 'msg' implicitly has an 'any' type.
src/tests/browser-compatibility.test.ts(33,31): error TS4111: Property 'SKIP_BROWSER_COMPAT_TESTS' comes from an index signature, so it must be accessed with ['SKIP_BROWSER_COMPAT_TESTS'].
src/tests/browser-compatibility.test.ts(52,9): error TS2322: Type '{ features: { [x: string]: boolean; }; pages?: Record<string, PageResult>; }' is not assignable to type '{ pages: Record<string, PageResult>; features: Record<string, boolean>; }'.
  Property 'pages' is optional in type '{ features: { [x: string]: boolean; }; pages?: Record<string, PageResult>; }' but required in type '{ pages: Record<string, PageResult>; features: Record<string, boolean>; }'.
src/tests/browser-compatibility.test.ts(52,39): error TS4111: Property 'chromium' comes from an index signature, so it must be accessed with ['chromium'].
src/tests/browser-compatibility.test.ts(53,44): error TS4111: Property 'chromium' comes from an index signature, so it must be accessed with ['chromium'].
src/tests/browser-compatibility.test.ts(55,46): error TS4111: Property 'chromium' comes from an index signature, so it must be accessed with ['chromium'].
src/tests/cross-browser-compatibility.test.ts(42,31): error TS4111: Property 'SKIP_BROWSER_COMPAT_TESTS' comes from an index signature, so it must be accessed with ['SKIP_BROWSER_COMPAT_TESTS'].
src/tests/cross-browser-compatibility.test.ts(63,7): error TS2322: Type '{ features: { [x: string]: boolean; }; pages?: Record<string, PageResult>; }' is not assignable to type '{ pages: Record<string, PageResult>; features: Record<string, boolean>; }'.
  Property 'pages' is optional in type '{ features: { [x: string]: boolean; }; pages?: Record<string, PageResult>; }' but required in type '{ pages: Record<string, PageResult>; features: Record<string, boolean>; }'.
src/tests/crypto.test.ts(25,36): error TS4111: Property 'SKIP_FHE_TESTS' comes from an index signature, so it must be accessed with ['SKIP_FHE_TESTS'].
src/tests/crypto.test.ts(133,30): error TS18048: 'versionString' is possibly 'undefined'.
src/tests/crypto.test.ts(416,43): error TS4111: Property 'SKIP_CRYPTO_ROTATION_TEST' comes from an index signature, so it must be accessed with ['SKIP_CRYPTO_ROTATION_TEST'].
src/tests/crypto.test.ts(730,13): error TS2322: Type 'string | undefined' is not assignable to type 'string'.
  Type 'undefined' is not assignable to type 'string'.
src/tests/crypto.test.ts(733,13): error TS6133: 'encryptedData' is declared but its value is never read.
src/tests/crypto.test.ts(805,30): error TS4111: Property 'PATIENT_ID' comes from an index signature, so it must be accessed with ['PATIENT_ID'].
src/tests/mobile-compatibility.test.ts(50,31): error TS4111: Property 'SKIP_BROWSER_COMPAT_TESTS' comes from an index signature, so it must be accessed with ['SKIP_BROWSER_COMPAT_TESTS'].
src/tests/mobile-compatibility.test.ts(56,55): error TS2339: Property 'name' does not exist on type 'DeviceDescriptor'.
src/tests/mobile-compatibility.test.ts(91,47): error TS2339: Property 'name' does not exist on type 'DeviceDescriptor'.
src/tests/performance.test.ts(125,32): error TS4111: Property 'NODE_ENV' comes from an index signature, so it must be accessed with ['NODE_ENV'].
src/tests/performance.test.ts(147,33): error TS4111: Property 'SKIP_PERFORMANCE_TESTS' comes from an index signature, so it must be accessed with ['SKIP_PERFORMANCE_TESTS'].
src/tests/performance.test.ts(306,11): error TS2532: Object is possibly 'undefined'.
src/tests/performance.test.ts(396,46): error TS2345: Argument of type 'string | undefined' is not assignable to parameter of type 'string'.
  Type 'undefined' is not assignable to type 'string'.
src/tests/simple-browser-compatibility.test.ts(5,32): error TS7006: Parameter 'directory' implicitly has an 'any' type.
src/tests/simple-browser-compatibility.test.ts(88,21): error TS4111: Property 'CI' comes from an index signature, so it must be accessed with ['CI'].
src/tests/simple-browser-compatibility.test.ts(102,37): error TS2345: Argument of type 'string | null' is not assignable to parameter of type 'string'.
  Type 'null' is not assignable to type 'string'.
src/types/utility.ts(125,22): error TS6133: 'S' is declared but its value is never read.
src/types/utility.ts(125,43): error TS2304: Cannot find name 'Intrinsic'.
src/types/utility.ts(128,22): error TS6133: 'S' is declared but its value is never read.
src/types/utility.ts(128,43): error TS2304: Cannot find name 'Intrinsic'.
src/types/utility.ts(131,23): error TS6133: 'S' is declared but its value is never read.
src/types/utility.ts(131,44): error TS2304: Cannot find name 'Intrinsic'.
src/types/utility.ts(134,25): error TS6133: 'S' is declared but its value is never read.
src/types/utility.ts(134,46): error TS2304: Cannot find name 'Intrinsic'.
src/utils/accessibilityPolyfills.ts(29,47): error TS2551: Property 'activeElemen' does not exist on type 'Document'. Did you mean 'activeElement'?
src/utils/accessibilityPolyfills.ts(95,52): error TS4111: Property 'NODE_ENV' comes from an index signature, so it must be accessed with ['NODE_ENV'].
src/utils/accessibilityPolyfills.ts(170,50): error TS4111: Property 'NODE_ENV' comes from an index signature, so it must be accessed with ['NODE_ENV'].
src/utils/accessibilityTestUtils.ts(82,3): error TS2322: Type '{ id: string; impact: "critical" | "moderate" | "minor" | "serious"; description: string; helpUrl: string; nodes: { html: string; }[]; wcagCriteria: string[] | undefined; }[]' is not assignable to type 'EnhancedViolation[]'.
  Type '{ id: string; impact: "critical" | "moderate" | "minor" | "serious"; description: string; helpUrl: string; nodes: { html: string; }[]; wcagCriteria: string[] | undefined; }' is not assignable to type 'EnhancedViolation' with 'exactOptionalPropertyTypes: true'. Consider adding 'undefined' to the types of the target's properties.
    Types of property 'wcagCriteria' are incompatible.
      Type 'string[] | undefined' is not assignable to type 'string[]'.
        Type 'undefined' is not assignable to type 'string[]'.
src/utils/accessibilityTestUtils.ts(645,16): error TS2345: Argument of type 'string | undefined' is not assignable to parameter of type 'string'.
  Type 'undefined' is not assignable to type 'string'.
src/utils/accessibilityTestUtils.ts(646,16): error TS2345: Argument of type 'string | undefined' is not assignable to parameter of type 'string'.
  Type 'undefined' is not assignable to type 'string'.
src/utils/accessibilityTestUtils.ts(647,16): error TS2345: Argument of type 'string | undefined' is not assignable to parameter of type 'string'.
  Type 'undefined' is not assignable to type 'string'.
src/utils/accessibilityTestUtils.ts(657,16): error TS2345: Argument of type 'string | undefined' is not assignable to parameter of type 'string'.
  Type 'undefined' is not assignable to type 'string'.
src/utils/accessibilityTestUtils.ts(658,16): error TS2345: Argument of type 'string | undefined' is not assignable to parameter of type 'string'.
  Type 'undefined' is not assignable to type 'string'.
src/utils/accessibilityTestUtils.ts(659,16): error TS2345: Argument of type 'string | undefined' is not assignable to parameter of type 'string'.
  Type 'undefined' is not assignable to type 'string'.
src/utils/accessibilityTestUtils.ts(695,19): error TS18048: 'R' is possibly 'undefined'.
src/utils/accessibilityTestUtils.ts(695,32): error TS18048: 'G' is possibly 'undefined'.
src/utils/accessibilityTestUtils.ts(695,45): error TS18048: 'B' is possibly 'undefined'.
src/utils/auth.ts(11,15): error TS4111: Property 'SUPABASE_URL' comes from an index signature, so it must be accessed with ['SUPABASE_URL'].
src/utils/auth.ts(12,15): error TS4111: Property 'SUPABASE_SERVICE_KEY' comes from an index signature, so it must be accessed with ['SUPABASE_SERVICE_KEY'].
src/utils/auth.ts(46,5): error TS2322: Type 'string | undefined' is not assignable to type 'string'.
  Type 'undefined' is not assignable to type 'string'.
src/utils/data.ts(77,20): error TS2532: Object is possibly 'undefined'.
src/utils/image-utils.ts(50,12): error TS2345: Argument of type 'number | undefined' is not assignable to parameter of type 'number'.
  Type 'undefined' is not assignable to type 'number'.
src/utils/image-utils.ts(51,12): error TS2345: Argument of type 'number | undefined' is not assignable to parameter of type 'number'.
  Type 'undefined' is not assignable to type 'number'.
src/utils/image-utils.ts(54,12): error TS2532: Object is possibly 'undefined'.
src/utils/image-utils.ts(54,23): error TS2532: Object is possibly 'undefined'.
src/utils/performance-optimization.ts(16,21): error TS4111: Property 'NODE_ENV' comes from an index signature, so it must be accessed with ['NODE_ENV'].
src/utils/performance-optimization.ts(17,21): error TS4111: Property 'ENABLE_METRICS' comes from an index signature, so it must be accessed with ['ENABLE_METRICS'].
src/utils/rate-limiter.ts(22,24): error TS4111: Property 'UPSTASH_REDIS_REST_URL' comes from an index signature, so it must be accessed with ['UPSTASH_REDIS_REST_URL'].
src/utils/rate-limiter.ts(23,26): error TS4111: Property 'UPSTASH_REDIS_REST_TOKEN' comes from an index signature, so it must be accessed with ['UPSTASH_REDIS_REST_TOKEN'].
src/utils/search-indexer.ts(44,28): error TS18048: 'frontmatter' is possibly 'undefined'.
src/utils/search-indexer.ts(45,27): error TS18048: 'frontmatter' is possibly 'undefined'.
src/utils/search-indexer.ts(46,31): error TS18048: 'frontmatter' is possibly 'undefined'.
src/utils/search-indexer.ts(49,13): error TS2532: Object is possibly 'undefined'.
src/utils/search-indexer.ts(52,13): error TS2532: Object is possibly 'undefined'.
src/utils/search-indexer.ts(57,13): error TS2532: Object is possibly 'undefined'.
src/workers/__tests__/analytics-worker.test.ts(1,10): error TS2305: Module '"vitest"' has no exported member 'vi'.
src/workers/__tests__/analytics-worker.test.ts(1,14): error TS2305: Module '"vitest"' has no exported member 'describe'.
src/workers/__tests__/analytics-worker.test.ts(1,24): error TS2305: Module '"vitest"' has no exported member 'it'.
src/workers/__tests__/analytics-worker.test.ts(1,28): error TS2305: Module '"vitest"' has no exported member 'expect'.
src/workers/__tests__/analytics-worker.test.ts(1,36): error TS2305: Module '"vitest"' has no exported member 'beforeEach'.
tests/accessibility/color-contrast.spec.ts(2,24): error TS2307: Cannot find module '@axe-core/playwright' or its corresponding type declarations.
tests/accessibility/color-contrast.spec.ts(49,10): error TS7006: Parameter 'violation' implicitly has an 'any' type.
tests/accessibility/color-contrast.spec.ts(57,37): error TS7006: Parameter 'violation' implicitly has an 'any' type.
tests/accessibility/color-contrast.spec.ts(59,36): error TS7006: Parameter 'node' implicitly has an 'any' type.
tests/accessibility/color-contrast.spec.ts(59,42): error TS7006: Parameter 'i' implicitly has an 'any' type.
tests/accessibility/color-contrast.spec.ts(64,18): error TS7006: Parameter 'check' implicitly has an 'any' type.
tests/accessibility/color-contrast.spec.ts(109,31): error TS7006: Parameter 'colorString' implicitly has an 'any' type.
tests/accessibility/color-contrast.spec.ts(137,41): error TS7006: Parameter 'rgb' implicitly has an 'any' type.
tests/accessibility/color-contrast.spec.ts(139,42): error TS7006: Parameter 'v' implicitly has an 'any' type.
tests/accessibility/color-contrast.spec.ts(149,45): error TS7006: Parameter 'bg' implicitly has an 'any' type.
tests/accessibility/color-contrast.spec.ts(149,49): error TS7006: Parameter 'fg' implicitly has an 'any' type.
tests/accessibility/color-contrast.spec.ts(210,36): error TS18048: 'contrastInfo.contrastRatio' is possibly 'undefined'.
tests/accessibility/color-contrast.spec.ts(216,13): error TS2554: Expected 1 arguments, but got 2.
tests/accessibility/color-contrast.spec.ts(216,45): error TS18048: 'contrastInfo.contrastRatio' is possibly 'undefined'.
tests/accessibility/color-contrast.spec.ts(258,27): error TS7006: Parameter 'colorString' implicitly has an 'any' type.
tests/accessibility/color-contrast.spec.ts(282,37): error TS7006: Parameter 'rgb' implicitly has an 'any' type.
tests/accessibility/color-contrast.spec.ts(283,38): error TS7006: Parameter 'v' implicitly has an 'any' type.
tests/accessibility/color-contrast.spec.ts(293,41): error TS7006: Parameter 'bg' implicitly has an 'any' type.
tests/accessibility/color-contrast.spec.ts(293,45): error TS7006: Parameter 'fg' implicitly has an 'any' type.
tests/accessibility/color-contrast.spec.ts(338,34): error TS18048: 'hoverContrast.contrastRatio' is possibly 'undefined'.
tests/accessibility/color-contrast.spec.ts(344,11): error TS2554: Expected 1 arguments, but got 2.
tests/accessibility/color-contrast.spec.ts(344,52): error TS18048: 'hoverContrast.contrastRatio' is possibly 'undefined'.
tests/accessibility/color-contrast.spec.ts(369,27): error TS7006: Parameter 'colorString' implicitly has an 'any' type.
tests/accessibility/color-contrast.spec.ts(393,37): error TS7006: Parameter 'rgb' implicitly has an 'any' type.
tests/accessibility/color-contrast.spec.ts(394,38): error TS7006: Parameter 'v' implicitly has an 'any' type.
tests/accessibility/color-contrast.spec.ts(404,41): error TS7006: Parameter 'bg' implicitly has an 'any' type.
tests/accessibility/color-contrast.spec.ts(404,45): error TS7006: Parameter 'fg' implicitly has an 'any' type.
tests/accessibility/color-contrast.spec.ts(468,40): error TS18047: 'focusContrast.outlineContrastRatio' is possibly 'null'.
tests/accessibility/color-contrast.spec.ts(473,11): error TS2554: Expected 1 arguments, but got 2.
tests/accessibility/color-contrast.spec.ts(473,68): error TS18047: 'focusContrast.outlineContrastRatio' is possibly 'null'.
tests/accessibility/color-contrast.spec.ts(484,32): error TS18048: 'focusContrast.contrastRatio' is possibly 'undefined'.
tests/accessibility/color-contrast.spec.ts(489,11): error TS2554: Expected 1 arguments, but got 2.
tests/accessibility/color-contrast.spec.ts(489,59): error TS18048: 'focusContrast.contrastRatio' is possibly 'undefined'.
tests/accessibility/color-contrast.spec.ts(515,11): error TS2532: Object is possibly 'undefined'.
tests/accessibility/color-contrast.spec.ts(528,8): error TS7006: Parameter 'violation' implicitly has an 'any' type.
tests/accessibility/color-contrast.spec.ts(536,35): error TS7006: Parameter 'violation' implicitly has an 'any' type.
tests/accessibility/color-contrast.spec.ts(538,34): error TS7006: Parameter 'node' implicitly has an 'any' type.
tests/accessibility/color-contrast.spec.ts(538,40): error TS7006: Parameter 'i' implicitly has an 'any' type.
tests/accessibility/color-contrast.spec.ts(543,16): error TS7006: Parameter 'check' implicitly has an 'any' type.
tests/accessibility/critical-pages.spec.ts(2,24): error TS2307: Cannot find module '@axe-core/playwright' or its corresponding type declarations.
tests/accessibility/keyboard-navigation.spec.ts(87,11): error TS2554: Expected 1 arguments, but got 2.
tests/accessibility/keyboard-navigation.spec.ts(112,13): error TS2589: Type instantiation is excessively deep and possibly infinite.
tests/accessibility/keyboard-navigation.spec.ts(130,11): error TS2554: Expected 1 arguments, but got 2.
tests/accessibility/keyboard-navigation.spec.ts(165,37): error TS2339: Property 'tabIndex' does not exist on type 'Element'.
tests/accessibility/keyboard-navigation.spec.ts(204,9): error TS2554: Expected 1 arguments, but got 2.
tests/accessibility/playwright.config.ts(13,29): error TS4111: Property 'CI' comes from an index signature, so it must be accessed with ['CI'].
tests/accessibility/playwright.config.ts(14,24): error TS4111: Property 'CI' comes from an index signature, so it must be accessed with ['CI'].
tests/accessibility/playwright.config.ts(15,24): error TS4111: Property 'CI' comes from an index signature, so it must be accessed with ['CI'].
tests/accessibility/playwright.config.ts(23,26): error TS4111: Property 'CI' comes from an index signature, so it must be accessed with ['CI'].
tests/accessibility/playwright.config.ts(55,9): error TS2769: No overload matches this call.
  The last overload gave the following error.
    Object literal may only specify known properties, and 'reducedMotion' does not exist in type 'UseOptions<PlaywrightTestOptions & CustomProperties<unknown>, PlaywrightWorkerOptions & CustomProperties<unknown>>'.
tests/accessibility/playwright.config.ts(68,26): error TS4111: Property 'CI' comes from an index signature, so it must be accessed with ['CI'].
tests/accessibility/playwright.config.ts(69,23): error TS4111: Property 'CI' comes from an index signature, so it must be accessed with ['CI'].
tests/accessibility/playwright.config.ts(70,39): error TS4111: Property 'CI' comes from an index signature, so it must be accessed with ['CI'].
tests/accessibility/screen-reader.spec.ts(2,24): error TS2307: Cannot find module '@axe-core/playwright' or its corresponding type declarations.
tests/accessibility/screen-reader.spec.ts(44,13): error TS6133: 'axeResults' is declared but its value is never read.
tests/accessibility/screen-reader.spec.ts(76,9): error TS2554: Expected 1 arguments, but got 2.
tests/accessibility/screen-reader.spec.ts(118,9): error TS2554: Expected 1 arguments, but got 2.
tests/accessibility/screen-reader.spec.ts(169,9): error TS2554: Expected 1 arguments, but got 2.
tests/accessibility/screen-reader.spec.ts(192,24): error TS18048: 'heading' is possibly 'undefined'.
tests/accessibility/screen-reader.spec.ts(194,51): error TS18048: 'heading' is possibly 'undefined'.
tests/accessibility/screen-reader.spec.ts(194,69): error TS18048: 'heading' is possibly 'undefined'.
tests/accessibility/screen-reader.spec.ts(199,13): error TS18048: 'heading' is possibly 'undefined'.
tests/accessibility/screen-reader.spec.ts(201,65): error TS18048: 'heading' is possibly 'undefined'.
tests/accessibility/screen-reader.spec.ts(201,84): error TS18048: 'heading' is possibly 'undefined'.
tests/accessibility/screen-reader.spec.ts(205,25): error TS18048: 'heading' is possibly 'undefined'.
tests/accessibility/screen-reader.spec.ts(219,9): error TS2554: Expected 1 arguments, but got 2.
tests/accessibility/screen-reader.spec.ts(359,9): error TS2554: Expected 1 arguments, but got 2.
tests/accessibility/screen-reader.spec.ts(378,11): error TS2554: Expected 1 arguments, but got 2.
tests/accessibility/screen-reader.spec.ts(388,11): error TS2554: Expected 1 arguments, but got 2.
tests/accessibility/screen-reader.spec.ts(429,7): error TS2554: Expected 1 arguments, but got 2.
tests/e2e/bias-detection-dashboard.spec.ts(115,47): error TS2345: Argument of type '{ min: number; }' is not assignable to parameter of type 'number'.
tests/e2e/bias-detection-dashboard.spec.ts(639,42): error TS2345: Argument of type '{ min: number; }' is not assignable to parameter of type 'number'.
tests/e2e/bias-detection-dashboard.spec.ts(660,61): error TS2345: Argument of type '{ min: number; }' is not assignable to parameter of type 'number'.
tests/e2e/dashboard-journey.spec.ts(47,45): error TS2345: Argument of type '{ min: number; }' is not assignable to parameter of type 'number'.
tests/e2e/dashboard-journey.spec.ts(74,26): error TS18048: 'link' is possibly 'undefined'.
tests/e2e/dashboard-journey.spec.ts(77,15): error TS18048: 'link' is possibly 'undefined'.
tests/e2e/dashboard-journey.spec.ts(94,38): error TS2345: Argument of type '{ min: number; }' is not assignable to parameter of type 'number'.
tests/e2e/dashboard-journey.spec.ts(183,38): error TS2345: Argument of type '{ min: number; }' is not assignable to parameter of type 'number'.
tests/e2e/mcp-examples/auth-flow.spec.ts(2,29): error TS2307: Cannot find module '@playwright/mcp' or its corresponding type declarations.
tests/e2e/mcp-examples/auth-flow.spec.ts(128,30): error TS2531: Object is possibly 'null'.
tests/e2e/user-acceptance.spec.ts(21,5): error TS6133: 'context' is declared but its value is never read.
tests/e2e/user-experience.spec.ts(30,7): error TS2322: Type '<T extends Node>(node: T) => Node' is not assignable to type '<T extends Node>(node: T) => T'.
  Type 'Node' is not assignable to type 'T'.
    'Node' is assignable to the constraint of type 'T', but 'T' could be instantiated with a different subtype of constraint 'Node'.
tests/e2e/user-experience.spec.ts(34,20): error TS2339: Property 'classList' does not exist on type 'T'.
tests/e2e/user-experience.spec.ts(35,20): error TS2339: Property 'hasAttribute' does not exist on type 'T'.
tests/e2e/user-experience.spec.ts(37,18): error TS2551: Property '_hasTransition' does not exist on type 'Window & typeof globalThis'. Did you mean 'CSSTransition'?
tests/e2e/user-experience.spec.ts(47,23): error TS2551: Property '_hasTransition' does not exist on type 'Window & typeof globalThis'. Did you mean 'CSSTransition'?
tests/e2e/user-experience.spec.ts(52,16): error TS2551: Property '_hasTransition' does not exist on type 'Window & typeof globalThis'. Did you mean 'CSSTransition'?
tests/integration/bias-detection-api.integration.test.ts(10,3): error TS2305: Module '"vitest"' has no exported member 'describe'.
tests/integration/bias-detection-api.integration.test.ts(11,3): error TS2305: Module '"vitest"' has no exported member 'it'.
tests/integration/bias-detection-api.integration.test.ts(12,3): error TS2305: Module '"vitest"' has no exported member 'expect'.
tests/integration/bias-detection-api.integration.test.ts(13,3): error TS2305: Module '"vitest"' has no exported member 'beforeAll'.
tests/integration/bias-detection-api.integration.test.ts(14,3): error TS2305: Module '"vitest"' has no exported member 'afterAll'.
tests/integration/bias-detection-api.integration.test.ts(15,3): error TS2305: Module '"vitest"' has no exported member 'beforeEach'.
tests/integration/bias-detection-api.integration.test.ts(16,3): error TS2305: Module '"vitest"' has no exported member 'afterEach'.
tests/integration/bias-detection-api.integration.test.ts(17,3): error TS2305: Module '"vitest"' has no exported member 'vi'.
tests/integration/bias-detection-api.integration.test.ts(412,50): error TS2532: Object is possibly 'undefined'.
tests/integration/bias-detection-api.integration.test.ts(978,64): error TS2769: No overload matches this call.
  Overload 1 of 3, '(input: string | URL | Request, init?: RequestInit | undefined): Promise<Response>', gave the following error.
    Argument of type '{ method: string; headers: { 'Content-Type': string; }; body: string | undefined; }' is not assignable to parameter of type 'RequestInit' with 'exactOptionalPropertyTypes: true'. Consider adding 'undefined' to the types of the target's properties.
      Types of property 'body' are incompatible.
        Type 'string | undefined' is not assignable to type 'BodyInit | null'.
          Type 'undefined' is not assignable to type 'BodyInit | null'.
  Overload 2 of 3, '(input: URL | RequestInfo, init?: RequestInit | undefined): Promise<Response>', gave the following error.
    Argument of type '{ method: string; headers: { 'Content-Type': string; }; body: string | undefined; }' is not assignable to parameter of type 'RequestInit' with 'exactOptionalPropertyTypes: true'. Consider adding 'undefined' to the types of the target's properties.
      Types of property 'body' are incompatible.
        Type 'string | undefined' is not assignable to type 'BodyInit | null'.
          Type 'undefined' is not assignable to type 'BodyInit | null'.
  Overload 3 of 3, '(input: URL | RequestInfo, init?: RequestInit | undefined): Promise<Response>', gave the following error.
    Argument of type '{ method: string; headers: { 'Content-Type': string; }; body: string | undefined; }' is not assignable to parameter of type 'RequestInit' with 'exactOptionalPropertyTypes: true'. Consider adding 'undefined' to the types of the target's properties.
      Types of property 'body' are incompatible.
        Type 'string | undefined' is not assignable to type 'BodyInit | null'.
          Type 'undefined' is not assignable to type 'BodyInit | null'.
tests/integration/bias-detection-api.integration.test.ts(989,63): error TS2769: No overload matches this call.
  Overload 1 of 3, '(input: string | URL | Request, init?: RequestInit | undefined): Promise<Response>', gave the following error.
    Argument of type '{ method: string; headers: { 'Content-Type': string; Authorization: string; }; body: string | undefined; }' is not assignable to parameter of type 'RequestInit' with 'exactOptionalPropertyTypes: true'. Consider adding 'undefined' to the types of the target's properties.
      Types of property 'body' are incompatible.
        Type 'string | undefined' is not assignable to type 'BodyInit | null'.
          Type 'undefined' is not assignable to type 'BodyInit | null'.
  Overload 2 of 3, '(input: URL | RequestInfo, init?: RequestInit | undefined): Promise<Response>', gave the following error.
    Argument of type '{ method: string; headers: { 'Content-Type': string; Authorization: string; }; body: string | undefined; }' is not assignable to parameter of type 'RequestInit' with 'exactOptionalPropertyTypes: true'. Consider adding 'undefined' to the types of the target's properties.
      Types of property 'body' are incompatible.
        Type 'string | undefined' is not assignable to type 'BodyInit | null'.
          Type 'undefined' is not assignable to type 'BodyInit | null'.
  Overload 3 of 3, '(input: URL | RequestInfo, init?: RequestInit | undefined): Promise<Response>', gave the following error.
    Argument of type '{ method: string; headers: { 'Content-Type': string; Authorization: string; }; body: string | undefined; }' is not assignable to parameter of type 'RequestInit' with 'exactOptionalPropertyTypes: true'. Consider adding 'undefined' to the types of the target's properties.
      Types of property 'body' are incompatible.
        Type 'string | undefined' is not assignable to type 'BodyInit | null'.
          Type 'undefined' is not assignable to type 'BodyInit | null'.
tests/integration/bias-detection-api.integration.test.ts(1001,61): error TS2769: No overload matches this call.
  Overload 1 of 3, '(input: string | URL | Request, init?: RequestInit | undefined): Promise<Response>', gave the following error.
    Argument of type '{ method: string; headers: { 'Content-Type': string; Authorization: string; }; body: string | undefined; }' is not assignable to parameter of type 'RequestInit' with 'exactOptionalPropertyTypes: true'. Consider adding 'undefined' to the types of the target's properties.
      Types of property 'body' are incompatible.
        Type 'string | undefined' is not assignable to type 'BodyInit | null'.
          Type 'undefined' is not assignable to type 'BodyInit | null'.
  Overload 2 of 3, '(input: URL | RequestInfo, init?: RequestInit | undefined): Promise<Response>', gave the following error.
    Argument of type '{ method: string; headers: { 'Content-Type': string; Authorization: string; }; body: string | undefined; }' is not assignable to parameter of type 'RequestInit' with 'exactOptionalPropertyTypes: true'. Consider adding 'undefined' to the types of the target's properties.
      Types of property 'body' are incompatible.
        Type 'string | undefined' is not assignable to type 'BodyInit | null'.
          Type 'undefined' is not assignable to type 'BodyInit | null'.
  Overload 3 of 3, '(input: URL | RequestInfo, init?: RequestInit | undefined): Promise<Response>', gave the following error.
    Argument of type '{ method: string; headers: { 'Content-Type': string; Authorization: string; }; body: string | undefined; }' is not assignable to parameter of type 'RequestInit' with 'exactOptionalPropertyTypes: true'. Consider adding 'undefined' to the types of the target's properties.
      Types of property 'body' are incompatible.
        Type 'string | undefined' is not assignable to type 'BodyInit | null'.
          Type 'undefined' is not assignable to type 'BodyInit | null'.
tests/integration/layout-integration.spec.ts(69,61): error TS2339: Property 'greaterThan' does not exist on type '(count: number, options?: { timeout?: number; } | undefined) => Promise<void>'.
tests/integration/static-generation.spec.ts(11,61): error TS2339: Property 'greaterThan' does not exist on type '(count: number, options?: { timeout?: number; } | undefined) => Promise<void>'.
tests/integration/static-generation.spec.ts(134,17): error TS2769: No overload matches this call.
  Overload 1 of 5, '(condition: boolean, description?: string | undefined): void', gave the following error.
    Argument of type 'string' is not assignable to parameter of type 'boolean'.
  Overload 2 of 5, '(callback: ConditionBody<PlaywrightTestArgs & PlaywrightTestOptions & PlaywrightWorkerArgs & PlaywrightWorkerOptions>, description?: string | undefined): void', gave the following error.
    Argument of type 'string' is not assignable to parameter of type 'ConditionBody<PlaywrightTestArgs & PlaywrightTestOptions & PlaywrightWorkerArgs & PlaywrightWorkerOptions>'.
tests/integration/static-generation.spec.ts(164,17): error TS2769: No overload matches this call.
  Overload 1 of 5, '(condition: boolean, description?: string | undefined): void', gave the following error.
    Argument of type 'string' is not assignable to parameter of type 'boolean'.
  Overload 2 of 5, '(callback: ConditionBody<PlaywrightTestArgs & PlaywrightTestOptions & PlaywrightWorkerArgs & PlaywrightWorkerOptions>, description?: string | undefined): void', gave the following error.
    Argument of type 'string' is not assignable to parameter of type 'ConditionBody<PlaywrightTestArgs & PlaywrightTestOptions & PlaywrightWorkerArgs & PlaywrightWorkerOptions>'.
tests/mcp-e2e-config.ts(15,29): error TS4111: Property 'CI' comes from an index signature, so it must be accessed with ['CI'].
tests/mcp-e2e-config.ts(17,24): error TS4111: Property 'CI' comes from an index signature, so it must be accessed with ['CI'].
tests/mcp-e2e-config.ts(26,26): error TS4111: Property 'TEST_BASE_URL' comes from an index signature, so it must be accessed with ['TEST_BASE_URL'].
tests/mcp-e2e-config.ts(59,39): error TS4111: Property 'CI' comes from an index signature, so it must be accessed with ['CI'].
tests/mcp-global-setup.ts(37,36): error TS4111: Property 'MCP_SERVER_URL' comes from an index signature, so it must be accessed with ['MCP_SERVER_URL'].
tests/mcp-global-setup.ts(38,15): error TS4111: Property 'MCP_SERVER_URL' comes from an index signature, so it must be accessed with ['MCP_SERVER_URL'].
tests/mcp-global-setup.ts(41,15): error TS4111: Property 'MCP_ENABLED' comes from an index signature, so it must be accessed with ['MCP_ENABLED'].
tests/mcp-global-setup.ts(47,21): error TS4111: Property 'CI' comes from an index signature, so it must be accessed with ['CI'].
tests/mcp-global-setup.ts(80,19): error TS4111: Property 'MCP_AUTH_USERNAME' comes from an index signature, so it must be accessed with ['MCP_AUTH_USERNAME'].
tests/mcp-global-setup.ts(80,52): error TS4111: Property 'MCP_AUTH_PASSWORD' comes from an index signature, so it must be accessed with ['MCP_AUTH_PASSWORD'].
tests/monitoring/monitoring.spec.ts(25,33): error TS4111: Property 'BASE_URL' comes from an index signature, so it must be accessed with ['BASE_URL'].
tests/monitoring/monitoring.spec.ts(68,33): error TS4111: Property 'BASE_URL' comes from an index signature, so it must be accessed with ['BASE_URL'].
tests/monitoring/monitoring.spec.ts(115,33): error TS4111: Property 'BASE_URL' comes from an index signature, so it must be accessed with ['BASE_URL'].
tests/monitoring/monitoring.spec.ts(200,33): error TS4111: Property 'BASE_URL' comes from an index signature, so it must be accessed with ['BASE_URL'].
tests/monitoring/monitoring.spec.ts(246,23): error TS2532: Object is possibly 'undefined'.
tests/monitoring/monitoring.spec.ts(247,24): error TS2532: Object is possibly 'undefined'.
tests/monitoring/monitoring.spec.ts(248,11): error TS2532: Object is possibly 'undefined'.
tests/monitoring/monitoring.spec.ts(250,56): error TS2532: Object is possibly 'undefined'.
tests/monitoring/monitoring.spec.ts(256,38): error TS2532: Object is possibly 'undefined'.
tests/monitoring/monitoring.spec.ts(265,33): error TS4111: Property 'BASE_URL' comes from an index signature, so it must be accessed with ['BASE_URL'].
tests/performance/page-performance.spec.ts(99,20): error TS2339: Property 'timing' does not exist on type 'Response'.
tests/performance/page-performance.spec.ts(99,54): error TS2339: Property 'timing' does not exist on type 'Response'.
tests/performance/performance-monitor.ts(106,7): error TS2578: Unused '@ts-expect-error' directive.
tests/security/ai-auth-bypass-tester.ts(160,3): error TS2375: Type '{ endpoint: string; method: "POST" | "GET" | "DELETE" | "PUT"; testName: string; bypassSuccessful: boolean; statusCode: number; responseTime: number; details: string; evidence: string | undefined; timestamp: string; }' is not assignable to type 'TestResult' with 'exactOptionalPropertyTypes: true'. Consider adding 'undefined' to the types of the target's properties.
  Types of property 'evidence' are incompatible.
    Type 'string | undefined' is not assignable to type 'string'.
      Type 'undefined' is not assignable to type 'string'.
tests/security/ai-endpoint-scanner.ts(241,15): error TS18046: 'error' is of type 'unknown'.
tests/security/ai-vulnerability-scanner.ts(19,26): error TS2307: Cannot find module 'cheerio' or its corresponding type declarations.
tests/security/run-security-tests.ts(63,28): error TS4111: Property 'NODE_ENV' comes from an index signature, so it must be accessed with ['NODE_ENV'].
tests/security/run-security-tests.ts(538,11): error TS2532: Object is possibly 'undefined'.
tests/utils/mcp-helpers.ts(54,23): error TS4111: Property 'MCP_ENABLED' comes from an index signature, so it must be accessed with ['MCP_ENABLED'].
tests/utils/mcp-helpers.ts(61,11): error TS2578: Unused '@ts-expect-error' directive.
tests/utils/mcp-helpers.ts(201,9): error TS2578: Unused '@ts-expect-error' directive.
tests/utils/mcp-helpers.ts(219,9): error TS2578: Unused '@ts-expect-error' directive.
tests/utils/mcp-helpers.ts(237,9): error TS2578: Unused '@ts-expect-error' directive.
tests/utils/mcp-helpers.ts(255,9): error TS2578: Unused '@ts-expect-error' directive.
tests/visual/bias-dashboard.visual.spec.ts(238,14): error TS2339: Property 'mockAuth' does not exist on type 'Window & typeof globalThis'.
tests/visual/bias-dashboard.visual.spec.ts(274,9): error TS2353: Object literal may only specify known properties, and 'fullPage' does not exist in type '{ animations?: "disabled" | "allow"; caret?: "initial" | "hide"; mask?: Locator[]; maskColor?: string; maxDiffPixelRatio?: number; maxDiffPixels?: number; omitBackground?: boolean; scale?: "device" | "css"; stylePath?: string | string[]; threshold?: number; timeout?: number; }'.
tests/visual/bias-dashboard.visual.spec.ts(288,9): error TS2353: Object literal may only specify known properties, and 'fullPage' does not exist in type '{ animations?: "disabled" | "allow"; caret?: "initial" | "hide"; mask?: Locator[]; maskColor?: string; maxDiffPixelRatio?: number; maxDiffPixels?: number; omitBackground?: boolean; scale?: "device" | "css"; stylePath?: string | string[]; threshold?: number; timeout?: number; }'.
tests/visual/bias-dashboard.visual.spec.ts(378,9): error TS2353: Object literal may only specify known properties, and 'fullPage' does not exist in type '{ animations?: "disabled" | "allow"; caret?: "initial" | "hide"; mask?: Locator[]; maskColor?: string; maxDiffPixelRatio?: number; maxDiffPixels?: number; omitBackground?: boolean; scale?: "device" | "css"; stylePath?: string | string[]; threshold?: number; timeout?: number; }'.
tests/visual/bias-dashboard.visual.spec.ts(415,9): error TS2353: Object literal may only specify known properties, and 'fullPage' does not exist in type '{ animations?: "disabled" | "allow"; caret?: "initial" | "hide"; mask?: Locator[]; maskColor?: string; maxDiffPixelRatio?: number; maxDiffPixels?: number; omitBackground?: boolean; scale?: "device" | "css"; stylePath?: string | string[]; threshold?: number; timeout?: number; }'.
tests/visual/bias-dashboard.visual.spec.ts(602,9): error TS2353: Object literal may only specify known properties, and 'fullPage' does not exist in type '{ animations?: "disabled" | "allow"; caret?: "initial" | "hide"; mask?: Locator[]; maskColor?: string; maxDiffPixelRatio?: number; maxDiffPixels?: number; omitBackground?: boolean; scale?: "device" | "css"; stylePath?: string | string[]; threshold?: number; timeout?: number; }'.
vitest.setup.ts(5,10): error TS2305: Module '"vitest"' has no exported member 'vi'.
vitest.setup.ts(5,14): error TS2305: Module '"vitest"' has no exported member 'beforeEach'.
vitest.setup.ts(5,26): error TS2305: Module '"vitest"' has no exported member 'afterEach'.
vitest.setup.ts(5,37): error TS2305: Module '"vitest"' has no exported member 'describe'.
vitest.setup.ts(5,47): error TS2305: Module '"vitest"' has no exported member 'it'.
vitest.setup.ts(5,51): error TS2305: Module '"vitest"' has no exported member 'test'.
vitest.setup.ts(5,57): error TS2305: Module '"vitest"' has no exported member 'expect'.
vitest.setup.ts(9,12): error TS2339: Property 'vi' does not exist on type 'typeof globalThis'.
vitest.setup.ts(10,12): error TS2339: Property 'expect' does not exist on type 'typeof globalThis'.
vitest.setup.ts(11,12): error TS2339: Property 'beforeEach' does not exist on type 'typeof globalThis'.
vitest.setup.ts(12,12): error TS2339: Property 'afterEach' does not exist on type 'typeof globalThis'.
vitest.setup.ts(13,12): error TS2339: Property 'describe' does not exist on type 'typeof globalThis'.
vitest.setup.ts(14,12): error TS2339: Property 'it' does not exist on type 'typeof globalThis'.
vitest.setup.ts(15,12): error TS2339: Property 'test' does not exist on type 'typeof globalThis'.
